> Task :createMinecraftArtifacts UP-TO-DATE
> Task :compileApiJava UP-TO-DATE
> Task :processApiResources NO-SOURCE
> Task :apiClasses UP-TO-DATE

> Task :compileJava
/home/aptd/DoggyTalentsNext/src/main/java/doggytalents/common/inventory/container/FoodBowlContainer.java:36: warning: [removal] SlotItemHandler in net.neoforged.neoforge.items has been deprecated and marked for removal
                this.addSlot(new SlotItemHandler(inventory, l + i * 9, 44 + l * 18, 22 + i * 18));
                                 ^
/home/aptd/DoggyTalentsNext/src/main/java/doggytalents/common/inventory/container/PackPuppyContainer.java:22: warning: [removal] ItemStackHandler in net.neoforged.neoforge.items has been deprecated and marked for removal
    private ItemStackHandler packInventory;
            ^
/home/aptd/DoggyTalentsNext/src/main/java/doggytalents/common/inventory/container/PackPuppyContainer.java:35: warning: [removal] SlotItemHandler in net.neoforged.neoforge.items has been deprecated and marked for removal
                this.addSlot(new SlotItemHandler(this.packInventory, i1 * 3 + j, 79 + 18 * i1, 1 + 18 * j + 24));
                                 ^
/home/aptd/DoggyTalentsNext/src/main/java/doggytalents/common/inventory/container/TreatBagContainer.java:18: warning: [removal] IItemHandler in net.neoforged.neoforge.items has been deprecated and marked for removal
    public IItemHandler bagInventory;
           ^
/home/aptd/DoggyTalentsNext/src/main/java/doggytalents/common/inventory/container/TreatBagContainer.java:29: warning: [removal] SlotItemHandler in net.neoforged.neoforge.items has been deprecated and marked for removal
            this.addSlot(new SlotItemHandler(this.bagInventory, l, 44 + l * 18, 22));
                             ^
/home/aptd/DoggyTalentsNext/src/main/java/doggytalents/common/inventory/container/DogArmorContainer.java:60: warning: [removal] SlotItemHandler in net.neoforged.neoforge.items has been deprecated and marked for removal
            this.addSlot(new SlotItemHandler(dogArmors, dogSlot.slotId, 17, 27 + i * 18) {
                             ^
/home/aptd/DoggyTalentsNext/src/main/java/doggytalents/common/inventory/container/DogArmorContainer.java:60: warning: [removal] IItemHandler in net.neoforged.neoforge.items has been deprecated and marked for removal
            this.addSlot(new SlotItemHandler(dogArmors, dogSlot.slotId, 17, 27 + i * 18) {
                                                                                         ^
/home/aptd/DoggyTalentsNext/src/main/java/doggytalents/common/inventory/container/DogArmorContainer.java:84: warning: [removal] SlotItemHandler in net.neoforged.neoforge.items has been deprecated and marked for removal
            this.addSlot(new SlotItemHandler(dogArmors, dogSlot.slotId, 138, 27 + (i-2) * 18) {
                             ^
/home/aptd/DoggyTalentsNext/src/main/java/doggytalents/common/inventory/container/DogArmorContainer.java:84: warning: [removal] IItemHandler in net.neoforged.neoforge.items has been deprecated and marked for removal
            this.addSlot(new SlotItemHandler(dogArmors, dogSlot.slotId, 138, 27 + (i-2) * 18) {
                                                                                              ^
/home/aptd/DoggyTalentsNext/src/main/java/doggytalents/common/inventory/container/DoggyToolsMenu.java:57: warning: [removal] SlotItemHandler in net.neoforged.neoforge.items has been deprecated and marked for removal
            this.addSlot(new SlotItemHandler(this.tools, i, pX, aY));
                             ^
/home/aptd/DoggyTalentsNext/src/main/java/doggytalents/common/block/tileentity/RiceMillBlockEntity.java:60: warning: [removal] InvWrapper in net.neoforged.neoforge.items.wrapper has been deprecated and marked for removal
    private InvWrapper containerWrapper = new InvWrapper(container);
            ^
/home/aptd/DoggyTalentsNext/src/main/java/doggytalents/common/block/tileentity/RiceMillBlockEntity.java:60: warning: [removal] InvWrapper in net.neoforged.neoforge.items.wrapper has been deprecated and marked for removal
    private InvWrapper containerWrapper = new InvWrapper(container);
                                              ^
/home/aptd/DoggyTalentsNext/src/main/java/doggytalents/common/inventory/DoggyToolsItemHandler.java:11: warning: [removal] ItemStackHandler in net.neoforged.neoforge.items has been deprecated and marked for removal
public class DoggyToolsItemHandler extends ItemStackHandler {
                                           ^
/home/aptd/DoggyTalentsNext/src/main/java/doggytalents/common/inventory/container/slot/DogInventorySlot.java:10: warning: [removal] SlotItemHandler in net.neoforged.neoforge.items has been deprecated and marked for removal
public class DogInventorySlot extends SlotItemHandler {
                                      ^
/home/aptd/DoggyTalentsNext/src/main/java/doggytalents/common/inventory/container/slot/DogInventorySlot.java:17: warning: [removal] IItemHandler in net.neoforged.neoforge.items has been deprecated and marked for removal
    public DogInventorySlot(Dog dogIn, Player playerIn, IItemHandler itemHandler, int absolute_col, int relative_row, int relative_col, int index, int xPosition, int yPosition) {
                                                        ^
/home/aptd/DoggyTalentsNext/src/main/java/doggytalents/common/block/tileentity/FoodBowlTileEntity.java:38: warning: [removal] ItemStackHandler in net.neoforged.neoforge.items has been deprecated and marked for removal
    private final ItemStackHandler inventory = new ItemStackHandler(5) {
                  ^
/home/aptd/DoggyTalentsNext/src/main/java/doggytalents/common/block/tileentity/FoodBowlTileEntity.java:38: warning: [removal] ItemStackHandler in net.neoforged.neoforge.items has been deprecated and marked for removal
    private final ItemStackHandler inventory = new ItemStackHandler(5) {
                                                   ^
/home/aptd/DoggyTalentsNext/src/main/java/doggytalents/common/block/tileentity/FoodBowlTileEntity.java:120: warning: [removal] ItemStackHandler in net.neoforged.neoforge.items has been deprecated and marked for removal
    public ItemStackHandler getInventory() {
           ^
/home/aptd/DoggyTalentsNext/src/main/java/doggytalents/client/screen/DogNewInfoScreen/screen/DogCannotInteractWithScreen.java:184: error: cannot find symbol
        RenderSystem.enableBlend();
                    ^
  symbol:   method enableBlend()
  location: class RenderSystem
/home/aptd/DoggyTalentsNext/src/main/java/doggytalents/client/screen/DogNewInfoScreen/screen/DogCannotInteractWithScreen.java:185: error: cannot find symbol
        RenderSystem.blendFunc(SourceFactor.SRC_ALPHA, DestFactor.ONE_MINUS_SRC_ALPHA);
                    ^
  symbol:   method blendFunc(SourceFactor,DestFactor)
  location: class RenderSystem
/home/aptd/DoggyTalentsNext/src/main/java/doggytalents/client/screen/DogNewInfoScreen/screen/DogCannotInteractWithScreen.java:187: error: cannot find symbol
        RenderSystem.disableBlend();
                    ^
  symbol:   method disableBlend()
  location: class RenderSystem
/home/aptd/DoggyTalentsNext/src/main/java/doggytalents/client/screen/DogNewInfoScreen/widget/NavBarButton.java:30: error: method does not override or implement a method from a supertype
    @Override
    ^
/home/aptd/DoggyTalentsNext/src/main/java/doggytalents/client/screen/DogNewInfoScreen/widget/TalentListEntryButton.java:23: error: TalentListEntryButton is not abstract and does not override abstract method extractContents(GuiGraphicsExtractor,int,int,float) in AbstractButton
public class TalentListEntryButton extends AbstractButton {
       ^
/home/aptd/DoggyTalentsNext/src/main/java/doggytalents/client/screen/DogNewInfoScreen/widget/TalentListEntryButton.java:51: error: method does not override or implement a method from a supertype
    @Override
    ^
/home/aptd/DoggyTalentsNext/src/main/java/doggytalents/client/screen/DogNewInfoScreen/widget/TalentListEntryButton.java:58: error: method does not override or implement a method from a supertype
    @Override
    ^
/home/aptd/DoggyTalentsNext/src/main/java/doggytalents/client/screen/DogNewInfoScreen/widget/CombatReturnSwitch.java:24: error: CombatReturnSwitch is not abstract and does not override abstract method extractWidgetRenderState(GuiGraphicsExtractor,int,int,float) in AbstractWidget
public class CombatReturnSwitch extends AbstractWidget {
       ^
/home/aptd/DoggyTalentsNext/src/main/java/doggytalents/client/screen/DogNewInfoScreen/widget/CombatReturnSwitch.java:52: error: method does not override or implement a method from a supertype
    @Override
    ^
/home/aptd/DoggyTalentsNext/src/main/java/doggytalents/client/screen/DogNewInfoScreen/widget/CombatReturnSwitch.java:69: error: method does not override or implement a method from a supertype
    @Override
    ^
/home/aptd/DoggyTalentsNext/src/main/java/doggytalents/client/screen/DogNewInfoScreen/widget/CombatReturnSwitch.java:123: error: incompatible types: Matrix3x2fStack cannot be converted to PoseStack
            this.setOverlayToolTip(graphics.pose(), mouseX, mouseY);
                                                ^
/home/aptd/DoggyTalentsNext/src/main/java/doggytalents/client/screen/DogNewInfoScreen/widget/AccessoryStatusHover.java:18: error: AccessoryStatusHover is not abstract and does not override abstract method extractWidgetRenderState(GuiGraphicsExtractor,int,int,float) in AbstractWidget
public class AccessoryStatusHover extends AbstractWidget {
       ^
/home/aptd/DoggyTalentsNext/src/main/java/doggytalents/client/screen/DogNewInfoScreen/widget/AccessoryStatusHover.java:38: error: method does not override or implement a method from a supertype
    @Override
    ^
/home/aptd/DoggyTalentsNext/src/main/java/doggytalents/client/screen/DogNewInfoScreen/widget/AccessoryStatusHover.java:46: error: cannot find symbol
        graphics.renderItem(render_icon, this.getX()+1, this.getY()+1);
                ^
  symbol:   method renderItem(ItemStack,int,int)
  location: variable graphics of type GuiGraphicsExtractor
/home/aptd/DoggyTalentsNext/src/main/java/doggytalents/client/screen/DogNewInfoScreen/widget/AccessoryStatusHover.java:48: error: cannot find symbol
        RenderSystem.enableBlend();
                    ^
  symbol:   method enableBlend()
  location: class RenderSystem
/home/aptd/DoggyTalentsNext/src/main/java/doggytalents/client/screen/DogNewInfoScreen/widget/AccessoryStatusHover.java:49: error: cannot find symbol
        RenderSystem.defaultBlendFunc();
                    ^
  symbol:   method defaultBlendFunc()
  location: class RenderSystem
/home/aptd/DoggyTalentsNext/src/main/java/doggytalents/client/screen/DogNewInfoScreen/widget/AccessoryStatusHover.java:50: error: cannot find symbol
        RenderSystem.blendFunc(GlStateManager.SourceFactor.SRC_ALPHA, GlStateManager.DestFactor.ONE_MINUS_SRC_ALPHA);
                                             ^
  symbol:   variable SourceFactor
  location: class GlStateManager
/home/aptd/DoggyTalentsNext/src/main/java/doggytalents/client/screen/DogNewInfoScreen/widget/AccessoryStatusHover.java:50: error: cannot find symbol
        RenderSystem.blendFunc(GlStateManager.SourceFactor.SRC_ALPHA, GlStateManager.DestFactor.ONE_MINUS_SRC_ALPHA);
                                                                                    ^
  symbol:   variable DestFactor
  location: class GlStateManager
/home/aptd/DoggyTalentsNext/src/main/java/doggytalents/client/screen/DogNewInfoScreen/widget/AccessoryStatusHover.java:51: error: no suitable method found for blit(Identifier,int,int,int,int,int,int)
        graphics.blit(Resources.STYLE_ADD_REMOVE, getX()+11, getY()+11, iX, 0, 9, 9);
                ^
    method GuiGraphicsExtractor.blit(RenderPipeline,Identifier,int,int,float,float,int,int,int,int,int) is not applicable
      (actual and formal argument lists differ in length)
    method GuiGraphicsExtractor.blit(RenderPipeline,Identifier,int,int,float,float,int,int,int,int) is not applicable
      (actual and formal argument lists differ in length)
    method GuiGraphicsExtractor.blit(RenderPipeline,Identifier,int,int,float,float,int,int,int,int,int,int) is not applicable
      (actual and formal argument lists differ in length)
    method GuiGraphicsExtractor.blit(RenderPipeline,Identifier,int,int,float,float,int,int,int,int,int,int,int) is not applicable
      (actual and formal argument lists differ in length)
    method GuiGraphicsExtractor.blit(Identifier,int,int,int,int,float,float,float,float) is not applicable
      (actual and formal argument lists differ in length)
    method GuiGraphicsExtractor.blit(GpuTextureView,GpuSampler,int,int,int,int,float,float,float,float) is not applicable
      (actual and formal argument lists differ in length)
/home/aptd/DoggyTalentsNext/src/main/java/doggytalents/client/screen/DogNewInfoScreen/element/MainButtonToolboxRowElement.java:51: error: method does not override or implement a method from a supertype
            @Override
            ^
/home/aptd/DoggyTalentsNext/src/main/java/doggytalents/client/screen/DogNewInfoScreen/element/MainButtonToolboxRowElement.java:53: error: cannot find symbol
                super.renderWidget(graphics, mouseX, mouseY, pTicks);
                     ^
  symbol: method renderWidget(GuiGraphicsExtractor,int,int,float)
/home/aptd/DoggyTalentsNext/src/main/java/doggytalents/client/screen/DogNewInfoScreen/element/MainButtonToolboxRowElement.java:58: error: invalid method reference
                RenderSystem.setShader(GameRenderer::getPositionTexShader);
                                       ^
  cannot find symbol
    symbol:   method getPositionTexShader()
    location: class GameRenderer
/home/aptd/DoggyTalentsNext/src/main/java/doggytalents/client/screen/DogNewInfoScreen/element/MainButtonToolboxRowElement.java:59: error: cannot find symbol
                RenderSystem.setShaderColor(1.0F, 1.0F, 1.0F, this.alpha);
                            ^
  symbol:   method setShaderColor(float,float,float,float)
  location: class RenderSystem
/home/aptd/DoggyTalentsNext/src/main/java/doggytalents/client/screen/DogNewInfoScreen/element/MainButtonToolboxRowElement.java:60: error: cannot find symbol
                RenderSystem.enableBlend();
                            ^
  symbol:   method enableBlend()
  location: class RenderSystem
/home/aptd/DoggyTalentsNext/src/main/java/doggytalents/client/screen/DogNewInfoScreen/element/MainButtonToolboxRowElement.java:61: error: cannot find symbol
                RenderSystem.defaultBlendFunc();
                            ^
  symbol:   method defaultBlendFunc()
  location: class RenderSystem
/home/aptd/DoggyTalentsNext/src/main/java/doggytalents/client/screen/DogNewInfoScreen/element/MainButtonToolboxRowElement.java:62: error: cannot find symbol
                RenderSystem.blendFunc(GlStateManager.SourceFactor.SRC_ALPHA, GlStateManager.DestFactor.ONE_MINUS_SRC_ALPHA);
                                                     ^
  symbol:   variable SourceFactor
  location: class GlStateManager
/home/aptd/DoggyTalentsNext/src/main/java/doggytalents/client/screen/DogNewInfoScreen/element/MainButtonToolboxRowElement.java:62: error: cannot find symbol
                RenderSystem.blendFunc(GlStateManager.SourceFactor.SRC_ALPHA, GlStateManager.DestFactor.ONE_MINUS_SRC_ALPHA);
                                                                                            ^
  symbol:   variable DestFactor
  location: class GlStateManager
/home/aptd/DoggyTalentsNext/src/main/java/doggytalents/client/screen/DogNewInfoScreen/element/MainButtonToolboxRowElement.java:63: error: no suitable method found for blit(Identifier,int,int,int,int,int,int)
                graphics.blit(Resources.HAMBURGER, mX - 10, mY - 10, 0, 0, 20, 20);
                        ^
    method GuiGraphicsExtractor.blit(RenderPipeline,Identifier,int,int,float,float,int,int,int,int,int) is not applicable
      (actual and formal argument lists differ in length)
    method GuiGraphicsExtractor.blit(RenderPipeline,Identifier,int,int,float,float,int,int,int,int) is not applicable
      (actual and formal argument lists differ in length)
    method GuiGraphicsExtractor.blit(RenderPipeline,Identifier,int,int,float,float,int,int,int,int,int,int) is not applicable
      (actual and formal argument lists differ in length)
    method GuiGraphicsExtractor.blit(RenderPipeline,Identifier,int,int,float,float,int,int,int,int,int,int,int) is not applicable
      (actual and formal argument lists differ in length)
    method GuiGraphicsExtractor.blit(Identifier,int,int,int,int,float,float,float,float) is not applicable
      (actual and formal argument lists differ in length)
    method GuiGraphicsExtractor.blit(GpuTextureView,GpuSampler,int,int,int,int,float,float,float,float) is not applicable
      (actual and formal argument lists differ in length)
/home/aptd/DoggyTalentsNext/src/main/java/doggytalents/client/screen/DogNewInfoScreen/element/view/TalentView/TalentInfoViewElement.java:477: error: method does not override or implement a method from a supertype
            @Override
            ^
/home/aptd/DoggyTalentsNext/src/main/java/doggytalents/client/screen/DogNewInfoScreen/element/view/TalentView/TalentInfoViewElement.java:479: error: cannot find symbol
                super.renderWidget(graphics, mouseX, mouseY, dogLevel);
                     ^
  symbol: method renderWidget(GuiGraphicsExtractor,int,int,int)
/home/aptd/DoggyTalentsNext/src/main/java/doggytalents/client/screen/DogNewInfoScreen/element/view/TalentView/TalentInfoViewElement.java:616: error: cannot find symbol
        RenderSystem.setShaderColor(1.0F, 1.0F, 1.0F, 1.0F);
                    ^
  symbol:   method setShaderColor(float,float,float,float)
  location: class RenderSystem
/home/aptd/DoggyTalentsNext/src/main/java/doggytalents/client/screen/DogNewInfoScreen/element/view/TalentView/TalentInfoViewElement.java:618: error: cannot find symbol
        RenderSystem.enableBlend();
                    ^
  symbol:   method enableBlend()
  location: class RenderSystem
/home/aptd/DoggyTalentsNext/src/main/java/doggytalents/client/screen/DogNewInfoScreen/element/view/TalentView/TalentInfoViewElement.java:619: error: cannot find symbol
        RenderSystem.blendFunc(GlStateManager.SourceFactor.SRC_ALPHA, GlStateManager.DestFactor.ONE_MINUS_SRC_ALPHA);
                                             ^
  symbol:   variable SourceFactor
  location: class GlStateManager
/home/aptd/DoggyTalentsNext/src/main/java/doggytalents/client/screen/DogNewInfoScreen/element/view/TalentView/TalentInfoViewElement.java:619: error: cannot find symbol
        RenderSystem.blendFunc(GlStateManager.SourceFactor.SRC_ALPHA, GlStateManager.DestFactor.ONE_MINUS_SRC_ALPHA);
                                                                                    ^
  symbol:   variable DestFactor
  location: class GlStateManager
/home/aptd/DoggyTalentsNext/src/main/java/doggytalents/client/screen/DogNewInfoScreen/element/view/TalentView/TalentInfoViewElement.java:621: error: no suitable method found for blit(Identifier,int,int,int,int,int,int,int,int,int)
        graphics.blit(DogStatusViewBoxElement.getKanjiDogLevel(this.dog), x, 
                ^
    method GuiGraphicsExtractor.blit(RenderPipeline,Identifier,int,int,float,float,int,int,int,int) is not applicable
      (argument mismatch; Identifier cannot be converted to RenderPipeline)
    method GuiGraphicsExtractor.blit(GpuTextureView,GpuSampler,int,int,int,int,float,float,float,float) is not applicable
      (argument mismatch; Identifier cannot be converted to GpuTextureView)
/home/aptd/DoggyTalentsNext/src/main/java/doggytalents/client/screen/DogNewInfoScreen/element/view/TalentView/TalentInfoViewElement.java:623: error: cannot find symbol
        RenderSystem.disableBlend();
                    ^
  symbol:   method disableBlend()
  location: class RenderSystem
/home/aptd/DoggyTalentsNext/src/main/java/doggytalents/client/screen/DogNewInfoScreen/element/view/MainInfoView/DogStatusViewBoxElement.java:51: error: method does not override or implement a method from a supertype
            @Override
            ^
/home/aptd/DoggyTalentsNext/src/main/java/doggytalents/client/screen/DogNewInfoScreen/element/view/MainInfoView/DogStatusViewBoxElement.java:89: error: cannot find symbol
        RenderSystem.setShaderColor(1.0F, 1.0F, 1.0F, 1.0F);
                    ^
  symbol:   method setShaderColor(float,float,float,float)
  location: class RenderSystem
/home/aptd/DoggyTalentsNext/src/main/java/doggytalents/client/screen/DogNewInfoScreen/element/view/MainInfoView/DogStatusViewBoxElement.java:91: error: cannot find symbol
        RenderSystem.enableBlend();
                    ^
  symbol:   method enableBlend()
  location: class RenderSystem
/home/aptd/DoggyTalentsNext/src/main/java/doggytalents/client/screen/DogNewInfoScreen/element/view/MainInfoView/DogStatusViewBoxElement.java:92: error: cannot find symbol
        RenderSystem.blendFunc(GlStateManager.SourceFactor.SRC_ALPHA, GlStateManager.DestFactor.ONE_MINUS_SRC_ALPHA);
                                             ^
  symbol:   variable SourceFactor
  location: class GlStateManager
/home/aptd/DoggyTalentsNext/src/main/java/doggytalents/client/screen/DogNewInfoScreen/element/view/MainInfoView/DogStatusViewBoxElement.java:92: error: cannot find symbol
        RenderSystem.blendFunc(GlStateManager.SourceFactor.SRC_ALPHA, GlStateManager.DestFactor.ONE_MINUS_SRC_ALPHA);
                                                                                    ^
  symbol:   variable DestFactor
  location: class GlStateManager
/home/aptd/DoggyTalentsNext/src/main/java/doggytalents/client/screen/DogNewInfoScreen/element/view/MainInfoView/DogStatusViewBoxElement.java:94: error: no suitable method found for blit(Identifier,int,int,int,int,int,int,int,int,int)
        graphics.blit(getKanjiDogLevel(this.dog), this.getRealX() + this.getSizeX()/2 - imgeSize/2, 
                ^
    method GuiGraphicsExtractor.blit(RenderPipeline,Identifier,int,int,float,float,int,int,int,int) is not applicable
      (argument mismatch; Identifier cannot be converted to RenderPipeline)
    method GuiGraphicsExtractor.blit(GpuTextureView,GpuSampler,int,int,int,int,float,float,float,float) is not applicable
      (argument mismatch; Identifier cannot be converted to GpuTextureView)
/home/aptd/DoggyTalentsNext/src/main/java/doggytalents/client/screen/DogNewInfoScreen/element/view/MainInfoView/DogStatusViewBoxElement.java:96: error: cannot find symbol
        RenderSystem.disableBlend();
                    ^
  symbol:   method disableBlend()
  location: class RenderSystem
/home/aptd/DoggyTalentsNext/src/main/java/doggytalents/client/screen/DogNewInfoScreen/element/view/MainInfoView/DogStatusViewBoxElement.java:170: error: no suitable method found for blit(Identifier,int,int,int,int,int,int)
        graphics.blit(DogScreenOverlays.GUI_ICONS_LOCATION, pX, pY, 16, 0 ,9, 9);
                ^
    method GuiGraphicsExtractor.blit(RenderPipeline,Identifier,int,int,float,float,int,int,int,int,int) is not applicable
      (actual and formal argument lists differ in length)
    method GuiGraphicsExtractor.blit(RenderPipeline,Identifier,int,int,float,float,int,int,int,int) is not applicable
      (actual and formal argument lists differ in length)
    method GuiGraphicsExtractor.blit(RenderPipeline,Identifier,int,int,float,float,int,int,int,int,int,int) is not applicable
      (actual and formal argument lists differ in length)
    method GuiGraphicsExtractor.blit(RenderPipeline,Identifier,int,int,float,float,int,int,int,int,int,int,int) is not applicable
      (actual and formal argument lists differ in length)
    method GuiGraphicsExtractor.blit(Identifier,int,int,int,int,float,float,float,float) is not applicable
      (actual and formal argument lists differ in length)
    method GuiGraphicsExtractor.blit(GpuTextureView,GpuSampler,int,int,int,int,float,float,float,float) is not applicable
      (actual and formal argument lists differ in length)
/home/aptd/DoggyTalentsNext/src/main/java/doggytalents/client/screen/DogNewInfoScreen/element/view/MainInfoView/DogStatusViewBoxElement.java:171: error: no suitable method found for blit(Identifier,int,int,int,int,int,int)
        graphics.blit(DogScreenOverlays.GUI_ICONS_LOCATION, pX, pY, 16 + 36, 0 ,9, 9);
                ^
    method GuiGraphicsExtractor.blit(RenderPipeline,Identifier,int,int,float,float,int,int,int,int,int) is not applicable
      (actual and formal argument lists differ in length)
    method GuiGraphicsExtractor.blit(RenderPipeline,Identifier,int,int,float,float,int,int,int,int) is not applicable
      (actual and formal argument lists differ in length)
    method GuiGraphicsExtractor.blit(RenderPipeline,Identifier,int,int,float,float,int,int,int,int,int,int) is not applicable
      (actual and formal argument lists differ in length)
    method GuiGraphicsExtractor.blit(RenderPipeline,Identifier,int,int,float,float,int,int,int,int,int,int,int) is not applicable
      (actual and formal argument lists differ in length)
    method GuiGraphicsExtractor.blit(Identifier,int,int,int,int,float,float,float,float) is not applicable
      (actual and formal argument lists differ in length)
    method GuiGraphicsExtractor.blit(GpuTextureView,GpuSampler,int,int,int,int,float,float,float,float) is not applicable
      (actual and formal argument lists differ in length)
/home/aptd/DoggyTalentsNext/src/main/java/doggytalents/client/screen/DogNewInfoScreen/element/view/MainInfoView/DogStatusViewBoxElement.java:266: error: no suitable method found for blit(Identifier,int,int,int,int,int,int)
        graphics.blit(DogScreenOverlays.GUI_ICONS_LOCATION, x, y, 16 + 36, 27, 9, 9);
                ^
    method GuiGraphicsExtractor.blit(RenderPipeline,Identifier,int,int,float,float,int,int,int,int,int) is not applicable
      (actual and formal argument lists differ in length)
    method GuiGraphicsExtractor.blit(RenderPipeline,Identifier,int,int,float,float,int,int,int,int) is not applicable
      (actual and formal argument lists differ in length)
    method GuiGraphicsExtractor.blit(RenderPipeline,Identifier,int,int,float,float,int,int,int,int,int,int) is not applicable
      (actual and formal argument lists differ in length)
    method GuiGraphicsExtractor.blit(RenderPipeline,Identifier,int,int,float,float,int,int,int,int,int,int,int) is not applicable
      (actual and formal argument lists differ in length)
    method GuiGraphicsExtractor.blit(Identifier,int,int,int,int,float,float,float,float) is not applicable
      (actual and formal argument lists differ in length)
    method GuiGraphicsExtractor.blit(GpuTextureView,GpuSampler,int,int,int,int,float,float,float,float) is not applicable
      (actual and formal argument lists differ in length)
/home/aptd/DoggyTalentsNext/src/main/java/doggytalents/client/screen/DogNewInfoScreen/element/view/MainInfoView/DogStatusViewBoxElement.java:276: error: cannot find symbol
        RenderSystem.setShaderColor(1.0F, 1.0F, 1.0F, 1.0F);
                    ^
  symbol:   method setShaderColor(float,float,float,float)
  location: class RenderSystem
/home/aptd/DoggyTalentsNext/src/main/java/doggytalents/client/screen/DogNewInfoScreen/element/view/MainInfoView/DogStatusViewBoxElement.java:277: error: cannot find symbol
        RenderSystem.enableBlend();
                    ^
  symbol:   method enableBlend()
  location: class RenderSystem
/home/aptd/DoggyTalentsNext/src/main/java/doggytalents/client/screen/DogNewInfoScreen/element/view/MainInfoView/DogStatusViewBoxElement.java:278: error: cannot find symbol
        RenderSystem.blendFunc(GlStateManager.SourceFactor.SRC_ALPHA, GlStateManager.DestFactor.ONE_MINUS_SRC_ALPHA);
                                             ^
  symbol:   variable SourceFactor
  location: class GlStateManager
/home/aptd/DoggyTalentsNext/src/main/java/doggytalents/client/screen/DogNewInfoScreen/element/view/MainInfoView/DogStatusViewBoxElement.java:278: error: cannot find symbol
        RenderSystem.blendFunc(GlStateManager.SourceFactor.SRC_ALPHA, GlStateManager.DestFactor.ONE_MINUS_SRC_ALPHA);
                                                                                    ^
  symbol:   variable DestFactor
  location: class GlStateManager
/home/aptd/DoggyTalentsNext/src/main/java/doggytalents/client/screen/DogNewInfoScreen/element/view/MainInfoView/DogStatusViewBoxElement.java:280: error: no suitable method found for blit(Identifier,int,int,int,int,int,int,int,int,int)
        graphics.blit(iconLoc, x, y, 0, 0, 0, imgeSize, imgeSize, imgeSize, imgeSize);
                ^
    method GuiGraphicsExtractor.blit(RenderPipeline,Identifier,int,int,float,float,int,int,int,int) is not applicable
      (argument mismatch; Identifier cannot be converted to RenderPipeline)
    method GuiGraphicsExtractor.blit(GpuTextureView,GpuSampler,int,int,int,int,float,float,float,float) is not applicable
      (argument mismatch; Identifier cannot be converted to GpuTextureView)
/home/aptd/DoggyTalentsNext/src/main/java/doggytalents/client/screen/DogNewInfoScreen/element/view/MainInfoView/DogStatusViewBoxElement.java:281: error: cannot find symbol
        RenderSystem.disableBlend();
                    ^
  symbol:   method disableBlend()
  location: class RenderSystem
/home/aptd/DoggyTalentsNext/src/main/java/doggytalents/client/screen/DogNewInfoScreen/element/view/MainInfoView/GroupsListElement.java:75: error: method does not override or implement a method from a supertype
            @Override
            ^
/home/aptd/DoggyTalentsNext/src/main/java/doggytalents/client/screen/DogNewInfoScreen/element/view/MainInfoView/GroupsListElement.java:144: error: method does not override or implement a method from a supertype
        @Override
        ^
/home/aptd/DoggyTalentsNext/src/main/java/doggytalents/client/screen/DogNewInfoScreen/element/view/MainInfoView/GroupsListElement.java:164: error: method does not override or implement a method from a supertype
        @Override
        ^
/home/aptd/DoggyTalentsNext/src/main/java/doggytalents/client/screen/DogNewInfoScreen/element/view/MainInfoView/GroupsListElement.java:176: error: invalid method reference
            RenderSystem.setShader(GameRenderer::getPositionTexShader);
                                   ^
  cannot find symbol
    symbol:   method getPositionTexShader()
    location: class GameRenderer
/home/aptd/DoggyTalentsNext/src/main/java/doggytalents/client/screen/DogNewInfoScreen/element/view/MainInfoView/GroupsListElement.java:177: error: cannot find symbol
            RenderSystem.setShaderColor(1.0F, 1.0F, 1.0F, 1.0F);
                        ^
  symbol:   method setShaderColor(float,float,float,float)
  location: class RenderSystem
/home/aptd/DoggyTalentsNext/src/main/java/doggytalents/client/screen/DogNewInfoScreen/element/view/MainInfoView/GroupsListElement.java:178: error: cannot find symbol
            RenderSystem.enableBlend();
                        ^
  symbol:   method enableBlend()
  location: class RenderSystem
/home/aptd/DoggyTalentsNext/src/main/java/doggytalents/client/screen/DogNewInfoScreen/element/view/MainInfoView/GroupsListElement.java:179: error: cannot find symbol
            RenderSystem.defaultBlendFunc();
                        ^
  symbol:   method defaultBlendFunc()
  location: class RenderSystem
/home/aptd/DoggyTalentsNext/src/main/java/doggytalents/client/screen/DogNewInfoScreen/element/view/MainInfoView/GroupsListElement.java:180: error: cannot find symbol
            RenderSystem.blendFunc(GlStateManager.SourceFactor.SRC_ALPHA, GlStateManager.DestFactor.ONE_MINUS_SRC_ALPHA);
                                                 ^
  symbol:   variable SourceFactor
  location: class GlStateManager
/home/aptd/DoggyTalentsNext/src/main/java/doggytalents/client/screen/DogNewInfoScreen/element/view/MainInfoView/GroupsListElement.java:180: error: cannot find symbol
            RenderSystem.blendFunc(GlStateManager.SourceFactor.SRC_ALPHA, GlStateManager.DestFactor.ONE_MINUS_SRC_ALPHA);
                                                                                        ^
  symbol:   variable DestFactor
  location: class GlStateManager
/home/aptd/DoggyTalentsNext/src/main/java/doggytalents/client/screen/DogNewInfoScreen/element/view/MainInfoView/GroupsListElement.java:182: error: no suitable method found for blit(Identifier,int,int,int,int,int,int)
            graphics.blit(Resources.STYLE_ADD_REMOVE, this.getX()+this.getWidth() - 4, getY()+this.getHeight() - 4, iX, 0, 9, 9);
                    ^
    method GuiGraphicsExtractor.blit(RenderPipeline,Identifier,int,int,float,float,int,int,int,int,int) is not applicable
      (actual and formal argument lists differ in length)
    method GuiGraphicsExtractor.blit(RenderPipeline,Identifier,int,int,float,float,int,int,int,int) is not applicable
      (actual and formal argument lists differ in length)
    method GuiGraphicsExtractor.blit(RenderPipeline,Identifier,int,int,float,float,int,int,int,int,int,int) is not applicable
      (actual and formal argument lists differ in length)
    method GuiGraphicsExtractor.blit(RenderPipeline,Identifier,int,int,float,float,int,int,int,int,int,int,int) is not applicable
      (actual and formal argument lists differ in length)
    method GuiGraphicsExtractor.blit(Identifier,int,int,int,int,float,float,float,float) is not applicable
      (actual and formal argument lists differ in length)
    method GuiGraphicsExtractor.blit(GpuTextureView,GpuSampler,int,int,int,int,float,float,float,float) is not applicable
      (actual and formal argument lists differ in length)
/home/aptd/DoggyTalentsNext/src/main/java/doggytalents/client/screen/DogNewInfoScreen/element/view/MainInfoView/view/ArtifactsView/widget/ArtifactShowBox.java:26: error: ArtifactShowBox is not abstract and does not override abstract method extractWidgetRenderState(GuiGraphicsExtractor,int,int,float) in AbstractWidget
public class ArtifactShowBox extends AbstractWidget {
       ^
/home/aptd/DoggyTalentsNext/src/main/java/doggytalents/client/screen/DogNewInfoScreen/element/view/MainInfoView/view/ArtifactsView/widget/ArtifactShowBox.java:48: error: method does not override or implement a method from a supertype
    @Override
    ^
/home/aptd/DoggyTalentsNext/src/main/java/doggytalents/client/screen/DogNewInfoScreen/element/view/MainInfoView/view/ArtifactsView/widget/ArtifactShowBox.java:68: error: cannot find symbol
        graphics.renderItem(itemStack, Mth.floor((this.getX() + this.width/2 - 8)), Mth.floor((this.getY() + this.height/2 - 8)));
                ^
  symbol:   method renderItem(ItemStack,int,int)
  location: variable graphics of type GuiGraphicsExtractor
/home/aptd/DoggyTalentsNext/src/main/java/doggytalents/client/screen/DogNewInfoScreen/element/view/MainInfoView/view/ArtifactsView/widget/ArtifactShowBox.java:70: error: invalid method reference
        RenderSystem.setShader(GameRenderer::getPositionTexShader);
                               ^
  cannot find symbol
    symbol:   method getPositionTexShader()
    location: class GameRenderer
/home/aptd/DoggyTalentsNext/src/main/java/doggytalents/client/screen/DogNewInfoScreen/element/view/MainInfoView/view/ArtifactsView/widget/ArtifactShowBox.java:71: error: cannot find symbol
        RenderSystem.setShaderColor(1.0F, 1.0F, 1.0F, 1.0F);
                    ^
  symbol:   method setShaderColor(float,float,float,float)
  location: class RenderSystem
/home/aptd/DoggyTalentsNext/src/main/java/doggytalents/client/screen/DogNewInfoScreen/element/view/MainInfoView/view/ArtifactsView/widget/ArtifactShowBox.java:72: error: cannot find symbol
        RenderSystem.enableBlend();
                    ^
  symbol:   method enableBlend()
  location: class RenderSystem
/home/aptd/DoggyTalentsNext/src/main/java/doggytalents/client/screen/DogNewInfoScreen/element/view/MainInfoView/view/ArtifactsView/widget/ArtifactShowBox.java:73: error: cannot find symbol
        RenderSystem.defaultBlendFunc();
                    ^
  symbol:   method defaultBlendFunc()
  location: class RenderSystem
/home/aptd/DoggyTalentsNext/src/main/java/doggytalents/client/screen/DogNewInfoScreen/element/view/MainInfoView/view/ArtifactsView/widget/ArtifactShowBox.java:74: error: cannot find symbol
        RenderSystem.blendFunc(SourceFactor.SRC_ALPHA, DestFactor.ONE_MINUS_SRC_ALPHA);
                    ^
  symbol:   method blendFunc(SourceFactor,DestFactor)
  location: class RenderSystem
/home/aptd/DoggyTalentsNext/src/main/java/doggytalents/client/screen/DogNewInfoScreen/element/view/MainInfoView/view/ArtifactsView/widget/ArtifactShowBox.java:76: error: no suitable method found for blit(Identifier,int,int,int,int,int,int)
        graphics.blit(Resources.STYLE_ADD_REMOVE, this.getX()+this.width - 2, getY()+this.height -2, iX, 0, 9, 9);
                ^
    method GuiGraphicsExtractor.blit(RenderPipeline,Identifier,int,int,float,float,int,int,int,int,int) is not applicable
      (actual and formal argument lists differ in length)
    method GuiGraphicsExtractor.blit(RenderPipeline,Identifier,int,int,float,float,int,int,int,int) is not applicable
      (actual and formal argument lists differ in length)
    method GuiGraphicsExtractor.blit(RenderPipeline,Identifier,int,int,float,float,int,int,int,int,int,int) is not applicable
      (actual and formal argument lists differ in length)
    method GuiGraphicsExtractor.blit(RenderPipeline,Identifier,int,int,float,float,int,int,int,int,int,int,int) is not applicable
      (actual and formal argument lists differ in length)
    method GuiGraphicsExtractor.blit(Identifier,int,int,int,int,float,float,float,float) is not applicable
      (actual and formal argument lists differ in length)
    method GuiGraphicsExtractor.blit(GpuTextureView,GpuSampler,int,int,int,int,float,float,float,float) is not applicable
      (actual and formal argument lists differ in length)
/home/aptd/DoggyTalentsNext/src/main/java/doggytalents/client/screen/DogNewInfoScreen/element/view/MainInfoView/view/ArtifactsView/widget/ArtifactShowBox.java:79: error: method does not override or implement a method from a supertype
    @Override
    ^
/home/aptd/DoggyTalentsNext/src/main/java/doggytalents/client/screen/DogNewInfoScreen/element/view/MainInfoView/view/ArtifactsView/ArtifactEditElement.java:95: error: items has private access in Inventory
        var items = this.inventory.items;
                                  ^
/home/aptd/DoggyTalentsNext/src/main/java/doggytalents/client/screen/DogNewInfoScreen/element/view/MainInfoView/view/ArtifactsView/widget/ArtifactHolder.java:21: error: ArtifactHolder is not abstract and does not override abstract method extractWidgetRenderState(GuiGraphicsExtractor,int,int,float) in AbstractWidget
public class ArtifactHolder extends AbstractWidget {
       ^
/home/aptd/DoggyTalentsNext/src/main/java/doggytalents/client/screen/DogNewInfoScreen/element/view/MainInfoView/view/ArtifactsView/widget/ArtifactHolder.java:39: error: method does not override or implement a method from a supertype
    @Override
    ^
/home/aptd/DoggyTalentsNext/src/main/java/doggytalents/client/screen/DogNewInfoScreen/element/view/MainInfoView/view/ArtifactsView/widget/ArtifactHolder.java:49: error: cannot find symbol
        graphics.renderItem(itemStack, this.getX()+1, this.getY()+1);
                ^
  symbol:   method renderItem(ItemStack,int,int)
  location: variable graphics of type GuiGraphicsExtractor
/home/aptd/DoggyTalentsNext/src/main/java/doggytalents/client/screen/DogNewInfoScreen/element/view/MainInfoView/view/ArtifactsView/widget/ArtifactHolder.java:50: error: invalid method reference
        RenderSystem.setShader(GameRenderer::getPositionTexShader);
                               ^
  cannot find symbol
    symbol:   method getPositionTexShader()
    location: class GameRenderer
/home/aptd/DoggyTalentsNext/src/main/java/doggytalents/client/screen/DogNewInfoScreen/element/view/MainInfoView/view/ArtifactsView/widget/ArtifactHolder.java:51: error: cannot find symbol
        RenderSystem.setShaderColor(1.0F, 1.0F, 1.0F, 1.0F);
                    ^
  symbol:   method setShaderColor(float,float,float,float)
  location: class RenderSystem
/home/aptd/DoggyTalentsNext/src/main/java/doggytalents/client/screen/DogNewInfoScreen/element/view/MainInfoView/view/ArtifactsView/widget/ArtifactHolder.java:52: error: cannot find symbol
        RenderSystem.enableBlend();
                    ^
  symbol:   method enableBlend()
  location: class RenderSystem
/home/aptd/DoggyTalentsNext/src/main/java/doggytalents/client/screen/DogNewInfoScreen/element/view/MainInfoView/view/ArtifactsView/widget/ArtifactHolder.java:53: error: cannot find symbol
        RenderSystem.defaultBlendFunc();
                    ^
  symbol:   method defaultBlendFunc()
  location: class RenderSystem
/home/aptd/DoggyTalentsNext/src/main/java/doggytalents/client/screen/DogNewInfoScreen/element/view/MainInfoView/view/ArtifactsView/widget/ArtifactHolder.java:54: error: cannot find symbol
        RenderSystem.blendFunc(SourceFactor.SRC_ALPHA, DestFactor.ONE_MINUS_SRC_ALPHA);
                    ^
  symbol:   method blendFunc(SourceFactor,DestFactor)
  location: class RenderSystem
/home/aptd/DoggyTalentsNext/src/main/java/doggytalents/client/screen/DogNewInfoScreen/element/view/MainInfoView/view/ArtifactsView/widget/ArtifactHolder.java:56: error: no suitable method found for blit(Identifier,int,int,int,int,int,int)
        graphics.blit(Resources.STYLE_ADD_REMOVE, getX()+14, getY()+14, iX, 0, 9, 9);
                ^
    method GuiGraphicsExtractor.blit(RenderPipeline,Identifier,int,int,float,float,int,int,int,int,int) is not applicable
      (actual and formal argument lists differ in length)
    method GuiGraphicsExtractor.blit(RenderPipeline,Identifier,int,int,float,float,int,int,int,int) is not applicable
      (actual and formal argument lists differ in length)
    method GuiGraphicsExtractor.blit(RenderPipeline,Identifier,int,int,float,float,int,int,int,int,int,int) is not applicable
      (actual and formal argument lists differ in length)
    method GuiGraphicsExtractor.blit(RenderPipeline,Identifier,int,int,float,float,int,int,int,int,int,int,int) is not applicable
      (actual and formal argument lists differ in length)
    method GuiGraphicsExtractor.blit(Identifier,int,int,int,int,float,float,float,float) is not applicable
      (actual and formal argument lists differ in length)
    method GuiGraphicsExtractor.blit(GpuTextureView,GpuSampler,int,int,int,int,float,float,float,float) is not applicable
      (actual and formal argument lists differ in length)
/home/aptd/DoggyTalentsNext/src/main/java/doggytalents/client/screen/DogNewInfoScreen/element/view/MainInfoView/view/ArtifactsView/widget/ArtifactHolder.java:59: error: method does not override or implement a method from a supertype
    @Override
    ^
/home/aptd/DoggyTalentsNext/src/main/java/doggytalents/client/screen/DogNewInfoScreen/element/view/MainInfoView/view/EditInfoView.java:113: error: method does not override or implement a method from a supertype
                    @Override
                    ^
/home/aptd/DoggyTalentsNext/src/main/java/doggytalents/client/screen/DogNewInfoScreen/element/view/MainInfoView/view/EditInfoView.java:115: error: cannot find symbol
                        super.renderWidget(graphics, mouseX, mouseY, pTicks);
                             ^
  symbol: method renderWidget(GuiGraphicsExtractor,int,int,float)
/home/aptd/DoggyTalentsNext/src/main/java/doggytalents/client/screen/DogNewInfoScreen/element/view/MainInfoView/view/EditInfoView.java:135: error: method does not override or implement a method from a supertype
                    @Override
                    ^
/home/aptd/DoggyTalentsNext/src/main/java/doggytalents/client/screen/DogNewInfoScreen/element/view/MainInfoView/view/EditInfoView.java:137: error: cannot find symbol
                        super.renderWidget(graphics, mouseX, mouseY, pTicks);
                             ^
  symbol: method renderWidget(GuiGraphicsExtractor,int,int,float)
/home/aptd/DoggyTalentsNext/src/main/java/doggytalents/client/screen/DogNewInfoScreen/element/view/MainInfoView/view/EditInfoView.java:157: error: method does not override or implement a method from a supertype
                    @Override
                    ^
/home/aptd/DoggyTalentsNext/src/main/java/doggytalents/client/screen/DogNewInfoScreen/element/view/MainInfoView/view/EditInfoView.java:159: error: cannot find symbol
                        super.renderWidget(graphics, mouseX, mouseY, pTicks);
                             ^
  symbol: method renderWidget(GuiGraphicsExtractor,int,int,float)
/home/aptd/DoggyTalentsNext/src/main/java/doggytalents/client/screen/DogNewInfoScreen/element/view/MainInfoView/view/EditInfoView.java:179: error: method does not override or implement a method from a supertype
                    @Override
                    ^
/home/aptd/DoggyTalentsNext/src/main/java/doggytalents/client/screen/DogNewInfoScreen/element/view/MainInfoView/view/EditInfoView.java:181: error: cannot find symbol
                        super.renderWidget(graphics, mouseX, mouseY, pTicks);
                             ^
  symbol: method renderWidget(GuiGraphicsExtractor,int,int,float)
/home/aptd/DoggyTalentsNext/src/main/java/doggytalents/client/screen/DogNewInfoScreen/element/view/MainInfoView/view/EditInfoView.java:229: error: method does not override or implement a method from a supertype
                    @Override
                    ^
/home/aptd/DoggyTalentsNext/src/main/java/doggytalents/client/screen/DogNewInfoScreen/element/view/MainInfoView/view/EditInfoView.java:231: error: cannot find symbol
                        super.renderWidget(graphics, mouseX, mouseY, pTicks);
                             ^
  symbol: method renderWidget(GuiGraphicsExtractor,int,int,float)
/home/aptd/DoggyTalentsNext/src/main/java/doggytalents/client/screen/DogNewInfoScreen/element/view/MainInfoView/view/EditInfoView.java:383: error: method does not override or implement a method from a supertype
                @Override
                ^
/home/aptd/DoggyTalentsNext/src/main/java/doggytalents/client/screen/DogNewInfoScreen/element/view/MainInfoView/view/EditInfoView.java:390: error: no suitable method found for blit(Identifier,int,int,int,int,int,int)
                    graphics.blit(Resources.HAMBURGER, this.getX(), this.getY(), 20, 0, 20, 20);
                            ^
    method GuiGraphicsExtractor.blit(RenderPipeline,Identifier,int,int,float,float,int,int,int,int,int) is not applicable
      (actual and formal argument lists differ in length)
    method GuiGraphicsExtractor.blit(RenderPipeline,Identifier,int,int,float,float,int,int,int,int) is not applicable
      (actual and formal argument lists differ in length)
    method GuiGraphicsExtractor.blit(RenderPipeline,Identifier,int,int,float,float,int,int,int,int,int,int) is not applicable
      (actual and formal argument lists differ in length)
    method GuiGraphicsExtractor.blit(RenderPipeline,Identifier,int,int,float,float,int,int,int,int,int,int,int) is not applicable
      (actual and formal argument lists differ in length)
    method GuiGraphicsExtractor.blit(Identifier,int,int,int,int,float,float,float,float) is not applicable
      (actual and formal argument lists differ in length)
    method GuiGraphicsExtractor.blit(GpuTextureView,GpuSampler,int,int,int,int,float,float,float,float) is not applicable
      (actual and formal argument lists differ in length)
/home/aptd/DoggyTalentsNext/src/main/java/doggytalents/client/screen/DogNewInfoScreen/element/view/MainInfoView/dropdown/AddGroupMenu/ColorSelectElement.java:89: error: method does not override or implement a method from a supertype
        @Override
        ^
/home/aptd/DoggyTalentsNext/src/main/java/doggytalents/client/screen/DogNewInfoScreen/element/view/MainInfoView/dropdown/AddGroupMenu/ColorSelectElement.java:94: error: method does not override or implement a method from a supertype
        @Override
        ^
/home/aptd/DoggyTalentsNext/src/main/java/doggytalents/client/screen/DogNewInfoScreen/element/view/StatsView/view/StatsGeneralView.java:39: error: no suitable method found for blit(Identifier,int,int,int,int,int,int)
        graphics.blit(DogScreenOverlays.GUI_ICONS_LOCATION, startX
                ^
    method GuiGraphicsExtractor.blit(RenderPipeline,Identifier,int,int,float,float,int,int,int,int,int) is not applicable
      (actual and formal argument lists differ in length)
    method GuiGraphicsExtractor.blit(RenderPipeline,Identifier,int,int,float,float,int,int,int,int) is not applicable
      (actual and formal argument lists differ in length)
    method GuiGraphicsExtractor.blit(RenderPipeline,Identifier,int,int,float,float,int,int,int,int,int,int) is not applicable
      (actual and formal argument lists differ in length)
    method GuiGraphicsExtractor.blit(RenderPipeline,Identifier,int,int,float,float,int,int,int,int,int,int,int) is not applicable
      (actual and formal argument lists differ in length)
    method GuiGraphicsExtractor.blit(Identifier,int,int,int,int,float,float,float,float) is not applicable
      (actual and formal argument lists differ in length)
    method GuiGraphicsExtractor.blit(GpuTextureView,GpuSampler,int,int,int,int,float,float,float,float) is not applicable
      (actual and formal argument lists differ in length)
/home/aptd/DoggyTalentsNext/src/main/java/doggytalents/client/screen/DogNewInfoScreen/element/view/StatsView/view/StatsGeneralView.java:41: error: no suitable method found for blit(Identifier,int,int,int,int,int,int)
        graphics.blit(DogScreenOverlays.GUI_ICONS_LOCATION, startX
                ^
    method GuiGraphicsExtractor.blit(RenderPipeline,Identifier,int,int,float,float,int,int,int,int,int) is not applicable
      (actual and formal argument lists differ in length)
    method GuiGraphicsExtractor.blit(RenderPipeline,Identifier,int,int,float,float,int,int,int,int) is not applicable
      (actual and formal argument lists differ in length)
    method GuiGraphicsExtractor.blit(RenderPipeline,Identifier,int,int,float,float,int,int,int,int,int,int) is not applicable
      (actual and formal argument lists differ in length)
    method GuiGraphicsExtractor.blit(RenderPipeline,Identifier,int,int,float,float,int,int,int,int,int,int,int) is not applicable
      (actual and formal argument lists differ in length)
    method GuiGraphicsExtractor.blit(Identifier,int,int,int,int,float,float,float,float) is not applicable
      (actual and formal argument lists differ in length)
    method GuiGraphicsExtractor.blit(GpuTextureView,GpuSampler,int,int,int,int,float,float,float,float) is not applicable
      (actual and formal argument lists differ in length)
/home/aptd/DoggyTalentsNext/src/main/java/doggytalents/client/screen/DogNewInfoScreen/element/view/StyleView/widget/AccessoryHolder.java:22: error: AccessoryHolder is not abstract and does not override abstract method extractWidgetRenderState(GuiGraphicsExtractor,int,int,float) in AbstractWidget
public class AccessoryHolder extends AbstractWidget {
       ^
/home/aptd/DoggyTalentsNext/src/main/java/doggytalents/client/screen/DogNewInfoScreen/element/view/StyleView/widget/AccessoryHolder.java:46: error: method does not override or implement a method from a supertype
    @Override
    ^
/home/aptd/DoggyTalentsNext/src/main/java/doggytalents/client/screen/DogNewInfoScreen/element/view/StyleView/widget/AccessoryHolder.java:56: error: cannot find symbol
        graphics.renderItem(itemStack, this.getX()+1, this.getY()+1);
                ^
  symbol:   method renderItem(ItemStack,int,int)
  location: variable graphics of type GuiGraphicsExtractor
/home/aptd/DoggyTalentsNext/src/main/java/doggytalents/client/screen/DogNewInfoScreen/element/view/StyleView/widget/AccessoryHolder.java:57: error: invalid method reference
        RenderSystem.setShader(GameRenderer::getPositionTexShader);
                               ^
  cannot find symbol
    symbol:   method getPositionTexShader()
    location: class GameRenderer
/home/aptd/DoggyTalentsNext/src/main/java/doggytalents/client/screen/DogNewInfoScreen/element/view/StyleView/widget/AccessoryHolder.java:58: error: cannot find symbol
        RenderSystem.setShaderColor(1.0F, 1.0F, 1.0F, 1.0F);
                    ^
  symbol:   method setShaderColor(float,float,float,float)
  location: class RenderSystem
/home/aptd/DoggyTalentsNext/src/main/java/doggytalents/client/screen/DogNewInfoScreen/element/view/StyleView/widget/AccessoryHolder.java:59: error: cannot find symbol
        RenderSystem.enableBlend();
                    ^
  symbol:   method enableBlend()
  location: class RenderSystem
/home/aptd/DoggyTalentsNext/src/main/java/doggytalents/client/screen/DogNewInfoScreen/element/view/StyleView/widget/AccessoryHolder.java:60: error: cannot find symbol
        RenderSystem.defaultBlendFunc();
                    ^
  symbol:   method defaultBlendFunc()
  location: class RenderSystem
/home/aptd/DoggyTalentsNext/src/main/java/doggytalents/client/screen/DogNewInfoScreen/element/view/StyleView/widget/AccessoryHolder.java:61: error: cannot find symbol
        RenderSystem.blendFunc(SourceFactor.SRC_ALPHA, DestFactor.ONE_MINUS_SRC_ALPHA);
                    ^
  symbol:   method blendFunc(SourceFactor,DestFactor)
  location: class RenderSystem
/home/aptd/DoggyTalentsNext/src/main/java/doggytalents/client/screen/DogNewInfoScreen/element/view/StyleView/widget/AccessoryHolder.java:64: error: no suitable method found for blit(Identifier,int,int,int,int,int,int)
        graphics.blit(Resources.STYLE_ADD_REMOVE, getX()+14, getY()+14, iX, 0, 9, 9);
                ^
    method GuiGraphicsExtractor.blit(RenderPipeline,Identifier,int,int,float,float,int,int,int,int,int) is not applicable
      (actual and formal argument lists differ in length)
    method GuiGraphicsExtractor.blit(RenderPipeline,Identifier,int,int,float,float,int,int,int,int) is not applicable
      (actual and formal argument lists differ in length)
    method GuiGraphicsExtractor.blit(RenderPipeline,Identifier,int,int,float,float,int,int,int,int,int,int) is not applicable
      (actual and formal argument lists differ in length)
    method GuiGraphicsExtractor.blit(RenderPipeline,Identifier,int,int,float,float,int,int,int,int,int,int,int) is not applicable
      (actual and formal argument lists differ in length)
    method GuiGraphicsExtractor.blit(Identifier,int,int,int,int,float,float,float,float) is not applicable
      (actual and formal argument lists differ in length)
    method GuiGraphicsExtractor.blit(GpuTextureView,GpuSampler,int,int,int,int,float,float,float,float) is not applicable
      (actual and formal argument lists differ in length)
/home/aptd/DoggyTalentsNext/src/main/java/doggytalents/client/screen/DogNewInfoScreen/element/view/StyleView/widget/AccessoryHolder.java:67: error: method does not override or implement a method from a supertype
    @Override
    ^
/home/aptd/DoggyTalentsNext/src/main/java/doggytalents/client/screen/DogNewInfoScreen/element/view/StyleView/view/AccessoryView/AccessoryEditElement.java:96: error: items has private access in Inventory
        var items = this.inventory.items;
                                  ^
/home/aptd/DoggyTalentsNext/src/main/java/doggytalents/client/screen/DogNewInfoScreen/element/view/StyleView/view/SkinView/SkinView.java:227: error: no suitable method found for create(ClientLevel)
        var dog = DoggyEntityTypes.DOG.get().create(level);
                                            ^
    method EntityType.create(ServerLevel,@org.jspecify.annotations.Nullable Consumer<Dog>,BlockPos,EntitySpawnReason,boolean,boolean) is not applicable
      (actual and formal argument lists differ in length)
    method EntityType.create(Level,EntitySpawnReason) is not applicable
      (actual and formal argument lists differ in length)
    method EntityType.create(ValueInput,Level,EntitySpawnReason) is not applicable
      (actual and formal argument lists differ in length)
    method EntityType.create(EntityType<?>,ValueInput,Level,EntitySpawnReason) is not applicable
      (actual and formal argument lists differ in length)
/home/aptd/DoggyTalentsNext/src/main/java/doggytalents/client/screen/DogNewInfoScreen/element/view/StyleView/view/SkinView/DogSkinElement.java:333: error: cannot find symbol
        RenderSystem.setShaderColor(1.0F, 1.0F, 1.0F, 1.0F);
                    ^
  symbol:   method setShaderColor(float,float,float,float)
  location: class RenderSystem
/home/aptd/DoggyTalentsNext/src/main/java/doggytalents/client/screen/DogNewInfoScreen/element/view/StyleView/view/SkinView/DogSkinElement.java:335: error: cannot find symbol
        RenderSystem.enableBlend();
                    ^
  symbol:   method enableBlend()
  location: class RenderSystem
/home/aptd/DoggyTalentsNext/src/main/java/doggytalents/client/screen/DogNewInfoScreen/element/view/StyleView/view/SkinView/DogSkinElement.java:336: error: cannot find symbol
        RenderSystem.blendFunc(GlStateManager.SourceFactor.SRC_ALPHA, GlStateManager.DestFactor.ONE_MINUS_SRC_ALPHA);
                                             ^
  symbol:   variable SourceFactor
  location: class GlStateManager
/home/aptd/DoggyTalentsNext/src/main/java/doggytalents/client/screen/DogNewInfoScreen/element/view/StyleView/view/SkinView/DogSkinElement.java:336: error: cannot find symbol
        RenderSystem.blendFunc(GlStateManager.SourceFactor.SRC_ALPHA, GlStateManager.DestFactor.ONE_MINUS_SRC_ALPHA);
                                                                                    ^
  symbol:   variable DestFactor
  location: class GlStateManager
/home/aptd/DoggyTalentsNext/src/main/java/doggytalents/client/screen/DogNewInfoScreen/element/view/StyleView/view/SkinView/DogSkinElement.java:338: error: no suitable method found for blit(Identifier,int,int,int,int,int,int,int,int,int)
        graphics.blit(Resources.KANJI_MYSTERY_BKG, x - imgeSize/2, 
                ^
    method GuiGraphicsExtractor.blit(RenderPipeline,Identifier,int,int,float,float,int,int,int,int) is not applicable
      (argument mismatch; Identifier cannot be converted to RenderPipeline)
    method GuiGraphicsExtractor.blit(GpuTextureView,GpuSampler,int,int,int,int,float,float,float,float) is not applicable
      (argument mismatch; Identifier cannot be converted to GpuTextureView)
/home/aptd/DoggyTalentsNext/src/main/java/doggytalents/client/screen/DogNewInfoScreen/element/view/StyleView/view/SkinView/DogSkinElement.java:341: error: cannot find symbol
        stack.pushPose();
             ^
  symbol:   method pushPose()
  location: variable stack of type Matrix3x2fStack
/home/aptd/DoggyTalentsNext/src/main/java/doggytalents/client/screen/DogNewInfoScreen/element/view/StyleView/view/SkinView/DogSkinElement.java:342: error: incompatible types: int cannot be converted to Matrix3x2f
        stack.translate(0, 0, 400);
                              ^
/home/aptd/DoggyTalentsNext/src/main/java/doggytalents/client/screen/DogNewInfoScreen/element/view/StyleView/view/SkinView/DogSkinElement.java:343: error: no suitable method found for blit(Identifier,int,int,int,int,int,int,int,int,int)
        graphics.blit(Resources.KANJI_MYSTERY, x - imgeSize/2, 
                ^
    method GuiGraphicsExtractor.blit(RenderPipeline,Identifier,int,int,float,float,int,int,int,int) is not applicable
      (argument mismatch; Identifier cannot be converted to RenderPipeline)
    method GuiGraphicsExtractor.blit(GpuTextureView,GpuSampler,int,int,int,int,float,float,float,float) is not applicable
      (argument mismatch; Identifier cannot be converted to GpuTextureView)
/home/aptd/DoggyTalentsNext/src/main/java/doggytalents/client/screen/DogNewInfoScreen/element/view/StyleView/view/SkinView/DogSkinElement.java:345: error: cannot find symbol
        stack.popPose();
             ^
  symbol:   method popPose()
  location: variable stack of type Matrix3x2fStack
/home/aptd/DoggyTalentsNext/src/main/java/doggytalents/client/screen/DogNewInfoScreen/element/view/StyleView/view/SkinView/DogSkinElement.java:346: error: cannot find symbol
        RenderSystem.disableBlend();
                    ^
  symbol:   method disableBlend()
  location: class RenderSystem
/home/aptd/DoggyTalentsNext/src/main/java/doggytalents/client/screen/FoodBowlScreen.java:18: error: cannot assign a value to final variable imageHeight
        this.imageHeight = 127;
            ^
/home/aptd/DoggyTalentsNext/src/main/java/doggytalents/client/screen/FoodBowlScreen.java:25: error: cannot find symbol
        this.renderTooltip(graphics, mouseX, mouseY);
            ^
  symbol: method renderTooltip(GuiGraphicsExtractor,int,int)
/home/aptd/DoggyTalentsNext/src/main/java/doggytalents/client/screen/FoodBowlScreen.java:34: error: method does not override or implement a method from a supertype
    @Override
    ^
/home/aptd/DoggyTalentsNext/src/main/java/doggytalents/client/screen/FoodBowlScreen.java:36: error: invalid method reference
        RenderSystem.setShader(GameRenderer::getPositionTexShader);
                               ^
  cannot find symbol
    symbol:   method getPositionTexShader()
    location: class GameRenderer
/home/aptd/DoggyTalentsNext/src/main/java/doggytalents/client/screen/FoodBowlScreen.java:37: error: cannot find symbol
        RenderSystem.setShaderColor(1.0F, 1.0F, 1.0F, 1.0F);
                    ^
  symbol:   method setShaderColor(float,float,float,float)
  location: class RenderSystem
/home/aptd/DoggyTalentsNext/src/main/java/doggytalents/client/screen/FoodBowlScreen.java:40: error: no suitable method found for blit(Identifier,int,int,int,int,int,int)
        graphics.blit(Resources.GUI_FOOD_BOWL, x, y, 0, 0, this.imageWidth, this.imageHeight);
                ^
    method GuiGraphicsExtractor.blit(RenderPipeline,Identifier,int,int,float,float,int,int,int,int,int) is not applicable
      (actual and formal argument lists differ in length)
    method GuiGraphicsExtractor.blit(RenderPipeline,Identifier,int,int,float,float,int,int,int,int) is not applicable
      (actual and formal argument lists differ in length)
    method GuiGraphicsExtractor.blit(RenderPipeline,Identifier,int,int,float,float,int,int,int,int,int,int) is not applicable
      (actual and formal argument lists differ in length)
    method GuiGraphicsExtractor.blit(RenderPipeline,Identifier,int,int,float,float,int,int,int,int,int,int,int) is not applicable
      (actual and formal argument lists differ in length)
    method GuiGraphicsExtractor.blit(Identifier,int,int,int,int,float,float,float,float) is not applicable
      (actual and formal argument lists differ in length)
    method GuiGraphicsExtractor.blit(GpuTextureView,GpuSampler,int,int,int,int,float,float,float,float) is not applicable
      (actual and formal argument lists differ in length)
/home/aptd/DoggyTalentsNext/src/main/java/doggytalents/client/entity/render/DogRenderer.java:136: error: cannot find symbol
        return DogTextureManager.INSTANCE.getDefaultTexture();
                                         ^
  symbol:   method getDefaultTexture()
  location: variable INSTANCE of type DogTextureManager
/home/aptd/DoggyTalentsNext/src/main/java/doggytalents/client/entity/render/DogRenderer.java:244: error: cannot find symbol
                this.entityRenderDispatcher.camera.getEntity().isShiftKeyDown()
                                                  ^
  symbol:   method getEntity()
  location: variable camera of type Camera
/home/aptd/DoggyTalentsNext/src/main/java/doggytalents/client/entity/render/misc/SamoyedPlushieRenderer.java:45: error: method does not override or implement a method from a supertype
    @Override
    ^
/home/aptd/DoggyTalentsNext/src/main/java/doggytalents/client/entity/model/misc/SamoyedPlushieModel.java:17: error: type argument SamoyedPlushie is not within bounds of type-variable T
public class SamoyedPlushieModel extends EntityModel<SamoyedPlushie>{
                                                     ^
  where T is a type-variable:
    T extends EntityRenderState declared in class EntityModel
/home/aptd/DoggyTalentsNext/src/main/java/doggytalents/client/entity/model/misc/SamoyedPlushieModel.java:21: error: no suitable constructor found for EntityModel(no arguments)
	public SamoyedPlushieModel(ModelPart box) {
	                                          ^
    constructor EntityModel.EntityModel(ModelPart) is not applicable
      (actual and formal argument lists differ in length)
    constructor EntityModel.EntityModel(ModelPart,Function<Identifier,RenderType>) is not applicable
      (actual and formal argument lists differ in length)
/home/aptd/DoggyTalentsNext/src/main/java/doggytalents/client/entity/model/misc/SamoyedPlushieModel.java:156: error: method does not override or implement a method from a supertype
    @Override
    ^
/home/aptd/DoggyTalentsNext/src/main/java/doggytalents/client/entity/model/misc/SamoyedPlushieModel.java:163: error: renderToBuffer(PoseStack,VertexConsumer,int,int,int) in SamoyedPlushieModel cannot override renderToBuffer(PoseStack,VertexConsumer,int,int,int) in Model
	public void renderToBuffer(PoseStack poseStack, VertexConsumer vertexConsumer, int packedLight, int packedOverlay, int color_overlay) {
	            ^
  overridden method is final
/home/aptd/DoggyTalentsNext/src/main/java/doggytalents/client/entity/render/misc/DogPlushieRenderer.java:52: error: method does not override or implement a method from a supertype
    @Override
    ^
/home/aptd/DoggyTalentsNext/src/main/java/doggytalents/client/entity/model/misc/DogPlushieModel.java:16: error: type argument DogPlushie is not within bounds of type-variable T
public class DogPlushieModel extends EntityModel<DogPlushie> {
                                                 ^
  where T is a type-variable:
    T extends EntityRenderState declared in class EntityModel
/home/aptd/DoggyTalentsNext/src/main/java/doggytalents/client/entity/model/misc/DogPlushieModel.java:20: error: no suitable constructor found for EntityModel(no arguments)
	public DogPlushieModel(ModelPart box) {
	                                      ^
    constructor EntityModel.EntityModel(ModelPart) is not applicable
      (actual and formal argument lists differ in length)
    constructor EntityModel.EntityModel(ModelPart,Function<Identifier,RenderType>) is not applicable
      (actual and formal argument lists differ in length)
/home/aptd/DoggyTalentsNext/src/main/java/doggytalents/client/entity/model/misc/DogPlushieModel.java:75: error: method does not override or implement a method from a supertype
    @Override
    ^
/home/aptd/DoggyTalentsNext/src/main/java/doggytalents/client/entity/model/misc/DogPlushieModel.java:82: error: renderToBuffer(PoseStack,VertexConsumer,int,int,int) in DogPlushieModel cannot override renderToBuffer(PoseStack,VertexConsumer,int,int,int) in Model
	public void renderToBuffer(PoseStack poseStack, VertexConsumer vertexConsumer, int packedLight, int packedOverlay, int color_overlay) {
	            ^
  overridden method is final
/home/aptd/DoggyTalentsNext/src/main/java/doggytalents/client/entity/render/misc/DogThrownTridentRenderer.java:46: error: method does not override or implement a method from a supertype
    @Override
    ^
/home/aptd/DoggyTalentsNext/src/main/java/doggytalents/client/entity/render/misc/PianoRenderer.java:74: error: method does not override or implement a method from a supertype
    @Override
    ^
/home/aptd/DoggyTalentsNext/src/main/java/doggytalents/client/entity/model/misc/GrandPianoModel.java:16: error: type argument Piano is not within bounds of type-variable T
public class GrandPianoModel extends EntityModel<Piano> {
                                                 ^
  where T is a type-variable:
    T extends EntityRenderState declared in class EntityModel
/home/aptd/DoggyTalentsNext/src/main/java/doggytalents/client/entity/model/misc/GrandPianoModel.java:22: error: no suitable constructor found for EntityModel(no arguments)
	public GrandPianoModel(ModelPart root) {
	                                       ^
    constructor EntityModel.EntityModel(ModelPart) is not applicable
      (actual and formal argument lists differ in length)
    constructor EntityModel.EntityModel(ModelPart,Function<Identifier,RenderType>) is not applicable
      (actual and formal argument lists differ in length)
/home/aptd/DoggyTalentsNext/src/main/java/doggytalents/client/entity/model/misc/GrandPianoModel.java:219: error: method does not override or implement a method from a supertype
	@Override
	^
/home/aptd/DoggyTalentsNext/src/main/java/doggytalents/client/entity/model/misc/GrandPianoModel.java:225: error: renderToBuffer(PoseStack,VertexConsumer,int,int,int) in GrandPianoModel cannot override renderToBuffer(PoseStack,VertexConsumer,int,int,int) in Model
	public void renderToBuffer(PoseStack poseStack, VertexConsumer vertexConsumer, int packedLight, int packedOverlay, int color_overlay) {
	            ^
  overridden method is final
/home/aptd/DoggyTalentsNext/src/main/java/doggytalents/client/entity/model/misc/UprightPianoModel.java:16: error: type argument Piano is not within bounds of type-variable T
public class UprightPianoModel extends EntityModel<Piano> {
                                                   ^
  where T is a type-variable:
    T extends EntityRenderState declared in class EntityModel
/home/aptd/DoggyTalentsNext/src/main/java/doggytalents/client/entity/model/misc/UprightPianoModel.java:21: error: no suitable constructor found for EntityModel(no arguments)
	public UprightPianoModel(ModelPart root) {
	                                         ^
    constructor EntityModel.EntityModel(ModelPart) is not applicable
      (actual and formal argument lists differ in length)
    constructor EntityModel.EntityModel(ModelPart,Function<Identifier,RenderType>) is not applicable
      (actual and formal argument lists differ in length)
/home/aptd/DoggyTalentsNext/src/main/java/doggytalents/client/entity/model/misc/UprightPianoModel.java:170: error: method does not override or implement a method from a supertype
	@Override
	^
/home/aptd/DoggyTalentsNext/src/main/java/doggytalents/client/entity/model/misc/UprightPianoModel.java:176: error: renderToBuffer(PoseStack,VertexConsumer,int,int,int) in UprightPianoModel cannot override renderToBuffer(PoseStack,VertexConsumer,int,int,int) in Model
	public void renderToBuffer(PoseStack poseStack, VertexConsumer vertexConsumer, int packedLight, int packedOverlay, int color_overlay) {
	            ^
  overridden method is final
/home/aptd/DoggyTalentsNext/src/main/java/doggytalents/client/entity/render/RenderUtil.java:34: error: cannot find symbol
        stack.mulPose(entityRenderDispatcher.cameraOrientation());
                                            ^
  symbol:   method cameraOrientation()
  location: variable entityRenderDispatcher of type EntityRenderDispatcher
/home/aptd/DoggyTalentsNext/src/main/java/doggytalents/client/entity/render/DoggyBeamRenderer.java:58: error: method does not override or implement a method from a supertype
    @Override
    ^
/home/aptd/DoggyTalentsNext/src/main/java/doggytalents/client/entity/render/DoggyBeamRenderer.java:60: error: cannot find symbol
        return InventoryMenu.BLOCK_ATLAS;
                            ^
  symbol:   variable BLOCK_ATLAS
  location: class InventoryMenu
/home/aptd/DoggyTalentsNext/src/main/java/doggytalents/client/entity/render/DoggyBeamRenderer.java:67: error: cannot find symbol
        stack.mulPose(this.entityRenderDispatcher.cameraOrientation());
                                                 ^
  symbol:   method cameraOrientation()
  location: variable entityRenderDispatcher of type EntityRenderDispatcher
/home/aptd/DoggyTalentsNext/src/main/java/doggytalents/client/entity/render/world/CanineTrackerLocateRenderer.java:68: error: cannot find symbol
        var camera_pos = camera.getPosition().add(0, -0.2, 0);
                               ^
  symbol:   method getPosition()
  location: variable camera of type Camera
/home/aptd/DoggyTalentsNext/src/main/java/doggytalents/client/entity/render/world/CanineTrackerLocateRenderer.java:122: error: cannot find symbol
        bufferSource.getBuffer(RenderType.text(Resources.SMALL_WIDGETS));
                                         ^
  symbol:   method text(Identifier)
  location: class RenderType
/home/aptd/DoggyTalentsNext/src/main/java/doggytalents/client/entity/render/world/CanineTrackerLocateRenderer.java:164: error: cannot find symbol
            if (!tag.getUUID("uuid").equals(locatingUUID)) {
                    ^
  symbol:   method getUUID(String)
  location: variable tag of type CompoundTag
/home/aptd/DoggyTalentsNext/src/main/java/doggytalents/client/entity/render/world/CanineTrackerLocateRenderer.java:206: error: cannot find symbol
        if (tag == null || !tag.hasUUID("uuid")) return Optional.empty();
                               ^
  symbol:   method hasUUID(String)
  location: variable tag of type CompoundTag
/home/aptd/DoggyTalentsNext/src/main/java/doggytalents/client/entity/render/world/CanineTrackerLocateRenderer.java:228: error: cannot find symbol
        var uuid = tag.getUUID("uuid");
                      ^
  symbol:   method getUUID(String)
  location: variable tag of type CompoundTag
/home/aptd/DoggyTalentsNext/src/main/java/doggytalents/client/entity/render/layer/accessory/AccessoryModelRenderer.java:20: error: type argument Dog is not within bounds of type-variable S
public class AccessoryModelRenderer extends RenderLayer<Dog, DogModel>  {
                                                        ^
  where S is a type-variable:
    S extends EntityRenderState declared in class RenderLayer
/home/aptd/DoggyTalentsNext/src/main/java/doggytalents/client/entity/render/layer/accessory/AccessoryModelRenderer.java:20: error: AccessoryModelRenderer is not abstract and does not override abstract method submit(PoseStack,SubmitNodeCollector,int,Dog,float,float) in RenderLayer
public class AccessoryModelRenderer extends RenderLayer<Dog, DogModel>  {
       ^
/home/aptd/DoggyTalentsNext/src/main/java/doggytalents/client/entity/render/layer/accessory/AccessoryModelRenderer.java:27: error: method does not override or implement a method from a supertype
    @Override
    ^
/home/aptd/DoggyTalentsNext/src/main/java/doggytalents/client/entity/render/layer/accessory/AccessoryModelRenderer.java:46: error: incompatible types: AccessoryModelRenderer cannot be converted to RenderLayer<DogRenderState,DogModel>
                this, poseStack, buffer, packedLight, dog, limbSwing, 
                ^
/home/aptd/DoggyTalentsNext/src/main/java/doggytalents/client/entity/render/layer/accessory/DefaultAccessoryRenderer.java:29: error: type argument Dog is not within bounds of type-variable S
public class DefaultAccessoryRenderer extends RenderLayer<Dog, DogModel> {
                                                          ^
  where S is a type-variable:
    S extends EntityRenderState declared in class RenderLayer
/home/aptd/DoggyTalentsNext/src/main/java/doggytalents/client/entity/render/layer/accessory/DefaultAccessoryRenderer.java:29: error: DefaultAccessoryRenderer is not abstract and does not override abstract method submit(PoseStack,SubmitNodeCollector,int,Dog,float,float) in RenderLayer
public class DefaultAccessoryRenderer extends RenderLayer<Dog, DogModel> {
       ^
/home/aptd/DoggyTalentsNext/src/main/java/doggytalents/client/entity/render/layer/accessory/DefaultAccessoryRenderer.java:41: error: method does not override or implement a method from a supertype
    @Override
    ^
/home/aptd/DoggyTalentsNext/src/main/java/doggytalents/client/entity/render/layer/accessory/DefaultAccessoryRenderer.java:88: error: incompatible types: DogModel cannot be converted to SyncedAccessoryModel
                renderTranslucentModel(dogModel, texture_rl, poseStack, buffer, packedLight, dog, color[0], color[1], color[2], 1);
                                       ^
/home/aptd/DoggyTalentsNext/src/main/java/doggytalents/client/entity/render/layer/accessory/DefaultAccessoryRenderer.java:90: error: method renderColoredCutoutModel in class RenderLayer<S#2,M> cannot be applied to given types;
                RenderLayer.renderColoredCutoutModel(dogModel, texture_rl, poseStack, buffer, packedLight, dog, ARGB.colorFromFloat(1, color[0], color[1], color[2]));
                           ^
  required: Model<? super S#1>,Identifier,PoseStack,SubmitNodeCollector,int,S#1,int,int
  found:    DogModel,Identifier,PoseStack,MultiBufferSource,int,Dog,int
  reason: cannot infer type-variable(s) S#1
    (actual and formal argument lists differ in length)
  where S#1,S#2,M are type-variables:
    S#1 extends LivingEntityRenderState declared in method <S#1>renderColoredCutoutModel(Model<? super S#1>,Identifier,PoseStack,SubmitNodeCollector,int,S#1,int,int)
    S#2 extends EntityRenderState declared in class RenderLayer
    M extends EntityModel<? super S#2> declared in class RenderLayer
/home/aptd/DoggyTalentsNext/src/main/java/doggytalents/client/entity/render/layer/accessory/DefaultAccessoryRenderer.java:90: error: incompatible types: cannot infer type-variable(s) S
                RenderLayer.renderColoredCutoutModel(dogModel, texture_rl, poseStack, buffer, packedLight, dog, ARGB.colorFromFloat(1, color[0], color[1], color[2]));
                                                    ^
    (argument mismatch; MultiBufferSource cannot be converted to SubmitNodeCollector)
  where S is a type-variable:
    S extends LivingEntityRenderState declared in method <S>renderColoredCutoutModel(Model<? super S>,Identifier,PoseStack,SubmitNodeCollector,int,S,int,int)
/home/aptd/DoggyTalentsNext/src/main/java/doggytalents/client/entity/render/layer/accessory/DefaultAccessoryRenderer.java:93: error: incompatible types: DogModel cannot be converted to SyncedAccessoryModel
                renderTranslucentModel(dogModel, texture_rl, poseStack, buffer, packedLight, dog, 1.0F, 1.0F, 1.0F, 1);
                                       ^
/home/aptd/DoggyTalentsNext/src/main/java/doggytalents/client/entity/render/layer/accessory/DefaultAccessoryRenderer.java:95: error: method renderColoredCutoutModel in class RenderLayer<S#2,M> cannot be applied to given types;
                RenderLayer.renderColoredCutoutModel(dogModel, texture_rl, poseStack, buffer, packedLight, dog, 0xffffffff);
                           ^
  required: Model<? super S#1>,Identifier,PoseStack,SubmitNodeCollector,int,S#1,int,int
  found:    DogModel,Identifier,PoseStack,MultiBufferSource,int,Dog,int
  reason: cannot infer type-variable(s) S#1
    (actual and formal argument lists differ in length)
  where S#1,S#2,M are type-variables:
    S#1 extends LivingEntityRenderState declared in method <S#1>renderColoredCutoutModel(Model<? super S#1>,Identifier,PoseStack,SubmitNodeCollector,int,S#1,int,int)
    S#2 extends EntityRenderState declared in class RenderLayer
    M extends EntityModel<? super S#2> declared in class RenderLayer
/home/aptd/DoggyTalentsNext/src/main/java/doggytalents/client/entity/render/layer/accessory/DefaultAccessoryRenderer.java:128: error: incompatible types: DogModel cannot be converted to SyncedAccessoryModel
                renderTranslucentModel(dogModel, texture_rl, poseStack, buffer, packedLight, dog, color[0], color[1], color[2], 1);
                                       ^
/home/aptd/DoggyTalentsNext/src/main/java/doggytalents/client/entity/render/layer/accessory/DefaultAccessoryRenderer.java:130: error: method renderColoredCutoutModel in class RenderLayer<S#2,M> cannot be applied to given types;
                RenderLayer.renderColoredCutoutModel(dogModel, texture_rl, poseStack, buffer, packedLight, dog, ARGB.colorFromFloat(1, color[0], color[1], color[2]));
                           ^
  required: Model<? super S#1>,Identifier,PoseStack,SubmitNodeCollector,int,S#1,int,int
  found:    DogModel,Identifier,PoseStack,MultiBufferSource,int,Dog,int
  reason: cannot infer type-variable(s) S#1
    (actual and formal argument lists differ in length)
  where S#1,S#2,M are type-variables:
    S#1 extends LivingEntityRenderState declared in method <S#1>renderColoredCutoutModel(Model<? super S#1>,Identifier,PoseStack,SubmitNodeCollector,int,S#1,int,int)
    S#2 extends EntityRenderState declared in class RenderLayer
    M extends EntityModel<? super S#2> declared in class RenderLayer
/home/aptd/DoggyTalentsNext/src/main/java/doggytalents/client/entity/render/layer/accessory/DefaultAccessoryRenderer.java:130: error: incompatible types: cannot infer type-variable(s) S
                RenderLayer.renderColoredCutoutModel(dogModel, texture_rl, poseStack, buffer, packedLight, dog, ARGB.colorFromFloat(1, color[0], color[1], color[2]));
                                                    ^
    (argument mismatch; MultiBufferSource cannot be converted to SubmitNodeCollector)
  where S is a type-variable:
    S extends LivingEntityRenderState declared in method <S>renderColoredCutoutModel(Model<? super S>,Identifier,PoseStack,SubmitNodeCollector,int,S,int,int)
/home/aptd/DoggyTalentsNext/src/main/java/doggytalents/client/entity/render/layer/accessory/DefaultAccessoryRenderer.java:133: error: incompatible types: DogModel cannot be converted to SyncedAccessoryModel
                renderTranslucentModel(dogModel, texture_rl, poseStack, buffer, packedLight, dog, 1.0F, 1.0F, 1.0F, 1);
                                       ^
/home/aptd/DoggyTalentsNext/src/main/java/doggytalents/client/entity/render/layer/accessory/DefaultAccessoryRenderer.java:135: error: method renderColoredCutoutModel in class RenderLayer<S#2,M> cannot be applied to given types;
                RenderLayer.renderColoredCutoutModel(dogModel, texture_rl, poseStack, buffer, packedLight, dog, 0xffffffff);
                           ^
  required: Model<? super S#1>,Identifier,PoseStack,SubmitNodeCollector,int,S#1,int,int
  found:    DogModel,Identifier,PoseStack,MultiBufferSource,int,Dog,int
  reason: cannot infer type-variable(s) S#1
    (actual and formal argument lists differ in length)
  where S#1,S#2,M are type-variables:
    S#1 extends LivingEntityRenderState declared in method <S#1>renderColoredCutoutModel(Model<? super S#1>,Identifier,PoseStack,SubmitNodeCollector,int,S#1,int,int)
    S#2 extends EntityRenderState declared in class RenderLayer
    M extends EntityModel<? super S#2> declared in class RenderLayer
/home/aptd/DoggyTalentsNext/src/main/java/doggytalents/client/entity/render/layer/accessory/DefaultAccessoryRenderer.java:149: error: method renderColoredCutoutModel in class RenderLayer<S#2,M> cannot be applied to given types;
                RenderLayer.renderColoredCutoutModel(hindLegDiffTextModel, texture_rl, poseStack, buffer, packedLight, dog, ARGB.colorFromFloat(1, color[0], color[1], color[2]));
                           ^
  required: Model<? super S#1>,Identifier,PoseStack,SubmitNodeCollector,int,S#1,int,int
  found:    DogFrontLegsSeperate,Identifier,PoseStack,MultiBufferSource,int,Dog,int
  reason: cannot infer type-variable(s) S#1
    (actual and formal argument lists differ in length)
  where S#1,S#2,M are type-variables:
    S#1 extends LivingEntityRenderState declared in method <S#1>renderColoredCutoutModel(Model<? super S#1>,Identifier,PoseStack,SubmitNodeCollector,int,S#1,int,int)
    S#2 extends EntityRenderState declared in class RenderLayer
    M extends EntityModel<? super S#2> declared in class RenderLayer
/home/aptd/DoggyTalentsNext/src/main/java/doggytalents/client/entity/render/layer/accessory/DefaultAccessoryRenderer.java:149: error: incompatible types: cannot infer type-variable(s) S
                RenderLayer.renderColoredCutoutModel(hindLegDiffTextModel, texture_rl, poseStack, buffer, packedLight, dog, ARGB.colorFromFloat(1, color[0], color[1], color[2]));
                                                    ^
    (argument mismatch; MultiBufferSource cannot be converted to SubmitNodeCollector)
  where S is a type-variable:
    S extends LivingEntityRenderState declared in method <S>renderColoredCutoutModel(Model<? super S>,Identifier,PoseStack,SubmitNodeCollector,int,S,int,int)
/home/aptd/DoggyTalentsNext/src/main/java/doggytalents/client/entity/render/layer/accessory/DefaultAccessoryRenderer.java:154: error: method renderColoredCutoutModel in class RenderLayer<S#2,M> cannot be applied to given types;
                RenderLayer.renderColoredCutoutModel(hindLegDiffTextModel, texture_rl, poseStack, buffer, packedLight, dog, 0xffffffff);
                           ^
  required: Model<? super S#1>,Identifier,PoseStack,SubmitNodeCollector,int,S#1,int,int
  found:    DogFrontLegsSeperate,Identifier,PoseStack,MultiBufferSource,int,Dog,int
  reason: cannot infer type-variable(s) S#1
    (actual and formal argument lists differ in length)
  where S#1,S#2,M are type-variables:
    S#1 extends LivingEntityRenderState declared in method <S#1>renderColoredCutoutModel(Model<? super S#1>,Identifier,PoseStack,SubmitNodeCollector,int,S#1,int,int)
    S#2 extends EntityRenderState declared in class RenderLayer
    M extends EntityModel<? super S#2> declared in class RenderLayer
/home/aptd/DoggyTalentsNext/src/main/java/doggytalents/client/entity/render/layer/accessory/modelrenderentry/KitsuneMaskRenderEntry.java:49: error: name clash: renderAccessory(RenderLayer<Dog,DogModel>,PoseStack,MultiBufferSource,int,Dog,float,float,float,float,float,float,AccessoryInstance) in KitsuneMaskRenderEntry and renderAccessory(RenderLayer<DogRenderState,DogModel>,PoseStack,MultiBufferSource,int,Dog,float,float,float,float,float,float,AccessoryInstance) in Entry have the same erasure, yet neither overrides the other
    public void renderAccessory(RenderLayer<Dog, DogModel> layer, PoseStack poseStack, MultiBufferSource buffer,
                ^
/home/aptd/DoggyTalentsNext/src/main/java/doggytalents/client/entity/render/layer/accessory/modelrenderentry/KitsuneMaskRenderEntry.java:48: error: method does not override or implement a method from a supertype
    @Override
    ^
/home/aptd/DoggyTalentsNext/src/main/java/doggytalents/client/entity/render/layer/accessory/modelrenderentry/KitsuneMaskRenderEntry.java:49: error: type argument Dog is not within bounds of type-variable S
    public void renderAccessory(RenderLayer<Dog, DogModel> layer, PoseStack poseStack, MultiBufferSource buffer,
                                            ^
  where S is a type-variable:
    S extends EntityRenderState declared in class RenderLayer
/home/aptd/DoggyTalentsNext/src/main/java/doggytalents/client/entity/render/layer/accessory/modelrenderentry/KitsuneMaskRenderEntry.java:56: error: incompatible types: RenderLayer<Dog,DogModel> cannot be converted to RenderLayer<DogRenderState,DogModel>
        super.renderAccessory(layer, poseStack, buffer, packedLight, dog, limbSwing, limbSwingAmount, partialTicks, ageInTicks,
                              ^
/home/aptd/DoggyTalentsNext/src/main/java/doggytalents/client/entity/model/accessories/FieryReflectorModel.java:81: error: renderToBuffer(PoseStack,VertexConsumer,int,int,int) in FieryReflectorModel cannot override renderToBuffer(PoseStack,VertexConsumer,int,int,int) in Model
    public void renderToBuffer(PoseStack stack, VertexConsumer p_103014_, int p_103015_, int p_103016_, int color_overlay) {
                ^
  overridden method is final
/home/aptd/DoggyTalentsNext/src/main/java/doggytalents/client/entity/render/layer/accessory/modelrenderentry/TenguMaskRenderEmtry.java:49: error: name clash: renderAccessory(RenderLayer<Dog,DogModel>,PoseStack,MultiBufferSource,int,Dog,float,float,float,float,float,float,AccessoryInstance) in TenguMaskRenderEmtry and renderAccessory(RenderLayer<DogRenderState,DogModel>,PoseStack,MultiBufferSource,int,Dog,float,float,float,float,float,float,AccessoryInstance) in Entry have the same erasure, yet neither overrides the other
    public void renderAccessory(RenderLayer<Dog, DogModel> layer, PoseStack poseStack, MultiBufferSource buffer,
                ^
/home/aptd/DoggyTalentsNext/src/main/java/doggytalents/client/entity/render/layer/accessory/modelrenderentry/TenguMaskRenderEmtry.java:48: error: method does not override or implement a method from a supertype
    @Override
    ^
/home/aptd/DoggyTalentsNext/src/main/java/doggytalents/client/entity/render/layer/accessory/modelrenderentry/TenguMaskRenderEmtry.java:49: error: type argument Dog is not within bounds of type-variable S
    public void renderAccessory(RenderLayer<Dog, DogModel> layer, PoseStack poseStack, MultiBufferSource buffer,
                                            ^
  where S is a type-variable:
    S extends EntityRenderState declared in class RenderLayer
/home/aptd/DoggyTalentsNext/src/main/java/doggytalents/client/entity/render/layer/accessory/modelrenderentry/TenguMaskRenderEmtry.java:56: error: incompatible types: RenderLayer<Dog,DogModel> cannot be converted to RenderLayer<DogRenderState,DogModel>
        super.renderAccessory(layer, poseStack, buffer, packedLight, dog, limbSwing, limbSwingAmount, partialTicks, ageInTicks,
                              ^
/home/aptd/DoggyTalentsNext/src/main/java/doggytalents/client/entity/render/layer/accessory/modelrenderentry/DoubleDyableRenderEntry.java:20: error: name clash: renderAccessory(RenderLayer<Dog,DogModel>,PoseStack,MultiBufferSource,int,Dog,float,float,float,float,float,float,AccessoryInstance) in DoubleDyableRenderEntry and renderAccessory(RenderLayer<DogRenderState,DogModel>,PoseStack,MultiBufferSource,int,Dog,float,float,float,float,float,float,AccessoryInstance) in Entry have the same erasure, yet neither overrides the other
    public void renderAccessory(RenderLayer<Dog, DogModel> layer, 
                ^
/home/aptd/DoggyTalentsNext/src/main/java/doggytalents/client/entity/render/layer/accessory/modelrenderentry/DoubleDyableRenderEntry.java:19: error: method does not override or implement a method from a supertype
    @Override
    ^
/home/aptd/DoggyTalentsNext/src/main/java/doggytalents/client/entity/render/layer/accessory/modelrenderentry/DoubleDyableRenderEntry.java:20: error: type argument Dog is not within bounds of type-variable S
    public void renderAccessory(RenderLayer<Dog, DogModel> layer, 
                                            ^
  where S is a type-variable:
    S extends EntityRenderState declared in class RenderLayer
/home/aptd/DoggyTalentsNext/src/main/java/doggytalents/client/entity/render/layer/accessory/modelrenderentry/CeremonialGarbRenderEntry.java:54: error: name clash: renderAccessory(RenderLayer<Dog,DogModel>,PoseStack,MultiBufferSource,int,Dog,float,float,float,float,float,float,AccessoryInstance) in CeremonialGarbRenderEntry and renderAccessory(RenderLayer<DogRenderState,DogModel>,PoseStack,MultiBufferSource,int,Dog,float,float,float,float,float,float,AccessoryInstance) in Entry have the same erasure, yet neither overrides the other
    public void renderAccessory(RenderLayer<Dog, DogModel> layer, PoseStack poseStack, MultiBufferSource buffer,
                ^
/home/aptd/DoggyTalentsNext/src/main/java/doggytalents/client/entity/render/layer/accessory/modelrenderentry/CeremonialGarbRenderEntry.java:53: error: method does not override or implement a method from a supertype
    @Override
    ^
/home/aptd/DoggyTalentsNext/src/main/java/doggytalents/client/entity/render/layer/accessory/modelrenderentry/CeremonialGarbRenderEntry.java:54: error: type argument Dog is not within bounds of type-variable S
    public void renderAccessory(RenderLayer<Dog, DogModel> layer, PoseStack poseStack, MultiBufferSource buffer,
                                            ^
  where S is a type-variable:
    S extends EntityRenderState declared in class RenderLayer
/home/aptd/DoggyTalentsNext/src/main/java/doggytalents/client/entity/model/accessories/AngelHaloModel.java:98: error: renderToBuffer(PoseStack,VertexConsumer,int,int,int) in AngelHaloModel cannot override renderToBuffer(PoseStack,VertexConsumer,int,int,int) in Model
    public void renderToBuffer(PoseStack stack, VertexConsumer p_103014_, int p_103015_, int p_103016_, int color_overlay) {
                ^
  overridden method is final
/home/aptd/DoggyTalentsNext/src/main/java/doggytalents/client/entity/render/layer/accessory/modelrenderentry/MidiKeyboardRenderEntry.java:55: error: name clash: renderAccessory(RenderLayer<Dog,DogModel>,PoseStack,MultiBufferSource,int,Dog,float,float,float,float,float,float,AccessoryInstance) in MidiKeyboardRenderEntry and renderAccessory(RenderLayer<DogRenderState,DogModel>,PoseStack,MultiBufferSource,int,Dog,float,float,float,float,float,float,AccessoryInstance) in Entry have the same erasure, yet neither overrides the other
    public void renderAccessory(RenderLayer<Dog, DogModel> layer, PoseStack poseStack, MultiBufferSource buffer,
                ^
/home/aptd/DoggyTalentsNext/src/main/java/doggytalents/client/entity/render/layer/accessory/modelrenderentry/MidiKeyboardRenderEntry.java:54: error: method does not override or implement a method from a supertype
    @Override
    ^
/home/aptd/DoggyTalentsNext/src/main/java/doggytalents/client/entity/render/layer/accessory/modelrenderentry/MidiKeyboardRenderEntry.java:55: error: type argument Dog is not within bounds of type-variable S
    public void renderAccessory(RenderLayer<Dog, DogModel> layer, PoseStack poseStack, MultiBufferSource buffer,
                                            ^
  where S is a type-variable:
    S extends EntityRenderState declared in class RenderLayer
/home/aptd/DoggyTalentsNext/src/main/java/doggytalents/client/entity/render/layer/accessory/DoggyArmorRenderer.java:31: error: type argument Dog is not within bounds of type-variable S
public class DoggyArmorRenderer extends RenderLayer<Dog, DogModel> {
                                                    ^
  where S is a type-variable:
    S extends EntityRenderState declared in class RenderLayer
/home/aptd/DoggyTalentsNext/src/main/java/doggytalents/client/entity/render/layer/accessory/DoggyArmorRenderer.java:31: error: DoggyArmorRenderer is not abstract and does not override abstract method submit(PoseStack,SubmitNodeCollector,int,Dog,float,float) in RenderLayer
public class DoggyArmorRenderer extends RenderLayer<Dog, DogModel> {
       ^
/home/aptd/DoggyTalentsNext/src/main/java/doggytalents/client/entity/render/layer/accessory/DoggyArmorRenderer.java:52: error: method does not override or implement a method from a supertype
    @Override
    ^
/home/aptd/DoggyTalentsNext/src/main/java/doggytalents/client/entity/render/layer/accessory/DoggyArmorRenderer.java:166: error: cannot find symbol
        VertexConsumer ivertexbuilder = buffer.getBuffer(RenderType.armorCutoutNoCull(texLoc));
                                                                   ^
  symbol:   method armorCutoutNoCull(Identifier)
  location: class RenderType
/home/aptd/DoggyTalentsNext/src/main/java/doggytalents/client/entity/render/layer/accessory/DoggyArmorRenderer.java:171: error: cannot find symbol
        VertexConsumer ivertexbuilder = bufferIn.getBuffer(RenderType.armorCutoutNoCull(textureLocationIn));
                                                                     ^
  symbol:   method armorCutoutNoCull(Identifier)
  location: class RenderType
/home/aptd/DoggyTalentsNext/src/main/java/doggytalents/client/entity/render/layer/accessory/DoggyArmorRenderer.java:176: error: cannot find symbol
        model.renderToBuffer(stack, buffer.getBuffer(RenderType.armorEntityGlint()), light, OverlayTexture.NO_OVERLAY, 0xffffffff);
                                                               ^
  symbol:   method armorEntityGlint()
  location: class RenderType
/home/aptd/DoggyTalentsNext/src/main/java/doggytalents/client/entity/model/SyncedRenderFunctionWithHeadModel.java:32: error: cannot find symbol
        root.copyFrom(dogModel.root);
            ^
  symbol:   method copyFrom(ModelPart)
  location: variable root of type ModelPart
/home/aptd/DoggyTalentsNext/src/main/java/doggytalents/client/entity/model/SyncedRenderFunctionWithHeadModel.java:44: error: cannot find symbol
        part.ifPresent(p -> p.copyFrom(dogPart));
                             ^
  symbol:   method copyFrom(ModelPart)
  location: variable p of type ModelPart
/home/aptd/DoggyTalentsNext/src/main/java/doggytalents/client/entity/model/SyncedRenderFunctionWithHeadModel.java:65: error: renderToBuffer(PoseStack,VertexConsumer,int,int,int) in SyncedRenderFunctionWithHeadModel cannot override renderToBuffer(PoseStack,VertexConsumer,int,int,int) in Model
    public void renderToBuffer(PoseStack stack, VertexConsumer p_103014_, int p_103015_, int p_103016_, int unused) {
                ^
  overridden method is final
/home/aptd/DoggyTalentsNext/src/main/java/doggytalents/client/entity/model/SyncedRenderFunctionWithHeadModel.java:77: error: cannot find symbol
        return new DogModel.DogModelRenderContext(this.root, this.pivot, SyncedAccessoryModel.getDogModelBabyHead(head, young), Optional.empty(), Optional.of(additional_head_renderer));
                                                                                                                        ^
  symbol:   variable young
  location: class SyncedRenderFunctionWithHeadModel
/home/aptd/DoggyTalentsNext/src/main/java/doggytalents/client/entity/render/layer/accessory/IncapacitatedRenderer.java:32: error: type argument Dog is not within bounds of type-variable S
public class IncapacitatedRenderer extends RenderLayer<Dog, DogModel> {
                                                       ^
  where S is a type-variable:
    S extends EntityRenderState declared in class RenderLayer
/home/aptd/DoggyTalentsNext/src/main/java/doggytalents/client/entity/render/layer/accessory/IncapacitatedRenderer.java:32: error: IncapacitatedRenderer is not abstract and does not override abstract method submit(PoseStack,SubmitNodeCollector,int,Dog,float,float) in RenderLayer
public class IncapacitatedRenderer extends RenderLayer<Dog, DogModel> {
       ^
/home/aptd/DoggyTalentsNext/src/main/java/doggytalents/client/entity/render/layer/accessory/IncapacitatedRenderer.java:41: error: method does not override or implement a method from a supertype
    @Override
    ^
/home/aptd/DoggyTalentsNext/src/main/java/doggytalents/client/entity/render/layer/accessory/IncapacitatedRenderer.java:71: error: method renderTranslucentModel in class IncapacitatedRenderer cannot be applied to given types;
            renderTranslucentModel(dogModel, texture_rl, poseStack, buffer, packedLight, dog, 1.0F, 1.0F, 1.0F, alpha);
            ^
  required: EntityModel<T>,Identifier,PoseStack,MultiBufferSource,int,T,float,float,float,float
  found:    DogModel,Identifier,PoseStack,MultiBufferSource,int,Dog,float,float,float,float
  reason: inference variable T has incompatible bounds
    equality constraints: DogRenderState
    upper bounds: LivingEntity
  where T is a type-variable:
    T extends LivingEntity declared in method <T>renderTranslucentModel(EntityModel<T>,Identifier,PoseStack,MultiBufferSource,int,T,float,float,float,float)
/home/aptd/DoggyTalentsNext/src/main/java/doggytalents/client/entity/render/layer/accessory/IncapacitatedRenderer.java:88: error: method renderTranslucentModel in class IncapacitatedRenderer cannot be applied to given types;
        renderTranslucentModel(dogModel, bandaid_texture_rl, poseStack, buffer, packedLight, dog, 1.0F, 1.0F, 1.0F, 1);
        ^
  required: EntityModel<T>,Identifier,PoseStack,MultiBufferSource,int,T,float,float,float,float
  found:    DogModel,Identifier,PoseStack,MultiBufferSource,int,Dog,float,float,float,int
  reason: inference variable T has incompatible bounds
    equality constraints: DogRenderState
    upper bounds: LivingEntity
  where T is a type-variable:
    T extends LivingEntity declared in method <T>renderTranslucentModel(EntityModel<T>,Identifier,PoseStack,MultiBufferSource,int,T,float,float,float,float)
/home/aptd/DoggyTalentsNext/src/main/java/doggytalents/client/entity/render/layer/accessory/IncapacitatedRenderer.java:140: error: type argument T#1 is not within bounds of type-variable T#2
    public static <T extends LivingEntity> void renderTranslucentModel(EntityModel<T> p_117377_, Identifier p_117378_, PoseStack p_117379_, MultiBufferSource p_117380_, int p_117381_, T p_117382_, float p_117383_, float p_117384_, float p_117385_, float opascity) {
                                                                                   ^
  where T#1,T#2 are type-variables:
    T#1 extends LivingEntity declared in method <T#1>renderTranslucentModel(EntityModel<T#1>,Identifier,PoseStack,MultiBufferSource,int,T#1,float,float,float,float)
    T#2 extends EntityRenderState declared in class EntityModel
/home/aptd/DoggyTalentsNext/src/main/java/doggytalents/client/entity/render/layer/accessory/IncapacitatedRenderer.java:142: error: incompatible types: T cannot be converted to LivingEntityRenderState
        p_117377_.renderToBuffer(p_117379_, vertexconsumer, p_117381_, LivingEntityRenderer.getOverlayCoords(p_117382_, 0.0F), ARGB.colorFromFloat(opascity, p_117383_, p_117384_, p_117385_));
                                                                                                             ^
  where T is a type-variable:
    T extends LivingEntity declared in method <T>renderTranslucentModel(EntityModel<T>,Identifier,PoseStack,MultiBufferSource,int,T,float,float,float,float)
/home/aptd/DoggyTalentsNext/src/main/java/doggytalents/client/entity/render/layer/TorchDogRenderer.java:18: error: type argument Dog is not within bounds of type-variable S
public class TorchDogRenderer extends RenderLayer<Dog, DogModel>  {
                                                  ^
  where S is a type-variable:
    S extends EntityRenderState declared in class RenderLayer
/home/aptd/DoggyTalentsNext/src/main/java/doggytalents/client/entity/render/layer/TorchDogRenderer.java:18: error: TorchDogRenderer is not abstract and does not override abstract method submit(PoseStack,SubmitNodeCollector,int,Dog,float,float) in RenderLayer
public class TorchDogRenderer extends RenderLayer<Dog, DogModel>  {
       ^
/home/aptd/DoggyTalentsNext/src/main/java/doggytalents/client/entity/render/layer/TorchDogRenderer.java:27: error: method does not override or implement a method from a supertype
    @Override
    ^
/home/aptd/DoggyTalentsNext/src/main/java/doggytalents/client/entity/render/layer/TorchDogRenderer.java:51: error: method renderColoredCutoutModel in class RenderLayer<S#2,M> cannot be applied to given types;
        RenderLayer.renderColoredCutoutModel(this.model, res, poseStack, buffer, renderLight, dog, 0xffffffff);
                   ^
  required: Model<? super S#1>,Identifier,PoseStack,SubmitNodeCollector,int,S#1,int,int
  found:    TorchDogModel,Identifier,PoseStack,MultiBufferSource,int,Dog,int
  reason: cannot infer type-variable(s) S#1
    (actual and formal argument lists differ in length)
  where S#1,S#2,M are type-variables:
    S#1 extends LivingEntityRenderState declared in method <S#1>renderColoredCutoutModel(Model<? super S#1>,Identifier,PoseStack,SubmitNodeCollector,int,S#1,int,int)
    S#2 extends EntityRenderState declared in class RenderLayer
    M extends EntityModel<? super S#2> declared in class RenderLayer
/home/aptd/DoggyTalentsNext/src/main/java/doggytalents/client/entity/model/TorchDogModel.java:75: error: renderToBuffer(PoseStack,VertexConsumer,int,int,int) in TorchDogModel cannot override renderToBuffer(PoseStack,VertexConsumer,int,int,int) in Model
    public void renderToBuffer(PoseStack p_102034_, VertexConsumer p_102035_, int p_102036_, int p_102037_, int color_overlay) {
                ^
  overridden method is final
/home/aptd/DoggyTalentsNext/src/main/java/doggytalents/client/entity/render/layer/DogCustomGlowingOverlayRenderer.java:16: error: type argument Dog is not within bounds of type-variable S
public class DogCustomGlowingOverlayRenderer extends RenderLayer<Dog, DogModel> {
                                                                 ^
  where S is a type-variable:
    S extends EntityRenderState declared in class RenderLayer
/home/aptd/DoggyTalentsNext/src/main/java/doggytalents/client/entity/render/layer/DogCustomGlowingOverlayRenderer.java:16: error: DogCustomGlowingOverlayRenderer is not abstract and does not override abstract method submit(PoseStack,SubmitNodeCollector,int,Dog,float,float) in RenderLayer
public class DogCustomGlowingOverlayRenderer extends RenderLayer<Dog, DogModel> {
       ^
/home/aptd/DoggyTalentsNext/src/main/java/doggytalents/client/entity/render/layer/DogCustomGlowingOverlayRenderer.java:22: error: method does not override or implement a method from a supertype
    @Override
    ^
/home/aptd/DoggyTalentsNext/src/main/java/doggytalents/client/entity/render/layer/DogMouthItemRenderer.java:36: error: cannot find symbol
        this.itemInHandRenderer = ctx.getItemInHandRenderer();
                                     ^
  symbol:   method getItemInHandRenderer()
  location: variable ctx of type Context
/home/aptd/DoggyTalentsNext/src/main/java/doggytalents/client/entity/render/layer/DogMouthItemRenderer.java:93: error: method renderItem in class ItemInHandRenderer cannot be applied to given types;
        this.itemInHandRenderer.renderItem(dog, itemStack, ItemDisplayContext.GROUND, false, stack, bufferSource, packedLight);
                               ^
  required: LivingEntity,ItemStack,ItemDisplayContext,PoseStack,SubmitNodeCollector,int
  found:    Dog,ItemStack,ItemDisplayContext,boolean,PoseStack,MultiBufferSource,int
  reason: actual and formal argument lists differ in length
/home/aptd/DoggyTalentsNext/src/main/java/doggytalents/client/entity/render/layer/RescueDogRenderer.java:21: error: type argument Dog is not within bounds of type-variable S
public class RescueDogRenderer extends RenderLayer<Dog, DogModel> {
                                                   ^
  where S is a type-variable:
    S extends EntityRenderState declared in class RenderLayer
/home/aptd/DoggyTalentsNext/src/main/java/doggytalents/client/entity/render/layer/RescueDogRenderer.java:21: error: RescueDogRenderer is not abstract and does not override abstract method submit(PoseStack,SubmitNodeCollector,int,Dog,float,float) in RenderLayer
public class RescueDogRenderer extends RenderLayer<Dog, DogModel> {
       ^
/home/aptd/DoggyTalentsNext/src/main/java/doggytalents/client/entity/render/layer/RescueDogRenderer.java:30: error: method does not override or implement a method from a supertype
    @Override
    ^
/home/aptd/DoggyTalentsNext/src/main/java/doggytalents/client/entity/render/layer/RescueDogRenderer.java:58: error: method renderColoredCutoutModel in class RenderLayer<S#2,M> cannot be applied to given types;
            RenderLayer.renderColoredCutoutModel(this.model, Resources.TALENT_RESCUE, poseStack, buffer, packedLight, dog, 0xffffffff);
                       ^
  required: Model<? super S#1>,Identifier,PoseStack,SubmitNodeCollector,int,S#1,int,int
  found:    DogRescueModel,Identifier,PoseStack,MultiBufferSource,int,Dog,int
  reason: cannot infer type-variable(s) S#1
    (actual and formal argument lists differ in length)
  where S#1,S#2,M are type-variables:
    S#1 extends LivingEntityRenderState declared in method <S#1>renderColoredCutoutModel(Model<? super S#1>,Identifier,PoseStack,SubmitNodeCollector,int,S#1,int,int)
    S#2 extends EntityRenderState declared in class RenderLayer
    M extends EntityModel<? super S#2> declared in class RenderLayer
/home/aptd/DoggyTalentsNext/src/main/java/doggytalents/client/entity/render/layer/DogVariantRenderer.java:16: error: type argument Dog is not within bounds of type-variable S
public class DogVariantRenderer extends RenderLayer<Dog, DogModel> {
                                                    ^
  where S is a type-variable:
    S extends EntityRenderState declared in class RenderLayer
/home/aptd/DoggyTalentsNext/src/main/java/doggytalents/client/entity/render/layer/DogVariantRenderer.java:16: error: DogVariantRenderer is not abstract and does not override abstract method submit(PoseStack,SubmitNodeCollector,int,Dog,float,float) in RenderLayer
public class DogVariantRenderer extends RenderLayer<Dog, DogModel> {
       ^
/home/aptd/DoggyTalentsNext/src/main/java/doggytalents/client/entity/render/layer/DogVariantRenderer.java:22: error: method does not override or implement a method from a supertype
    @Override
    ^
/home/aptd/DoggyTalentsNext/src/main/java/doggytalents/client/entity/render/layer/FisherDogRenderer.java:22: error: type argument Dog is not within bounds of type-variable S
public class FisherDogRenderer extends RenderLayer<Dog, DogModel> {
                                                   ^
  where S is a type-variable:
    S extends EntityRenderState declared in class RenderLayer
/home/aptd/DoggyTalentsNext/src/main/java/doggytalents/client/entity/render/layer/FisherDogRenderer.java:22: error: FisherDogRenderer is not abstract and does not override abstract method submit(PoseStack,SubmitNodeCollector,int,Dog,float,float) in RenderLayer
public class FisherDogRenderer extends RenderLayer<Dog, DogModel> {
       ^
/home/aptd/DoggyTalentsNext/src/main/java/doggytalents/client/entity/render/layer/FisherDogRenderer.java:31: error: method does not override or implement a method from a supertype
    @Override
    ^
/home/aptd/DoggyTalentsNext/src/main/java/doggytalents/client/entity/render/layer/FisherDogRenderer.java:59: error: method renderColoredCutoutModel in class RenderLayer<S#2,M> cannot be applied to given types;
            RenderLayer.renderColoredCutoutModel(this.model, Resources.FISHER_HAT, poseStack, buffer, packedLight, dog, 0xffffffff);
                       ^
  required: Model<? super S#1>,Identifier,PoseStack,SubmitNodeCollector,int,S#1,int,int
  found:    FisherDogModel,Identifier,PoseStack,MultiBufferSource,int,Dog,int
  reason: cannot infer type-variable(s) S#1
    (actual and formal argument lists differ in length)
  where S#1,S#2,M are type-variables:
    S#1 extends LivingEntityRenderState declared in method <S#1>renderColoredCutoutModel(Model<? super S#1>,Identifier,PoseStack,SubmitNodeCollector,int,S#1,int,int)
    S#2 extends EntityRenderState declared in class RenderLayer
    M extends EntityModel<? super S#2> declared in class RenderLayer
/home/aptd/DoggyTalentsNext/src/main/java/doggytalents/client/entity/render/layer/PackPuppyRenderer.java:20: error: type argument Dog is not within bounds of type-variable S
public class PackPuppyRenderer extends RenderLayer<Dog, DogModel> {
                                                   ^
  where S is a type-variable:
    S extends EntityRenderState declared in class RenderLayer
/home/aptd/DoggyTalentsNext/src/main/java/doggytalents/client/entity/render/layer/PackPuppyRenderer.java:20: error: PackPuppyRenderer is not abstract and does not override abstract method submit(PoseStack,SubmitNodeCollector,int,Dog,float,float) in RenderLayer
public class PackPuppyRenderer extends RenderLayer<Dog, DogModel> {
       ^
/home/aptd/DoggyTalentsNext/src/main/java/doggytalents/client/entity/render/layer/PackPuppyRenderer.java:29: error: method does not override or implement a method from a supertype
    @Override
    ^
/home/aptd/DoggyTalentsNext/src/main/java/doggytalents/client/entity/render/layer/PackPuppyRenderer.java:53: error: method renderColoredCutoutModel in class RenderLayer<S#2,M> cannot be applied to given types;
            RenderLayer.renderColoredCutoutModel(this.model, Resources.TALENT_CHEST, poseStack, buffer, packedLight, dog, 0xffffffff);
                       ^
  required: Model<? super S#1>,Identifier,PoseStack,SubmitNodeCollector,int,S#1,int,int
  found:    DogBackpackModel,Identifier,PoseStack,MultiBufferSource,int,Dog,int
  reason: cannot infer type-variable(s) S#1
    (actual and formal argument lists differ in length)
  where S#1,S#2,M are type-variables:
    S#1 extends LivingEntityRenderState declared in method <S#1>renderColoredCutoutModel(Model<? super S#1>,Identifier,PoseStack,SubmitNodeCollector,int,S#1,int,int)
    S#2 extends EntityRenderState declared in class RenderLayer
    M extends EntityModel<? super S#2> declared in class RenderLayer
/home/aptd/DoggyTalentsNext/src/main/java/doggytalents/client/entity/render/DogGunpowderProjectileRenderer.java:47: error: method does not override or implement a method from a supertype
    @Override
    ^
/home/aptd/DoggyTalentsNext/src/main/java/doggytalents/client/entity/render/DogGunpowderProjectileRenderer.java:49: error: cannot find symbol
        return InventoryMenu.BLOCK_ATLAS;
                            ^
  symbol:   variable BLOCK_ATLAS
  location: class InventoryMenu
/home/aptd/DoggyTalentsNext/src/main/java/doggytalents/client/entity/render/DogGunpowderProjectileRenderer.java:55: error: cannot find symbol
        stack.mulPose(this.entityRenderDispatcher.cameraOrientation());
                                                 ^
  symbol:   method cameraOrientation()
  location: variable entityRenderDispatcher of type EntityRenderDispatcher
/home/aptd/DoggyTalentsNext/src/main/java/doggytalents/client/entity/render/DogFoodProjectileRenderer.java:51: error: method does not override or implement a method from a supertype
    @Override
    ^
/home/aptd/DoggyTalentsNext/src/main/java/doggytalents/client/entity/render/DogFoodProjectileRenderer.java:53: error: cannot find symbol
        return InventoryMenu.BLOCK_ATLAS;
                            ^
  symbol:   variable BLOCK_ATLAS
  location: class InventoryMenu
/home/aptd/DoggyTalentsNext/src/main/java/doggytalents/client/entity/render/DogFoodProjectileRenderer.java:59: error: cannot find symbol
        stack.mulPose(this.entityRenderDispatcher.cameraOrientation());
                                                 ^
  symbol:   method cameraOrientation()
  location: variable entityRenderDispatcher of type EntityRenderDispatcher
/home/aptd/DoggyTalentsNext/src/main/java/doggytalents/client/entity/model/animation/DTNModelLoader.java:23: error: DTNModelLoader is not abstract and does not override abstract method apply(Object,ResourceManager,ProfilerFiller) in SimplePreparableReloadListener
public class DTNModelLoader extends SimpleJsonResourceReloadListener {
       ^
/home/aptd/DoggyTalentsNext/src/main/java/doggytalents/client/entity/model/animation/DTNModelLoader.java:31: error: incompatible types: Gson cannot be converted to Codec
        super(new Gson(), createRegistryPath());
              ^
/home/aptd/DoggyTalentsNext/src/main/java/doggytalents/client/entity/model/animation/DTNModelLoader.java:39: error: method does not override or implement a method from a supertype
    @Override
    ^
/home/aptd/DoggyTalentsNext/src/main/java/doggytalents/client/entity/model/animation/DTNAnimationCodec.java:142: error: cannot find symbol
            var value = raw_keyframe.target();
                                    ^
  symbol:   method target()
  location: variable raw_keyframe of type Keyframe
/home/aptd/DoggyTalentsNext/src/main/java/doggytalents/client/entity/model/animation/DTNAnimationCodec.java:164: error: cannot find symbol
            var value = keyframe.target();
                                ^
  symbol:   method target()
  location: variable keyframe of type Keyframe
/home/aptd/DoggyTalentsNext/src/main/java/doggytalents/client/entity/model/animation/DTNAnimationCodec.java:218: error: invalid method reference
                    .forGetter(Keyframe::target),
                               ^
  cannot find symbol
    symbol:   method target()
    location: class Keyframe
/home/aptd/DoggyTalentsNext/src/main/java/doggytalents/client/entity/model/dog/CustomDogModel.java:92: error: cannot find symbol
            this.glowingEyes.copyFrom(this.head);
                            ^
  symbol:   method copyFrom(ModelPart)
  location: variable glowingEyes of type ModelPart
/home/aptd/DoggyTalentsNext/src/main/java/doggytalents/client/entity/model/dog/CustomDogModel.java:93: error: cannot find symbol
            this.realGlowingEyes.copyFrom(this.realHead);
                                ^
  symbol:   method copyFrom(ModelPart)
  location: variable realGlowingEyes of type ModelPart
/home/aptd/DoggyTalentsNext/src/main/java/doggytalents/client/entity/model/dog/CustomDogModel.java:109: error: renderToBuffer(PoseStack,VertexConsumer,int,int,int) in CustomDogModel cannot override renderToBuffer(PoseStack,VertexConsumer,int,int,int) in Model
    public void renderToBuffer(PoseStack stack, VertexConsumer vertex_consumer, int light, int overlay, int color_overlay) {    
                ^
  overridden method is final
/home/aptd/DoggyTalentsNext/src/main/java/doggytalents/client/entity/model/dog/GlowingEyeDogModel.java:39: error: cannot find symbol
        this.glowingEyes.copyFrom(this.head);
                        ^
  symbol:   method copyFrom(ModelPart)
  location: variable glowingEyes of type ModelPart
/home/aptd/DoggyTalentsNext/src/main/java/doggytalents/client/entity/model/dog/GlowingEyeDogModel.java:40: error: cannot find symbol
        this.realGlowingEyes.copyFrom(this.realHead);
                            ^
  symbol:   method copyFrom(ModelPart)
  location: variable realGlowingEyes of type ModelPart
/home/aptd/DoggyTalentsNext/src/main/java/doggytalents/client/entity/model/dog/GlowingEyeDogModel.java:44: error: renderToBuffer(PoseStack,VertexConsumer,int,int,int) in GlowingEyeDogModel cannot override renderToBuffer(PoseStack,VertexConsumer,int,int,int) in Model
    public void renderToBuffer(PoseStack stack, VertexConsumer vertex_consumer, int light, int overlay,
                ^
  overridden method is final
/home/aptd/DoggyTalentsNext/src/main/java/doggytalents/client/entity/model/dog/VariantDogModel.java:146: error: cannot find symbol
        this.realTail2.copyFrom(this.realTail);
                      ^
  symbol:   method copyFrom(ModelPart)
  location: variable realTail2 of type ModelPart
/home/aptd/DoggyTalentsNext/src/main/java/doggytalents/client/entity/model/dog/VariantDogModel.java:147: error: cannot find symbol
        this.realTail3.copyFrom(this.realTail);
                      ^
  symbol:   method copyFrom(ModelPart)
  location: variable realTail3 of type ModelPart
/home/aptd/DoggyTalentsNext/src/main/java/doggytalents/client/entity/versionfix/FixClientTeleportDesync_1_21.java:20: error: cannot find symbol
            .map(x -> x.getName())
                       ^
  symbol:   method getName()
  location: variable x of type WorldVersion
/home/aptd/DoggyTalentsNext/src/main/java/doggytalents/client/debug/DebugGraph.java:89: error: invalid method reference
        RenderSystem.setShader(GameRenderer::getPositionColorShader);
                               ^
  cannot find symbol
    symbol:   method getPositionColorShader()
    location: class GameRenderer
/home/aptd/DoggyTalentsNext/src/main/java/doggytalents/client/debug/SODTunningScreen.java:208: error: cannot find symbol
        this.sampleGraph.render(graphics, pticks);
                        ^
  symbol:   method render(GuiGraphicsExtractor,float)
  location: variable sampleGraph of type DebugGraph
/home/aptd/DoggyTalentsNext/src/main/java/doggytalents/client/debug/SODTunningScreen.java:211: error: method does not override or implement a method from a supertype
    @Override
    ^
/home/aptd/DoggyTalentsNext/src/main/java/doggytalents/client/debug/SODTunningScreen.java:217: error: method keyPressed in class Screen cannot be applied to given types;
        return super.keyPressed(keyCode, scanCode, modifier);
                    ^
  required: KeyEvent
  found:    int,int,int
  reason: actual and formal argument lists differ in length
/home/aptd/DoggyTalentsNext/src/main/java/doggytalents/client/debug/SODTunningScreen.java:220: error: method does not override or implement a method from a supertype
    @Override
    ^
/home/aptd/DoggyTalentsNext/src/main/java/doggytalents/client/debug/SODTunningScreen.java:226: error: method keyReleased in interface ContainerEventHandler cannot be applied to given types;
        return super.keyReleased(keyCode, scanCode, modifier);
                    ^
  required: KeyEvent
  found:    int,int,int
  reason: actual and formal argument lists differ in length
/home/aptd/DoggyTalentsNext/src/main/java/doggytalents/client/DoggyKeybinds.java:22: error: incompatible types: String cannot be converted to Category
            InputConstants.KEY_1, CATEGORIES_DT
                                  ^
/home/aptd/DoggyTalentsNext/src/main/java/doggytalents/client/DoggyKeybinds.java:30: error: incompatible types: String cannot be converted to Category
            InputConstants.KEY_2, CATEGORIES_DT
                                  ^
/home/aptd/DoggyTalentsNext/src/main/java/doggytalents/client/DoggyKeybinds.java:38: error: incompatible types: String cannot be converted to Category
            InputConstants.KEY_3, CATEGORIES_DT
                                  ^
/home/aptd/DoggyTalentsNext/src/main/java/doggytalents/client/DoggyKeybinds.java:46: error: incompatible types: String cannot be converted to Category
            InputConstants.KEY_4, CATEGORIES_DT
                                  ^
/home/aptd/DoggyTalentsNext/src/main/java/doggytalents/client/DTNClientPettingManager.java:147: error: cannot find symbol
        var pTicks = mc.getTimer().getGameTimeDeltaPartialTick(true);
                       ^
  symbol:   method getTimer()
  location: variable mc of type Minecraft
/home/aptd/DoggyTalentsNext/src/main/java/doggytalents/client/DTNClientPettingManager.java:176: error: incompatible types: int cannot be converted to MouseButtonEvent
        if (!mc.options.keyUse.matchesMouse(button))
                                            ^
/home/aptd/DoggyTalentsNext/src/main/java/doggytalents/client/DTNClientPettingManager.java:267: error: cannot find symbol
        if (!isPettingPlayer(event.getEntity()))
                                  ^
  symbol:   method getEntity()
  location: variable event of type Pre
/home/aptd/DoggyTalentsNext/src/main/java/doggytalents/client/DTNClientPettingManager.java:273: error: cannot find symbol
        model.leftArmPose = PettingArmPose.VALUE;
             ^
  symbol:   variable leftArmPose
  location: variable model of type EntityModel
/home/aptd/DoggyTalentsNext/src/main/java/doggytalents/client/DTNClientPettingManager.java:274: error: cannot find symbol
        model.rightArmPose = PettingArmPose.VALUE;
             ^
  symbol:   variable rightArmPose
  location: variable model of type EntityModel
/home/aptd/DoggyTalentsNext/src/main/java/doggytalents/client/DTNClientPettingManager.java:286: error: cannot find symbol
        var pTicks = mc.getTimer().getGameTimeDeltaPartialTick(true);
                       ^
  symbol:   method getTimer()
  location: variable mc of type Minecraft
/home/aptd/DoggyTalentsNext/src/main/java/doggytalents/client/DTNClientPettingManager.java:379: error: cannot find symbol
        input.forwardImpulse = 0;
             ^
  symbol:   variable forwardImpulse
  location: variable input of type ClientInput
/home/aptd/DoggyTalentsNext/src/main/java/doggytalents/client/DTNClientPettingManager.java:380: error: cannot find symbol
        input.leftImpulse = 0;
             ^
  symbol:   variable leftImpulse
  location: variable input of type ClientInput
/home/aptd/DoggyTalentsNext/src/main/java/doggytalents/client/DTNClientPettingManager.java:381: error: cannot find symbol
        input.up = false;
             ^
  symbol:   variable up
  location: variable input of type ClientInput
/home/aptd/DoggyTalentsNext/src/main/java/doggytalents/client/DTNClientPettingManager.java:382: error: cannot find symbol
        input.down = false;
             ^
  symbol:   variable down
  location: variable input of type ClientInput
/home/aptd/DoggyTalentsNext/src/main/java/doggytalents/client/DTNClientPettingManager.java:383: error: cannot find symbol
        input.left = false;
             ^
  symbol:   variable left
  location: variable input of type ClientInput
/home/aptd/DoggyTalentsNext/src/main/java/doggytalents/client/DTNClientPettingManager.java:384: error: cannot find symbol
        input.right = false;
             ^
  symbol:   variable right
  location: variable input of type ClientInput
/home/aptd/DoggyTalentsNext/src/main/java/doggytalents/client/ClientSetup.java:179: error: incompatible types: bad return type in method reference
        CollarRenderManager.registerLayer(DogVariantRenderer::new);
                                          ^
    DogVariantRenderer cannot be converted to RenderLayer<DogRenderState,DogModel>
/home/aptd/DoggyTalentsNext/src/main/java/doggytalents/client/ClientSetup.java:180: error: incompatible types: bad return type in method reference
        CollarRenderManager.registerLayer(DogCustomGlowingOverlayRenderer::new);
                                          ^
    DogCustomGlowingOverlayRenderer cannot be converted to RenderLayer<DogRenderState,DogModel>
/home/aptd/DoggyTalentsNext/src/main/java/doggytalents/client/ClientSetup.java:181: error: incompatible types: bad return type in method reference
        CollarRenderManager.registerLayer(DefaultAccessoryRenderer::new);
                                          ^
    DefaultAccessoryRenderer cannot be converted to RenderLayer<DogRenderState,DogModel>
/home/aptd/DoggyTalentsNext/src/main/java/doggytalents/client/ClientSetup.java:183: error: incompatible types: bad return type in method reference
        CollarRenderManager.registerLayer(IncapacitatedRenderer::new);
                                          ^
    IncapacitatedRenderer cannot be converted to RenderLayer<DogRenderState,DogModel>
/home/aptd/DoggyTalentsNext/src/main/java/doggytalents/client/ClientSetup.java:184: error: incompatible types: bad return type in method reference
        CollarRenderManager.registerLayer(DoggyArmorRenderer::new);
                                          ^
    DoggyArmorRenderer cannot be converted to RenderLayer<DogRenderState,DogModel>
/home/aptd/DoggyTalentsNext/src/main/java/doggytalents/client/ClientSetup.java:185: error: incompatible types: bad return type in method reference
        CollarRenderManager.registerLayer(PackPuppyRenderer::new);
                                          ^
    PackPuppyRenderer cannot be converted to RenderLayer<DogRenderState,DogModel>
/home/aptd/DoggyTalentsNext/src/main/java/doggytalents/client/ClientSetup.java:186: error: incompatible types: bad return type in method reference
        CollarRenderManager.registerLayer(RescueDogRenderer::new);
                                          ^
    RescueDogRenderer cannot be converted to RenderLayer<DogRenderState,DogModel>
/home/aptd/DoggyTalentsNext/src/main/java/doggytalents/client/ClientSetup.java:187: error: incompatible types: bad return type in method reference
        CollarRenderManager.registerLayer(AccessoryModelRenderer::new);
                                          ^
    AccessoryModelRenderer cannot be converted to RenderLayer<DogRenderState,DogModel>
/home/aptd/DoggyTalentsNext/src/main/java/doggytalents/client/ClientSetup.java:189: error: incompatible types: bad return type in method reference
        CollarRenderManager.registerLayer(TorchDogRenderer::new);
                                          ^
    TorchDogRenderer cannot be converted to RenderLayer<DogRenderState,DogModel>
/home/aptd/DoggyTalentsNext/src/main/java/doggytalents/client/ClientSetup.java:190: error: incompatible types: bad return type in method reference
        CollarRenderManager.registerLayer(FisherDogRenderer::new);
                                          ^
    FisherDogRenderer cannot be converted to RenderLayer<DogRenderState,DogModel>
/home/aptd/DoggyTalentsNext/src/main/java/doggytalents/client/PettingArmPoseParams.java:13: error: incompatible types: HumanoidRenderState cannot be converted to LivingEntity
                PettingArmPose.applyTransform(x, y, z);
                                                 ^
/home/aptd/DoggyTalentsNext/src/main/java/doggytalents/client/event/ClientEventHandler.java:138: error: cannot find symbol
        if (!event.getInput().jumping)
                             ^
  symbol:   variable jumping
  location: class ClientInput
/home/aptd/DoggyTalentsNext/src/main/java/doggytalents/client/event/ClientEventHandler.java:189: error: incompatible types: WhistleItem cannot be converted to ItemStack
        if (player.getCooldowns().isOnCooldown(whistle)) return;
                                               ^
/home/aptd/DoggyTalentsNext/src/main/java/doggytalents/client/event/ClientEventHandler.java:195: error: cannot find symbol
        if (hotkeyarr.length != 4) return;
                     ^
  symbol:   variable length
  location: variable hotkeyarr of type Optional<int[]>
/home/aptd/DoggyTalentsNext/src/main/java/doggytalents/client/event/ClientEventHandler.java:197: error: array required, but Optional<int[]> found
        int mode_id = hotkeyarr[hotkey_use];
                               ^
/home/aptd/DoggyTalentsNext/src/main/java/doggytalents/common/talent/FisherDogTalent.java:64: error: no suitable method found for spawnAtLocation(ItemStack)
        dogIn.spawnAtLocation(fishStack);
             ^
    method Entity.spawnAtLocation(ServerLevel,ItemLike) is not applicable
      (actual and formal argument lists differ in length)
    method Entity.spawnAtLocation(ServerLevel,ItemStack) is not applicable
      (actual and formal argument lists differ in length)
    method Entity.spawnAtLocation(ServerLevel,ItemStack,Vec3) is not applicable
      (actual and formal argument lists differ in length)
    method Entity.spawnAtLocation(ServerLevel,ItemStack,float) is not applicable
      (actual and formal argument lists differ in length)
/home/aptd/DoggyTalentsNext/src/main/java/doggytalents/common/talent/FisherDogTalent.java:114: error: cannot find symbol
        var recipeMan = dog.level().getRecipeManager();
                                   ^
  symbol:   method getRecipeManager()
  location: class Level
/home/aptd/DoggyTalentsNext/src/main/java/doggytalents/common/talent/MobRetrieverTalent.java:99: error: cannot find symbol
        if (target.getType().is(DoggyTags.MOB_RETRIEVER_MUST_IGNORE))
                            ^
  symbol:   method is(TagKey<EntityType<?>>)
  location: class EntityType<CAP#1>
  where CAP#1 is a fresh type-variable:
    CAP#1 extends Entity from capture of ?
/home/aptd/DoggyTalentsNext/src/main/java/doggytalents/common/talent/MobRetrieverTalent.java:102: error: cannot find symbol
            && otherDog.getOwnerUUID() != null
                       ^
  symbol:   method getOwnerUUID()
  location: variable otherDog of type TamableAnimal
/home/aptd/DoggyTalentsNext/src/main/java/doggytalents/common/talent/MobRetrieverTalent.java:103: error: cannot find symbol
            && ObjectUtils.notEqual(otherDog.getOwnerUUID(), dog.getOwnerUUID()))
                                            ^
  symbol:   method getOwnerUUID()
  location: variable otherDog of type TamableAnimal
/home/aptd/DoggyTalentsNext/src/main/java/doggytalents/common/talent/MobRetrieverTalent.java:130: error: cannot find symbol
        if (target.getType().is(DoggyTags.MOB_RETRIEVER_MUST_IGNORE))
                            ^
  symbol:   method is(TagKey<EntityType<?>>)
  location: class EntityType<CAP#1>
  where CAP#1 is a fresh type-variable:
    CAP#1 extends Entity from capture of ?
/home/aptd/DoggyTalentsNext/src/main/java/doggytalents/common/talent/MobRetrieverTalent.java:134: error: cannot find symbol
            && ObjectUtils.notEqual(otherDog.getOwnerUUID(), dog.getOwnerUUID()))
                                            ^
  symbol:   method getOwnerUUID()
  location: variable otherDog of type TamableAnimal
/home/aptd/DoggyTalentsNext/src/main/java/doggytalents/common/talent/PackPuppyTalent.java:227: error: cannot find symbol
        if (dogIn.level().getGameRules().getBoolean(GameRules.RULE_KEEPINVENTORY))
                                                             ^
  symbol:   variable RULE_KEEPINVENTORY
  location: class GameRules
/home/aptd/DoggyTalentsNext/src/main/java/doggytalents/common/talent/PackPuppyTalent.java:227: error: cannot find symbol
        if (dogIn.level().getGameRules().getBoolean(GameRules.RULE_KEEPINVENTORY))
                         ^
  symbol:   method getGameRules()
  location: class Level
/home/aptd/DoggyTalentsNext/src/main/java/doggytalents/common/inventory/PackPuppyItemHandler.java:11: warning: [removal] ItemStackHandler in net.neoforged.neoforge.items has been deprecated and marked for removal
public class PackPuppyItemHandler extends ItemStackHandler {
                                          ^
/home/aptd/DoggyTalentsNext/src/main/java/doggytalents/common/inventory/PackPuppyItemHandler.java:20: error: method does not override or implement a method from a supertype
    @Override
    ^
/home/aptd/DoggyTalentsNext/src/main/java/doggytalents/common/inventory/PackPuppyItemHandler.java:29: error: cannot find symbol
              itemsList.add(stack.save(prov, itemTag));
                                 ^
  symbol:   method save(Provider,CompoundTag)
  location: variable stack of type ItemStack
/home/aptd/DoggyTalentsNext/src/main/java/doggytalents/common/inventory/PackPuppyItemHandler.java:39: error: method does not override or implement a method from a supertype
    @Override
    ^
/home/aptd/DoggyTalentsNext/src/main/java/doggytalents/common/inventory/PackPuppyItemHandler.java:49: error: cannot find symbol
                        ItemStack.parse(prov, itemTag).ifPresent(stack -> stacks.set(slot, stack));
                                 ^
  symbol:   method parse(Provider,CompoundTag)
  location: class ItemStack
/home/aptd/DoggyTalentsNext/src/main/java/doggytalents/common/inventory/PackPuppyItemHandler.java:63: error: cannot find symbol
                    ItemStack.parse(prov, itemTag).ifPresent(stack -> stacks.set(slot, stack));
                             ^
  symbol:   method parse(Provider,CompoundTag)
  location: class ItemStack
/home/aptd/DoggyTalentsNext/src/main/java/doggytalents/common/talent/SnifferDogTalent.java:213: error: no suitable method found for spawnAtLocation(ItemStack)
        dog.spawnAtLocation(retItem);
           ^
    method Entity.spawnAtLocation(ServerLevel,ItemLike) is not applicable
      (actual and formal argument lists differ in length)
    method Entity.spawnAtLocation(ServerLevel,ItemStack) is not applicable
      (actual and formal argument lists differ in length)
    method Entity.spawnAtLocation(ServerLevel,ItemStack,Vec3) is not applicable
      (actual and formal argument lists differ in length)
    method Entity.spawnAtLocation(ServerLevel,ItemStack,float) is not applicable
      (actual and formal argument lists differ in length)
/home/aptd/DoggyTalentsNext/src/main/java/doggytalents/common/talent/SnifferDogTalent.java:408: error: cannot find symbol
            owner.sendSystemMessage(c1);
                 ^
  symbol:   method sendSystemMessage(MutableComponent)
  location: variable owner of type LivingEntity
/home/aptd/DoggyTalentsNext/src/main/java/doggytalents/common/talent/GuardDogTalent.java:60: error: incompatible types: Reference<SoundEvent> cannot be converted to SoundEvent
                    dogIn.playSound(SoundEvents.ITEM_BREAK, dogIn.getSoundVolume() / 2, (dogIn.getRandom().nextFloat() - dogIn.getRandom().nextFloat()) * 0.2F + 1.0F);
                                               ^
/home/aptd/DoggyTalentsNext/src/main/java/doggytalents/common/talent/WolfMountTalent.java:97: error: cannot find symbol
                control.sendSystemMessage(Component.translatable("talent.doggytalents.wolf_mount.exhausted", dog.getName()));
                       ^
  symbol:   method sendSystemMessage(MutableComponent)
  location: variable control of type LivingEntity
/home/aptd/DoggyTalentsNext/src/main/java/doggytalents/common/talent/ShepherdDogTalent.java:242: error: cannot find symbol
                this.dog.playSound(SoundEvents.WOLF_AMBIENT, this.dog.getSoundVolume() + 1.0F, (this.dog.getRandom().nextFloat() - this.dog.getRandom().nextFloat()) * 0.1F + 0.9F);
                                              ^
  symbol:   variable WOLF_AMBIENT
  location: class SoundEvents
/home/aptd/DoggyTalentsNext/src/main/java/doggytalents/common/talent/OokamiKazeTalent.java:201: error: cannot find symbol
                dog.dogSoundManager.playInterruptible(SoundEvents.WOLF_HOWL, 1, dog.getVoicePitch());
                                                                 ^
  symbol:   variable WOLF_HOWL
  location: class SoundEvents
/home/aptd/DoggyTalentsNext/src/main/java/doggytalents/common/talent/OokamiKazeTalent.java:203: error: cannot find symbol
                this.dog.playSound(SoundEvents.WOLF_GROWL, 0.3F, dog.getVoicePitch());
                                              ^
  symbol:   variable WOLF_GROWL
  location: class SoundEvents
/home/aptd/DoggyTalentsNext/src/main/java/doggytalents/common/talent/OokamiKazeTalent.java:348: error: cannot find symbol
            var seen_percent = Explosion.getSeenPercent(dog_pos, e);
                                        ^
  symbol:   method getSeenPercent(Vec3,Entity)
  location: interface Explosion
/home/aptd/DoggyTalentsNext/src/main/java/doggytalents/common/talent/OokamiKazeTalent.java:419: error: random has protected access in Level
                (1.0F + (level.random.nextFloat() - level.random.nextFloat()) * 0.2F) * 0.7F, false);
                              ^
/home/aptd/DoggyTalentsNext/src/main/java/doggytalents/common/talent/OokamiKazeTalent.java:419: error: random has protected access in Level
                (1.0F + (level.random.nextFloat() - level.random.nextFloat()) * 0.2F) * 0.7F, false);
                                                         ^
/home/aptd/DoggyTalentsNext/src/main/java/doggytalents/common/talent/BedDogTalent.java:88: error: no suitable method found for addCooldown(WhistleItem,int)
            player.getCooldowns().addCooldown(DoggyItems.WHISTLE.get(), 10);
                                 ^
    method ItemCooldowns.addCooldown(ItemStack,int) is not applicable
      (argument mismatch; WhistleItem cannot be converted to ItemStack)
    method ItemCooldowns.addCooldown(Identifier,int) is not applicable
      (argument mismatch; WhistleItem cannot be converted to Identifier)
/home/aptd/DoggyTalentsNext/src/main/java/doggytalents/common/talent/RoaringGaleTalent.java:106: error: cannot find symbol
                dog.playSound(SoundEvents.WOLF_GROWL, 0.7F, 1.0F);
                                         ^
  symbol:   variable WOLF_GROWL
  location: class SoundEvents
/home/aptd/DoggyTalentsNext/src/main/java/doggytalents/common/talent/RoaringGaleTalent.java:110: error: cannot find symbol
                dog.playSound(SoundEvents.WOLF_AMBIENT, 1F, 1.2F);
                                         ^
  symbol:   variable WOLF_AMBIENT
  location: class SoundEvents
/home/aptd/DoggyTalentsNext/src/main/java/doggytalents/common/talent/doggy_tools/DogBridging.java:114: error: cannot find symbol
        var storage = DogLocationStorage.get(player.getServer());
                                                   ^
  symbol:   method getServer()
  location: variable player of type Player
/home/aptd/DoggyTalentsNext/src/main/java/doggytalents/common/talent/doggy_tools/DogBridging.java:120: error: cannot find symbol
        var storage = DogLocationStorage.get(player.getServer());
                                                   ^
  symbol:   method getServer()
  location: variable player of type LivingEntity
/home/aptd/DoggyTalentsNext/src/main/java/doggytalents/common/talent/doggy_tools/DogBridging.java:130: error: cannot find symbol
        var storage = DogLocationStorage.get(player.getServer());
                                                   ^
  symbol:   method getServer()
  location: variable player of type LivingEntity
/home/aptd/DoggyTalentsNext/src/main/java/doggytalents/common/talent/doggy_tools/DogBridging.java:150: error: no suitable method found for addCooldown(WhistleItem,int)
            owner.getCooldowns().addCooldown(item, 20);
                                ^
    method ItemCooldowns.addCooldown(ItemStack,int) is not applicable
      (argument mismatch; WhistleItem cannot be converted to ItemStack)
    method ItemCooldowns.addCooldown(Identifier,int) is not applicable
      (argument mismatch; WhistleItem cannot be converted to Identifier)
/home/aptd/DoggyTalentsNext/src/main/java/doggytalents/common/talent/doggy_tools/DogBridging.java:168: error: no suitable method found for addCooldown(WhistleItem,int)
        owner.getCooldowns().addCooldown(item, 20);
                            ^
    method ItemCooldowns.addCooldown(ItemStack,int) is not applicable
      (argument mismatch; WhistleItem cannot be converted to ItemStack)
    method ItemCooldowns.addCooldown(Identifier,int) is not applicable
      (argument mismatch; WhistleItem cannot be converted to Identifier)
/home/aptd/DoggyTalentsNext/src/main/java/doggytalents/common/talent/doggy_tools/ShootHandler.java:117: warning: [removal] ItemStackHandler in net.neoforged.neoforge.items has been deprecated and marked for removal
            ItemStackHandler inv = null;
            ^
/home/aptd/DoggyTalentsNext/src/main/java/doggytalents/common/talent/doggy_tools/ShootHandler.java:297: warning: [removal] ItemStackHandler in net.neoforged.neoforge.items has been deprecated and marked for removal
            ItemStack crossbow_stack, Pair<ItemStackHandler, Integer> arrow_getter, UsingWeaponContext ctx) {
                                           ^
/home/aptd/DoggyTalentsNext/src/main/java/doggytalents/common/talent/doggy_tools/ShootHandler.java:321: warning: [removal] ItemStackHandler in net.neoforged.neoforge.items has been deprecated and marked for removal
        private void chargeCrossbowAndConsumeArrow(AbstractDog dog, ItemStack crossbow_stack, Pair<ItemStackHandler, Integer> arrow_getter) {
                                                                                                   ^
/home/aptd/DoggyTalentsNext/src/main/java/doggytalents/common/talent/doggy_tools/ShootHandler.java:322: warning: [removal] ItemStackHandler in net.neoforged.neoforge.items has been deprecated and marked for removal
            ItemStackHandler inv = null;
            ^
/home/aptd/DoggyTalentsNext/src/main/java/doggytalents/common/talent/doggy_tools/ShootHandler.java:344: error: incompatible types: ArrayList<ItemStack> cannot be converted to ItemStackTemplate
            crossbow_stack.set(DataComponents.CHARGED_PROJECTILES, ChargedProjectiles.of(item_list));
                                                                                         ^
/home/aptd/DoggyTalentsNext/src/main/java/doggytalents/common/talent/doggy_tools/DoggyToolsRangedAttack.java:133: warning: [removal] ItemStackHandler in net.neoforged.neoforge.items has been deprecated and marked for removal
    public static Optional<Pair<ItemStackHandler, Integer>> findArrowsInInventory(AbstractDog dog) {
                                ^
/home/aptd/DoggyTalentsNext/src/main/java/doggytalents/common/talent/doggy_tools/DoggyToolsRangedAttack.java:140: warning: [removal] ItemStackHandler in net.neoforged.neoforge.items has been deprecated and marked for removal
        ItemStackHandler inv = tools.getTools();
        ^
/home/aptd/DoggyTalentsNext/src/main/java/doggytalents/common/talent/doggy_tools/DoggyToolsRangedAttack.java:158: warning: [removal] ItemStackHandler in net.neoforged.neoforge.items has been deprecated and marked for removal
    private static int findArrowStackInInventory(ItemStackHandler inv) {
                                                 ^
/home/aptd/DoggyTalentsNext/src/main/java/doggytalents/common/talent/DoggyArmorTalent.java:66: error: cannot find symbol
        compound.merge(dogIn.dogArmors().serializeNBT(dogIn.registryAccess()));
                                        ^
  symbol:   method serializeNBT(RegistryAccess)
  location: class DogArmorItemHandler
/home/aptd/DoggyTalentsNext/src/main/java/doggytalents/common/talent/DoggyArmorTalent.java:75: error: cannot find symbol
            dogIn.dogArmors().deserializeNBT(dogIn.registryAccess(), compound);
                             ^
  symbol:   method deserializeNBT(RegistryAccess,CompoundTag)
  location: class DogArmorItemHandler
/home/aptd/DoggyTalentsNext/src/main/java/doggytalents/common/talent/DoggyArmorTalent.java:94: error: cannot find symbol
                dogIn.dogArmors().deserializeNBT(dogIn.registryAccess(), compound);
                                 ^
  symbol:   method deserializeNBT(RegistryAccess,CompoundTag)
  location: class DogArmorItemHandler
/home/aptd/DoggyTalentsNext/src/main/java/doggytalents/common/talent/ChemiCanineTalent.java:88: error: cannot find symbol
                var effectInst = MobEffectInstance.load(effectTag);
                                                  ^
  symbol:   method load(CompoundTag)
  location: class MobEffectInstance
/home/aptd/DoggyTalentsNext/src/main/java/doggytalents/common/talent/ChemiCanineTalent.java:104: error: cannot find symbol
            effectTags.add(effect.save());
                                 ^
  symbol:   method save()
  location: variable effect of type MobEffectInstance
/home/aptd/DoggyTalentsNext/src/main/java/doggytalents/common/storage/DogRespawnData.java:107: error: incompatible types: CompoundTag cannot be converted to ValueOutput
        dog.saveWithoutId(target);
                          ^
/home/aptd/DoggyTalentsNext/src/main/java/doggytalents/common/storage/DogRespawnData.java:131: error: cannot find symbol
            target.putUUID(STORAGE_OWNER_TAG, owner_uuid);
                  ^
  symbol:   method putUUID(String,UUID)
  location: variable target of type CompoundTag
/home/aptd/DoggyTalentsNext/src/main/java/doggytalents/common/storage/DogRespawnData.java:135: error: cannot find symbol
            target.putString(STORAGE_NAME_TAG, Component.Serializer.toJson(custom_name, dog.registryAccess()));
                                                        ^
  symbol:   variable Serializer
  location: interface Component
/home/aptd/DoggyTalentsNext/src/main/java/doggytalents/common/storage/DogRespawnData.java:147: error: incompatible types: CompoundTag cannot be converted to ValueOutput
            dog.addNonDTNAdditionalData(nonDTNTags);
                                        ^
/home/aptd/DoggyTalentsNext/src/main/java/doggytalents/common/storage/DogRespawnData.java:163: error: incompatible types: Optional<Integer> cannot be converted to int
            dog.setAge(tag.getInt(STORAGE_AGE_TAG));
                                 ^
/home/aptd/DoggyTalentsNext/src/main/java/doggytalents/common/storage/DogRespawnData.java:166: error: cannot find symbol
        if (tag.hasUUID(STORAGE_OWNER_TAG)) {
               ^
  symbol:   method hasUUID(String)
  location: variable tag of type CompoundTag
/home/aptd/DoggyTalentsNext/src/main/java/doggytalents/common/storage/DogRespawnData.java:169: error: cannot find symbol
                correct_owner_uuid = tag.getUUID(STORAGE_OWNER_TAG);
                                        ^
  symbol:   method getUUID(String)
  location: variable tag of type CompoundTag
/home/aptd/DoggyTalentsNext/src/main/java/doggytalents/common/storage/DogRespawnData.java:180: error: cannot find symbol
                dog.setDogCustomName(Component.Serializer.fromJson(name_c1_str, dog.registryAccess()));
                                              ^
  symbol:   variable Serializer
  location: interface Component
/home/aptd/DoggyTalentsNext/src/main/java/doggytalents/common/storage/DogRespawnData.java:191: error: no suitable method found for create(ServerLevel)
        Dog dog = DoggyEntityTypes.DOG.get().create(worldIn);
                                            ^
    method EntityType.create(ServerLevel,@org.jspecify.annotations.Nullable Consumer<Dog>,BlockPos,EntitySpawnReason,boolean,boolean) is not applicable
      (actual and formal argument lists differ in length)
    method EntityType.create(Level,EntitySpawnReason) is not applicable
      (actual and formal argument lists differ in length)
    method EntityType.create(ValueInput,Level,EntitySpawnReason) is not applicable
      (actual and formal argument lists differ in length)
    method EntityType.create(EntityType<?>,ValueInput,Level,EntitySpawnReason) is not applicable
      (actual and formal argument lists differ in length)
/home/aptd/DoggyTalentsNext/src/main/java/doggytalents/common/storage/DogRespawnData.java:198: error: cannot find symbol
        dog.moveTo(Vec3.atBottomCenterOf(pos));
           ^
  symbol:   method moveTo(Vec3)
  location: variable dog of type Dog
/home/aptd/DoggyTalentsNext/src/main/java/doggytalents/common/storage/DogRespawnData.java:200: error: incompatible types: CompoundTag cannot be converted to ValueOutput
        CompoundTag compoundnbt = dog.saveWithoutId(new CompoundTag());
                                                    ^
/home/aptd/DoggyTalentsNext/src/main/java/doggytalents/common/storage/DogRespawnData.java:203: error: incompatible types: CompoundTag cannot be converted to ValueInput
        dog.load(compoundnbt);
                 ^
/home/aptd/DoggyTalentsNext/src/main/java/doggytalents/common/storage/DogRespawnData.java:244: error: cannot find symbol
        if (compound.hasUUID("owner_uuid")) {
                    ^
  symbol:   method hasUUID(String)
  location: variable compound of type CompoundTag
/home/aptd/DoggyTalentsNext/src/main/java/doggytalents/common/storage/DogRespawnData.java:245: error: cannot find symbol
            this.ownerUUID = compound.getUUID("owner_uuid");
                                     ^
  symbol:   method getUUID(String)
  location: variable compound of type CompoundTag
/home/aptd/DoggyTalentsNext/src/main/java/doggytalents/common/storage/DogRespawnData.java:256: error: cannot find symbol
            compound.putUUID("owner_uuid", this.ownerUUID);
                    ^
  symbol:   method putUUID(String,UUID)
  location: variable compound of type CompoundTag
/home/aptd/DoggyTalentsNext/src/main/java/doggytalents/common/data/DTNDatapackProvider.java:29: error: cannot find symbol
        var pack_gen = gen.getBuiltinDatapack(event.includeServer(), 
                                                   ^
  symbol:   method includeServer()
  location: variable event of type GatherDataEvent
/home/aptd/DoggyTalentsNext/src/main/java/doggytalents/common/data/DTNDatapackProvider.java:37: error: no suitable method found for shaped(RecipeCategory,Item,int)
                ShapedRecipeBuilder.shaped(RecipeCategory.TOOLS, DoggyItems.CONDUCTING_BONE.get(), 1)
                                   ^
    method ShapedRecipeBuilder.shaped(HolderGetter<Item>,RecipeCategory,ItemLike) is not applicable
      (argument mismatch; RecipeCategory cannot be converted to HolderGetter<Item>)
    method ShapedRecipeBuilder.shaped(HolderGetter<Item>,RecipeCategory,ItemStackTemplate) is not applicable
      (argument mismatch; RecipeCategory cannot be converted to HolderGetter<Item>)
/home/aptd/DoggyTalentsNext/src/main/java/doggytalents/common/data/DTNDatapackProvider.java:51: error: PackRecipeProvider is not abstract and does not override abstract method buildRecipes() in RecipeProvider
    public static class PackRecipeProvider extends RecipeProvider {
                  ^
/home/aptd/DoggyTalentsNext/src/main/java/doggytalents/common/data/DTNDatapackProvider.java:57: error: incompatible types: PackOutput cannot be converted to Provider
            super(output, prov);
                  ^
/home/aptd/DoggyTalentsNext/src/main/java/doggytalents/common/data/DTNDatapackProvider.java:66: error: method does not override or implement a method from a supertype
        @Override
        ^
/home/aptd/DoggyTalentsNext/src/main/java/doggytalents/common/data/DTNDatapackProvider.java:72: error: no suitable method found for has(ItemLike)
                    return RecipeProvider.has(item);
                                         ^
    method RecipeProvider.has(ItemLike) is not applicable
      (has(ItemLike) has protected access in RecipeProvider)
    method RecipeProvider.has(TagKey<Item>) is not applicable
      (argument mismatch; ItemLike cannot be converted to TagKey<Item>)
/home/aptd/DoggyTalentsNext/src/main/java/doggytalents/common/data/DTNPackMetadataProvider.java:20: error: cannot find symbol
            .add(PackMetadataSection.TYPE, new PackMetadataSection(
                                    ^
  symbol:   variable TYPE
  location: class PackMetadataSection
/home/aptd/DoggyTalentsNext/src/main/java/doggytalents/common/data/DTNPackMetadataProvider.java:22: error: cannot find symbol
                    DetectedVersion.BUILT_IN.getPackVersion(PackType.SERVER_DATA),
                                            ^
  symbol:   method getPackVersion(PackType)
  location: variable BUILT_IN of type WorldVersion
/home/aptd/DoggyTalentsNext/src/main/java/doggytalents/common/data/DTItemTagsProvider.java:39: error: cannot find symbol
        tag(ItemTags.DYEABLE).add(
                    ^
  symbol:   variable DYEABLE
  location: class ItemTags
/home/aptd/DoggyTalentsNext/src/main/java/doggytalents/common/data/DisplayInfoBuilder.java:100: error: incompatible types: ItemStack cannot be converted to ItemStackTemplate
        return new DisplayInfo(icon, title, description, Optional.ofNullable(background), frame, showToast, announceToChat, hidden);
                               ^
/home/aptd/DoggyTalentsNext/src/main/java/doggytalents/common/data/DTLootTableProvider.java:69: error: method does not override or implement a method from a supertype
    @Override
    ^
/home/aptd/DoggyTalentsNext/src/main/java/doggytalents/common/data/DTLootTableProvider.java:87: error: cannot find symbol
                                         CopyCustomDataFunction.copyData(ContextNbtProvider.BLOCK_ENTITY)
                                                                                           ^
  symbol:   variable BLOCK_ENTITY
  location: class ContextNbtProvider
/home/aptd/DoggyTalentsNext/src/main/java/doggytalents/common/data/DTAdvancementProvider.java:58: error: incompatible types: Item cannot be converted to HolderGetter<Item>
                                    .of(DoggyItems.DOGGY_CHARM.get())
                                                                  ^
/home/aptd/DoggyTalentsNext/src/main/java/doggytalents/common/data/DTAdvancementProvider.java:78: error: incompatible types: Item cannot be converted to HolderGetter<Item>
                                    .of(DoggyItems.TRAINING_TREAT.get()),
                                                                     ^
/home/aptd/DoggyTalentsNext/src/main/java/doggytalents/common/data/DTAdvancementProvider.java:81: error: no suitable method found for of(EntityType<Wolf>)
                                        .of(EntityType.WOLF)
                                        ^
    method Builder.of(HolderGetter<EntityType<?>>,EntityType<?>) is not applicable
      (actual and formal argument lists differ in length)
    method Builder.of(HolderGetter<EntityType<?>>,TagKey<EntityType<?>>) is not applicable
      (actual and formal argument lists differ in length)
/home/aptd/DoggyTalentsNext/src/main/java/doggytalents/common/data/DTLootModifierProvider.java:63: error: cannot find symbol
            LootTableIdCondition.builder(Blocks.SHORT_GRASS.getLootTable().location())
                                                                          ^
  symbol:   method location()
  location: class Optional<ResourceKey<LootTable>>
/home/aptd/DoggyTalentsNext/src/main/java/doggytalents/common/data/DTLootModifierProvider.java:66: error: incompatible types: Item cannot be converted to HolderGetter<Item>
            MatchTool.toolMatches(ItemPredicate.Builder.item().of(Items.SHEARS))
                                                                       ^
/home/aptd/DoggyTalentsNext/src/main/java/doggytalents/common/data/DTLootModifierProvider.java:85: error: no suitable method found for of(EntityType<Dog>)
                    EntityPredicate.Builder.entity().of(
                                                    ^
    method Builder.of(HolderGetter<EntityType<?>>,EntityType<?>) is not applicable
      (actual and formal argument lists differ in length)
    method Builder.of(HolderGetter<EntityType<?>>,TagKey<EntityType<?>>) is not applicable
      (actual and formal argument lists differ in length)
/home/aptd/DoggyTalentsNext/src/main/java/doggytalents/common/data/DTLootModifierProvider.java:93: error: no suitable method found for of(TagKey<EntityType<?>>)
                    EntityPredicate.Builder.entity().of(DoggyTags.DROP_SOY_WHEN_DOG_KILL)
                                                    ^
    method Builder.of(HolderGetter<EntityType<?>>,EntityType<?>) is not applicable
      (actual and formal argument lists differ in length)
    method Builder.of(HolderGetter<EntityType<?>>,TagKey<EntityType<?>>) is not applicable
      (actual and formal argument lists differ in length)
/home/aptd/DoggyTalentsNext/src/main/java/doggytalents/common/data/neoforge_data/DTNNeoForgeDataEntry.java:11: error: cannot find symbol
        if (event.includeServer()) {
                 ^
  symbol:   method includeServer()
  location: variable event of type GatherDataEvent
/home/aptd/DoggyTalentsNext/src/main/java/doggytalents/common/data/neoforge_data/DTNNeoForgeComposterProvider.java:13: error: DTNNeoForgeComposterProvider is not abstract and does not override abstract method gather(Provider) in DataMapProvider
public class DTNNeoForgeComposterProvider extends DataMapProvider {
       ^
/home/aptd/DoggyTalentsNext/src/main/java/doggytalents/common/data/neoforge_data/DTNNeoForgeComposterProvider.java:19: error: method does not override or implement a method from a supertype
    @Override
    ^
/home/aptd/DoggyTalentsNext/src/main/java/doggytalents/common/entity/accessory/BunnyEars.java:50: error: no suitable method found for spawnAtLocation(ItemStack,float)
            dog.spawnAtLocation(new ItemStack(item), 0.0F);
               ^
    method Entity.spawnAtLocation(ServerLevel,ItemLike) is not applicable
      (argument mismatch; ItemStack cannot be converted to ServerLevel)
    method Entity.spawnAtLocation(ServerLevel,ItemStack) is not applicable
      (argument mismatch; ItemStack cannot be converted to ServerLevel)
/home/aptd/DoggyTalentsNext/src/main/java/doggytalents/common/entity/accessory/FieryReflector.java:188: error: cannot find symbol
                this.cooking.put(e, recipe.getCookingTime());
                                          ^
  symbol:   method getCookingTime()
  location: variable recipe of type SmeltingRecipe
/home/aptd/DoggyTalentsNext/src/main/java/doggytalents/common/entity/accessory/FieryReflector.java:270: error: cannot find symbol
                .getResultItem(dog.level().registryAccess()).copy();
                ^
  symbol:   method getResultItem(RegistryAccess)
  location: variable recipe of type SmeltingRecipe
/home/aptd/DoggyTalentsNext/src/main/java/doggytalents/common/entity/accessory/FieryReflector.java:296: error: cannot find symbol
                dog.level().getRecipeManager().getRecipeFor(RecipeType.SMELTING, 
                           ^
  symbol:   method getRecipeManager()
  location: class Level
/home/aptd/DoggyTalentsNext/src/main/java/doggytalents/common/entity/accessory/Propellar.java:45: error: method does not override or implement a method from a supertype
        @Override
        ^
/home/aptd/DoggyTalentsNext/src/main/java/doggytalents/common/entity/accessory/Propellar.java:48: error: method getDescriptionId in class Item cannot be applied to given types;
            var desc_id = this.getDescriptionId(stack) + ".description";
                              ^
  required: no arguments
  found:    ItemStack
  reason: actual and formal argument lists differ in length
/home/aptd/DoggyTalentsNext/src/main/java/doggytalents/common/entity/accessory/YetiGoose.java:44: error: method does not override or implement a method from a supertype
        @Override
        ^
/home/aptd/DoggyTalentsNext/src/main/java/doggytalents/common/entity/accessory/YetiGoose.java:47: error: method getDescriptionId in class Item cannot be applied to given types;
            var desc_id = this.getDescriptionId(stack) + ".description";
                              ^
  required: no arguments
  found:    ItemStack
  reason: actual and formal argument lists differ in length
/home/aptd/DoggyTalentsNext/src/main/java/doggytalents/common/entity/BoostingFoodHandler.java:34: error: cannot find symbol
            var props = stack.getFoodProperties(dog);
                             ^
  symbol:   method getFoodProperties(AbstractDog)
  location: variable stack of type ItemStack
/home/aptd/DoggyTalentsNext/src/main/java/doggytalents/common/entity/BoostingFoodHandler.java:54: error: incompatible types: Reference<SoundEvent> cannot be converted to SoundEvent
                SoundEvents.GENERIC_EAT, 
                           ^
/home/aptd/DoggyTalentsNext/src/main/java/doggytalents/common/entity/DogAllyCheck.java:54: error: cannot find symbol
        if (entity instanceof TamableAnimal other_dog && other_dog.getOwnerUUID() != null) {
                                                                  ^
  symbol:   method getOwnerUUID()
  location: variable other_dog of type TamableAnimal
/home/aptd/DoggyTalentsNext/src/main/java/doggytalents/common/entity/DogAllyCheck.java:72: error: cannot find symbol
        if (entity instanceof TamableAnimal other_dog && other_dog.getOwnerUUID() != null) {
                                                                  ^
  symbol:   method getOwnerUUID()
  location: variable other_dog of type TamableAnimal
/home/aptd/DoggyTalentsNext/src/main/java/doggytalents/common/entity/DogAllyCheck.java:97: error: cannot find symbol
        var uuid = other_dog.getOwnerUUID();
                            ^
  symbol:   method getOwnerUUID()
  location: variable other_dog of type TamableAnimal
/home/aptd/DoggyTalentsNext/src/main/java/doggytalents/common/entity/DogAllyCheck.java:126: error: cannot find symbol
        var other_owner_uuid = entity.getOwnerUUID();
                                     ^
  symbol:   method getOwnerUUID()
  location: variable entity of type TamableAnimal
/home/aptd/DoggyTalentsNext/src/main/java/doggytalents/common/entity/DogAllyCheck.java:139: error: cannot find symbol
            return other_dog.getOwnerUUID() != null;
                            ^
  symbol:   method getOwnerUUID()
  location: variable other_dog of type TamableAnimal
/home/aptd/DoggyTalentsNext/src/main/java/doggytalents/common/entity/ai/DogLowHealthGoal.java:97: error: no suitable method found for spawnAtLocation(ItemStack,float)
                    this.dog.spawnAtLocation(fetchItem, 0.0F);
                            ^
    method Entity.spawnAtLocation(ServerLevel,ItemLike) is not applicable
      (argument mismatch; ItemStack cannot be converted to ServerLevel)
    method Entity.spawnAtLocation(ServerLevel,ItemStack) is not applicable
      (argument mismatch; ItemStack cannot be converted to ServerLevel)
/home/aptd/DoggyTalentsNext/src/main/java/doggytalents/common/entity/ai/DogLowHealthGoal.java:133: error: cannot find symbol
                    this.owner.sendSystemMessage(Component.translatable("dog.msg.low_health." + this.dog.getRandom().nextInt(4), this.dog.getName()));
                              ^
  symbol:   method sendSystemMessage(MutableComponent)
  location: variable owner of type LivingEntity
/home/aptd/DoggyTalentsNext/src/main/java/doggytalents/common/entity/ai/DogLowHealthGoal.java:193: error: cannot find symbol
                if (!this.dog.hasRestriction() || this.dog.getRestrictCenter() == null)
                             ^
  symbol:   method hasRestriction()
  location: variable dog of type Dog
/home/aptd/DoggyTalentsNext/src/main/java/doggytalents/common/entity/ai/DogLowHealthGoal.java:193: error: cannot find symbol
                if (!this.dog.hasRestriction() || this.dog.getRestrictCenter() == null)
                                                          ^
  symbol:   method getRestrictCenter()
  location: variable dog of type Dog
/home/aptd/DoggyTalentsNext/src/main/java/doggytalents/common/entity/ai/DogLowHealthGoal.java:195: error: cannot find symbol
                this.restrictPos = this.dog.getRestrictCenter();
                                           ^
  symbol:   method getRestrictCenter()
  location: variable dog of type Dog
/home/aptd/DoggyTalentsNext/src/main/java/doggytalents/common/entity/ai/DogLowHealthGoal.java:224: error: cannot find symbol
                if (!this.dog.hasRestriction() || this.dog.getRestrictCenter() == null)
                             ^
  symbol:   method hasRestriction()
  location: variable dog of type Dog
/home/aptd/DoggyTalentsNext/src/main/java/doggytalents/common/entity/ai/DogLowHealthGoal.java:224: error: cannot find symbol
                if (!this.dog.hasRestriction() || this.dog.getRestrictCenter() == null)
                                                          ^
  symbol:   method getRestrictCenter()
  location: variable dog of type Dog
/home/aptd/DoggyTalentsNext/src/main/java/doggytalents/common/entity/ai/DogLowHealthGoal.java:226: error: cannot find symbol
                if (!this.restrictPos.equals(dog.getRestrictCenter()))
                                                ^
  symbol:   method getRestrictCenter()
  location: variable dog of type Dog
/home/aptd/DoggyTalentsNext/src/main/java/doggytalents/common/entity/ai/DogRandomStrollGoal.java:70: error: cannot find symbol
        boolean underwater_random = this.dog.isInWaterOrBubble()
                                            ^
  symbol:   method isInWaterOrBubble()
  location: variable dog of type Dog
/home/aptd/DoggyTalentsNext/src/main/java/doggytalents/common/entity/ai/DogRandomStrollGoal.java:80: error: cannot find symbol
        if (this.dog.isInWaterOrBubble()) {
                    ^
  symbol:   method isInWaterOrBubble()
  location: variable dog of type Dog
/home/aptd/DoggyTalentsNext/src/main/java/doggytalents/common/entity/ai/DogHungryGoal.java:93: error: no suitable method found for spawnAtLocation(ItemStack,float)
                this.dog.spawnAtLocation(fetchItem, 0.0F);
                        ^
    method Entity.spawnAtLocation(ServerLevel,ItemLike) is not applicable
      (argument mismatch; ItemStack cannot be converted to ServerLevel)
    method Entity.spawnAtLocation(ServerLevel,ItemStack) is not applicable
      (argument mismatch; ItemStack cannot be converted to ServerLevel)
/home/aptd/DoggyTalentsNext/src/main/java/doggytalents/common/entity/ai/DogHungryGoal.java:123: error: cannot find symbol
                this.owner.sendSystemMessage(Component.translatable("dog.msg.low_hunger." + this.dog.getRandom().nextInt(5), this.dog.getName()));
                          ^
  symbol:   method sendSystemMessage(MutableComponent)
  location: variable owner of type LivingEntity
/home/aptd/DoggyTalentsNext/src/main/java/doggytalents/common/entity/ai/BerserkerModeGoal.java:22: error: no suitable constructor found for NearestAttackableTargetGoal(Dog,Class<Mob>,boolean,(e)->{ if [...]ue; })
        super(dog, Mob.class, false , (e) -> {
        ^
    constructor NearestAttackableTargetGoal.NearestAttackableTargetGoal(Mob,Class<Mob>,boolean,Selector) is not applicable
      (argument mismatch; incompatible parameter types in lambda expression)
    constructor NearestAttackableTargetGoal.NearestAttackableTargetGoal(Mob,Class<Mob>,boolean,boolean) is not applicable
      (argument mismatch; boolean is not a functional interface)
/home/aptd/DoggyTalentsNext/src/main/java/doggytalents/common/entity/ai/DogNearestToOwnerAttackableTargetGoal.java:34: error: cannot find symbol
           this.target = owner.level().getNearestEntity(this.mob.level().getEntitiesOfClass(this.targetType, this.getTargetSearchArea(this.getFollowDistance()), (p_148152_) -> {
                                      ^
  symbol:   method getNearestEntity(List<T>,TargetingConditions,Dog,double,double,double)
  location: class Level
  where T is a type-variable:
    T extends LivingEntity declared in class DogNearestToOwnerAttackableTargetGoal
/home/aptd/DoggyTalentsNext/src/main/java/doggytalents/common/entity/ai/DogNearestToOwnerAttackableTargetGoal.java:38: error: no suitable method found for getNearestPlayer(TargetingConditions,Dog,double,double,double)
           this.target = owner.level().getNearestPlayer(this.targetConditions, this.dog, owner.getX(), owner.getEyeY(), owner.getZ());
                                      ^
    method EntityGetter.getNearestPlayer(double,double,double,double,@org.jspecify.annotations.Nullable Predicate<Entity>) is not applicable
      (argument mismatch; TargetingConditions cannot be converted to double)
    method EntityGetter.getNearestPlayer(double,double,double,double,boolean) is not applicable
      (argument mismatch; TargetingConditions cannot be converted to double)
/home/aptd/DoggyTalentsNext/src/main/java/doggytalents/common/entity/ai/DogMoveBackToRestrictGoal.java:48: error: cannot find symbol
        if (!dog.hasRestriction())
                ^
  symbol:   method hasRestriction()
  location: variable dog of type Dog
/home/aptd/DoggyTalentsNext/src/main/java/doggytalents/common/entity/ai/DogMoveBackToRestrictGoal.java:50: error: cannot find symbol
        var center = dog.getRestrictCenter();
                        ^
  symbol:   method getRestrictCenter()
  location: variable dog of type Dog
/home/aptd/DoggyTalentsNext/src/main/java/doggytalents/common/entity/ai/DogMoveBackToRestrictGoal.java:60: error: cannot find symbol
        return DogUtil.guessAndTryToTeleportToBlockPos(dog, center, Mth.floor(dog.getRestrictRadius()));
                                                                                 ^
  symbol:   method getRestrictRadius()
  location: variable dog of type Dog
/home/aptd/DoggyTalentsNext/src/main/java/doggytalents/common/entity/ai/DogWantsAttentionGoal.java:113: error: cannot find symbol
                this.dog.playSound(SoundEvents.WOLF_WHINE, this.dog.getSoundVolume(), this.dog.getVoicePitch());
                                              ^
  symbol:   variable WOLF_WHINE
  location: class SoundEvents
/home/aptd/DoggyTalentsNext/src/main/java/doggytalents/common/entity/ai/WolfBegAtTreatGoal.java:36: error: incompatible types: TargetingConditions cannot be converted to Entity
      this.player = this.level.getNearestPlayer(this.begTargeting, this.wolf);
                                                    ^
/home/aptd/DoggyTalentsNext/src/main/java/doggytalents/common/entity/ai/DogRangedAttackGoal.java:72: error: cannot find symbol
        } else if (target.getY() >= dog.level().getMaxBuildHeight()) {
                                               ^
  symbol:   method getMaxBuildHeight()
  location: class Level
/home/aptd/DoggyTalentsNext/src/main/java/doggytalents/common/entity/ai/DogRangedAttackGoal.java:115: error: cannot find symbol
        } else if (livingentity.getY() >= dog.level().getMaxBuildHeight()) {
                                                     ^
  symbol:   method getMaxBuildHeight()
  location: class Level
/home/aptd/DoggyTalentsNext/src/main/java/doggytalents/common/entity/ai/DogRangedAttackGoal.java:128: error: cannot find symbol
        var restrict_pos = dog.getRestrictCenter();
                              ^
  symbol:   method getRestrictCenter()
  location: variable dog of type Dog
/home/aptd/DoggyTalentsNext/src/main/java/doggytalents/common/entity/ai/DogRangedAttackGoal.java:131: error: cannot find symbol
        var restrict_r = dog.getRestrictRadius();
                            ^
  symbol:   method getRestrictRadius()
  location: variable dog of type Dog
/home/aptd/DoggyTalentsNext/src/main/java/doggytalents/common/entity/ai/nav/DogNodeEvaluator.java:60: error: cannot find symbol
        if (retType == PathType.DANGER_FIRE && !dog.isInLava()) {
                               ^
  symbol:   variable DANGER_FIRE
  location: class PathType
/home/aptd/DoggyTalentsNext/src/main/java/doggytalents/common/entity/ai/nav/DogNodeEvaluator.java:64: error: cannot find symbol
                retType = PathType.DAMAGE_FIRE;
                                  ^
  symbol:   variable DAMAGE_FIRE
  location: class PathType
/home/aptd/DoggyTalentsNext/src/main/java/doggytalents/common/entity/ai/GuardModeGoal.java:32: error: incompatible types: incompatible parameter types in lambda expression
        super(dog, Mob.class, 3, false, false, (e) -> {
                                               ^
/home/aptd/DoggyTalentsNext/src/main/java/doggytalents/common/entity/ai/GuardModeGoal.java:60: error: cannot find symbol
       this.target = this.dog.level().getNearestEntity(this.targetType, this.targetConditions, this.dog, this.owner.getX(), this.owner.getEyeY(), this.owner.getZ(), this.getTargetSearchArea(GUARD_DISTANCE));
                                     ^
  symbol:   method getNearestEntity(Class<Mob>,TargetingConditions,Dog,double,double,double,AABB)
  location: class Level
/home/aptd/DoggyTalentsNext/src/main/java/doggytalents/common/entity/ai/GuardModeGoal.java:174: error: incompatible types: incompatible parameter types in lambda expression
                    TargetingConditions.forCombat().selector( target -> {
                                                              ^
/home/aptd/DoggyTalentsNext/src/main/java/doggytalents/common/entity/ai/triggerable/DogWantAttentionAction.java:99: error: cannot find symbol
                owner.sendSystemMessage(Component.translatable(
                     ^
  symbol:   method sendSystemMessage(MutableComponent)
  location: variable owner of type LivingEntity
/home/aptd/DoggyTalentsNext/src/main/java/doggytalents/common/entity/ai/triggerable/DogFetchAction.java:148: error: no suitable method found for spawnAtLocation(ItemStack,float)
            this.dog.spawnAtLocation(fetchItem, 0.0F);
                    ^
    method Entity.spawnAtLocation(ServerLevel,ItemLike) is not applicable
      (argument mismatch; ItemStack cannot be converted to ServerLevel)
    method Entity.spawnAtLocation(ServerLevel,ItemStack) is not applicable
      (argument mismatch; ItemStack cannot be converted to ServerLevel)
/home/aptd/DoggyTalentsNext/src/main/java/doggytalents/common/entity/ai/triggerable/DogGreetOwnerAction.java:112: error: cannot find symbol
        this.owner.sendSystemMessage(Component.translatable("dog.msg.greet_owner." + msg_id, this.dog.getName().getString()));
                  ^
  symbol:   method sendSystemMessage(MutableComponent)
  location: variable owner of type LivingEntity
/home/aptd/DoggyTalentsNext/src/main/java/doggytalents/common/entity/ai/triggerable/DogHowlAction.java:36: error: cannot find symbol
            dog.dogSoundManager.playInterruptible(SoundEvents.WOLF_HOWL, 1, dog.getVoicePitch());
                                                             ^
  symbol:   variable WOLF_HOWL
  location: class SoundEvents
/home/aptd/DoggyTalentsNext/src/main/java/doggytalents/common/entity/ai/triggerable/DogHowlAction.java:38: error: cannot find symbol
            this.dog.playSound(SoundEvents.WOLF_GROWL, 0.3F, dog.getVoicePitch());
                                          ^
  symbol:   variable WOLF_GROWL
  location: class SoundEvents
/home/aptd/DoggyTalentsNext/src/main/java/doggytalents/common/entity/ai/triggerable/DogPlayTagAction.java:54: error: cannot find symbol
                owner.sendSystemMessage(Component.translatable("dog.msg.play_tag.dog_win", dog.getName().getString()));
                     ^
  symbol:   method sendSystemMessage(MutableComponent)
  location: variable owner of type LivingEntity
/home/aptd/DoggyTalentsNext/src/main/java/doggytalents/common/entity/ai/triggerable/DogPlayTagAction.java:57: error: cannot find symbol
                owner.sendSystemMessage(Component.translatable("dog.msg.play_tag.you_win", dog.getName().getString()));
                     ^
  symbol:   method sendSystemMessage(MutableComponent)
  location: variable owner of type LivingEntity
/home/aptd/DoggyTalentsNext/src/main/java/doggytalents/common/entity/ai/triggerable/DogPlayTagAction.java:98: error: cannot find symbol
            owner.sendSystemMessage(Component.translatable("dog.msg.play_tag.gotcha", dog.getName().getString() ));
                 ^
  symbol:   method sendSystemMessage(MutableComponent)
  location: variable owner of type LivingEntity
/home/aptd/DoggyTalentsNext/src/main/java/doggytalents/common/entity/ai/triggerable/DogPlayTagAction.java:99: error: cannot find symbol
            this.dog.playSound(SoundEvents.WOLF_AMBIENT, 1, 1);
                                          ^
  symbol:   variable WOLF_AMBIENT
  location: class SoundEvents
/home/aptd/DoggyTalentsNext/src/main/java/doggytalents/common/entity/ai/PatrolAssistTargetGoal.java:15: error: no suitable constructor found for NearestAttackableTargetGoal(Dog,Class<Mob>,boolean,(e)->{ if [...])); })
        super(dog, Mob.class, false , (e) -> {
        ^
    constructor NearestAttackableTargetGoal.NearestAttackableTargetGoal(Mob,Class<Mob>,boolean,Selector) is not applicable
      (argument mismatch; incompatible parameter types in lambda expression)
    constructor NearestAttackableTargetGoal.NearestAttackableTargetGoal(Mob,Class<Mob>,boolean,boolean) is not applicable
      (argument mismatch; boolean is not a functional interface)
/home/aptd/DoggyTalentsNext/src/main/java/doggytalents/common/entity/ai/PatrolAssistTargetGoal.java:30: error: cannot find symbol
            return dog.isWithinRestriction(targetDog.blockPosition());
                      ^
  symbol:   method isWithinRestriction(BlockPos)
  location: variable dog of type Dog
/home/aptd/DoggyTalentsNext/src/main/java/doggytalents/common/entity/ai/DogRandomSniffGoal.java:147: error: cannot find symbol
                this.dog.playSound(SoundEvents.WOLF_HURT, 0.6f, this.dog.getVoicePitch());
                                              ^
  symbol:   variable WOLF_HURT
  location: class SoundEvents
/home/aptd/DoggyTalentsNext/src/main/java/doggytalents/common/entity/ai/DogRandomSniffGoal.java:168: error: cannot find symbol
                this.dog.playSound(SoundEvents.WOLF_HURT, 0.6f, this.dog.getVoicePitch());
                                              ^
  symbol:   variable WOLF_HURT
  location: class SoundEvents
/home/aptd/DoggyTalentsNext/src/main/java/doggytalents/common/entity/ai/DogRandomSniffGoal.java:270: error: cannot find symbol
        if (!this.dog.hasRestriction())
                     ^
  symbol:   method hasRestriction()
  location: variable dog of type Dog
/home/aptd/DoggyTalentsNext/src/main/java/doggytalents/common/entity/ai/DogRandomSniffGoal.java:272: error: cannot find symbol
        var restrict_b0 = this.dog.getRestrictCenter();
                                  ^
  symbol:   method getRestrictCenter()
  location: variable dog of type Dog
/home/aptd/DoggyTalentsNext/src/main/java/doggytalents/common/entity/ai/DogRandomSniffGoal.java:275: error: cannot find symbol
        var restrict_r = this.dog.getRestrictRadius();
                                 ^
  symbol:   method getRestrictRadius()
  location: variable dog of type Dog
/home/aptd/DoggyTalentsNext/src/main/java/doggytalents/common/entity/ai/DogRandomSniffGoal.java:291: error: cannot find symbol
        if (dog.hasRestriction() && dog.getRestrictCenter() != null) {
               ^
  symbol:   method hasRestriction()
  location: variable dog of type Dog
/home/aptd/DoggyTalentsNext/src/main/java/doggytalents/common/entity/ai/DogRandomSniffGoal.java:291: error: cannot find symbol
        if (dog.hasRestriction() && dog.getRestrictCenter() != null) {
                                       ^
  symbol:   method getRestrictCenter()
  location: variable dog of type Dog
/home/aptd/DoggyTalentsNext/src/main/java/doggytalents/common/entity/ai/DogRandomSniffGoal.java:292: error: cannot find symbol
            var restrict_b0 = dog.getRestrictCenter();
                                 ^
  symbol:   method getRestrictCenter()
  location: variable dog of type Dog
/home/aptd/DoggyTalentsNext/src/main/java/doggytalents/common/entity/ai/DogRandomSniffGoal.java:293: error: cannot find symbol
            var restrict_r = dog.getRestrictRadius();
                                ^
  symbol:   method getRestrictRadius()
  location: variable dog of type Dog
/home/aptd/DoggyTalentsNext/src/main/java/doggytalents/common/entity/ai/DogBreedGoal.java:74: error: method test in class TargetingConditions cannot be applied to given types;
        return breedPredicate.test(this.dog, dog) && this.dog.canMate(dog);
                             ^
  required: ServerLevel,LivingEntity,LivingEntity
  found:    Dog,Dog
  reason: actual and formal argument lists differ in length
/home/aptd/DoggyTalentsNext/src/main/java/doggytalents/common/entity/ai/DogFeelingNakeyGoal.java:70: error: cannot find symbol
            this.dog.playSound(SoundEvents.WOLF_WHINE, this.dog.getSoundVolume(), this.dog.getVoicePitch());
                                          ^
  symbol:   variable WOLF_WHINE
  location: class SoundEvents
/home/aptd/DoggyTalentsNext/src/main/java/doggytalents/common/entity/ai/DogMeleeAttackGoal.java:93: error: cannot find symbol
      } else if (target.getY() >= dog.level().getMaxBuildHeight()) {
                                             ^
  symbol:   method getMaxBuildHeight()
  location: class Level
/home/aptd/DoggyTalentsNext/src/main/java/doggytalents/common/entity/ai/DogMeleeAttackGoal.java:97: error: cannot find symbol
      } else if (restriction && !this.dog.isWithinRestriction(target.blockPosition())) {
                                         ^
  symbol:   method isWithinRestriction(BlockPos)
  location: variable dog of type Dog
/home/aptd/DoggyTalentsNext/src/main/java/doggytalents/common/entity/ai/DogMeleeAttackGoal.java:169: error: cannot find symbol
      } else if (livingentity.getY() >= dog.level().getMaxBuildHeight()) {
                                                   ^
  symbol:   method getMaxBuildHeight()
  location: class Level
/home/aptd/DoggyTalentsNext/src/main/java/doggytalents/common/entity/ai/DogMeleeAttackGoal.java:171: error: cannot find symbol
      } else if (restriction && !this.dog.isWithinRestriction(livingentity.blockPosition())) {
                                         ^
  symbol:   method isWithinRestriction(BlockPos)
  location: variable dog of type Dog
/home/aptd/DoggyTalentsNext/src/main/java/doggytalents/common/entity/ai/DogMeleeAttackGoal.java:365: error: method doHurtTarget in class Dog cannot be applied to given types;
         this.dog.doHurtTarget(target);
                 ^
  required: ServerLevel,Entity
  found:    LivingEntity
  reason: actual and formal argument lists differ in length
/home/aptd/DoggyTalentsNext/src/main/java/doggytalents/common/entity/texture/DogAllowedSkinManager.java:41: error: DogAllowedSkinManager is not abstract and does not override abstract method apply(Object,ResourceManager,ProfilerFiller) in SimplePreparableReloadListener
public class DogAllowedSkinManager extends SimpleJsonResourceReloadListener {
       ^
/home/aptd/DoggyTalentsNext/src/main/java/doggytalents/common/entity/texture/DogAllowedSkinManager.java:55: error: incompatible types: Gson cannot be converted to Codec
        super(GSON, createRegistryPath());
              ^
/home/aptd/DoggyTalentsNext/src/main/java/doggytalents/common/entity/texture/DogAllowedSkinManager.java:63: error: method does not override or implement a method from a supertype
    @Override
    ^
/home/aptd/DoggyTalentsNext/src/main/java/doggytalents/common/entity/texture/DogAllowedSkinManager.java:127: error: method addListener in class SortedReloadListenerEvent cannot be applied to given types;
        event.addListener(getServer());
             ^
  required: Identifier,PreparableReloadListener
  found:    DogAllowedSkinManager
  reason: actual and formal argument lists differ in length
/home/aptd/DoggyTalentsNext/src/main/java/doggytalents/common/entity/texture/DogAllowedSkinManager.java:127: error: incompatible types: DogAllowedSkinManager cannot be converted to Identifier
        event.addListener(getServer());
                                   ^
/home/aptd/DoggyTalentsNext/src/main/java/doggytalents/common/entity/serializers/Dim2BlockPosSerializer.java:16: error: cannot find symbol
            buf.writeResourceLocation(entry.getKey().location());
                                                    ^
  symbol:   method location()
  location: class ResourceKey<Level>
/home/aptd/DoggyTalentsNext/src/main/java/doggytalents/common/entity/serializers/Dim2BlockPosSerializer.java:26: error: cannot find symbol
            var loc = buf.readResourceLocation();
                         ^
  symbol:   method readResourceLocation()
  location: variable buf of type FriendlyByteBuf
/home/aptd/DoggyTalentsNext/src/main/java/doggytalents/common/entity/WhitelistFoodHandler.java:21: error: cannot find symbol
        if (stackIn.getFoodProperties(null) == null)
                   ^
  symbol:   method getFoodProperties(<null>)
  location: variable stackIn of type ItemStack
/home/aptd/DoggyTalentsNext/src/main/java/doggytalents/common/entity/WhitelistFoodHandler.java:40: error: cannot find symbol
                var props = stack.getFoodProperties(dog);
                                 ^
  symbol:   method getFoodProperties(AbstractDog)
  location: variable stack of type ItemStack
/home/aptd/DoggyTalentsNext/src/main/java/doggytalents/common/entity/WhitelistFoodHandler.java:54: error: incompatible types: Reference<SoundEvent> cannot be converted to SoundEvent
                    SoundEvents.GENERIC_EAT, 
                               ^
/home/aptd/DoggyTalentsNext/src/main/java/doggytalents/common/entity/MeatFoodHandler.java:44: error: cannot find symbol
                var props = stack.getFoodProperties(dog);
                                 ^
  symbol:   method getFoodProperties(AbstractDog)
  location: variable stack of type ItemStack
/home/aptd/DoggyTalentsNext/src/main/java/doggytalents/common/entity/MeatFoodHandler.java:58: error: incompatible types: Reference<SoundEvent> cannot be converted to SoundEvent
                    SoundEvents.GENERIC_EAT, 
                               ^
/home/aptd/DoggyTalentsNext/src/main/java/doggytalents/common/entity/DogDrinkMilkHandler.java:38: error: incompatible types: Reference<SoundEvent> cannot be converted to SoundEvent
                SoundEvents.GENERIC_DRINK, 
                           ^
/home/aptd/DoggyTalentsNext/src/main/java/doggytalents/common/variant/util/DogVariantUtil.java:46: error: incomparable types: Optional<Reference<DogVariant>> and DogVariant
            variant == getMissing() && !id.equals(getMissing().id());
                    ^
/home/aptd/DoggyTalentsNext/src/main/java/doggytalents/common/variant/util/DogVariantUtil.java:52: error: incomparable types: Optional<Reference<DogVariant>> and DogVariant
        if (variant == getMissing())
                    ^
/home/aptd/DoggyTalentsNext/src/main/java/doggytalents/common/variant/util/DogVariantUtil.java:53: error: incompatible types: DogVariant cannot be converted to Optional<Reference<DogVariant>>
            variant = getDefault();
                                ^
/home/aptd/DoggyTalentsNext/src/main/java/doggytalents/common/variant/util/DogVariantUtil.java:54: error: incompatible types: Optional<Reference<DogVariant>> cannot be converted to DogVariant
        return variant;
               ^
/home/aptd/DoggyTalentsNext/src/main/java/doggytalents/common/inventory/TreatBagItemHandler.java:16: warning: [removal] ItemStackHandler in net.neoforged.neoforge.items has been deprecated and marked for removal
public class TreatBagItemHandler extends ItemStackHandler {
                                         ^
/home/aptd/DoggyTalentsNext/src/main/java/doggytalents/common/item/DogEddibleItem.java:116: error: no suitable method found for spawnAtLocation(ItemStack)
                dog.spawnAtLocation(returnStack);
                   ^
    method Entity.spawnAtLocation(ServerLevel,ItemLike) is not applicable
      (actual and formal argument lists differ in length)
    method Entity.spawnAtLocation(ServerLevel,ItemStack) is not applicable
      (actual and formal argument lists differ in length)
    method Entity.spawnAtLocation(ServerLevel,ItemStack,Vec3) is not applicable
      (actual and formal argument lists differ in length)
    method Entity.spawnAtLocation(ServerLevel,ItemStack,float) is not applicable
      (actual and formal argument lists differ in length)
/home/aptd/DoggyTalentsNext/src/main/java/doggytalents/common/item/DogEddibleBowlFoodItem.java:74: error: no suitable method found for spawnAtLocation(ItemStack)
            player.spawnAtLocation(bonusReturnStack);
                  ^
    method Entity.spawnAtLocation(ServerLevel,ItemLike) is not applicable
      (actual and formal argument lists differ in length)
    method Entity.spawnAtLocation(ServerLevel,ItemStack) is not applicable
      (actual and formal argument lists differ in length)
    method Entity.spawnAtLocation(ServerLevel,ItemStack,Vec3) is not applicable
      (actual and formal argument lists differ in length)
    method Entity.spawnAtLocation(ServerLevel,ItemStack,float) is not applicable
      (actual and formal argument lists differ in length)
/home/aptd/DoggyTalentsNext/src/main/java/doggytalents/common/item/OyakodonItem.java:31: error: method does not override or implement a method from a supertype
    @Override
    ^
/home/aptd/DoggyTalentsNext/src/main/java/doggytalents/common/item/OyakodonItem.java:34: error: method getDescriptionId in class Item cannot be applied to given types;
        var desc_id = this.getDescriptionId(stack) + ".description";
                          ^
  required: no arguments
  found:    ItemStack
  reason: actual and formal argument lists differ in length
/home/aptd/DoggyTalentsNext/src/main/java/doggytalents/common/item/IDogEddible.java:37: error: incompatible types: Reference<SoundEvent> cannot be converted to SoundEvent
        return SoundEvents.GENERIC_EAT;
                          ^
/home/aptd/DoggyTalentsNext/src/main/java/doggytalents/common/item/SoyPodsItem.java:24: error: method does not override or implement a method from a supertype
    @Override
    ^
/home/aptd/DoggyTalentsNext/src/main/java/doggytalents/common/item/SoyPodsItem.java:27: error: method getDescriptionId in class Item cannot be applied to given types;
        var desc_id = this.getDescriptionId(stack) + ".description";
                          ^
  required: no arguments
  found:    ItemStack
  reason: actual and formal argument lists differ in length
/home/aptd/DoggyTalentsNext/src/main/java/doggytalents/common/item/SoyPodsItem.java:47: error: no suitable method found for spawnAtLocation(ItemStack)
            player.spawnAtLocation(retStack);
                  ^
    method Entity.spawnAtLocation(ServerLevel,ItemLike) is not applicable
      (actual and formal argument lists differ in length)
    method Entity.spawnAtLocation(ServerLevel,ItemStack) is not applicable
      (actual and formal argument lists differ in length)
    method Entity.spawnAtLocation(ServerLevel,ItemStack,Vec3) is not applicable
      (actual and formal argument lists differ in length)
    method Entity.spawnAtLocation(ServerLevel,ItemStack,float) is not applicable
      (actual and formal argument lists differ in length)
/home/aptd/DoggyTalentsNext/src/main/java/doggytalents/common/item/StarterBundleItem.java:43: error: items has private access in Inventory
        var items = inv.items;
                       ^
/home/aptd/DoggyTalentsNext/src/main/java/doggytalents/common/item/StarterBundleItem.java:71: error: method does not override or implement a method from a supertype
    @Override
    ^
/home/aptd/DoggyTalentsNext/src/main/java/doggytalents/common/item/StarterBundleItem.java:74: error: method getDescriptionId in class Item cannot be applied to given types;
        var desc_id = this.getDescriptionId(stack) + ".description";
                          ^
  required: no arguments
  found:    ItemStack
  reason: actual and formal argument lists differ in length
/home/aptd/DoggyTalentsNext/src/main/java/doggytalents/common/item/NattoItem.java:23: error: method does not override or implement a method from a supertype
    @Override
    ^
/home/aptd/DoggyTalentsNext/src/main/java/doggytalents/common/item/NattoItem.java:26: error: method getDescriptionId in class Item cannot be applied to given types;
        var desc_id = this.getDescriptionId(stack) + ".description";
                          ^
  required: no arguments
  found:    ItemStack
  reason: actual and formal argument lists differ in length
/home/aptd/DoggyTalentsNext/src/main/java/doggytalents/common/item/FrisbeeDroolItem.java:21: error: method does not override or implement a method from a supertype
    @Override
    ^
/home/aptd/DoggyTalentsNext/src/main/java/doggytalents/common/item/FrisbeeDroolItem.java:24: error: method getDescriptionId in class Item cannot be applied to given types;
        var desc_id = this.getDescriptionId(stack) + ".description";
                          ^
  required: no arguments
  found:    ItemStack
  reason: actual and formal argument lists differ in length
/home/aptd/DoggyTalentsNext/src/main/java/doggytalents/common/item/TofuItem.java:28: error: method does not override or implement a method from a supertype
    @Override
    ^
/home/aptd/DoggyTalentsNext/src/main/java/doggytalents/common/item/TofuItem.java:31: error: method getDescriptionId in class Item cannot be applied to given types;
        var desc_id = this.getDescriptionId(stack) + ".description";
                          ^
  required: no arguments
  found:    ItemStack
  reason: actual and formal argument lists differ in length
/home/aptd/DoggyTalentsNext/src/main/java/doggytalents/common/item/PlagueDoctorMaskItem.java:21: error: method does not override or implement a method from a supertype
    @Override
    ^
/home/aptd/DoggyTalentsNext/src/main/java/doggytalents/common/item/PlagueDoctorMaskItem.java:24: error: method getDescriptionId in class Item cannot be applied to given types;
        var desc_id = this.getDescriptionId(stack) + ".description";
                          ^
  required: no arguments
  found:    ItemStack
  reason: actual and formal argument lists differ in length
/home/aptd/DoggyTalentsNext/src/main/java/doggytalents/common/item/RiceBowlItem.java:33: error: method does not override or implement a method from a supertype
    @Override
    ^
/home/aptd/DoggyTalentsNext/src/main/java/doggytalents/common/item/RiceBowlItem.java:36: error: method getDescriptionId in class Item cannot be applied to given types;
        var desc_id = this.getDescriptionId(stack) + ".description";
                          ^
  required: no arguments
  found:    ItemStack
  reason: actual and formal argument lists differ in length
/home/aptd/DoggyTalentsNext/src/main/java/doggytalents/common/item/GyudonItem.java:32: error: method does not override or implement a method from a supertype
    @Override
    ^
/home/aptd/DoggyTalentsNext/src/main/java/doggytalents/common/item/GyudonItem.java:35: error: method getDescriptionId in class Item cannot be applied to given types;
        var desc_id = this.getDescriptionId(stack) + ".description";
                          ^
  required: no arguments
  found:    ItemStack
  reason: actual and formal argument lists differ in length
/home/aptd/DoggyTalentsNext/src/main/java/doggytalents/common/item/DoggyCharmItem.java:75: error: cannot find symbol
            Entity entity = DoggyEntityTypes.DOG.get().spawn((ServerLevel) world, itemstack, context.getPlayer(), blockpos1, EntitySpawnReason.SPAWN_EGG, !Objects.equals(blockpos, blockpos1) && enumfacing == Direction.UP, false);
                                                                                                                                              ^
  symbol:   variable SPAWN_EGG
  location: class EntitySpawnReason
/home/aptd/DoggyTalentsNext/src/main/java/doggytalents/common/item/DoggyCharmItem.java:89: error: no suitable method found for addCooldown(DoggyCharmItem,int)
                   sP.getCooldowns().addCooldown(this, 30);
                                    ^
    method ItemCooldowns.addCooldown(ItemStack,int) is not applicable
      (argument mismatch; DoggyCharmItem cannot be converted to ItemStack)
    method ItemCooldowns.addCooldown(Identifier,int) is not applicable
      (argument mismatch; DoggyCharmItem cannot be converted to Identifier)
/home/aptd/DoggyTalentsNext/src/main/java/doggytalents/common/item/DoggyCharmItem.java:118: error: cannot find symbol
                    Entity entity = DoggyEntityTypes.DOG.get().spawn((ServerLevel) worldIn, itemstack, playerIn, blockpos, EntitySpawnReason.SPAWN_EGG, false, false);
                                                                                                                                            ^
  symbol:   variable SPAWN_EGG
  location: class EntitySpawnReason
/home/aptd/DoggyTalentsNext/src/main/java/doggytalents/common/item/DoggyCharmItem.java:133: error: no suitable method found for addCooldown(DoggyCharmItem,int)
                        playerIn.getCooldowns().addCooldown(this, 30);
                                               ^
    method ItemCooldowns.addCooldown(ItemStack,int) is not applicable
      (argument mismatch; DoggyCharmItem cannot be converted to ItemStack)
    method ItemCooldowns.addCooldown(Identifier,int) is not applicable
      (argument mismatch; DoggyCharmItem cannot be converted to Identifier)
/home/aptd/DoggyTalentsNext/src/main/java/doggytalents/common/item/DoggyCharmItem.java:187: error: method does not override or implement a method from a supertype
    @Override
    ^
/home/aptd/DoggyTalentsNext/src/main/java/doggytalents/common/item/DoggyCharmItem.java:190: error: method getDescriptionId in class Item cannot be applied to given types;
        var desc_id = this.getDescriptionId(stack) + ".description";
                          ^
  required: no arguments
  found:    ItemStack
  reason: actual and formal argument lists differ in length
/home/aptd/DoggyTalentsNext/src/main/java/doggytalents/common/item/HeadBandItem.java:23: error: method does not override or implement a method from a supertype
    @Override
    ^
/home/aptd/DoggyTalentsNext/src/main/java/doggytalents/common/item/HeadBandItem.java:28: error: method getDescriptionId in class Item cannot be applied to given types;
        var desc_id = this.getDescriptionId(stack) + ".description";
                          ^
  required: no arguments
  found:    ItemStack
  reason: actual and formal argument lists differ in length
/home/aptd/DoggyTalentsNext/src/main/java/doggytalents/common/item/MisoSoupItem.java:32: error: method does not override or implement a method from a supertype
    @Override
    ^
/home/aptd/DoggyTalentsNext/src/main/java/doggytalents/common/item/MisoSoupItem.java:35: error: method getDescriptionId in class Item cannot be applied to given types;
        var desc_id = this.getDescriptionId(stack) + ".description";
                          ^
  required: no arguments
  found:    ItemStack
  reason: actual and formal argument lists differ in length
/home/aptd/DoggyTalentsNext/src/main/java/doggytalents/common/item/MisoSoupItem.java:48: error: incompatible types: Reference<SoundEvent> cannot be converted to SoundEvent
        return SoundEvents.GENERIC_DRINK;
                          ^
/home/aptd/DoggyTalentsNext/src/main/java/doggytalents/common/item/SoyPodsDriedItem.java:23: error: method does not override or implement a method from a supertype
    @Override
    ^
/home/aptd/DoggyTalentsNext/src/main/java/doggytalents/common/item/SoyPodsDriedItem.java:26: error: method getDescriptionId in class Item cannot be applied to given types;
        var desc_id = this.getDescriptionId(stack) + ".description";
                          ^
  required: no arguments
  found:    ItemStack
  reason: actual and formal argument lists differ in length
/home/aptd/DoggyTalentsNext/src/main/java/doggytalents/common/item/SoyPodsDriedItem.java:46: error: no suitable method found for spawnAtLocation(ItemStack)
            player.spawnAtLocation(retStack);
                  ^
    method Entity.spawnAtLocation(ServerLevel,ItemLike) is not applicable
      (actual and formal argument lists differ in length)
    method Entity.spawnAtLocation(ServerLevel,ItemStack) is not applicable
      (actual and formal argument lists differ in length)
    method Entity.spawnAtLocation(ServerLevel,ItemStack,Vec3) is not applicable
      (actual and formal argument lists differ in length)
    method Entity.spawnAtLocation(ServerLevel,ItemStack,float) is not applicable
      (actual and formal argument lists differ in length)
/home/aptd/DoggyTalentsNext/src/main/java/doggytalents/common/item/BandaidItem.java:19: error: method does not override or implement a method from a supertype
    @Override
    ^
/home/aptd/DoggyTalentsNext/src/main/java/doggytalents/common/item/BandaidItem.java:22: error: method getDescriptionId in class Item cannot be applied to given types;
        var desc_id = this.getDescriptionId(stack) + ".description";
                          ^
  required: no arguments
  found:    ItemStack
  reason: actual and formal argument lists differ in length
/home/aptd/DoggyTalentsNext/src/main/java/doggytalents/common/item/GenderBoneItem.java:35: error: incompatible types: Item cannot be converted to ItemStack
        if (playerIn.getCooldowns().isOnCooldown(DoggyItems.GENDER_BONE.get()))
                                                                           ^
/home/aptd/DoggyTalentsNext/src/main/java/doggytalents/common/item/GenderBoneItem.java:44: error: no suitable method found for addCooldown(Item,int)
        playerIn.getCooldowns().addCooldown(DoggyItems.GENDER_BONE.get(), 40);
                               ^
    method ItemCooldowns.addCooldown(ItemStack,int) is not applicable
      (argument mismatch; Item cannot be converted to ItemStack)
    method ItemCooldowns.addCooldown(Identifier,int) is not applicable
      (argument mismatch; Item cannot be converted to Identifier)
/home/aptd/DoggyTalentsNext/src/main/java/doggytalents/common/item/GenderBoneItem.java:50: error: no suitable constructor found for ItemParticleOption(ParticleType<ItemParticleOption>,ItemStack)
                new ItemParticleOption(ParticleTypes.ITEM, new ItemStack(item)), 
                ^
    constructor ItemParticleOption.ItemParticleOption(ParticleType<ItemParticleOption>,Item) is not applicable
      (argument mismatch; ItemStack cannot be converted to Item)
    constructor ItemParticleOption.ItemParticleOption(ParticleType<ItemParticleOption>,ItemStackTemplate) is not applicable
      (argument mismatch; ItemStack cannot be converted to ItemStackTemplate)
/home/aptd/DoggyTalentsNext/src/main/java/doggytalents/common/item/GenderBoneItem.java:58: error: cannot find symbol
        stack.hurtAndBreak(1, playerIn, LivingEntity.getSlotForHand(handIn));
                                                    ^
  symbol:   method getSlotForHand(InteractionHand)
  location: class LivingEntity
/home/aptd/DoggyTalentsNext/src/main/java/doggytalents/common/item/DualDyableAccessoryItem.java:33: error: method does not override or implement a method from a supertype
    @Override
    ^
/home/aptd/DoggyTalentsNext/src/main/java/doggytalents/common/item/DualDyableAccessoryItem.java:36: error: method appendHoverText in class Item cannot be applied to given types;
        super.appendHoverText(p_41421_, p_339594_, list, p_41424_);
             ^
  required: ItemStack,TooltipContext,TooltipDisplay,Consumer<Component>,TooltipFlag
  found:    ItemStack,TooltipContext,List<Component>,TooltipFlag
  reason: actual and formal argument lists differ in length
/home/aptd/DoggyTalentsNext/src/main/java/doggytalents/common/item/DemonHornsItem.java:21: error: method does not override or implement a method from a supertype
    @Override
    ^
/home/aptd/DoggyTalentsNext/src/main/java/doggytalents/common/item/DemonHornsItem.java:24: error: method getDescriptionId in class Item cannot be applied to given types;
        var desc_id = this.getDescriptionId(stack) + ".description";
                          ^
  required: no arguments
  found:    ItemStack
  reason: actual and formal argument lists differ in length
/home/aptd/DoggyTalentsNext/src/main/java/doggytalents/common/item/HotDogAccessoryItem.java:34: error: method does not override or implement a method from a supertype
    @Override
    ^
/home/aptd/DoggyTalentsNext/src/main/java/doggytalents/common/item/HotDogAccessoryItem.java:37: error: method getDescriptionId in class Item cannot be applied to given types;
        var desc_id = this.getDescriptionId(stack) + ".description";
                          ^
  required: no arguments
  found:    ItemStack
  reason: actual and formal argument lists differ in length
/home/aptd/DoggyTalentsNext/src/main/java/doggytalents/common/item/TreatItem.java:60: error: no suitable method found for addCooldown(TreatItem,int)
            playerIn.getCooldowns().addCooldown(this, 40);
                                   ^
    method ItemCooldowns.addCooldown(ItemStack,int) is not applicable
      (argument mismatch; TreatItem cannot be converted to ItemStack)
    method ItemCooldowns.addCooldown(Identifier,int) is not applicable
      (argument mismatch; TreatItem cannot be converted to Identifier)
/home/aptd/DoggyTalentsNext/src/main/java/doggytalents/common/item/TreatItem.java:75: error: random has protected access in Level
            (1.0F + (level.random.nextFloat() - level.random.nextFloat()) * 0.2F) * 0.7F, false);
                          ^
/home/aptd/DoggyTalentsNext/src/main/java/doggytalents/common/item/TreatItem.java:75: error: random has protected access in Level
            (1.0F + (level.random.nextFloat() - level.random.nextFloat()) * 0.2F) * 0.7F, false);
                                                     ^
/home/aptd/DoggyTalentsNext/src/main/java/doggytalents/common/item/ChristmasHatItem.java:18: error: method does not override or implement a method from a supertype
    @Override
    ^
/home/aptd/DoggyTalentsNext/src/main/java/doggytalents/common/item/ChristmasHatItem.java:21: error: method getDescriptionId in class Item cannot be applied to given types;
        var desc_id = this.getDescriptionId(stack) + ".description";
                          ^
  required: no arguments
  found:    ItemStack
  reason: actual and formal argument lists differ in length
/home/aptd/DoggyTalentsNext/src/main/java/doggytalents/common/item/TreatBagItem.java:72: error: selected has private access in Inventory
                Screens.openTreatBagScreen(serverPlayer, stack, playerIn.getInventory().selected);
                                                                                       ^
/home/aptd/DoggyTalentsNext/src/main/java/doggytalents/common/item/TreatBagItem.java:97: error: no suitable method found for addCooldown(TreatBagItem,int)
        player.getCooldowns().addCooldown(this, 20);
                             ^
    method ItemCooldowns.addCooldown(ItemStack,int) is not applicable
      (argument mismatch; TreatBagItem cannot be converted to ItemStack)
    method ItemCooldowns.addCooldown(Identifier,int) is not applicable
      (argument mismatch; TreatBagItem cannot be converted to Identifier)
/home/aptd/DoggyTalentsNext/src/main/java/doggytalents/common/item/TreatBagItem.java:117: warning: [removal] IItemHandler in net.neoforged.neoforge.items has been deprecated and marked for removal
    private int findThrowableInItemHandler(IItemHandler itemHandler) {
                                           ^
/home/aptd/DoggyTalentsNext/src/main/java/doggytalents/common/item/TreatBagItem.java:118: warning: [removal] getSlots() in IItemHandler has been deprecated and marked for removal
        for (int i = 0; i < itemHandler.getSlots(); ++i) {
                                       ^
/home/aptd/DoggyTalentsNext/src/main/java/doggytalents/common/item/TreatBagItem.java:119: warning: [removal] getStackInSlot(int) in IItemHandler has been deprecated and marked for removal
            var stack = itemHandler.getStackInSlot(i);
                                   ^
/home/aptd/DoggyTalentsNext/src/main/java/doggytalents/common/item/TreatBagItem.java:131: error: method does not override or implement a method from a supertype
    @Override
    ^
/home/aptd/DoggyTalentsNext/src/main/java/doggytalents/common/item/TreatBagItem.java:134: error: method appendHoverText in class Item cannot be applied to given types;
        super.appendHoverText(stack, context, tooltip, flagIn);
             ^
  required: ItemStack,TooltipContext,TooltipDisplay,Consumer<Component>,TooltipFlag
  found:    ItemStack,TooltipContext,List<Component>,TooltipFlag
  reason: actual and formal argument lists differ in length
/home/aptd/DoggyTalentsNext/src/main/java/doggytalents/common/item/TreatBagItem.java:156: error: cannot find symbol
                entry.getValue(), entry.getKey().getDescription()).withStyle(
                                                ^
  symbol:   method getDescription()
  location: class Item
/home/aptd/DoggyTalentsNext/src/main/java/doggytalents/common/item/TreatBagItem.java:177: error: cannot find symbol
        return itemList.stream().collect(Collectors.toList());
                       ^
  symbol:   method stream()
  location: variable itemList of type ItemContainerContents
/home/aptd/DoggyTalentsNext/src/main/java/doggytalents/common/item/TreatBagItem.java:208: warning: [removal] IItemHandlerModifiable in net.neoforged.neoforge.items has been deprecated and marked for removal
        IItemHandlerModifiable treatBag = new TreatBagItemHandler(stackIn);
        ^
/home/aptd/DoggyTalentsNext/src/main/java/doggytalents/common/item/ThrowableItem.java:68: error: random has protected access in Level
        worldIn.playSound((Player)null, playerIn.getX(), playerIn.getY(), playerIn.getZ(), SoundEvents.ARROW_SHOOT, SoundSource.NEUTRAL, 0.5F, 0.4F / (worldIn.random.nextFloat() * 0.4F + 0.8F));
                                                                                                                                                              ^
/home/aptd/DoggyTalentsNext/src/main/java/doggytalents/common/item/ThrowableItem.java:106: error: random has protected access in Level
        Vec3 vec3d = (new Vec3(x, y, z)).normalize().add(entityItem.level().random.nextGaussian() * 0.0075F * inaccuracy, entityItem.level().random.nextGaussian() * 0.0075F * inaccuracy, entityItem.level().random.nextGaussian() * 0.0075F * inaccuracy).scale(velocity);
                                                                           ^
/home/aptd/DoggyTalentsNext/src/main/java/doggytalents/common/item/ThrowableItem.java:106: error: random has protected access in Level
        Vec3 vec3d = (new Vec3(x, y, z)).normalize().add(entityItem.level().random.nextGaussian() * 0.0075F * inaccuracy, entityItem.level().random.nextGaussian() * 0.0075F * inaccuracy, entityItem.level().random.nextGaussian() * 0.0075F * inaccuracy).scale(velocity);
                                                                                                                                            ^
/home/aptd/DoggyTalentsNext/src/main/java/doggytalents/common/item/ThrowableItem.java:106: error: random has protected access in Level
        Vec3 vec3d = (new Vec3(x, y, z)).normalize().add(entityItem.level().random.nextGaussian() * 0.0075F * inaccuracy, entityItem.level().random.nextGaussian() * 0.0075F * inaccuracy, entityItem.level().random.nextGaussian() * 0.0075F * inaccuracy).scale(velocity);
                                                                                                                                                                                                             ^
/home/aptd/DoggyTalentsNext/src/main/java/doggytalents/common/item/FrisbeeItem.java:21: error: method does not override or implement a method from a supertype
    @Override
    ^
/home/aptd/DoggyTalentsNext/src/main/java/doggytalents/common/item/FrisbeeItem.java:24: error: method getDescriptionId in class Item cannot be applied to given types;
        var desc_id = this.getDescriptionId(stack) + ".description";
                          ^
  required: no arguments
  found:    ItemStack
  reason: actual and formal argument lists differ in length
/home/aptd/DoggyTalentsNext/src/main/java/doggytalents/common/item/BirthdayHatItem.java:21: error: method does not override or implement a method from a supertype
    @Override
    ^
/home/aptd/DoggyTalentsNext/src/main/java/doggytalents/common/item/BirthdayHatItem.java:24: error: method getDescriptionId in class Item cannot be applied to given types;
        var desc_id = this.getDescriptionId(stack) + ".description";
                          ^
  required: no arguments
  found:    ItemStack
  reason: actual and formal argument lists differ in length
/home/aptd/DoggyTalentsNext/src/main/java/doggytalents/common/item/UncookedRiceBowlItem.java:19: error: method does not override or implement a method from a supertype
    @Override
    ^
/home/aptd/DoggyTalentsNext/src/main/java/doggytalents/common/item/UncookedRiceBowlItem.java:22: error: method getDescriptionId in class Item cannot be applied to given types;
        var desc_id = this.getDescriptionId(stack) + ".description";
                          ^
  required: no arguments
  found:    ItemStack
  reason: actual and formal argument lists differ in length
/home/aptd/DoggyTalentsNext/src/main/java/doggytalents/common/item/EnergizerStick.java:45: error: incompatible types: Reference<SoundEvent> cannot be converted to SoundEvent
                SoundEvents.GENERIC_EAT, 
                           ^
/home/aptd/DoggyTalentsNext/src/main/java/doggytalents/common/item/DyableBirthdayHatItem.java:30: error: method does not override or implement a method from a supertype
    @Override
    ^
/home/aptd/DoggyTalentsNext/src/main/java/doggytalents/common/item/DyableBirthdayHatItem.java:33: error: method getDescriptionId in class Item cannot be applied to given types;
        var desc_id = this.getDescriptionId(stack) + ".description";
                          ^
  required: no arguments
  found:    ItemStack
  reason: actual and formal argument lists differ in length
/home/aptd/DoggyTalentsNext/src/main/java/doggytalents/common/item/DualAccessoryItem.java:32: error: method does not override or implement a method from a supertype
    @Override
    ^
/home/aptd/DoggyTalentsNext/src/main/java/doggytalents/common/item/DualAccessoryItem.java:35: error: method appendHoverText in class Item cannot be applied to given types;
        super.appendHoverText(p_41421_, p_339594_, list, p_41424_);
             ^
  required: ItemStack,TooltipContext,TooltipDisplay,Consumer<Component>,TooltipFlag
  found:    ItemStack,TooltipContext,List<Component>,TooltipFlag
  reason: actual and formal argument lists differ in length
/home/aptd/DoggyTalentsNext/src/main/java/doggytalents/common/item/SussySickleItem.java:30: error: method does not override or implement a method from a supertype
    @Override
    ^
/home/aptd/DoggyTalentsNext/src/main/java/doggytalents/common/item/SussySickleItem.java:33: error: method getDescriptionId in class Item cannot be applied to given types;
        var desc_id = this.getDescriptionId(stack) + ".description";
                          ^
  required: no arguments
  found:    ItemStack
  reason: actual and formal argument lists differ in length
/home/aptd/DoggyTalentsNext/src/main/java/doggytalents/common/item/BunnyEarsItem.java:17: error: method does not override or implement a method from a supertype
    @Override
    ^
/home/aptd/DoggyTalentsNext/src/main/java/doggytalents/common/item/BunnyEarsItem.java:20: error: method getDescriptionId in class Item cannot be applied to given types;
        var desc_id = this.getDescriptionId(stack) + ".description";
                          ^
  required: no arguments
  found:    ItemStack
  reason: actual and formal argument lists differ in length
/home/aptd/DoggyTalentsNext/src/main/java/doggytalents/common/item/DoggyContactsItem.java:22: error: method does not override or implement a method from a supertype
    @Override
    ^
/home/aptd/DoggyTalentsNext/src/main/java/doggytalents/common/item/DoggyContactsItem.java:25: error: method getDescriptionId in class Item cannot be applied to given types;
        var desc_id = this.getDescriptionId(stack) + ".description";
                          ^
  required: no arguments
  found:    ItemStack
  reason: actual and formal argument lists differ in length
/home/aptd/DoggyTalentsNext/src/main/java/doggytalents/common/item/OnsenTamagoItem.java:23: error: method does not override or implement a method from a supertype
    @Override
    ^
/home/aptd/DoggyTalentsNext/src/main/java/doggytalents/common/item/OnsenTamagoItem.java:26: error: method getDescriptionId in class Item cannot be applied to given types;
        var desc_id = this.getDescriptionId(stack) + ".description";
                          ^
  required: no arguments
  found:    ItemStack
  reason: actual and formal argument lists differ in length
/home/aptd/DoggyTalentsNext/src/main/java/doggytalents/common/item/AmnesiaBoneItem.java:64: error: cannot find symbol
            player.hasPermissions(Constants.OPERATOR_PERMISSION)
                  ^
  symbol:   method hasPermissions(int)
  location: variable player of type Player
/home/aptd/DoggyTalentsNext/src/main/java/doggytalents/common/item/AmnesiaBoneItem.java:88: error: cannot find symbol
        if (tag.hasUUID("request_uuid")
               ^
  symbol:   method hasUUID(String)
  location: variable tag of type CompoundTag
/home/aptd/DoggyTalentsNext/src/main/java/doggytalents/common/item/AmnesiaBoneItem.java:89: error: cannot find symbol
            && tag.getUUID("request_uuid").equals(playerUUID)) 
                  ^
  symbol:   method getUUID(String)
  location: variable tag of type CompoundTag
/home/aptd/DoggyTalentsNext/src/main/java/doggytalents/common/item/AmnesiaBoneItem.java:91: error: cannot find symbol
        tag.putUUID("request_uuid", player.getUUID());
           ^
  symbol:   method putUUID(String,UUID)
  location: variable tag of type CompoundTag
/home/aptd/DoggyTalentsNext/src/main/java/doggytalents/common/item/AmnesiaBoneItem.java:96: error: method does not override or implement a method from a supertype
    @Override
    ^
/home/aptd/DoggyTalentsNext/src/main/java/doggytalents/common/item/AmnesiaBoneItem.java:99: error: method getDescriptionId in class Item cannot be applied to given types;
        var desc_id = this.getDescriptionId(stack) + ".description";
                          ^
  required: no arguments
  found:    ItemStack
  reason: actual and formal argument lists differ in length
/home/aptd/DoggyTalentsNext/src/main/java/doggytalents/common/item/MisoPasteItem.java:19: error: method does not override or implement a method from a supertype
    @Override
    ^
/home/aptd/DoggyTalentsNext/src/main/java/doggytalents/common/item/MisoPasteItem.java:22: error: method getDescriptionId in class Item cannot be applied to given types;
        var desc_id = this.getDescriptionId(stack) + ".description";
                          ^
  required: no arguments
  found:    ItemStack
  reason: actual and formal argument lists differ in length
/home/aptd/DoggyTalentsNext/src/main/java/doggytalents/common/item/SnorkelAccessoryItem.java:21: error: method does not override or implement a method from a supertype
    @Override
    ^
/home/aptd/DoggyTalentsNext/src/main/java/doggytalents/common/item/SnorkelAccessoryItem.java:24: error: method getDescriptionId in class Item cannot be applied to given types;
        var desc_id = this.getDescriptionId(stack) + ".description";
                          ^
  required: no arguments
  found:    ItemStack
  reason: actual and formal argument lists differ in length
/home/aptd/DoggyTalentsNext/src/main/java/doggytalents/common/item/NattoRiceItem.java:22: error: method does not override or implement a method from a supertype
    @Override
    ^
/home/aptd/DoggyTalentsNext/src/main/java/doggytalents/common/item/NattoRiceItem.java:25: error: method getDescriptionId in class Item cannot be applied to given types;
        var desc_id = this.getDescriptionId(stack) + ".description";
                          ^
  required: no arguments
  found:    ItemStack
  reason: actual and formal argument lists differ in length
/home/aptd/DoggyTalentsNext/src/main/java/doggytalents/common/item/ScentTreatItem.java:82: error: method does not override or implement a method from a supertype
    @Override
    ^
/home/aptd/DoggyTalentsNext/src/main/java/doggytalents/common/item/ScentTreatItem.java:85: error: method getDescriptionId in class Item cannot be applied to given types;
        var desc_id = this.getDescriptionId(stack) + ".description";
                          ^
  required: no arguments
  found:    ItemStack
  reason: actual and formal argument lists differ in length
/home/aptd/DoggyTalentsNext/src/main/java/doggytalents/common/item/RiceGrainsItem.java:69: error: method does not override or implement a method from a supertype
    @Override
    ^
/home/aptd/DoggyTalentsNext/src/main/java/doggytalents/common/item/RiceGrainsItem.java:72: error: method getDescriptionId in class Item cannot be applied to given types;
        var desc_id = this.getDescriptionId(stack) + ".description";
                          ^
  required: no arguments
  found:    ItemStack
  reason: actual and formal argument lists differ in length
/home/aptd/DoggyTalentsNext/src/main/java/doggytalents/common/item/CrowWingsItem.java:21: error: method does not override or implement a method from a supertype
    @Override
    ^
/home/aptd/DoggyTalentsNext/src/main/java/doggytalents/common/item/CrowWingsItem.java:24: error: method getDescriptionId in class Item cannot be applied to given types;
        var desc_id = this.getDescriptionId(stack) + ".description";
                          ^
  required: no arguments
  found:    ItemStack
  reason: actual and formal argument lists differ in length
/home/aptd/DoggyTalentsNext/src/main/java/doggytalents/common/item/WitchHatItem.java:21: error: method does not override or implement a method from a supertype
    @Override
    ^
/home/aptd/DoggyTalentsNext/src/main/java/doggytalents/common/item/WitchHatItem.java:24: error: method getDescriptionId in class Item cannot be applied to given types;
        var desc_id = this.getDescriptionId(stack) + ".description";
                          ^
  required: no arguments
  found:    ItemStack
  reason: actual and formal argument lists differ in length
/home/aptd/DoggyTalentsNext/src/main/java/doggytalents/common/item/EdamameItem.java:23: error: method does not override or implement a method from a supertype
    @Override
    ^
/home/aptd/DoggyTalentsNext/src/main/java/doggytalents/common/item/EdamameItem.java:26: error: method getDescriptionId in class Item cannot be applied to given types;
        var desc_id = this.getDescriptionId(stack) + ".description";
                          ^
  required: no arguments
  found:    ItemStack
  reason: actual and formal argument lists differ in length
/home/aptd/DoggyTalentsNext/src/main/java/doggytalents/common/item/EdamameItem.java:47: error: no suitable method found for spawnAtLocation(ItemStack)
            player.spawnAtLocation(retStack);
                  ^
    method Entity.spawnAtLocation(ServerLevel,ItemLike) is not applicable
      (actual and formal argument lists differ in length)
    method Entity.spawnAtLocation(ServerLevel,ItemStack) is not applicable
      (actual and formal argument lists differ in length)
    method Entity.spawnAtLocation(ServerLevel,ItemStack,Vec3) is not applicable
      (actual and formal argument lists differ in length)
    method Entity.spawnAtLocation(ServerLevel,ItemStack,float) is not applicable
      (actual and formal argument lists differ in length)
/home/aptd/DoggyTalentsNext/src/main/java/doggytalents/common/item/GiantStickAccessoryItem.java:25: error: method does not override or implement a method from a supertype
    @Override
    ^
/home/aptd/DoggyTalentsNext/src/main/java/doggytalents/common/item/GiantStickAccessoryItem.java:28: error: method getDescriptionId in class Item cannot be applied to given types;
        var desc_id = this.getDescriptionId(stack) + ".description";
                          ^
  required: no arguments
  found:    ItemStack
  reason: actual and formal argument lists differ in length
/home/aptd/DoggyTalentsNext/src/main/java/doggytalents/common/item/FieryReflectorItem.java:23: error: method does not override or implement a method from a supertype
    @Override
    ^
/home/aptd/DoggyTalentsNext/src/main/java/doggytalents/common/item/DogPresentCostumeItem.java:19: error: method does not override or implement a method from a supertype
    @Override
    ^
/home/aptd/DoggyTalentsNext/src/main/java/doggytalents/common/item/DogPresentCostumeItem.java:22: error: method getDescriptionId in class Item cannot be applied to given types;
        var desc_id = this.getDescriptionId(stack) + ".description";
                          ^
  required: no arguments
  found:    ItemStack
  reason: actual and formal argument lists differ in length
/home/aptd/DoggyTalentsNext/src/main/java/doggytalents/common/item/SakeItem.java:45: error: incompatible types: SakeItem cannot be converted to ItemStack
        if (player.getCooldowns().isOnCooldown(this))
                                               ^
/home/aptd/DoggyTalentsNext/src/main/java/doggytalents/common/item/SakeItem.java:57: error: no suitable method found for addCooldown(SakeItem,int)
            player.getCooldowns().addCooldown(this, 40);
                                 ^
    method ItemCooldowns.addCooldown(ItemStack,int) is not applicable
      (argument mismatch; SakeItem cannot be converted to ItemStack)
    method ItemCooldowns.addCooldown(Identifier,int) is not applicable
      (argument mismatch; SakeItem cannot be converted to Identifier)
/home/aptd/DoggyTalentsNext/src/main/java/doggytalents/common/item/SakeItem.java:70: error: no suitable method found for addCooldown(SakeItem,int)
            player.getCooldowns().addCooldown(this, 40);
                                 ^
    method ItemCooldowns.addCooldown(ItemStack,int) is not applicable
      (argument mismatch; SakeItem cannot be converted to ItemStack)
    method ItemCooldowns.addCooldown(Identifier,int) is not applicable
      (argument mismatch; SakeItem cannot be converted to Identifier)
/home/aptd/DoggyTalentsNext/src/main/java/doggytalents/common/item/SakeItem.java:85: error: no suitable method found for spawnAtLocation(ItemStack)
            player.spawnAtLocation(bonusReturnStack);
                  ^
    method Entity.spawnAtLocation(ServerLevel,ItemLike) is not applicable
      (actual and formal argument lists differ in length)
    method Entity.spawnAtLocation(ServerLevel,ItemStack) is not applicable
      (actual and formal argument lists differ in length)
    method Entity.spawnAtLocation(ServerLevel,ItemStack,Vec3) is not applicable
      (actual and formal argument lists differ in length)
    method Entity.spawnAtLocation(ServerLevel,ItemStack,float) is not applicable
      (actual and formal argument lists differ in length)
/home/aptd/DoggyTalentsNext/src/main/java/doggytalents/common/item/SakeItem.java:94: error: method does not override or implement a method from a supertype
    @Override
    ^
/home/aptd/DoggyTalentsNext/src/main/java/doggytalents/common/item/SakeItem.java:102: error: incompatible types: Reference<SoundEvent> cannot be converted to SoundEvent
        return SoundEvents.GENERIC_DRINK;
                          ^
/home/aptd/DoggyTalentsNext/src/main/java/doggytalents/common/item/SakeItem.java:155: error: method does not override or implement a method from a supertype
    @Override
    ^
/home/aptd/DoggyTalentsNext/src/main/java/doggytalents/common/item/SakeItem.java:158: error: method getDescriptionId in class Item cannot be applied to given types;
        var desc_id = this.getDescriptionId(stack) + ".description";
                          ^
  required: no arguments
  found:    ItemStack
  reason: actual and formal argument lists differ in length
/home/aptd/DoggyTalentsNext/src/main/java/doggytalents/common/item/SoyMilkItem.java:27: error: incompatible types: Reference<SoundEvent> cannot be converted to SoundEvent
        return SoundEvents.GENERIC_DRINK;
                          ^
/home/aptd/DoggyTalentsNext/src/main/java/doggytalents/common/item/LocatorOrbItem.java:26: error: method does not override or implement a method from a supertype
    @Override
    ^
/home/aptd/DoggyTalentsNext/src/main/java/doggytalents/common/item/LocatorOrbItem.java:29: error: method getDescriptionId in class Item cannot be applied to given types;
        var desc_id = this.getDescriptionId(stack) + ".description";
                          ^
  required: no arguments
  found:    ItemStack
  reason: actual and formal argument lists differ in length
/home/aptd/DoggyTalentsNext/src/main/java/doggytalents/common/item/DeerAntlersItem.java:18: error: method does not override or implement a method from a supertype
    @Override
    ^
/home/aptd/DoggyTalentsNext/src/main/java/doggytalents/common/item/DeerAntlersItem.java:21: error: method getDescriptionId in class Item cannot be applied to given types;
        var desc_id = this.getDescriptionId(stack) + ".description";
                          ^
  required: no arguments
  found:    ItemStack
  reason: actual and formal argument lists differ in length
/home/aptd/DoggyTalentsNext/src/main/java/doggytalents/common/item/OnigiriItem.java:25: error: method does not override or implement a method from a supertype
    @Override
    ^
/home/aptd/DoggyTalentsNext/src/main/java/doggytalents/common/item/OnigiriItem.java:28: error: method getDescriptionId in class Item cannot be applied to given types;
        var desc_id = this.getDescriptionId(stack) + ".description";
                          ^
  required: no arguments
  found:    ItemStack
  reason: actual and formal argument lists differ in length
/home/aptd/DoggyTalentsNext/src/main/java/doggytalents/common/item/AburaageItem.java:25: error: method does not override or implement a method from a supertype
    @Override
    ^
/home/aptd/DoggyTalentsNext/src/main/java/doggytalents/common/item/AburaageItem.java:28: error: method getDescriptionId in class Item cannot be applied to given types;
        var desc_id = this.getDescriptionId(stack) + ".description";
                          ^
  required: no arguments
  found:    ItemStack
  reason: actual and formal argument lists differ in length
/home/aptd/DoggyTalentsNext/src/main/java/doggytalents/common/item/GoldenAFiveWagyuItem.java:31: error: method does not override or implement a method from a supertype
    @Override
    ^
/home/aptd/DoggyTalentsNext/src/main/java/doggytalents/common/item/GoldenAFiveWagyuItem.java:34: error: method getDescriptionId in class Item cannot be applied to given types;
        var desc_id = this.getDescriptionId(stack) + ".description";
                          ^
  required: no arguments
  found:    ItemStack
  reason: actual and formal argument lists differ in length
/home/aptd/DoggyTalentsNext/src/main/java/doggytalents/common/item/EggSandwichItem.java:23: error: method does not override or implement a method from a supertype
    @Override
    ^
/home/aptd/DoggyTalentsNext/src/main/java/doggytalents/common/item/EggSandwichItem.java:26: error: method getDescriptionId in class Item cannot be applied to given types;
        var desc_id = this.getDescriptionId(stack) + ".description";
                          ^
  required: no arguments
  found:    ItemStack
  reason: actual and formal argument lists differ in length
/home/aptd/DoggyTalentsNext/src/main/java/doggytalents/common/item/EdamameUnpoddedItem.java:25: error: method does not override or implement a method from a supertype
    @Override
    ^
/home/aptd/DoggyTalentsNext/src/main/java/doggytalents/common/item/EdamameUnpoddedItem.java:28: error: method getDescriptionId in class Item cannot be applied to given types;
        var desc_id = this.getDescriptionId(stack) + ".description";
                          ^
  required: no arguments
  found:    ItemStack
  reason: actual and formal argument lists differ in length
/home/aptd/DoggyTalentsNext/src/main/java/doggytalents/common/network/packet/ChangeAccessoryPacket.java:41: error: items has private access in Inventory
            var items = inventory.items;
                                 ^
/home/aptd/DoggyTalentsNext/src/main/java/doggytalents/common/network/packet/ChangeArtifactPacket.java:36: error: items has private access in Inventory
            var items = inventory.items;
                                 ^
/home/aptd/DoggyTalentsNext/src/main/java/doggytalents/common/network/packet/DogUntamePacket.java:29: error: incompatible types: Item cannot be converted to ItemStack
        if (sender.getCooldowns().isOnCooldown(DoggyItems.AMNESIA_BONE.get())) return;
                                                                          ^
/home/aptd/DoggyTalentsNext/src/main/java/doggytalents/common/network/packet/DogUntamePacket.java:51: error: no suitable method found for addCooldown(Item,int)
        sender.getCooldowns().addCooldown(DoggyItems.AMNESIA_BONE.get(), 60);
                             ^
    method ItemCooldowns.addCooldown(ItemStack,int) is not applicable
      (argument mismatch; Item cannot be converted to ItemStack)
    method ItemCooldowns.addCooldown(Identifier,int) is not applicable
      (argument mismatch; Item cannot be converted to Identifier)
/home/aptd/DoggyTalentsNext/src/main/java/doggytalents/common/network/packet/CanineTrackerPackets.java:170: error: cannot find symbol
                tag.putUUID("uuid", data.uuid);
                   ^
  symbol:   method putUUID(String,UUID)
  location: variable tag of type CompoundTag
/home/aptd/DoggyTalentsNext/src/main/java/doggytalents/common/network/packet/ForceClearKillStatsPacket.java:30: error: cannot find symbol
        if (!sender.hasPermissions(Constants.OPERATOR_PERMISSION))
                   ^
  symbol:   method hasPermissions(int)
  location: variable sender of type ServerPlayer
/home/aptd/DoggyTalentsNext/src/main/java/doggytalents/common/network/packet/ForceClearKillStatsPacket.java:38: error: incompatible types: Item cannot be converted to ItemStack
        if (sender.getCooldowns().isOnCooldown(DoggyItems.AMNESIA_BONE.get()))
                                                                          ^
/home/aptd/DoggyTalentsNext/src/main/java/doggytalents/common/network/packet/ForceClearKillStatsPacket.java:43: error: no suitable method found for addCooldown(Item,int)
        sender.getCooldowns().addCooldown(DoggyItems.AMNESIA_BONE.get(), 20);
                             ^
    method ItemCooldowns.addCooldown(ItemStack,int) is not applicable
      (argument mismatch; Item cannot be converted to ItemStack)
    method ItemCooldowns.addCooldown(Identifier,int) is not applicable
      (argument mismatch; Item cannot be converted to Identifier)
/home/aptd/DoggyTalentsNext/src/main/java/doggytalents/common/network/packet/CarryMePacket.java:29: error: incompatible types: WhistleItem cannot be converted to ItemStack
        if (owner.getCooldowns().isOnCooldown(DoggyItems.WHISTLE.get()))
                                                                    ^
/home/aptd/DoggyTalentsNext/src/main/java/doggytalents/common/network/packet/CarryMePacket.java:43: error: random has protected access in Level
            owner.level().playSound(null, owner.blockPosition(), DoggySounds.WHISTLE_LONG.get(), SoundSource.PLAYERS, 0.6F + owner.level().random.nextFloat() * 0.1F, 0.4F + owner.level().random.nextFloat() * 0.2F);
                                                                                                                                          ^
/home/aptd/DoggyTalentsNext/src/main/java/doggytalents/common/network/packet/CarryMePacket.java:43: error: random has protected access in Level
            owner.level().playSound(null, owner.blockPosition(), DoggySounds.WHISTLE_LONG.get(), SoundSource.PLAYERS, 0.6F + owner.level().random.nextFloat() * 0.1F, 0.4F + owner.level().random.nextFloat() * 0.2F);
                                                                                                                                                                                          ^
/home/aptd/DoggyTalentsNext/src/main/java/doggytalents/common/network/packet/CarryMePacket.java:45: error: no suitable method found for addCooldown(WhistleItem,int)
        owner.getCooldowns().addCooldown(DoggyItems.WHISTLE.get(), 20);
                            ^
    method ItemCooldowns.addCooldown(ItemStack,int) is not applicable
      (argument mismatch; WhistleItem cannot be converted to ItemStack)
    method ItemCooldowns.addCooldown(Identifier,int) is not applicable
      (argument mismatch; WhistleItem cannot be converted to Identifier)
/home/aptd/DoggyTalentsNext/src/main/java/doggytalents/common/network/packet/AllStandSwitchModePacket.java:41: error: incompatible types: WhistleItem cannot be converted to ItemStack
            if (sender.getCooldowns().isOnCooldown(DoggyItems.WHISTLE.get())) return;
                                                                         ^
/home/aptd/DoggyTalentsNext/src/main/java/doggytalents/common/network/packet/AllStandSwitchModePacket.java:64: error: random has protected access in Level
            sender.level().playSound(null, sender.blockPosition(), DoggySounds.WHISTLE_LONG.get(), SoundSource.PLAYERS, 0.6F + sender.level().random.nextFloat() * 0.1F, 0.4F + sender.level().random.nextFloat() * 0.2F);
                                                                                                                                             ^
/home/aptd/DoggyTalentsNext/src/main/java/doggytalents/common/network/packet/AllStandSwitchModePacket.java:64: error: random has protected access in Level
            sender.level().playSound(null, sender.blockPosition(), DoggySounds.WHISTLE_LONG.get(), SoundSource.PLAYERS, 0.6F + sender.level().random.nextFloat() * 0.1F, 0.4F + sender.level().random.nextFloat() * 0.2F);
                                                                                                                                                                                              ^
/home/aptd/DoggyTalentsNext/src/main/java/doggytalents/common/network/packet/AllStandSwitchModePacket.java:72: error: no suitable method found for addCooldown(WhistleItem,int)
            sender.getCooldowns().addCooldown(DoggyItems.WHISTLE.get(), 40);    
                                 ^
    method ItemCooldowns.addCooldown(ItemStack,int) is not applicable
      (argument mismatch; WhistleItem cannot be converted to ItemStack)
    method ItemCooldowns.addCooldown(Identifier,int) is not applicable
      (argument mismatch; WhistleItem cannot be converted to Identifier)
/home/aptd/DoggyTalentsNext/src/main/java/doggytalents/common/network/packet/DogDeTrainPacket.java:36: error: incompatible types: Item cannot be converted to ItemStack
        if (sender.getCooldowns().isOnCooldown(DoggyItems.AMNESIA_BONE.get())) return;
                                                                          ^
/home/aptd/DoggyTalentsNext/src/main/java/doggytalents/common/network/packet/DogDeTrainPacket.java:48: error: cannot find symbol
            sender.hasPermissions(Constants.OPERATOR_PERMISSION)
                  ^
  symbol:   method hasPermissions(int)
  location: variable sender of type ServerPlayer
/home/aptd/DoggyTalentsNext/src/main/java/doggytalents/common/network/packet/DogDeTrainPacket.java:56: error: no suitable method found for addCooldown(Item,int)
        sender.getCooldowns().addCooldown(DoggyItems.AMNESIA_BONE.get(), 20);
                             ^
    method ItemCooldowns.addCooldown(ItemStack,int) is not applicable
      (argument mismatch; Item cannot be converted to ItemStack)
    method ItemCooldowns.addCooldown(Identifier,int) is not applicable
      (argument mismatch; Item cannot be converted to Identifier)
/home/aptd/DoggyTalentsNext/src/main/java/doggytalents/common/network/packet/WhistleEditHotKeyPacket.java:44: error: cannot find symbol
            if (keyarr.length != 4) {
                      ^
  symbol:   variable length
  location: variable keyarr of type Optional<int[]>
/home/aptd/DoggyTalentsNext/src/main/java/doggytalents/common/network/packet/WhistleEditHotKeyPacket.java:49: error: cannot find symbol
            if (data.hotkey_id >= keyarr.length) return;
                                        ^
  symbol:   variable length
  location: variable keyarr of type Optional<int[]>
/home/aptd/DoggyTalentsNext/src/main/java/doggytalents/common/network/packet/WhistleEditHotKeyPacket.java:53: error: for-each not applicable to expression type
            for (int i : keyarr) {
                         ^
  required: array or java.lang.Iterable
  found:    Optional<int[]>
/home/aptd/DoggyTalentsNext/src/main/java/doggytalents/common/network/packet/WhistleEditHotKeyPacket.java:57: error: array required, but Optional<int[]> found
            keyarr[data.hotkey_id] = data.new_mode_id;
                  ^
/home/aptd/DoggyTalentsNext/src/main/java/doggytalents/common/network/packet/WhistleEditHotKeyPacket.java:58: error: incompatible types: Optional<int[]> cannot be converted to int[]
            tag.putIntArray("hotkey_modes", keyarr);
                                            ^
/home/aptd/DoggyTalentsNext/src/main/java/doggytalents/common/network/packet/WhistleUsePacket.java:40: error: incompatible types: WhistleItem cannot be converted to ItemStack
            if (player.getCooldowns().isOnCooldown(whistle)) return;
                                                   ^
/home/aptd/DoggyTalentsNext/src/main/java/doggytalents/common/network/packet/DogMigrateOwnerPacket.java:40: error: incompatible types: Item cannot be converted to ItemStack
        if (sender.getCooldowns().isOnCooldown(DoggyItems.AMNESIA_BONE.get())) return;
                                                                          ^
/home/aptd/DoggyTalentsNext/src/main/java/doggytalents/common/network/packet/DogMigrateOwnerPacket.java:51: error: cannot find symbol
        if (!tag.hasUUID("request_uuid")) {
                ^
  symbol:   method hasUUID(String)
  location: variable tag of type CompoundTag
/home/aptd/DoggyTalentsNext/src/main/java/doggytalents/common/network/packet/DogMigrateOwnerPacket.java:56: error: cannot find symbol
        var uuid = tag.getUUID("request_uuid");
                      ^
  symbol:   method getUUID(String)
  location: variable tag of type CompoundTag
/home/aptd/DoggyTalentsNext/src/main/java/doggytalents/common/network/packet/DogMigrateOwnerPacket.java:94: error: no suitable method found for addCooldown(Item,int)
        sender.getCooldowns().addCooldown(DoggyItems.AMNESIA_BONE.get(), 60);
                             ^
    method ItemCooldowns.addCooldown(ItemStack,int) is not applicable
      (argument mismatch; Item cannot be converted to ItemStack)
    method ItemCooldowns.addCooldown(Identifier,int) is not applicable
      (argument mismatch; Item cannot be converted to Identifier)
/home/aptd/DoggyTalentsNext/src/main/java/doggytalents/common/network/packet/ForceChangeOwnerPacket.java:32: error: cannot find symbol
        if (!sender.hasPermissions(Constants.OPERATOR_PERMISSION))
                   ^
  symbol:   method hasPermissions(int)
  location: variable sender of type ServerPlayer
/home/aptd/DoggyTalentsNext/src/main/java/doggytalents/common/network/packet/ForceChangeOwnerPacket.java:40: error: incompatible types: Item cannot be converted to ItemStack
        if (sender.getCooldowns().isOnCooldown(DoggyItems.AMNESIA_BONE.get()))
                                                                          ^
/home/aptd/DoggyTalentsNext/src/main/java/doggytalents/common/network/packet/ForceChangeOwnerPacket.java:52: error: no suitable method found for addCooldown(Item,int)
        sender.getCooldowns().addCooldown(DoggyItems.AMNESIA_BONE.get(), 40);
                             ^
    method ItemCooldowns.addCooldown(ItemStack,int) is not applicable
      (argument mismatch; Item cannot be converted to ItemStack)
    method ItemCooldowns.addCooldown(Identifier,int) is not applicable
      (argument mismatch; Item cannot be converted to Identifier)
/home/aptd/DoggyTalentsNext/src/main/java/doggytalents/common/network/packet/ConductingBonePackets.java:158: error: incompatible types: Item cannot be converted to ItemStack
                    if (sender.getCooldowns().isOnCooldown(DoggyItems.CONDUCTING_BONE.get())) return;
                                                                                         ^
/home/aptd/DoggyTalentsNext/src/main/java/doggytalents/common/network/packet/ConductingBonePackets.java:181: error: no suitable method found for addCooldown(Item,int)
                    sender.getCooldowns().addCooldown(DoggyItems.CONDUCTING_BONE.get(), 20);
                                         ^
    method ItemCooldowns.addCooldown(ItemStack,int) is not applicable
      (argument mismatch; Item cannot be converted to ItemStack)
    method ItemCooldowns.addCooldown(Identifier,int) is not applicable
      (argument mismatch; Item cannot be converted to Identifier)
/home/aptd/DoggyTalentsNext/src/main/java/doggytalents/common/network/packet/HeelByNamePacket.java:45: error: incompatible types: WhistleItem cannot be converted to ItemStack
        if (owner.getCooldowns().isOnCooldown(DoggyItems.WHISTLE.get())) return;
                                                                    ^
/home/aptd/DoggyTalentsNext/src/main/java/doggytalents/common/network/packet/HeelByNamePacket.java:64: error: random has protected access in Level
        owner.level().playSound(null, owner.blockPosition(), DoggySounds.WHISTLE_LONG.get(), SoundSource.PLAYERS, 0.6F + owner.level().random.nextFloat() * 0.1F, 0.4F + owner.level().random.nextFloat() * 0.2F);
                                                                                                                                      ^
/home/aptd/DoggyTalentsNext/src/main/java/doggytalents/common/network/packet/HeelByNamePacket.java:64: error: random has protected access in Level
        owner.level().playSound(null, owner.blockPosition(), DoggySounds.WHISTLE_LONG.get(), SoundSource.PLAYERS, 0.6F + owner.level().random.nextFloat() * 0.1F, 0.4F + owner.level().random.nextFloat() * 0.2F);
                                                                                                                                                                                      ^
/home/aptd/DoggyTalentsNext/src/main/java/doggytalents/common/network/packet/HeelByNamePacket.java:66: error: no suitable method found for addCooldown(WhistleItem,int)
        owner.getCooldowns().addCooldown(DoggyItems.WHISTLE.get(), 20);
                            ^
    method ItemCooldowns.addCooldown(ItemStack,int) is not applicable
      (argument mismatch; WhistleItem cannot be converted to ItemStack)
    method ItemCooldowns.addCooldown(Identifier,int) is not applicable
      (argument mismatch; WhistleItem cannot be converted to Identifier)
/home/aptd/DoggyTalentsNext/src/main/java/doggytalents/common/network/packet/HeelByGroupPackets.java:149: error: incompatible types: WhistleItem cannot be converted to ItemStack
                if (sender.getCooldowns().isOnCooldown(DoggyItems.WHISTLE.get())) return;
                                                                             ^
/home/aptd/DoggyTalentsNext/src/main/java/doggytalents/common/network/packet/HeelByGroupPackets.java:179: error: random has protected access in Level
                sender.level().playSound(null, sender.blockPosition(), DoggySounds.WHISTLE_LONG.get(), SoundSource.PLAYERS, 0.6F + sender.level().random.nextFloat() * 0.1F, 0.4F + sender.level().random.nextFloat() * 0.2F);
                                                                                                                                                 ^
/home/aptd/DoggyTalentsNext/src/main/java/doggytalents/common/network/packet/HeelByGroupPackets.java:179: error: random has protected access in Level
                sender.level().playSound(null, sender.blockPosition(), DoggySounds.WHISTLE_LONG.get(), SoundSource.PLAYERS, 0.6F + sender.level().random.nextFloat() * 0.1F, 0.4F + sender.level().random.nextFloat() * 0.2F);
                                                                                                                                                                                                  ^
/home/aptd/DoggyTalentsNext/src/main/java/doggytalents/common/network/packet/HeelByGroupPackets.java:188: error: no suitable method found for addCooldown(WhistleItem,int)
                sender.getCooldowns().addCooldown(DoggyItems.WHISTLE.get(), 40);    
                                     ^
    method ItemCooldowns.addCooldown(ItemStack,int) is not applicable
      (argument mismatch; WhistleItem cannot be converted to ItemStack)
    method ItemCooldowns.addCooldown(Identifier,int) is not applicable
      (argument mismatch; WhistleItem cannot be converted to Identifier)
/home/aptd/DoggyTalentsNext/src/main/java/doggytalents/common/command/DoggyCommands.java:70: error: cannot find symbol
                    .requires(s -> s.hasPermission(Constants.OPERATOR_PERMISSION))
                                    ^
  symbol:   method hasPermission(int)
  location: variable s of type CommandSourceStack
/home/aptd/DoggyTalentsNext/src/main/java/doggytalents/common/command/DoggyCommands.java:405: error: cannot find symbol
        var dim_loc = dim == null ? null : dim.location(); 
                                              ^
  symbol:   method location()
  location: variable dim of type ResourceKey<Level>
/home/aptd/DoggyTalentsNext/src/main/java/doggytalents/common/command/DoggyCommands.java:405: error: cannot infer type for local variable dim_loc
        var dim_loc = dim == null ? null : dim.location(); 
            ^
  (variable initializer is 'null')
/home/aptd/DoggyTalentsNext/src/main/java/doggytalents/common/util/DebugUtil.java:38: error: constructor ChunkPos in record ChunkPos cannot be applied to given types;
            var chunk = new ChunkPos(entry.getLongKey());
                        ^
  required: int,int
  found:    long
  reason: actual and formal argument lists differ in length
/home/aptd/DoggyTalentsNext/src/main/java/doggytalents/common/util/TagUtil.java:15: error: cannot find symbol
        var tag = reg.getTag(key).orElse(null);
                     ^
  symbol:   method getTag(TagKey<T>)
  location: variable reg of type Registry<T>
  where T is a type-variable:
    T extends Object declared in method <T>queryAllValuesForTag(Registry<T>,TagKey<T>)
/home/aptd/DoggyTalentsNext/src/main/java/doggytalents/common/util/DogLocationStorageMigration.java:16: error: cannot find symbol
            newStorage = savedData.get(DogLocationStorage.storageFactory(), Constants.STORAGE_DOG_LOCATION);
                                                         ^
  symbol:   method storageFactory()
  location: class DogLocationStorage
/home/aptd/DoggyTalentsNext/src/main/java/doggytalents/common/util/DogLocationStorageMigration.java:23: error: cannot find symbol
            oldStorage = savedData.get(DogLocationStorage.storageFactory(), Constants.STORAGE_DOG_LOCATION_OLD);
                                                         ^
  symbol:   method storageFactory()
  location: class DogLocationStorage
/home/aptd/DoggyTalentsNext/src/main/java/doggytalents/common/util/DogLocationStorageMigration.java:30: error: method set in class SavedDataStorage cannot be applied to given types;
        savedData.set(Constants.STORAGE_DOG_LOCATION, oldStorage);
                 ^
  required: SavedDataType<T>,T
  found:    String,DogLocationStorage
  reason: cannot infer type-variable(s) T
    (argument mismatch; String cannot be converted to SavedDataType<T>)
  where T is a type-variable:
    T extends SavedData declared in method <T>set(SavedDataType<T>,T)
/home/aptd/DoggyTalentsNext/src/main/java/doggytalents/common/util/DogLocationStorageMigration.java:34: error: method set in class SavedDataStorage cannot be applied to given types;
        savedData.set(Constants.STORAGE_DOG_LOCATION_OLD, dummy);
                 ^
  required: SavedDataType<T>,T
  found:    String,DogLocationStorage
  reason: cannot infer type-variable(s) T
    (argument mismatch; String cannot be converted to SavedDataType<T>)
  where T is a type-variable:
    T extends SavedData declared in method <T>set(SavedDataType<T>,T)
/home/aptd/DoggyTalentsNext/src/main/java/doggytalents/common/util/NBTUtil.java:59: error: incompatible types: Optional<Long> cannot be converted to long
        return new UUID(compound.getLong(key + "Most"), compound.getLong(key + "Least"));
                                        ^
/home/aptd/DoggyTalentsNext/src/main/java/doggytalents/common/util/NBTUtil.java:80: error: incompatible types: Optional<String> cannot be converted to String
            return Identifier.tryParse(compound.getString(key));
                                                         ^
/home/aptd/DoggyTalentsNext/src/main/java/doggytalents/common/util/NBTUtil.java:114: error: incompatible types: Optional<String> cannot be converted to String
            return parseComponentJsonStr(compound.getString(key));
                                                           ^
/home/aptd/DoggyTalentsNext/src/main/java/doggytalents/common/util/NBTUtil.java:156: error: incompatible types: Optional<Reference<T>> cannot be converted to T
                return registry.get(rl);
                                   ^
  where T is a type-variable:
    T extends Object declared in method <T>getRegistryValue(CompoundTag,String,Registry<T>)
/home/aptd/DoggyTalentsNext/src/main/java/doggytalents/common/util/NBTUtil.java:226: error: cannot find symbol
            compound.put(key, stackIn.save(prov, new CompoundTag()));
                                     ^
  symbol:   method save(Provider,CompoundTag)
  location: variable stackIn of type ItemStack
/home/aptd/DoggyTalentsNext/src/main/java/doggytalents/common/util/NBTUtil.java:233: error: cannot find symbol
            return ItemStack.parse(prov, compound.getCompound(key)).orElse(ItemStack.EMPTY);
                            ^
  symbol:   method parse(Provider,Optional<CompoundTag>)
  location: class ItemStack
/home/aptd/DoggyTalentsNext/src/main/java/doggytalents/common/util/ItemUtil.java:34: warning: [removal] IItemHandler in net.neoforged.neoforge.items has been deprecated and marked for removal
    public static ContentOverview getContentOverview(IItemHandler inventory) {
                                                     ^
/home/aptd/DoggyTalentsNext/src/main/java/doggytalents/common/util/ItemUtil.java:37: warning: [removal] getSlots() in IItemHandler has been deprecated and marked for removal
        for (int i = 0; i < inventory.getSlots(); ++i) {
                                     ^
/home/aptd/DoggyTalentsNext/src/main/java/doggytalents/common/util/ItemUtil.java:38: warning: [removal] getStackInSlot(int) in IItemHandler has been deprecated and marked for removal
            var stack = inventory.getStackInSlot(i);
                                 ^
/home/aptd/DoggyTalentsNext/src/main/java/doggytalents/common/util/ItemUtil.java:119: error: cannot find symbol
        return stack.has(DataComponents.FIRE_RESISTANT);
                                       ^
  symbol:   variable FIRE_RESISTANT
  location: class DataComponents
/home/aptd/DoggyTalentsNext/src/main/java/doggytalents/common/util/ItemUtil.java:148: error: constructor DyedItemColor in record DyedItemColor cannot be applied to given types;
            new DyedItemColor(default_color, false)
            ^
  required: int
  found:    int,boolean
  reason: actual and formal argument lists differ in length
/home/aptd/DoggyTalentsNext/src/main/java/doggytalents/common/util/ItemUtil.java:153: error: constructor DyedItemColor in record DyedItemColor cannot be applied to given types;
        stack.set(DataComponents.DYED_COLOR, new DyedItemColor(color, true));
                                             ^
  required: int
  found:    int,boolean
  reason: actual and formal argument lists differ in length
/home/aptd/DoggyTalentsNext/src/main/java/doggytalents/common/util/ItemUtil.java:163: error: cannot find symbol
        return stack.getFoodProperties(null);
                    ^
  symbol:   method getFoodProperties(<null>)
  location: variable stack of type ItemStack
/home/aptd/DoggyTalentsNext/src/main/java/doggytalents/common/util/ItemUtil.java:172: error: cannot find symbol
        var reg = prov.registryOrThrow(Registries.ENCHANTMENT);
                      ^
  symbol:   method registryOrThrow(ResourceKey<Registry<Enchantment>>)
  location: variable prov of type RegistryAccess
/home/aptd/DoggyTalentsNext/src/main/java/doggytalents/common/util/dogpromise/chunk/DTNForcedChunkManager.java:22: error: cannot find symbol
        var tickets = accquiredChunkMap.computeIfAbsent(pos.toLong(), k -> new HashSet<>());
                                                           ^
  symbol:   method toLong()
  location: variable pos of type ChunkPos
/home/aptd/DoggyTalentsNext/src/main/java/doggytalents/common/util/dogpromise/chunk/DTNForcedChunkManager.java:29: error: cannot find symbol
        var tickets = accquiredChunkMap.get(pos.toLong());
                                               ^
  symbol:   method toLong()
  location: variable pos of type ChunkPos
/home/aptd/DoggyTalentsNext/src/main/java/doggytalents/common/util/dogpromise/promise/AbstractPromise.java:75: error: cannot find symbol
        boolean added = accquireds.add(pos.toLong());
                                          ^
  symbol:   method toLong()
  location: variable pos of type ChunkPos
/home/aptd/DoggyTalentsNext/src/main/java/doggytalents/common/util/dogpromise/promise/AbstractPromise.java:92: error: constructor ChunkPos in record ChunkPos cannot be applied to given types;
                DTNForcedChunkManager.dropChunk(source, this, new ChunkPos(chunk));
                                                              ^
  required: int,int
  found:    Long
  reason: actual and formal argument lists differ in length
/home/aptd/DoggyTalentsNext/src/main/java/doggytalents/common/util/dogpromise/promise/DogDistantTeleportToOwnerCrossDimensionPromise.java:90: error: cannot find symbol
        var dogafterTp = dog.changeDimension(getDogTransition(ownerLevel, dog, safePos));
                            ^
  symbol:   method changeDimension(TeleportTransition)
  location: variable dog of type Dog
/home/aptd/DoggyTalentsNext/src/main/java/doggytalents/common/util/dogpromise/promise/DogDistantTeleportToOwnerCrossDimensionPromise.java:104: error: cannot find symbol
            this.owner.sendSystemMessage(
                      ^
  symbol:   method sendSystemMessage(MutableComponent)
  location: variable owner of type LivingEntity
/home/aptd/DoggyTalentsNext/src/main/java/doggytalents/common/util/dogpromise/promise/DogDistantTeleportToOwnerCrossDimensionPromise.java:123: error: cannot find symbol
            this.owner.sendSystemMessage(
                      ^
  symbol:   method sendSystemMessage(MutableComponent)
  location: variable owner of type LivingEntity
/home/aptd/DoggyTalentsNext/src/main/java/doggytalents/common/util/dogpromise/promise/DogDistantTeleportToOwnerCrossDimensionPromise.java:155: error: constructor ChunkPos in record ChunkPos cannot be applied to given types;
        ChunkPos chunkpos = new ChunkPos(dogPos);
                            ^
  required: int,int
  found:    BlockPos
  reason: actual and formal argument lists differ in length
/home/aptd/DoggyTalentsNext/src/main/java/doggytalents/common/util/dogpromise/promise/DogDistantTeleportToOwnerCrossDimensionPromise.java:156: error: x has private access in ChunkPos
        if (this.dogLevel.hasChunk(chunkpos.x, chunkpos.z)) {
                                           ^
/home/aptd/DoggyTalentsNext/src/main/java/doggytalents/common/util/dogpromise/promise/DogDistantTeleportToOwnerCrossDimensionPromise.java:156: error: z has private access in ChunkPos
        if (this.dogLevel.hasChunk(chunkpos.x, chunkpos.z)) {
                                                       ^
/home/aptd/DoggyTalentsNext/src/main/java/doggytalents/common/util/dogpromise/promise/DogBatchTeleportToDimensionPromise.java:101: error: constructor ChunkPos in record ChunkPos cannot be applied to given types;
        var center = new ChunkPos(ownerPos);
                     ^
  required: int,int
  found:    BlockPos
  reason: actual and formal argument lists differ in length
/home/aptd/DoggyTalentsNext/src/main/java/doggytalents/common/util/dogpromise/promise/DogBatchTeleportToDimensionPromise.java:115: error: cannot find symbol
        dog0.changeDimension(getDogTransition(targetLevel, dog0, pos));
            ^
  symbol:   method changeDimension(TeleportTransition)
  location: variable dog0 of type Dog
/home/aptd/DoggyTalentsNext/src/main/java/doggytalents/common/util/dogpromise/promise/DogBatchTeleportToDimensionPromise.java:130: error: constructor ChunkPos in record ChunkPos cannot be applied to given types;
            var chunkpos = new ChunkPos(dog.blockPosition());
                           ^
  required: int,int
  found:    BlockPos
  reason: actual and formal argument lists differ in length
/home/aptd/DoggyTalentsNext/src/main/java/doggytalents/common/util/dogpromise/promise/DogDistantTeleportToBedPromise.java:56: error: constructor ChunkPos in record ChunkPos cannot be applied to given types;
        var chunkpos = new ChunkPos(bedPos);
                       ^
  required: int,int
  found:    BlockPos
  reason: actual and formal argument lists differ in length
/home/aptd/DoggyTalentsNext/src/main/java/doggytalents/common/util/dogpromise/promise/DogDistantTeleportToBedPromise.java:93: error: cannot find symbol
        dog.moveTo(b1.getX() + 0.5F, b1.getY(), b1.getZ() + 0.5F, dog.getYRot(), dog.getXRot());
           ^
  symbol:   method moveTo(float,int,float,float,float)
  location: variable dog of type Dog
/home/aptd/DoggyTalentsNext/src/main/java/doggytalents/common/util/dogpromise/promise/DogDistantTeleportToBedPromise.java:104: error: cannot find symbol
            owner.sendSystemMessage(
                 ^
  symbol:   method sendSystemMessage(MutableComponent)
  location: variable owner of type LivingEntity
/home/aptd/DoggyTalentsNext/src/main/java/doggytalents/common/util/dogpromise/promise/DogDistantTeleportToBedPromise.java:117: error: cannot find symbol
            owner.sendSystemMessage(
                 ^
  symbol:   method sendSystemMessage(MutableComponent)
  location: variable owner of type LivingEntity
/home/aptd/DoggyTalentsNext/src/main/java/doggytalents/common/util/dogpromise/promise/DogHoldChunkToTeleportPromise.java:56: error: constructor ChunkPos in record ChunkPos cannot be applied to given types;
            var chunkpos = new ChunkPos(dog.blockPosition());
                           ^
  required: int,int
  found:    BlockPos
  reason: actual and formal argument lists differ in length
/home/aptd/DoggyTalentsNext/src/main/java/doggytalents/common/util/dogpromise/promise/DogDistantTeleportToOwnerPromise.java:89: error: cannot find symbol
            this.owner.sendSystemMessage(
                      ^
  symbol:   method sendSystemMessage(MutableComponent)
  location: variable owner of type LivingEntity
/home/aptd/DoggyTalentsNext/src/main/java/doggytalents/common/util/dogpromise/promise/DogDistantTeleportToOwnerPromise.java:108: error: cannot find symbol
            this.owner.sendSystemMessage(
                      ^
  symbol:   method sendSystemMessage(MutableComponent)
  location: variable owner of type LivingEntity
/home/aptd/DoggyTalentsNext/src/main/java/doggytalents/common/util/dogpromise/promise/DogDistantTeleportToOwnerPromise.java:151: error: constructor ChunkPos in record ChunkPos cannot be applied to given types;
        ChunkPos chunkpos = new ChunkPos(dogPos);
                            ^
  required: int,int
  found:    BlockPos
  reason: actual and formal argument lists differ in length
/home/aptd/DoggyTalentsNext/src/main/java/doggytalents/common/util/dogpromise/promise/DogDistantTeleportToOwnerPromise.java:152: error: x has private access in ChunkPos
        if (this.level.hasChunk(chunkpos.x, chunkpos.z)) {
                                        ^
/home/aptd/DoggyTalentsNext/src/main/java/doggytalents/common/util/dogpromise/promise/DogDistantTeleportToOwnerPromise.java:152: error: z has private access in ChunkPos
        if (this.level.hasChunk(chunkpos.x, chunkpos.z)) {
                                                    ^
/home/aptd/DoggyTalentsNext/src/main/java/doggytalents/common/util/InventoryUtil.java:26: warning: [removal] IItemHandler in net.neoforged.neoforge.items has been deprecated and marked for removal
    public static Pair<ItemStack, Integer> findStack(IItemHandler source, Predicate<ItemStack> searchCriteria) {
                                                     ^
/home/aptd/DoggyTalentsNext/src/main/java/doggytalents/common/util/InventoryUtil.java:27: warning: [removal] getSlots() in IItemHandler has been deprecated and marked for removal
        for (int i = 0; i < source.getSlots(); i++) {
                                  ^
/home/aptd/DoggyTalentsNext/src/main/java/doggytalents/common/util/InventoryUtil.java:29: warning: [removal] getStackInSlot(int) in IItemHandler has been deprecated and marked for removal
            ItemStack stack = source.getStackInSlot(i);
                                    ^
/home/aptd/DoggyTalentsNext/src/main/java/doggytalents/common/util/InventoryUtil.java:38: warning: [removal] IItemHandlerModifiable in net.neoforged.neoforge.items has been deprecated and marked for removal
    public static void transferStacks(IItemHandlerModifiable source, IItemHandler target) {
                                      ^
/home/aptd/DoggyTalentsNext/src/main/java/doggytalents/common/util/InventoryUtil.java:38: warning: [removal] IItemHandler in net.neoforged.neoforge.items has been deprecated and marked for removal
    public static void transferStacks(IItemHandlerModifiable source, IItemHandler target) {
                                                                     ^
/home/aptd/DoggyTalentsNext/src/main/java/doggytalents/common/util/InventoryUtil.java:39: warning: [removal] getSlots() in IItemHandler has been deprecated and marked for removal
        for (int i = 0; i < source.getSlots(); i++) {
                                  ^
/home/aptd/DoggyTalentsNext/src/main/java/doggytalents/common/util/InventoryUtil.java:40: warning: [removal] getStackInSlot(int) in IItemHandler has been deprecated and marked for removal
            ItemStack stack = source.getStackInSlot(i);
                                    ^
/home/aptd/DoggyTalentsNext/src/main/java/doggytalents/common/util/InventoryUtil.java:45: warning: [removal] IItemHandler in net.neoforged.neoforge.items has been deprecated and marked for removal
    public static ItemStack addItem(IItemHandler target, ItemStack remaining) {
                                    ^
/home/aptd/DoggyTalentsNext/src/main/java/doggytalents/common/util/InventoryUtil.java:50: warning: [removal] getSlots() in IItemHandler has been deprecated and marked for removal
        for (int i = 0; i < target.getSlots(); i++) {
                                  ^
/home/aptd/DoggyTalentsNext/src/main/java/doggytalents/common/util/InventoryUtil.java:51: warning: [removal] getStackInSlot(int) in IItemHandler has been deprecated and marked for removal
            var stack = target.getStackInSlot(i);
                              ^
/home/aptd/DoggyTalentsNext/src/main/java/doggytalents/common/util/InventoryUtil.java:54: warning: [removal] isItemValid(int,ItemStack) in IItemHandler has been deprecated and marked for removal
            if (target.isItemValid(i, remaining)) {
                      ^
/home/aptd/DoggyTalentsNext/src/main/java/doggytalents/common/util/InventoryUtil.java:55: warning: [removal] insertItem(int,ItemStack,boolean) in IItemHandler has been deprecated and marked for removal
                remaining = target.insertItem(i, remaining, false);
                                  ^
/home/aptd/DoggyTalentsNext/src/main/java/doggytalents/common/util/InventoryUtil.java:68: warning: [removal] getSlots() in IItemHandler has been deprecated and marked for removal
        for (int i = 0; i < target.getSlots(); i++) {
                                  ^
/home/aptd/DoggyTalentsNext/src/main/java/doggytalents/common/util/InventoryUtil.java:69: warning: [removal] isItemValid(int,ItemStack) in IItemHandler has been deprecated and marked for removal
            if (target.isItemValid(i, remaining)) {
                      ^
/home/aptd/DoggyTalentsNext/src/main/java/doggytalents/common/util/InventoryUtil.java:70: warning: [removal] insertItem(int,ItemStack,boolean) in IItemHandler has been deprecated and marked for removal
                remaining = target.insertItem(i, remaining, false);
                                  ^
/home/aptd/DoggyTalentsNext/src/main/java/doggytalents/common/util/InventoryUtil.java:81: warning: [removal] IItemHandler in net.neoforged.neoforge.items has been deprecated and marked for removal
    public static int calcRedstoneFromInventory(@Nullable IItemHandler inv) {
                                                          ^
/home/aptd/DoggyTalentsNext/src/main/java/doggytalents/common/util/InventoryUtil.java:88: warning: [removal] getSlots() in IItemHandler has been deprecated and marked for removal
           for (int j = 0; j < inv.getSlots(); ++j) {
                                  ^
/home/aptd/DoggyTalentsNext/src/main/java/doggytalents/common/util/InventoryUtil.java:89: warning: [removal] getStackInSlot(int) in IItemHandler has been deprecated and marked for removal
              ItemStack itemstack = inv.getStackInSlot(j);
                                       ^
/home/aptd/DoggyTalentsNext/src/main/java/doggytalents/common/util/InventoryUtil.java:91: warning: [removal] getSlotLimit(int) in IItemHandler has been deprecated and marked for removal
                 f += itemstack.getCount() / (float)Math.min(inv.getSlotLimit(j), itemstack.getMaxStackSize());
                                                                ^
/home/aptd/DoggyTalentsNext/src/main/java/doggytalents/common/util/InventoryUtil.java:96: warning: [removal] getSlots() in IItemHandler has been deprecated and marked for removal
           f = f / inv.getSlots();
                      ^
/home/aptd/DoggyTalentsNext/src/main/java/doggytalents/common/util/InventoryUtil.java:119: warning: [removal] ItemStackHandler in net.neoforged.neoforge.items has been deprecated and marked for removal
    public static int maxStackSizeWithContainer(ItemStackHandler container, int slot, ItemStack stack) {
                                                ^
/home/aptd/DoggyTalentsNext/src/main/java/doggytalents/common/util/NetworkUtil.java:84: error: cannot find symbol
        var reg = regBuf.registryAccess().registryOrThrow(regKey);
                                         ^
  symbol:   method registryOrThrow(ResourceKey<Registry<T>>)
  location: interface RegistryAccess
  where T is a type-variable:
    T extends Object declared in method <T>writeRegistryId(FriendlyByteBuf,ResourceKey<Registry<T>>,T)
/home/aptd/DoggyTalentsNext/src/main/java/doggytalents/common/util/NetworkUtil.java:91: error: cannot find symbol
        var reg = regBuf.registryAccess().registryOrThrow(regKey);
                                         ^
  symbol:   method registryOrThrow(ResourceKey<Registry<T>>)
  location: interface RegistryAccess
  where T is a type-variable:
    T extends Object declared in method <T>readRegistryId(FriendlyByteBuf,ResourceKey<Registry<T>>)
/home/aptd/DoggyTalentsNext/src/main/java/doggytalents/common/util/DogFoodUtil.java:31: error: cannot find symbol
            && stack.getFoodProperties(null) != null
                    ^
  symbol:   method getFoodProperties(<null>)
  location: variable stack of type ItemStack
/home/aptd/DoggyTalentsNext/src/main/java/doggytalents/common/util/DogFoodUtil.java:39: warning: [removal] ItemStackHandler in net.neoforged.neoforge.items has been deprecated and marked for removal
    public static int dogFindFoodInInv(Dog dog, boolean findHealingFood, ItemStackHandler inv) {
                                                                         ^
/home/aptd/DoggyTalentsNext/src/main/java/doggytalents/common/util/DogFoodUtil.java:44: warning: [removal] ItemStackHandler in net.neoforged.neoforge.items has been deprecated and marked for removal
        Dog target, boolean findHealingFood, ItemStackHandler inv) {
                                             ^
/home/aptd/DoggyTalentsNext/src/main/java/doggytalents/common/util/DogFoodUtil.java:55: warning: [removal] ItemStackHandler in net.neoforged.neoforge.items has been deprecated and marked for removal
    public static int dogFindBestDogEddibleFood(Dog finder, Dog target, boolean findHealingFood, ItemStackHandler inv) {
                                                                                                 ^
/home/aptd/DoggyTalentsNext/src/main/java/doggytalents/common/util/DogFoodUtil.java:97: warning: [removal] ItemStackHandler in net.neoforged.neoforge.items has been deprecated and marked for removal
    public static int dogFindMeatFood(Dog finder, Dog target, ItemStackHandler inv) {
                                                              ^
/home/aptd/DoggyTalentsNext/src/main/java/doggytalents/common/util/DogFoodUtil.java:121: warning: [removal] ItemStackHandler in net.neoforged.neoforge.items has been deprecated and marked for removal
        ItemStackHandler inv) {
        ^
/home/aptd/DoggyTalentsNext/src/main/java/doggytalents/common/util/DogFoodUtil.java:126: warning: [removal] ItemStackHandler in net.neoforged.neoforge.items has been deprecated and marked for removal
        boolean findHealingFood, ItemStackHandler inv) {
                                 ^
/home/aptd/DoggyTalentsNext/src/main/java/doggytalents/common/util/DogFoodUtil.java:144: warning: [removal] IItemHandlerModifiable in net.neoforged.neoforge.items has been deprecated and marked for removal
        AbstractDog dog, @Nullable Entity feeder, IItemHandlerModifiable inv) {
                                                  ^
/home/aptd/DoggyTalentsNext/src/main/java/doggytalents/common/util/DogFoodUtil.java:149: warning: [removal] getSlots() in IItemHandler has been deprecated and marked for removal
        for (int i = 0; i < inv.getSlots(); ++i) {
                               ^
/home/aptd/DoggyTalentsNext/src/main/java/doggytalents/common/util/DogFoodUtil.java:150: warning: [removal] getStackInSlot(int) in IItemHandler has been deprecated and marked for removal
            var stack = inv.getStackInSlot(i);
                           ^
/home/aptd/DoggyTalentsNext/src/main/java/doggytalents/common/util/DogFoodUtil.java:162: warning: [removal] getStackInSlot(int) in IItemHandler has been deprecated and marked for removal
        var feed_stack = inv.getStackInSlot(found_food_id).copy();
                            ^
/home/aptd/DoggyTalentsNext/src/main/java/doggytalents/common/util/EntityUtil.java:57: error: cannot find symbol
            entityIn.moveTo(x + 0.5F, y, z + 0.5F, entityIn.getYRot(), entityIn.getXRot());
                    ^
  symbol:   method moveTo(float,int,float,float,float)
  location: variable entityIn of type Mob
/home/aptd/DoggyTalentsNext/src/main/java/doggytalents/common/util/EntityUtil.java:95: error: cannot find symbol
        Iterator<ItemStack> heldItems = entity.getHandSlots().iterator();
                                              ^
  symbol:   method getHandSlots()
  location: variable entity of type LivingEntity
/home/aptd/DoggyTalentsNext/src/main/java/doggytalents/common/util/DogUtil.java:580: error: cannot find symbol
                var server = owner.getServer();
                                  ^
  symbol:   method getServer()
  location: variable owner of type ServerPlayer
/home/aptd/DoggyTalentsNext/src/main/java/doggytalents/common/util/DogUtil.java:606: error: constructor ChunkPos in record ChunkPos cannot be applied to given types;
        var chunkpos = new ChunkPos(bedPos.get());
                       ^
  required: int,int
  found:    BlockPos
  reason: actual and formal argument lists differ in length
/home/aptd/DoggyTalentsNext/src/main/java/doggytalents/common/util/DogUtil.java:642: error: cannot find symbol
        dog.moveTo(target.getX() + 0.5F, target.getY(), target.getZ() + 0.5F, dog.getYRot(), dog.getXRot());
           ^
  symbol:   method moveTo(float,int,float,float,float)
  location: variable dog of type Dog
/home/aptd/DoggyTalentsNext/src/main/java/doggytalents/common/util/DogUtil.java:656: error: cannot find symbol
        if (player != null && player.hasPermissions(Constants.OPERATOR_PERMISSION))
                                    ^
  symbol:   method hasPermissions(int)
  location: variable player of type Player
/home/aptd/DoggyTalentsNext/src/main/java/doggytalents/common/util/DogUtil.java:744: error: cannot find symbol
        case DANGER_POWDER_SNOW:
             ^
  symbol:   variable DANGER_POWDER_SNOW
  location: class DogUtil
/home/aptd/DoggyTalentsNext/src/main/java/doggytalents/common/util/DogUtil.java:746: error: cannot find symbol
        case DANGER_FIRE:
             ^
  symbol:   variable DANGER_FIRE
  location: class DogUtil
/home/aptd/DoggyTalentsNext/src/main/java/doggytalents/common/util/DogUtil.java:747: error: cannot find symbol
        case DAMAGE_FIRE:
             ^
  symbol:   variable DAMAGE_FIRE
  location: class DogUtil
/home/aptd/DoggyTalentsNext/src/main/java/doggytalents/common/util/DogUtil.java:748: error: cannot find symbol
        case DANGER_OTHER:
             ^
  symbol:   variable DANGER_OTHER
  location: class DogUtil
/home/aptd/DoggyTalentsNext/src/main/java/doggytalents/common/util/DogUtil.java:749: error: cannot find symbol
        case DAMAGE_OTHER:
             ^
  symbol:   variable DAMAGE_OTHER
  location: class DogUtil
/home/aptd/DoggyTalentsNext/src/main/java/doggytalents/common/util/DogUtil.java:751: error: cannot find symbol
        case DANGER_TRAPDOOR:
             ^
  symbol:   variable DANGER_TRAPDOOR
  location: class DogUtil
/home/aptd/DoggyTalentsNext/src/main/java/doggytalents/common/util/DogUtil.java:760: error: cannot find symbol
        return ArmorMaterials.ARMADILLO.value().repairIngredient()
                             ^
  symbol:   variable ARMADILLO
  location: interface ArmorMaterials
/home/aptd/DoggyTalentsNext/src/main/java/doggytalents/common/event/PackHandler.java:63: error: cannot find symbol
            .findResource(mod_path);
            ^
  symbol:   method findResource(String)
  location: interface IModFile
/home/aptd/DoggyTalentsNext/src/main/java/doggytalents/common/event/PackHandler.java:73: error: cannot find symbol
            BuiltInPackSource.fromName(
                             ^
  symbol:   method fromName((pack_info[...]path))
  location: class BuiltInPackSource
/home/aptd/DoggyTalentsNext/src/main/java/doggytalents/common/event/EventHandler.java:229: error: no suitable method found for create(Level)
        Dog dog = DoggyEntityTypes.DOG.get().create(level);
                                            ^
    method EntityType.create(ServerLevel,@org.jspecify.annotations.Nullable Consumer<Dog>,BlockPos,EntitySpawnReason,boolean,boolean) is not applicable
      (actual and formal argument lists differ in length)
    method EntityType.create(Level,EntitySpawnReason) is not applicable
      (actual and formal argument lists differ in length)
    method EntityType.create(ValueInput,Level,EntitySpawnReason) is not applicable
      (actual and formal argument lists differ in length)
    method EntityType.create(EntityType<?>,ValueInput,Level,EntitySpawnReason) is not applicable
      (actual and formal argument lists differ in length)
/home/aptd/DoggyTalentsNext/src/main/java/doggytalents/common/event/EventHandler.java:238: error: cannot find symbol
        dog.moveTo(wolf.getX(), wolf.getY(), wolf.getZ(), wolf.getYRot(), wolf.getXRot());
           ^
  symbol:   method moveTo(double,double,double,float,float)
  location: variable dog of type Dog
/home/aptd/DoggyTalentsNext/src/main/java/doggytalents/common/event/EventHandler.java:276: error: getVariant() has private access in Wolf
        var dog_variant = DogVariantUtil.fromVanila(wolf.getVariant().unwrapKey().orElse(WolfVariants.PALE));
                                                        ^
/home/aptd/DoggyTalentsNext/src/main/java/doggytalents/common/event/EventHandler.java:292: error: cannot find symbol
        if (!wolf.hasArmor())
                 ^
  symbol:   method hasArmor()
  location: variable wolf of type Wolf
/home/aptd/DoggyTalentsNext/src/main/java/doggytalents/common/event/EventHandler.java:340: error: cannot find symbol
        if (FMLEnvironment.dist == Dist.CLIENT) {
                          ^
  symbol:   variable dist
  location: class FMLEnvironment
/home/aptd/DoggyTalentsNext/src/main/java/doggytalents/common/event/EventHandler.java:424: error: random has protected access in Level
            level.random.nextFloat() * 0.2F);
                 ^
Note: Some input files use or override a deprecated API.
Note: Recompile with -Xlint:deprecation for details.
Note: Some input files use unchecked or unsafe operations.
Note: Recompile with -Xlint:unchecked for details.
Note: Some messages have been simplified; recompile with -Xdiags:verbose to get full output
703 errors
65 warnings

> Task :compileJava FAILED

[Incubating] Problems report is available at: file:///home/aptd/DoggyTalentsNext/build/reports/problems/problems-report.html

FAILURE: Build failed with an exception.

* What went wrong:
Execution failed for task ':compileJava'.
> Compilation failed; see the compiler output below.
  /home/aptd/DoggyTalentsNext/src/main/java/doggytalents/common/command/DoggyCommands.java:405: error: cannot infer type for local variable dim_loc
          var dim_loc = dim == null ? null : dim.location(); 
              ^
    (variable initializer is 'null')
  /home/aptd/DoggyTalentsNext/src/main/java/doggytalents/client/entity/render/layer/accessory/DefaultAccessoryRenderer.java:90: error: method renderColoredCutoutModel in class RenderLayer<S#2,M> cannot be applied to given types;
                  RenderLayer.renderColoredCutoutModel(dogModel, texture_rl, poseStack, buffer, packedLight, dog, ARGB.colorFromFloat(1, color[0], color[1], color[2]));
                             ^
    required: Model<? super S#1>,Identifier,PoseStack,SubmitNodeCollector,int,S#1,int,int
    found:    DogModel,Identifier,PoseStack,MultiBufferSource,int,Dog,int
    reason: cannot infer type-variable(s) S#1
      (actual and formal argument lists differ in length)
    where S#1,S#2,M are type-variables:
      S#1 extends LivingEntityRenderState declared in method <S#1>renderColoredCutoutModel(Model<? super S#1>,Identifier,PoseStack,SubmitNodeCollector,int,S#1,int,int)
      S#2 extends EntityRenderState declared in class RenderLayer
      M extends EntityModel<? super S#2> declared in class RenderLayer
  /home/aptd/DoggyTalentsNext/src/main/java/doggytalents/client/entity/render/layer/accessory/DefaultAccessoryRenderer.java:95: error: method renderColoredCutoutModel in class RenderLayer<S#2,M> cannot be applied to given types;
                  RenderLayer.renderColoredCutoutModel(dogModel, texture_rl, poseStack, buffer, packedLight, dog, 0xffffffff);
                             ^
    required: Model<? super S#1>,Identifier,PoseStack,SubmitNodeCollector,int,S#1,int,int
    found:    DogModel,Identifier,PoseStack,MultiBufferSource,int,Dog,int
    reason: cannot infer type-variable(s) S#1
      (actual and formal argument lists differ in length)
    where S#1,S#2,M are type-variables:
      S#1 extends LivingEntityRenderState declared in method <S#1>renderColoredCutoutModel(Model<? super S#1>,Identifier,PoseStack,SubmitNodeCollector,int,S#1,int,int)
      S#2 extends EntityRenderState declared in class RenderLayer
      M extends EntityModel<? super S#2> declared in class RenderLayer
  /home/aptd/DoggyTalentsNext/src/main/java/doggytalents/client/entity/render/layer/accessory/DefaultAccessoryRenderer.java:130: error: method renderColoredCutoutModel in class RenderLayer<S#2,M> cannot be applied to given types;
                  RenderLayer.renderColoredCutoutModel(dogModel, texture_rl, poseStack, buffer, packedLight, dog, ARGB.colorFromFloat(1, color[0], color[1], color[2]));
                             ^
    required: Model<? super S#1>,Identifier,PoseStack,SubmitNodeCollector,int,S#1,int,int
    found:    DogModel,Identifier,PoseStack,MultiBufferSource,int,Dog,int
    reason: cannot infer type-variable(s) S#1
      (actual and formal argument lists differ in length)
    where S#1,S#2,M are type-variables:
      S#1 extends LivingEntityRenderState declared in method <S#1>renderColoredCutoutModel(Model<? super S#1>,Identifier,PoseStack,SubmitNodeCollector,int,S#1,int,int)
      S#2 extends EntityRenderState declared in class RenderLayer
      M extends EntityModel<? super S#2> declared in class RenderLayer
  /home/aptd/DoggyTalentsNext/src/main/java/doggytalents/client/entity/render/layer/accessory/DefaultAccessoryRenderer.java:135: error: method renderColoredCutoutModel in class RenderLayer<S#2,M> cannot be applied to given types;
                  RenderLayer.renderColoredCutoutModel(dogModel, texture_rl, poseStack, buffer, packedLight, dog, 0xffffffff);
                             ^
    required: Model<? super S#1>,Identifier,PoseStack,SubmitNodeCollector,int,S#1,int,int
    found:    DogModel,Identifier,PoseStack,MultiBufferSource,int,Dog,int
    reason: cannot infer type-variable(s) S#1
      (actual and formal argument lists differ in length)
    where S#1,S#2,M are type-variables:
      S#1 extends LivingEntityRenderState declared in method <S#1>renderColoredCutoutModel(Model<? super S#1>,Identifier,PoseStack,SubmitNodeCollector,int,S#1,int,int)
      S#2 extends EntityRenderState declared in class RenderLayer
      M extends EntityModel<? super S#2> declared in class RenderLayer
  /home/aptd/DoggyTalentsNext/src/main/java/doggytalents/client/entity/render/layer/accessory/DefaultAccessoryRenderer.java:149: error: method renderColoredCutoutModel in class RenderLayer<S#2,M> cannot be applied to given types;
                  RenderLayer.renderColoredCutoutModel(hindLegDiffTextModel, texture_rl, poseStack, buffer, packedLight, dog, ARGB.colorFromFloat(1, color[0], color[1], color[2]));
                             ^
    required: Model<? super S#1>,Identifier,PoseStack,SubmitNodeCollector,int,S#1,int,int
    found:    DogFrontLegsSeperate,Identifier,PoseStack,MultiBufferSource,int,Dog,int
    reason: cannot infer type-variable(s) S#1
      (actual and formal argument lists differ in length)
    where S#1,S#2,M are type-variables:
      S#1 extends LivingEntityRenderState declared in method <S#1>renderColoredCutoutModel(Model<? super S#1>,Identifier,PoseStack,SubmitNodeCollector,int,S#1,int,int)
      S#2 extends EntityRenderState declared in class RenderLayer
      M extends EntityModel<? super S#2> declared in class RenderLayer
  /home/aptd/DoggyTalentsNext/src/main/java/doggytalents/client/entity/render/layer/accessory/DefaultAccessoryRenderer.java:154: error: method renderColoredCutoutModel in class RenderLayer<S#2,M> cannot be applied to given types;
                  RenderLayer.renderColoredCutoutModel(hindLegDiffTextModel, texture_rl, poseStack, buffer, packedLight, dog, 0xffffffff);
                             ^
    required: Model<? super S#1>,Identifier,PoseStack,SubmitNodeCollector,int,S#1,int,int
    found:    DogFrontLegsSeperate,Identifier,PoseStack,MultiBufferSource,int,Dog,int
    reason: cannot infer type-variable(s) S#1
      (actual and formal argument lists differ in length)
    where S#1,S#2,M are type-variables:
      S#1 extends LivingEntityRenderState declared in method <S#1>renderColoredCutoutModel(Model<? super S#1>,Identifier,PoseStack,SubmitNodeCollector,int,S#1,int,int)
      S#2 extends EntityRenderState declared in class RenderLayer
      M extends EntityModel<? super S#2> declared in class RenderLayer
  /home/aptd/DoggyTalentsNext/src/main/java/doggytalents/client/entity/render/layer/accessory/IncapacitatedRenderer.java:71: error: method renderTranslucentModel in class IncapacitatedRenderer cannot be applied to given types;
              renderTranslucentModel(dogModel, texture_rl, poseStack, buffer, packedLight, dog, 1.0F, 1.0F, 1.0F, alpha);
              ^
    required: EntityModel<T>,Identifier,PoseStack,MultiBufferSource,int,T,float,float,float,float
    found:    DogModel,Identifier,PoseStack,MultiBufferSource,int,Dog,float,float,float,float
    reason: inference variable T has incompatible bounds
      equality constraints: DogRenderState
      upper bounds: LivingEntity
    where T is a type-variable:
      T extends LivingEntity declared in method <T>renderTranslucentModel(EntityModel<T>,Identifier,PoseStack,MultiBufferSource,int,T,float,float,float,float)
  /home/aptd/DoggyTalentsNext/src/main/java/doggytalents/client/entity/render/layer/accessory/IncapacitatedRenderer.java:88: error: method renderTranslucentModel in class IncapacitatedRenderer cannot be applied to given types;
          renderTranslucentModel(dogModel, bandaid_texture_rl, poseStack, buffer, packedLight, dog, 1.0F, 1.0F, 1.0F, 1);
          ^
    required: EntityModel<T>,Identifier,PoseStack,MultiBufferSource,int,T,float,float,float,float
    found:    DogModel,Identifier,PoseStack,MultiBufferSource,int,Dog,float,float,float,int
    reason: inference variable T has incompatible bounds
      equality constraints: DogRenderState
      upper bounds: LivingEntity
    where T is a type-variable:
      T extends LivingEntity declared in method <T>renderTranslucentModel(EntityModel<T>,Identifier,PoseStack,MultiBufferSource,int,T,float,float,float,float)
  /home/aptd/DoggyTalentsNext/src/main/java/doggytalents/client/entity/render/layer/TorchDogRenderer.java:51: error: method renderColoredCutoutModel in class RenderLayer<S#2,M> cannot be applied to given types;
          RenderLayer.renderColoredCutoutModel(this.model, res, poseStack, buffer, renderLight, dog, 0xffffffff);
                     ^
    required: Model<? super S#1>,Identifier,PoseStack,SubmitNodeCollector,int,S#1,int,int
    found:    TorchDogModel,Identifier,PoseStack,MultiBufferSource,int,Dog,int
    reason: cannot infer type-variable(s) S#1
      (actual and formal argument lists differ in length)
    where S#1,S#2,M are type-variables:
      S#1 extends LivingEntityRenderState declared in method <S#1>renderColoredCutoutModel(Model<? super S#1>,Identifier,PoseStack,SubmitNodeCollector,int,S#1,int,int)
      S#2 extends EntityRenderState declared in class RenderLayer
      M extends EntityModel<? super S#2> declared in class RenderLayer
  /home/aptd/DoggyTalentsNext/src/main/java/doggytalents/client/entity/render/layer/DogMouthItemRenderer.java:93: error: method renderItem in class ItemInHandRenderer cannot be applied to given types;
          this.itemInHandRenderer.renderItem(dog, itemStack, ItemDisplayContext.GROUND, false, stack, bufferSource, packedLight);
                                 ^
    required: LivingEntity,ItemStack,ItemDisplayContext,PoseStack,SubmitNodeCollector,int
    found:    Dog,ItemStack,ItemDisplayContext,boolean,PoseStack,MultiBufferSource,int
    reason: actual and formal argument lists differ in length
  /home/aptd/DoggyTalentsNext/src/main/java/doggytalents/client/entity/render/layer/RescueDogRenderer.java:58: error: method renderColoredCutoutModel in class RenderLayer<S#2,M> cannot be applied to given types;
              RenderLayer.renderColoredCutoutModel(this.model, Resources.TALENT_RESCUE, poseStack, buffer, packedLight, dog, 0xffffffff);
                         ^
    required: Model<? super S#1>,Identifier,PoseStack,SubmitNodeCollector,int,S#1,int,int
    found:    DogRescueModel,Identifier,PoseStack,MultiBufferSource,int,Dog,int
    reason: cannot infer type-variable(s) S#1
      (actual and formal argument lists differ in length)
    where S#1,S#2,M are type-variables:
      S#1 extends LivingEntityRenderState declared in method <S#1>renderColoredCutoutModel(Model<? super S#1>,Identifier,PoseStack,SubmitNodeCollector,int,S#1,int,int)
      S#2 extends EntityRenderState declared in class RenderLayer
      M extends EntityModel<? super S#2> declared in class RenderLayer
  /home/aptd/DoggyTalentsNext/src/main/java/doggytalents/client/entity/render/layer/FisherDogRenderer.java:59: error: method renderColoredCutoutModel in class RenderLayer<S#2,M> cannot be applied to given types;
              RenderLayer.renderColoredCutoutModel(this.model, Resources.FISHER_HAT, poseStack, buffer, packedLight, dog, 0xffffffff);
                         ^
    required: Model<? super S#1>,Identifier,PoseStack,SubmitNodeCollector,int,S#1,int,int
    found:    FisherDogModel,Identifier,PoseStack,MultiBufferSource,int,Dog,int
    reason: cannot infer type-variable(s) S#1
      (actual and formal argument lists differ in length)
    where S#1,S#2,M are type-variables:
      S#1 extends LivingEntityRenderState declared in method <S#1>renderColoredCutoutModel(Model<? super S#1>,Identifier,PoseStack,SubmitNodeCollector,int,S#1,int,int)
      S#2 extends EntityRenderState declared in class RenderLayer
      M extends EntityModel<? super S#2> declared in class RenderLayer
  /home/aptd/DoggyTalentsNext/src/main/java/doggytalents/client/entity/render/layer/PackPuppyRenderer.java:53: error: method renderColoredCutoutModel in class RenderLayer<S#2,M> cannot be applied to given types;
              RenderLayer.renderColoredCutoutModel(this.model, Resources.TALENT_CHEST, poseStack, buffer, packedLight, dog, 0xffffffff);
                         ^
    required: Model<? super S#1>,Identifier,PoseStack,SubmitNodeCollector,int,S#1,int,int
    found:    DogBackpackModel,Identifier,PoseStack,MultiBufferSource,int,Dog,int
    reason: cannot infer type-variable(s) S#1
      (actual and formal argument lists differ in length)
    where S#1,S#2,M are type-variables:
      S#1 extends LivingEntityRenderState declared in method <S#1>renderColoredCutoutModel(Model<? super S#1>,Identifier,PoseStack,SubmitNodeCollector,int,S#1,int,int)
      S#2 extends EntityRenderState declared in class RenderLayer
      M extends EntityModel<? super S#2> declared in class RenderLayer
  /home/aptd/DoggyTalentsNext/src/main/java/doggytalents/client/debug/SODTunningScreen.java:217: error: method keyPressed in class Screen cannot be applied to given types;
          return super.keyPressed(keyCode, scanCode, modifier);
                      ^
    required: KeyEvent
    found:    int,int,int
    reason: actual and formal argument lists differ in length
  /home/aptd/DoggyTalentsNext/src/main/java/doggytalents/client/debug/SODTunningScreen.java:226: error: method keyReleased in interface ContainerEventHandler cannot be applied to given types;
          return super.keyReleased(keyCode, scanCode, modifier);
                      ^
    required: KeyEvent
    found:    int,int,int
    reason: actual and formal argument lists differ in length
  /home/aptd/DoggyTalentsNext/src/main/java/doggytalents/common/entity/accessory/Propellar.java:48: error: method getDescriptionId in class Item cannot be applied to given types;
              var desc_id = this.getDescriptionId(stack) + ".description";
                                ^
    required: no arguments
    found:    ItemStack
    reason: actual and formal argument lists differ in length
  /home/aptd/DoggyTalentsNext/src/main/java/doggytalents/common/entity/accessory/YetiGoose.java:47: error: method getDescriptionId in class Item cannot be applied to given types;
              var desc_id = this.getDescriptionId(stack) + ".description";
                                ^
    required: no arguments
    found:    ItemStack
    reason: actual and formal argument lists differ in length
  /home/aptd/DoggyTalentsNext/src/main/java/doggytalents/common/entity/ai/DogBreedGoal.java:74: error: method test in class TargetingConditions cannot be applied to given types;
          return breedPredicate.test(this.dog, dog) && this.dog.canMate(dog);
                               ^
    required: ServerLevel,LivingEntity,LivingEntity
    found:    Dog,Dog
    reason: actual and formal argument lists differ in length
  /home/aptd/DoggyTalentsNext/src/main/java/doggytalents/common/entity/ai/DogMeleeAttackGoal.java:365: error: method doHurtTarget in class Dog cannot be applied to given types;
           this.dog.doHurtTarget(target);
                   ^
    required: ServerLevel,Entity
    found:    LivingEntity
    reason: actual and formal argument lists differ in length
  /home/aptd/DoggyTalentsNext/src/main/java/doggytalents/common/entity/texture/DogAllowedSkinManager.java:127: error: method addListener in class SortedReloadListenerEvent cannot be applied to given types;
          event.addListener(getServer());
               ^
    required: Identifier,PreparableReloadListener
    found:    DogAllowedSkinManager
    reason: actual and formal argument lists differ in length
  /home/aptd/DoggyTalentsNext/src/main/java/doggytalents/common/item/OyakodonItem.java:34: error: method getDescriptionId in class Item cannot be applied to given types;
          var desc_id = this.getDescriptionId(stack) + ".description";
                            ^
    required: no arguments
    found:    ItemStack
    reason: actual and formal argument lists differ in length
  /home/aptd/DoggyTalentsNext/src/main/java/doggytalents/common/item/SoyPodsItem.java:27: error: method getDescriptionId in class Item cannot be applied to given types;
          var desc_id = this.getDescriptionId(stack) + ".description";
                            ^
    required: no arguments
    found:    ItemStack
    reason: actual and formal argument lists differ in length
  /home/aptd/DoggyTalentsNext/src/main/java/doggytalents/common/item/StarterBundleItem.java:74: error: method getDescriptionId in class Item cannot be applied to given types;
          var desc_id = this.getDescriptionId(stack) + ".description";
                            ^
    required: no arguments
    found:    ItemStack
    reason: actual and formal argument lists differ in length
  /home/aptd/DoggyTalentsNext/src/main/java/doggytalents/common/item/NattoItem.java:26: error: method getDescriptionId in class Item cannot be applied to given types;
          var desc_id = this.getDescriptionId(stack) + ".description";
                            ^
    required: no arguments
    found:    ItemStack
    reason: actual and formal argument lists differ in length
  /home/aptd/DoggyTalentsNext/src/main/java/doggytalents/common/item/FrisbeeDroolItem.java:24: error: method getDescriptionId in class Item cannot be applied to given types;
          var desc_id = this.getDescriptionId(stack) + ".description";
                            ^
    required: no arguments
    found:    ItemStack
    reason: actual and formal argument lists differ in length
  /home/aptd/DoggyTalentsNext/src/main/java/doggytalents/common/item/TofuItem.java:31: error: method getDescriptionId in class Item cannot be applied to given types;
          var desc_id = this.getDescriptionId(stack) + ".description";
                            ^
    required: no arguments
    found:    ItemStack
    reason: actual and formal argument lists differ in length
  /home/aptd/DoggyTalentsNext/src/main/java/doggytalents/common/item/PlagueDoctorMaskItem.java:24: error: method getDescriptionId in class Item cannot be applied to given types;
          var desc_id = this.getDescriptionId(stack) + ".description";
                            ^
    required: no arguments
    found:    ItemStack
    reason: actual and formal argument lists differ in length
  /home/aptd/DoggyTalentsNext/src/main/java/doggytalents/common/item/RiceBowlItem.java:36: error: method getDescriptionId in class Item cannot be applied to given types;
          var desc_id = this.getDescriptionId(stack) + ".description";
                            ^
    required: no arguments
    found:    ItemStack
    reason: actual and formal argument lists differ in length
  /home/aptd/DoggyTalentsNext/src/main/java/doggytalents/common/item/GyudonItem.java:35: error: method getDescriptionId in class Item cannot be applied to given types;
          var desc_id = this.getDescriptionId(stack) + ".description";
                            ^
    required: no arguments
    found:    ItemStack
    reason: actual and formal argument lists differ in length
  /home/aptd/DoggyTalentsNext/src/main/java/doggytalents/common/item/DoggyCharmItem.java:190: error: method getDescriptionId in class Item cannot be applied to given types;
          var desc_id = this.getDescriptionId(stack) + ".description";
                            ^
    required: no arguments
    found:    ItemStack
    reason: actual and formal argument lists differ in length
  /home/aptd/DoggyTalentsNext/src/main/java/doggytalents/common/item/HeadBandItem.java:28: error: method getDescriptionId in class Item cannot be applied to given types;
          var desc_id = this.getDescriptionId(stack) + ".description";
                            ^
    required: no arguments
    found:    ItemStack
    reason: actual and formal argument lists differ in length
  /home/aptd/DoggyTalentsNext/src/main/java/doggytalents/common/item/MisoSoupItem.java:35: error: method getDescriptionId in class Item cannot be applied to given types;
          var desc_id = this.getDescriptionId(stack) + ".description";
                            ^
    required: no arguments
    found:    ItemStack
    reason: actual and formal argument lists differ in length
  /home/aptd/DoggyTalentsNext/src/main/java/doggytalents/common/item/SoyPodsDriedItem.java:26: error: method getDescriptionId in class Item cannot be applied to given types;
          var desc_id = this.getDescriptionId(stack) + ".description";
                            ^
    required: no arguments
    found:    ItemStack
    reason: actual and formal argument lists differ in length
  /home/aptd/DoggyTalentsNext/src/main/java/doggytalents/common/item/BandaidItem.java:22: error: method getDescriptionId in class Item cannot be applied to given types;
          var desc_id = this.getDescriptionId(stack) + ".description";
                            ^
    required: no arguments
    found:    ItemStack
    reason: actual and formal argument lists differ in length
  /home/aptd/DoggyTalentsNext/src/main/java/doggytalents/common/item/DualDyableAccessoryItem.java:36: error: method appendHoverText in class Item cannot be applied to given types;
          super.appendHoverText(p_41421_, p_339594_, list, p_41424_);
               ^
    required: ItemStack,TooltipContext,TooltipDisplay,Consumer<Component>,TooltipFlag
    found:    ItemStack,TooltipContext,List<Component>,TooltipFlag
    reason: actual and formal argument lists differ in length
  /home/aptd/DoggyTalentsNext/src/main/java/doggytalents/common/item/DemonHornsItem.java:24: error: method getDescriptionId in class Item cannot be applied to given types;
          var desc_id = this.getDescriptionId(stack) + ".description";
                            ^
    required: no arguments
    found:    ItemStack
    reason: actual and formal argument lists differ in length
  /home/aptd/DoggyTalentsNext/src/main/java/doggytalents/common/item/HotDogAccessoryItem.java:37: error: method getDescriptionId in class Item cannot be applied to given types;
          var desc_id = this.getDescriptionId(stack) + ".description";
                            ^
    required: no arguments
    found:    ItemStack
    reason: actual and formal argument lists differ in length
  /home/aptd/DoggyTalentsNext/src/main/java/doggytalents/common/item/ChristmasHatItem.java:21: error: method getDescriptionId in class Item cannot be applied to given types;
          var desc_id = this.getDescriptionId(stack) + ".description";
                            ^
    required: no arguments
    found:    ItemStack
    reason: actual and formal argument lists differ in length
  /home/aptd/DoggyTalentsNext/src/main/java/doggytalents/common/item/TreatBagItem.java:134: error: method appendHoverText in class Item cannot be applied to given types;
          super.appendHoverText(stack, context, tooltip, flagIn);
               ^
    required: ItemStack,TooltipContext,TooltipDisplay,Consumer<Component>,TooltipFlag
    found:    ItemStack,TooltipContext,List<Component>,TooltipFlag
    reason: actual and formal argument lists differ in length
  /home/aptd/DoggyTalentsNext/src/main/java/doggytalents/common/item/FrisbeeItem.java:24: error: method getDescriptionId in class Item cannot be applied to given types;
          var desc_id = this.getDescriptionId(stack) + ".description";
                            ^
    required: no arguments
    found:    ItemStack
    reason: actual and formal argument lists differ in length
  /home/aptd/DoggyTalentsNext/src/main/java/doggytalents/common/item/BirthdayHatItem.java:24: error: method getDescriptionId in class Item cannot be applied to given types;
          var desc_id = this.getDescriptionId(stack) + ".description";
                            ^
    required: no arguments
    found:    ItemStack
    reason: actual and formal argument lists differ in length
  /home/aptd/DoggyTalentsNext/src/main/java/doggytalents/common/item/UncookedRiceBowlItem.java:22: error: method getDescriptionId in class Item cannot be applied to given types;
          var desc_id = this.getDescriptionId(stack) + ".description";
                            ^
    required: no arguments
    found:    ItemStack
    reason: actual and formal argument lists differ in length
  /home/aptd/DoggyTalentsNext/src/main/java/doggytalents/common/item/DyableBirthdayHatItem.java:33: error: method getDescriptionId in class Item cannot be applied to given types;
          var desc_id = this.getDescriptionId(stack) + ".description";
                            ^
    required: no arguments
    found:    ItemStack
    reason: actual and formal argument lists differ in length
  /home/aptd/DoggyTalentsNext/src/main/java/doggytalents/common/item/DualAccessoryItem.java:35: error: method appendHoverText in class Item cannot be applied to given types;
          super.appendHoverText(p_41421_, p_339594_, list, p_41424_);
               ^
    required: ItemStack,TooltipContext,TooltipDisplay,Consumer<Component>,TooltipFlag
    found:    ItemStack,TooltipContext,List<Component>,TooltipFlag
    reason: actual and formal argument lists differ in length
  /home/aptd/DoggyTalentsNext/src/main/java/doggytalents/common/item/SussySickleItem.java:33: error: method getDescriptionId in class Item cannot be applied to given types;
          var desc_id = this.getDescriptionId(stack) + ".description";
                            ^
    required: no arguments
    found:    ItemStack
    reason: actual and formal argument lists differ in length
  /home/aptd/DoggyTalentsNext/src/main/java/doggytalents/common/item/BunnyEarsItem.java:20: error: method getDescriptionId in class Item cannot be applied to given types;
          var desc_id = this.getDescriptionId(stack) + ".description";
                            ^
    required: no arguments
    found:    ItemStack
    reason: actual and formal argument lists differ in length
  /home/aptd/DoggyTalentsNext/src/main/java/doggytalents/common/item/DoggyContactsItem.java:25: error: method getDescriptionId in class Item cannot be applied to given types;
          var desc_id = this.getDescriptionId(stack) + ".description";
                            ^
    required: no arguments
    found:    ItemStack
    reason: actual and formal argument lists differ in length
  /home/aptd/DoggyTalentsNext/src/main/java/doggytalents/common/item/OnsenTamagoItem.java:26: error: method getDescriptionId in class Item cannot be applied to given types;
          var desc_id = this.getDescriptionId(stack) + ".description";
                            ^
    required: no arguments
    found:    ItemStack
    reason: actual and formal argument lists differ in length
  /home/aptd/DoggyTalentsNext/src/main/java/doggytalents/common/item/AmnesiaBoneItem.java:99: error: method getDescriptionId in class Item cannot be applied to given types;
          var desc_id = this.getDescriptionId(stack) + ".description";
                            ^
    required: no arguments
    found:    ItemStack
    reason: actual and formal argument lists differ in length
  /home/aptd/DoggyTalentsNext/src/main/java/doggytalents/common/item/MisoPasteItem.java:22: error: method getDescriptionId in class Item cannot be applied to given types;
          var desc_id = this.getDescriptionId(stack) + ".description";
                            ^
    required: no arguments
    found:    ItemStack
    reason: actual and formal argument lists differ in length
  /home/aptd/DoggyTalentsNext/src/main/java/doggytalents/common/item/SnorkelAccessoryItem.java:24: error: method getDescriptionId in class Item cannot be applied to given types;
          var desc_id = this.getDescriptionId(stack) + ".description";
                            ^
    required: no arguments
    found:    ItemStack
    reason: actual and formal argument lists differ in length
  /home/aptd/DoggyTalentsNext/src/main/java/doggytalents/common/item/NattoRiceItem.java:25: error: method getDescriptionId in class Item cannot be applied to given types;
          var desc_id = this.getDescriptionId(stack) + ".description";
                            ^
    required: no arguments
    found:    ItemStack
    reason: actual and formal argument lists differ in length
  /home/aptd/DoggyTalentsNext/src/main/java/doggytalents/common/item/ScentTreatItem.java:85: error: method getDescriptionId in class Item cannot be applied to given types;
          var desc_id = this.getDescriptionId(stack) + ".description";
                            ^
    required: no arguments
    found:    ItemStack
    reason: actual and formal argument lists differ in length
  /home/aptd/DoggyTalentsNext/src/main/java/doggytalents/common/item/RiceGrainsItem.java:72: error: method getDescriptionId in class Item cannot be applied to given types;
          var desc_id = this.getDescriptionId(stack) + ".description";
                            ^
    required: no arguments
    found:    ItemStack
    reason: actual and formal argument lists differ in length
  /home/aptd/DoggyTalentsNext/src/main/java/doggytalents/common/item/CrowWingsItem.java:24: error: method getDescriptionId in class Item cannot be applied to given types;
          var desc_id = this.getDescriptionId(stack) + ".description";
                            ^
    required: no arguments
    found:    ItemStack
    reason: actual and formal argument lists differ in length
  /home/aptd/DoggyTalentsNext/src/main/java/doggytalents/common/item/WitchHatItem.java:24: error: method getDescriptionId in class Item cannot be applied to given types;
          var desc_id = this.getDescriptionId(stack) + ".description";
                            ^
    required: no arguments
    found:    ItemStack
    reason: actual and formal argument lists differ in length
  /home/aptd/DoggyTalentsNext/src/main/java/doggytalents/common/item/EdamameItem.java:26: error: method getDescriptionId in class Item cannot be applied to given types;
          var desc_id = this.getDescriptionId(stack) + ".description";
                            ^
    required: no arguments
    found:    ItemStack
    reason: actual and formal argument lists differ in length
  /home/aptd/DoggyTalentsNext/src/main/java/doggytalents/common/item/GiantStickAccessoryItem.java:28: error: method getDescriptionId in class Item cannot be applied to given types;
          var desc_id = this.getDescriptionId(stack) + ".description";
                            ^
    required: no arguments
    found:    ItemStack
    reason: actual and formal argument lists differ in length
  /home/aptd/DoggyTalentsNext/src/main/java/doggytalents/common/item/DogPresentCostumeItem.java:22: error: method getDescriptionId in class Item cannot be applied to given types;
          var desc_id = this.getDescriptionId(stack) + ".description";
                            ^
    required: no arguments
    found:    ItemStack
    reason: actual and formal argument lists differ in length
  /home/aptd/DoggyTalentsNext/src/main/java/doggytalents/common/item/SakeItem.java:158: error: method getDescriptionId in class Item cannot be applied to given types;
          var desc_id = this.getDescriptionId(stack) + ".description";
                            ^
    required: no arguments
    found:    ItemStack
    reason: actual and formal argument lists differ in length
  /home/aptd/DoggyTalentsNext/src/main/java/doggytalents/common/item/LocatorOrbItem.java:29: error: method getDescriptionId in class Item cannot be applied to given types;
          var desc_id = this.getDescriptionId(stack) + ".description";
                            ^
    required: no arguments
    found:    ItemStack
    reason: actual and formal argument lists differ in length
  /home/aptd/DoggyTalentsNext/src/main/java/doggytalents/common/item/DeerAntlersItem.java:21: error: method getDescriptionId in class Item cannot be applied to given types;
          var desc_id = this.getDescriptionId(stack) + ".description";
                            ^
    required: no arguments
    found:    ItemStack
    reason: actual and formal argument lists differ in length
  /home/aptd/DoggyTalentsNext/src/main/java/doggytalents/common/item/OnigiriItem.java:28: error: method getDescriptionId in class Item cannot be applied to given types;
          var desc_id = this.getDescriptionId(stack) + ".description";
                            ^
    required: no arguments
    found:    ItemStack
    reason: actual and formal argument lists differ in length
  /home/aptd/DoggyTalentsNext/src/main/java/doggytalents/common/item/AburaageItem.java:28: error: method getDescriptionId in class Item cannot be applied to given types;
          var desc_id = this.getDescriptionId(stack) + ".description";
                            ^
    required: no arguments
    found:    ItemStack
    reason: actual and formal argument lists differ in length
  /home/aptd/DoggyTalentsNext/src/main/java/doggytalents/common/item/GoldenAFiveWagyuItem.java:34: error: method getDescriptionId in class Item cannot be applied to given types;
          var desc_id = this.getDescriptionId(stack) + ".description";
                            ^
    required: no arguments
    found:    ItemStack
    reason: actual and formal argument lists differ in length
  /home/aptd/DoggyTalentsNext/src/main/java/doggytalents/common/item/EggSandwichItem.java:26: error: method getDescriptionId in class Item cannot be applied to given types;
          var desc_id = this.getDescriptionId(stack) + ".description";
                            ^
    required: no arguments
    found:    ItemStack
    reason: actual and formal argument lists differ in length
  /home/aptd/DoggyTalentsNext/src/main/java/doggytalents/common/item/EdamameUnpoddedItem.java:28: error: method getDescriptionId in class Item cannot be applied to given types;
          var desc_id = this.getDescriptionId(stack) + ".description";
                            ^
    required: no arguments
    found:    ItemStack
    reason: actual and formal argument lists differ in length
  /home/aptd/DoggyTalentsNext/src/main/java/doggytalents/common/util/DebugUtil.java:38: error: constructor ChunkPos in record ChunkPos cannot be applied to given types;
              var chunk = new ChunkPos(entry.getLongKey());
                          ^
    required: int,int
    found:    long
    reason: actual and formal argument lists differ in length
  /home/aptd/DoggyTalentsNext/src/main/java/doggytalents/common/util/DogLocationStorageMigration.java:30: error: method set in class SavedDataStorage cannot be applied to given types;
          savedData.set(Constants.STORAGE_DOG_LOCATION, oldStorage);
                   ^
    required: SavedDataType<T>,T
    found:    String,DogLocationStorage
    reason: cannot infer type-variable(s) T
      (argument mismatch; String cannot be converted to SavedDataType<T>)
    where T is a type-variable:
      T extends SavedData declared in method <T>set(SavedDataType<T>,T)
  /home/aptd/DoggyTalentsNext/src/main/java/doggytalents/common/util/DogLocationStorageMigration.java:34: error: method set in class SavedDataStorage cannot be applied to given types;
          savedData.set(Constants.STORAGE_DOG_LOCATION_OLD, dummy);
                   ^
    required: SavedDataType<T>,T
    found:    String,DogLocationStorage
    reason: cannot infer type-variable(s) T
      (argument mismatch; String cannot be converted to SavedDataType<T>)
    where T is a type-variable:
      T extends SavedData declared in method <T>set(SavedDataType<T>,T)
  /home/aptd/DoggyTalentsNext/src/main/java/doggytalents/common/util/ItemUtil.java:148: error: constructor DyedItemColor in record DyedItemColor cannot be applied to given types;
              new DyedItemColor(default_color, false)
              ^
    required: int
    found:    int,boolean
    reason: actual and formal argument lists differ in length
  /home/aptd/DoggyTalentsNext/src/main/java/doggytalents/common/util/ItemUtil.java:153: error: constructor DyedItemColor in record DyedItemColor cannot be applied to given types;
          stack.set(DataComponents.DYED_COLOR, new DyedItemColor(color, true));
                                               ^
    required: int
    found:    int,boolean
    reason: actual and formal argument lists differ in length
  /home/aptd/DoggyTalentsNext/src/main/java/doggytalents/common/util/dogpromise/promise/AbstractPromise.java:92: error: constructor ChunkPos in record ChunkPos cannot be applied to given types;
                  DTNForcedChunkManager.dropChunk(source, this, new ChunkPos(chunk));
                                                                ^
    required: int,int
    found:    Long
    reason: actual and formal argument lists differ in length
  /home/aptd/DoggyTalentsNext/src/main/java/doggytalents/common/util/dogpromise/promise/DogDistantTeleportToOwnerCrossDimensionPromise.java:155: error: constructor ChunkPos in record ChunkPos cannot be applied to given types;
          ChunkPos chunkpos = new ChunkPos(dogPos);
                              ^
    required: int,int
    found:    BlockPos
    reason: actual and formal argument lists differ in length
  /home/aptd/DoggyTalentsNext/src/main/java/doggytalents/common/util/dogpromise/promise/DogBatchTeleportToDimensionPromise.java:101: error: constructor ChunkPos in record ChunkPos cannot be applied to given types;
          var center = new ChunkPos(ownerPos);
                       ^
    required: int,int
    found:    BlockPos
    reason: actual and formal argument lists differ in length
  /home/aptd/DoggyTalentsNext/src/main/java/doggytalents/common/util/dogpromise/promise/DogBatchTeleportToDimensionPromise.java:130: error: constructor ChunkPos in record ChunkPos cannot be applied to given types;
              var chunkpos = new ChunkPos(dog.blockPosition());
                             ^
    required: int,int
    found:    BlockPos
    reason: actual and formal argument lists differ in length
  /home/aptd/DoggyTalentsNext/src/main/java/doggytalents/common/util/dogpromise/promise/DogDistantTeleportToBedPromise.java:56: error: constructor ChunkPos in record ChunkPos cannot be applied to given types;
          var chunkpos = new ChunkPos(bedPos);
                         ^
    required: int,int
    found:    BlockPos
    reason: actual and formal argument lists differ in length
  /home/aptd/DoggyTalentsNext/src/main/java/doggytalents/common/util/dogpromise/promise/DogHoldChunkToTeleportPromise.java:56: error: constructor ChunkPos in record ChunkPos cannot be applied to given types;
              var chunkpos = new ChunkPos(dog.blockPosition());
                             ^
    required: int,int
    found:    BlockPos
    reason: actual and formal argument lists differ in length
  /home/aptd/DoggyTalentsNext/src/main/java/doggytalents/common/util/dogpromise/promise/DogDistantTeleportToOwnerPromise.java:151: error: constructor ChunkPos in record ChunkPos cannot be applied to given types;
          ChunkPos chunkpos = new ChunkPos(dogPos);
                              ^
    required: int,int
    found:    BlockPos
    reason: actual and formal argument lists differ in length
  /home/aptd/DoggyTalentsNext/src/main/java/doggytalents/common/util/DogUtil.java:606: error: constructor ChunkPos in record ChunkPos cannot be applied to given types;
          var chunkpos = new ChunkPos(bedPos.get());
                         ^
    required: int,int
    found:    BlockPos
    reason: actual and formal argument lists differ in length
  /home/aptd/DoggyTalentsNext/src/main/java/doggytalents/common/network/packet/WhistleEditHotKeyPacket.java:53: error: for-each not applicable to expression type
              for (int i : keyarr) {
                           ^
    required: array or java.lang.Iterable
    found:    Optional<int[]>
  /home/aptd/DoggyTalentsNext/src/main/java/doggytalents/client/screen/DogNewInfoScreen/widget/AccessoryStatusHover.java:51: error: no suitable method found for blit(Identifier,int,int,int,int,int,int)
          graphics.blit(Resources.STYLE_ADD_REMOVE, getX()+11, getY()+11, iX, 0, 9, 9);
                  ^
      method GuiGraphicsExtractor.blit(RenderPipeline,Identifier,int,int,float,float,int,int,int,int,int) is not applicable
        (actual and formal argument lists differ in length)
      method GuiGraphicsExtractor.blit(RenderPipeline,Identifier,int,int,float,float,int,int,int,int) is not applicable
        (actual and formal argument lists differ in length)
      method GuiGraphicsExtractor.blit(RenderPipeline,Identifier,int,int,float,float,int,int,int,int,int,int) is not applicable
        (actual and formal argument lists differ in length)
      method GuiGraphicsExtractor.blit(RenderPipeline,Identifier,int,int,float,float,int,int,int,int,int,int,int) is not applicable
        (actual and formal argument lists differ in length)
      method GuiGraphicsExtractor.blit(Identifier,int,int,int,int,float,float,float,float) is not applicable
        (actual and formal argument lists differ in length)
      method GuiGraphicsExtractor.blit(GpuTextureView,GpuSampler,int,int,int,int,float,float,float,float) is not applicable
        (actual and formal argument lists differ in length)
  /home/aptd/DoggyTalentsNext/src/main/java/doggytalents/client/screen/DogNewInfoScreen/element/MainButtonToolboxRowElement.java:63: error: no suitable method found for blit(Identifier,int,int,int,int,int,int)
                  graphics.blit(Resources.HAMBURGER, mX - 10, mY - 10, 0, 0, 20, 20);
                          ^
      method GuiGraphicsExtractor.blit(RenderPipeline,Identifier,int,int,float,float,int,int,int,int,int) is not applicable
        (actual and formal argument lists differ in length)
      method GuiGraphicsExtractor.blit(RenderPipeline,Identifier,int,int,float,float,int,int,int,int) is not applicable
        (actual and formal argument lists differ in length)
      method GuiGraphicsExtractor.blit(RenderPipeline,Identifier,int,int,float,float,int,int,int,int,int,int) is not applicable
        (actual and formal argument lists differ in length)
      method GuiGraphicsExtractor.blit(RenderPipeline,Identifier,int,int,float,float,int,int,int,int,int,int,int) is not applicable
        (actual and formal argument lists differ in length)
      method GuiGraphicsExtractor.blit(Identifier,int,int,int,int,float,float,float,float) is not applicable
        (actual and formal argument lists differ in length)
      method GuiGraphicsExtractor.blit(GpuTextureView,GpuSampler,int,int,int,int,float,float,float,float) is not applicable
        (actual and formal argument lists differ in length)
  /home/aptd/DoggyTalentsNext/src/main/java/doggytalents/client/screen/DogNewInfoScreen/element/view/TalentView/TalentInfoViewElement.java:621: error: no suitable method found for blit(Identifier,int,int,int,int,int,int,int,int,int)
          graphics.blit(DogStatusViewBoxElement.getKanjiDogLevel(this.dog), x, 
                  ^
      method GuiGraphicsExtractor.blit(RenderPipeline,Identifier,int,int,float,float,int,int,int,int) is not applicable
        (argument mismatch; Identifier cannot be converted to RenderPipeline)
      method GuiGraphicsExtractor.blit(GpuTextureView,GpuSampler,int,int,int,int,float,float,float,float) is not applicable
        (argument mismatch; Identifier cannot be converted to GpuTextureView)
  /home/aptd/DoggyTalentsNext/src/main/java/doggytalents/client/screen/DogNewInfoScreen/element/view/MainInfoView/DogStatusViewBoxElement.java:94: error: no suitable method found for blit(Identifier,int,int,int,int,int,int,int,int,int)
          graphics.blit(getKanjiDogLevel(this.dog), this.getRealX() + this.getSizeX()/2 - imgeSize/2, 
                  ^
      method GuiGraphicsExtractor.blit(RenderPipeline,Identifier,int,int,float,float,int,int,int,int) is not applicable
        (argument mismatch; Identifier cannot be converted to RenderPipeline)
      method GuiGraphicsExtractor.blit(GpuTextureView,GpuSampler,int,int,int,int,float,float,float,float) is not applicable
        (argument mismatch; Identifier cannot be converted to GpuTextureView)
  /home/aptd/DoggyTalentsNext/src/main/java/doggytalents/client/screen/DogNewInfoScreen/element/view/MainInfoView/DogStatusViewBoxElement.java:170: error: no suitable method found for blit(Identifier,int,int,int,int,int,int)
          graphics.blit(DogScreenOverlays.GUI_ICONS_LOCATION, pX, pY, 16, 0 ,9, 9);
                  ^
      method GuiGraphicsExtractor.blit(RenderPipeline,Identifier,int,int,float,float,int,int,int,int,int) is not applicable
        (actual and formal argument lists differ in length)
      method GuiGraphicsExtractor.blit(RenderPipeline,Identifier,int,int,float,float,int,int,int,int) is not applicable
        (actual and formal argument lists differ in length)
      method GuiGraphicsExtractor.blit(RenderPipeline,Identifier,int,int,float,float,int,int,int,int,int,int) is not applicable
        (actual and formal argument lists differ in length)
      method GuiGraphicsExtractor.blit(RenderPipeline,Identifier,int,int,float,float,int,int,int,int,int,int,int) is not applicable
        (actual and formal argument lists differ in length)
      method GuiGraphicsExtractor.blit(Identifier,int,int,int,int,float,float,float,float) is not applicable
        (actual and formal argument lists differ in length)
      method GuiGraphicsExtractor.blit(GpuTextureView,GpuSampler,int,int,int,int,float,float,float,float) is not applicable
        (actual and formal argument lists differ in length)
  /home/aptd/DoggyTalentsNext/src/main/java/doggytalents/client/screen/DogNewInfoScreen/element/view/MainInfoView/DogStatusViewBoxElement.java:171: error: no suitable method found for blit(Identifier,int,int,int,int,int,int)
          graphics.blit(DogScreenOverlays.GUI_ICONS_LOCATION, pX, pY, 16 + 36, 0 ,9, 9);
                  ^
      method GuiGraphicsExtractor.blit(RenderPipeline,Identifier,int,int,float,float,int,int,int,int,int) is not applicable
        (actual and formal argument lists differ in length)
      method GuiGraphicsExtractor.blit(RenderPipeline,Identifier,int,int,float,float,int,int,int,int) is not applicable
        (actual and formal argument lists differ in length)
      method GuiGraphicsExtractor.blit(RenderPipeline,Identifier,int,int,float,float,int,int,int,int,int,int) is not applicable
        (actual and formal argument lists differ in length)
      method GuiGraphicsExtractor.blit(RenderPipeline,Identifier,int,int,float,float,int,int,int,int,int,int,int) is not applicable
        (actual and formal argument lists differ in length)
      method GuiGraphicsExtractor.blit(Identifier,int,int,int,int,float,float,float,float) is not applicable
        (actual and formal argument lists differ in length)
      method GuiGraphicsExtractor.blit(GpuTextureView,GpuSampler,int,int,int,int,float,float,float,float) is not applicable
        (actual and formal argument lists differ in length)
  /home/aptd/DoggyTalentsNext/src/main/java/doggytalents/client/screen/DogNewInfoScreen/element/view/MainInfoView/DogStatusViewBoxElement.java:266: error: no suitable method found for blit(Identifier,int,int,int,int,int,int)
          graphics.blit(DogScreenOverlays.GUI_ICONS_LOCATION, x, y, 16 + 36, 27, 9, 9);
                  ^
      method GuiGraphicsExtractor.blit(RenderPipeline,Identifier,int,int,float,float,int,int,int,int,int) is not applicable
        (actual and formal argument lists differ in length)
      method GuiGraphicsExtractor.blit(RenderPipeline,Identifier,int,int,float,float,int,int,int,int) is not applicable
        (actual and formal argument lists differ in length)
      method GuiGraphicsExtractor.blit(RenderPipeline,Identifier,int,int,float,float,int,int,int,int,int,int) is not applicable
        (actual and formal argument lists differ in length)
      method GuiGraphicsExtractor.blit(RenderPipeline,Identifier,int,int,float,float,int,int,int,int,int,int,int) is not applicable
        (actual and formal argument lists differ in length)
      method GuiGraphicsExtractor.blit(Identifier,int,int,int,int,float,float,float,float) is not applicable
        (actual and formal argument lists differ in length)
      method GuiGraphicsExtractor.blit(GpuTextureView,GpuSampler,int,int,int,int,float,float,float,float) is not applicable
        (actual and formal argument lists differ in length)
  /home/aptd/DoggyTalentsNext/src/main/java/doggytalents/client/screen/DogNewInfoScreen/element/view/MainInfoView/DogStatusViewBoxElement.java:280: error: no suitable method found for blit(Identifier,int,int,int,int,int,int,int,int,int)
          graphics.blit(iconLoc, x, y, 0, 0, 0, imgeSize, imgeSize, imgeSize, imgeSize);
                  ^
      method GuiGraphicsExtractor.blit(RenderPipeline,Identifier,int,int,float,float,int,int,int,int) is not applicable
        (argument mismatch; Identifier cannot be converted to RenderPipeline)
      method GuiGraphicsExtractor.blit(GpuTextureView,GpuSampler,int,int,int,int,float,float,float,float) is not applicable
        (argument mismatch; Identifier cannot be converted to GpuTextureView)
  /home/aptd/DoggyTalentsNext/src/main/java/doggytalents/client/screen/DogNewInfoScreen/element/view/MainInfoView/GroupsListElement.java:182: error: no suitable method found for blit(Identifier,int,int,int,int,int,int)
              graphics.blit(Resources.STYLE_ADD_REMOVE, this.getX()+this.getWidth() - 4, getY()+this.getHeight() - 4, iX, 0, 9, 9);
                      ^
      method GuiGraphicsExtractor.blit(RenderPipeline,Identifier,int,int,float,float,int,int,int,int,int) is not applicable
        (actual and formal argument lists differ in length)
      method GuiGraphicsExtractor.blit(RenderPipeline,Identifier,int,int,float,float,int,int,int,int) is not applicable
        (actual and formal argument lists differ in length)
      method GuiGraphicsExtractor.blit(RenderPipeline,Identifier,int,int,float,float,int,int,int,int,int,int) is not applicable
        (actual and formal argument lists differ in length)
      method GuiGraphicsExtractor.blit(RenderPipeline,Identifier,int,int,float,float,int,int,int,int,int,int,int) is not applicable
        (actual and formal argument lists differ in length)
      method GuiGraphicsExtractor.blit(Identifier,int,int,int,int,float,float,float,float) is not applicable
        (actual and formal argument lists differ in length)
      method GuiGraphicsExtractor.blit(GpuTextureView,GpuSampler,int,int,int,int,float,float,float,float) is not applicable
        (actual and formal argument lists differ in length)
  /home/aptd/DoggyTalentsNext/src/main/java/doggytalents/client/screen/DogNewInfoScreen/element/view/MainInfoView/view/ArtifactsView/widget/ArtifactShowBox.java:76: error: no suitable method found for blit(Identifier,int,int,int,int,int,int)
          graphics.blit(Resources.STYLE_ADD_REMOVE, this.getX()+this.width - 2, getY()+this.height -2, iX, 0, 9, 9);
                  ^
      method GuiGraphicsExtractor.blit(RenderPipeline,Identifier,int,int,float,float,int,int,int,int,int) is not applicable
        (actual and formal argument lists differ in length)
      method GuiGraphicsExtractor.blit(RenderPipeline,Identifier,int,int,float,float,int,int,int,int) is not applicable
        (actual and formal argument lists differ in length)
      method GuiGraphicsExtractor.blit(RenderPipeline,Identifier,int,int,float,float,int,int,int,int,int,int) is not applicable
        (actual and formal argument lists differ in length)
      method GuiGraphicsExtractor.blit(RenderPipeline,Identifier,int,int,float,float,int,int,int,int,int,int,int) is not applicable
        (actual and formal argument lists differ in length)
      method GuiGraphicsExtractor.blit(Identifier,int,int,int,int,float,float,float,float) is not applicable
        (actual and formal argument lists differ in length)
      method GuiGraphicsExtractor.blit(GpuTextureView,GpuSampler,int,int,int,int,float,float,float,float) is not applicable
        (actual and formal argument lists differ in length)
  /home/aptd/DoggyTalentsNext/src/main/java/doggytalents/client/screen/DogNewInfoScreen/element/view/MainInfoView/view/ArtifactsView/widget/ArtifactHolder.java:56: error: no suitable method found for blit(Identifier,int,int,int,int,int,int)
          graphics.blit(Resources.STYLE_ADD_REMOVE, getX()+14, getY()+14, iX, 0, 9, 9);
                  ^
      method GuiGraphicsExtractor.blit(RenderPipeline,Identifier,int,int,float,float,int,int,int,int,int) is not applicable
        (actual and formal argument lists differ in length)
      method GuiGraphicsExtractor.blit(RenderPipeline,Identifier,int,int,float,float,int,int,int,int) is not applicable
        (actual and formal argument lists differ in length)
      method GuiGraphicsExtractor.blit(RenderPipeline,Identifier,int,int,float,float,int,int,int,int,int,int) is not applicable
        (actual and formal argument lists differ in length)
      method GuiGraphicsExtractor.blit(RenderPipeline,Identifier,int,int,float,float,int,int,int,int,int,int,int) is not applicable
        (actual and formal argument lists differ in length)
      method GuiGraphicsExtractor.blit(Identifier,int,int,int,int,float,float,float,float) is not applicable
        (actual and formal argument lists differ in length)
      method GuiGraphicsExtractor.blit(GpuTextureView,GpuSampler,int,int,int,int,float,float,float,float) is not applicable
        (actual and formal argument lists differ in length)
  /home/aptd/DoggyTalentsNext/src/main/java/doggytalents/client/screen/DogNewInfoScreen/element/view/MainInfoView/view/EditInfoView.java:390: error: no suitable method found for blit(Identifier,int,int,int,int,int,int)
                      graphics.blit(Resources.HAMBURGER, this.getX(), this.getY(), 20, 0, 20, 20);
                              ^
      method GuiGraphicsExtractor.blit(RenderPipeline,Identifier,int,int,float,float,int,int,int,int,int) is not applicable
        (actual and formal argument lists differ in length)
      method GuiGraphicsExtractor.blit(RenderPipeline,Identifier,int,int,float,float,int,int,int,int) is not applicable
        (actual and formal argument lists differ in length)
      method GuiGraphicsExtractor.blit(RenderPipeline,Identifier,int,int,float,float,int,int,int,int,int,int) is not applicable
        (actual and formal argument lists differ in length)
      method GuiGraphicsExtractor.blit(RenderPipeline,Identifier,int,int,float,float,int,int,int,int,int,int,int) is not applicable
        (actual and formal argument lists differ in length)
      method GuiGraphicsExtractor.blit(Identifier,int,int,int,int,float,float,float,float) is not applicable
        (actual and formal argument lists differ in length)
      method GuiGraphicsExtractor.blit(GpuTextureView,GpuSampler,int,int,int,int,float,float,float,float) is not applicable
        (actual and formal argument lists differ in length)
  /home/aptd/DoggyTalentsNext/src/main/java/doggytalents/client/screen/DogNewInfoScreen/element/view/StatsView/view/StatsGeneralView.java:39: error: no suitable method found for blit(Identifier,int,int,int,int,int,int)
          graphics.blit(DogScreenOverlays.GUI_ICONS_LOCATION, startX
                  ^
      method GuiGraphicsExtractor.blit(RenderPipeline,Identifier,int,int,float,float,int,int,int,int,int) is not applicable
        (actual and formal argument lists differ in length)
      method GuiGraphicsExtractor.blit(RenderPipeline,Identifier,int,int,float,float,int,int,int,int) is not applicable
        (actual and formal argument lists differ in length)
      method GuiGraphicsExtractor.blit(RenderPipeline,Identifier,int,int,float,float,int,int,int,int,int,int) is not applicable
        (actual and formal argument lists differ in length)
      method GuiGraphicsExtractor.blit(RenderPipeline,Identifier,int,int,float,float,int,int,int,int,int,int,int) is not applicable
        (actual and formal argument lists differ in length)
      method GuiGraphicsExtractor.blit(Identifier,int,int,int,int,float,float,float,float) is not applicable
        (actual and formal argument lists differ in length)
      method GuiGraphicsExtractor.blit(GpuTextureView,GpuSampler,int,int,int,int,float,float,float,float) is not applicable
        (actual and formal argument lists differ in length)
  /home/aptd/DoggyTalentsNext/src/main/java/doggytalents/client/screen/DogNewInfoScreen/element/view/StatsView/view/StatsGeneralView.java:41: error: no suitable method found for blit(Identifier,int,int,int,int,int,int)
          graphics.blit(DogScreenOverlays.GUI_ICONS_LOCATION, startX
                  ^
      method GuiGraphicsExtractor.blit(RenderPipeline,Identifier,int,int,float,float,int,int,int,int,int) is not applicable
        (actual and formal argument lists differ in length)
      method GuiGraphicsExtractor.blit(RenderPipeline,Identifier,int,int,float,float,int,int,int,int) is not applicable
        (actual and formal argument lists differ in length)
      method GuiGraphicsExtractor.blit(RenderPipeline,Identifier,int,int,float,float,int,int,int,int,int,int) is not applicable
        (actual and formal argument lists differ in length)
      method GuiGraphicsExtractor.blit(RenderPipeline,Identifier,int,int,float,float,int,int,int,int,int,int,int) is not applicable
        (actual and formal argument lists differ in length)
      method GuiGraphicsExtractor.blit(Identifier,int,int,int,int,float,float,float,float) is not applicable
        (actual and formal argument lists differ in length)
      method GuiGraphicsExtractor.blit(GpuTextureView,GpuSampler,int,int,int,int,float,float,float,float) is not applicable
        (actual and formal argument lists differ in length)
  /home/aptd/DoggyTalentsNext/src/main/java/doggytalents/client/screen/DogNewInfoScreen/element/view/StyleView/widget/AccessoryHolder.java:64: error: no suitable method found for blit(Identifier,int,int,int,int,int,int)
          graphics.blit(Resources.STYLE_ADD_REMOVE, getX()+14, getY()+14, iX, 0, 9, 9);
                  ^
      method GuiGraphicsExtractor.blit(RenderPipeline,Identifier,int,int,float,float,int,int,int,int,int) is not applicable
        (actual and formal argument lists differ in length)
      method GuiGraphicsExtractor.blit(RenderPipeline,Identifier,int,int,float,float,int,int,int,int) is not applicable
        (actual and formal argument lists differ in length)
      method GuiGraphicsExtractor.blit(RenderPipeline,Identifier,int,int,float,float,int,int,int,int,int,int) is not applicable
        (actual and formal argument lists differ in length)
      method GuiGraphicsExtractor.blit(RenderPipeline,Identifier,int,int,float,float,int,int,int,int,int,int,int) is not applicable
        (actual and formal argument lists differ in length)
      method GuiGraphicsExtractor.blit(Identifier,int,int,int,int,float,float,float,float) is not applicable
        (actual and formal argument lists differ in length)
      method GuiGraphicsExtractor.blit(GpuTextureView,GpuSampler,int,int,int,int,float,float,float,float) is not applicable
        (actual and formal argument lists differ in length)
  /home/aptd/DoggyTalentsNext/src/main/java/doggytalents/client/screen/DogNewInfoScreen/element/view/StyleView/view/SkinView/SkinView.java:227: error: no suitable method found for create(ClientLevel)
          var dog = DoggyEntityTypes.DOG.get().create(level);
                                              ^
      method EntityType.create(ServerLevel,@org.jspecify.annotations.Nullable Consumer<Dog>,BlockPos,EntitySpawnReason,boolean,boolean) is not applicable
        (actual and formal argument lists differ in length)
      method EntityType.create(Level,EntitySpawnReason) is not applicable
        (actual and formal argument lists differ in length)
      method EntityType.create(ValueInput,Level,EntitySpawnReason) is not applicable
        (actual and formal argument lists differ in length)
      method EntityType.create(EntityType<?>,ValueInput,Level,EntitySpawnReason) is not applicable
        (actual and formal argument lists differ in length)
  /home/aptd/DoggyTalentsNext/src/main/java/doggytalents/client/screen/DogNewInfoScreen/element/view/StyleView/view/SkinView/DogSkinElement.java:338: error: no suitable method found for blit(Identifier,int,int,int,int,int,int,int,int,int)
          graphics.blit(Resources.KANJI_MYSTERY_BKG, x - imgeSize/2, 
                  ^
      method GuiGraphicsExtractor.blit(RenderPipeline,Identifier,int,int,float,float,int,int,int,int) is not applicable
        (argument mismatch; Identifier cannot be converted to RenderPipeline)
      method GuiGraphicsExtractor.blit(GpuTextureView,GpuSampler,int,int,int,int,float,float,float,float) is not applicable
        (argument mismatch; Identifier cannot be converted to GpuTextureView)
  /home/aptd/DoggyTalentsNext/src/main/java/doggytalents/client/screen/DogNewInfoScreen/element/view/StyleView/view/SkinView/DogSkinElement.java:343: error: no suitable method found for blit(Identifier,int,int,int,int,int,int,int,int,int)
          graphics.blit(Resources.KANJI_MYSTERY, x - imgeSize/2, 
                  ^
      method GuiGraphicsExtractor.blit(RenderPipeline,Identifier,int,int,float,float,int,int,int,int) is not applicable
        (argument mismatch; Identifier cannot be converted to RenderPipeline)
      method GuiGraphicsExtractor.blit(GpuTextureView,GpuSampler,int,int,int,int,float,float,float,float) is not applicable
        (argument mismatch; Identifier cannot be converted to GpuTextureView)
  /home/aptd/DoggyTalentsNext/src/main/java/doggytalents/client/screen/FoodBowlScreen.java:40: error: no suitable method found for blit(Identifier,int,int,int,int,int,int)
          graphics.blit(Resources.GUI_FOOD_BOWL, x, y, 0, 0, this.imageWidth, this.imageHeight);
                  ^
      method GuiGraphicsExtractor.blit(RenderPipeline,Identifier,int,int,float,float,int,int,int,int,int) is not applicable
        (actual and formal argument lists differ in length)
      method GuiGraphicsExtractor.blit(RenderPipeline,Identifier,int,int,float,float,int,int,int,int) is not applicable
        (actual and formal argument lists differ in length)
      method GuiGraphicsExtractor.blit(RenderPipeline,Identifier,int,int,float,float,int,int,int,int,int,int) is not applicable
        (actual and formal argument lists differ in length)
      method GuiGraphicsExtractor.blit(RenderPipeline,Identifier,int,int,float,float,int,int,int,int,int,int,int) is not applicable
        (actual and formal argument lists differ in length)
      method GuiGraphicsExtractor.blit(Identifier,int,int,int,int,float,float,float,float) is not applicable
        (actual and formal argument lists differ in length)
      method GuiGraphicsExtractor.blit(GpuTextureView,GpuSampler,int,int,int,int,float,float,float,float) is not applicable
        (actual and formal argument lists differ in length)
  /home/aptd/DoggyTalentsNext/src/main/java/doggytalents/client/entity/model/misc/SamoyedPlushieModel.java:21: error: no suitable constructor found for EntityModel(no arguments)
  	public SamoyedPlushieModel(ModelPart box) {
  	                                          ^
      constructor EntityModel.EntityModel(ModelPart) is not applicable
        (actual and formal argument lists differ in length)
      constructor EntityModel.EntityModel(ModelPart,Function<Identifier,RenderType>) is not applicable
        (actual and formal argument lists differ in length)
  /home/aptd/DoggyTalentsNext/src/main/java/doggytalents/client/entity/model/misc/DogPlushieModel.java:20: error: no suitable constructor found for EntityModel(no arguments)
  	public DogPlushieModel(ModelPart box) {
  	                                      ^
      constructor EntityModel.EntityModel(ModelPart) is not applicable
        (actual and formal argument lists differ in length)
      constructor EntityModel.EntityModel(ModelPart,Function<Identifier,RenderType>) is not applicable
        (actual and formal argument lists differ in length)
  /home/aptd/DoggyTalentsNext/src/main/java/doggytalents/client/entity/model/misc/GrandPianoModel.java:22: error: no suitable constructor found for EntityModel(no arguments)
  	public GrandPianoModel(ModelPart root) {
  	                                       ^
      constructor EntityModel.EntityModel(ModelPart) is not applicable
        (actual and formal argument lists differ in length)
      constructor EntityModel.EntityModel(ModelPart,Function<Identifier,RenderType>) is not applicable
        (actual and formal argument lists differ in length)
  /home/aptd/DoggyTalentsNext/src/main/java/doggytalents/client/entity/model/misc/UprightPianoModel.java:21: error: no suitable constructor found for EntityModel(no arguments)
  	public UprightPianoModel(ModelPart root) {
  	                                         ^
      constructor EntityModel.EntityModel(ModelPart) is not applicable
        (actual and formal argument lists differ in length)
      constructor EntityModel.EntityModel(ModelPart,Function<Identifier,RenderType>) is not applicable
        (actual and formal argument lists differ in length)
  /home/aptd/DoggyTalentsNext/src/main/java/doggytalents/common/talent/FisherDogTalent.java:64: error: no suitable method found for spawnAtLocation(ItemStack)
          dogIn.spawnAtLocation(fishStack);
               ^
      method Entity.spawnAtLocation(ServerLevel,ItemLike) is not applicable
        (actual and formal argument lists differ in length)
      method Entity.spawnAtLocation(ServerLevel,ItemStack) is not applicable
        (actual and formal argument lists differ in length)
      method Entity.spawnAtLocation(ServerLevel,ItemStack,Vec3) is not applicable
        (actual and formal argument lists differ in length)
      method Entity.spawnAtLocation(ServerLevel,ItemStack,float) is not applicable
        (actual and formal argument lists differ in length)
  /home/aptd/DoggyTalentsNext/src/main/java/doggytalents/common/talent/SnifferDogTalent.java:213: error: no suitable method found for spawnAtLocation(ItemStack)
          dog.spawnAtLocation(retItem);
             ^
      method Entity.spawnAtLocation(ServerLevel,ItemLike) is not applicable
        (actual and formal argument lists differ in length)
      method Entity.spawnAtLocation(ServerLevel,ItemStack) is not applicable
        (actual and formal argument lists differ in length)
      method Entity.spawnAtLocation(ServerLevel,ItemStack,Vec3) is not applicable
        (actual and formal argument lists differ in length)
      method Entity.spawnAtLocation(ServerLevel,ItemStack,float) is not applicable
        (actual and formal argument lists differ in length)
  /home/aptd/DoggyTalentsNext/src/main/java/doggytalents/common/talent/BedDogTalent.java:88: error: no suitable method found for addCooldown(WhistleItem,int)
              player.getCooldowns().addCooldown(DoggyItems.WHISTLE.get(), 10);
                                   ^
      method ItemCooldowns.addCooldown(ItemStack,int) is not applicable
        (argument mismatch; WhistleItem cannot be converted to ItemStack)
      method ItemCooldowns.addCooldown(Identifier,int) is not applicable
        (argument mismatch; WhistleItem cannot be converted to Identifier)
  /home/aptd/DoggyTalentsNext/src/main/java/doggytalents/common/talent/doggy_tools/DogBridging.java:150: error: no suitable method found for addCooldown(WhistleItem,int)
              owner.getCooldowns().addCooldown(item, 20);
                                  ^
      method ItemCooldowns.addCooldown(ItemStack,int) is not applicable
        (argument mismatch; WhistleItem cannot be converted to ItemStack)
      method ItemCooldowns.addCooldown(Identifier,int) is not applicable
        (argument mismatch; WhistleItem cannot be converted to Identifier)
  /home/aptd/DoggyTalentsNext/src/main/java/doggytalents/common/talent/doggy_tools/DogBridging.java:168: error: no suitable method found for addCooldown(WhistleItem,int)
          owner.getCooldowns().addCooldown(item, 20);
                              ^
      method ItemCooldowns.addCooldown(ItemStack,int) is not applicable
        (argument mismatch; WhistleItem cannot be converted to ItemStack)
      method ItemCooldowns.addCooldown(Identifier,int) is not applicable
        (argument mismatch; WhistleItem cannot be converted to Identifier)
  /home/aptd/DoggyTalentsNext/src/main/java/doggytalents/common/storage/DogRespawnData.java:191: error: no suitable method found for create(ServerLevel)
          Dog dog = DoggyEntityTypes.DOG.get().create(worldIn);
                                              ^
      method EntityType.create(ServerLevel,@org.jspecify.annotations.Nullable Consumer<Dog>,BlockPos,EntitySpawnReason,boolean,boolean) is not applicable
        (actual and formal argument lists differ in length)
      method EntityType.create(Level,EntitySpawnReason) is not applicable
        (actual and formal argument lists differ in length)
      method EntityType.create(ValueInput,Level,EntitySpawnReason) is not applicable
        (actual and formal argument lists differ in length)
      method EntityType.create(EntityType<?>,ValueInput,Level,EntitySpawnReason) is not applicable
        (actual and formal argument lists differ in length)
  /home/aptd/DoggyTalentsNext/src/main/java/doggytalents/common/data/DTNDatapackProvider.java:37: error: no suitable method found for shaped(RecipeCategory,Item,int)
                  ShapedRecipeBuilder.shaped(RecipeCategory.TOOLS, DoggyItems.CONDUCTING_BONE.get(), 1)
                                     ^
      method ShapedRecipeBuilder.shaped(HolderGetter<Item>,RecipeCategory,ItemLike) is not applicable
        (argument mismatch; RecipeCategory cannot be converted to HolderGetter<Item>)
      method ShapedRecipeBuilder.shaped(HolderGetter<Item>,RecipeCategory,ItemStackTemplate) is not applicable
        (argument mismatch; RecipeCategory cannot be converted to HolderGetter<Item>)
  /home/aptd/DoggyTalentsNext/src/main/java/doggytalents/common/data/DTNDatapackProvider.java:72: error: no suitable method found for has(ItemLike)
                      return RecipeProvider.has(item);
                                           ^
      method RecipeProvider.has(ItemLike) is not applicable
        (has(ItemLike) has protected access in RecipeProvider)
      method RecipeProvider.has(TagKey<Item>) is not applicable
        (argument mismatch; ItemLike cannot be converted to TagKey<Item>)
  /home/aptd/DoggyTalentsNext/src/main/java/doggytalents/common/data/DTAdvancementProvider.java:81: error: no suitable method found for of(EntityType<Wolf>)
                                          .of(EntityType.WOLF)
                                          ^
      method Builder.of(HolderGetter<EntityType<?>>,EntityType<?>) is not applicable
        (actual and formal argument lists differ in length)
      method Builder.of(HolderGetter<EntityType<?>>,TagKey<EntityType<?>>) is not applicable
        (actual and formal argument lists differ in length)
  /home/aptd/DoggyTalentsNext/src/main/java/doggytalents/common/data/DTLootModifierProvider.java:85: error: no suitable method found for of(EntityType<Dog>)
                      EntityPredicate.Builder.entity().of(
                                                      ^
      method Builder.of(HolderGetter<EntityType<?>>,EntityType<?>) is not applicable
        (actual and formal argument lists differ in length)
      method Builder.of(HolderGetter<EntityType<?>>,TagKey<EntityType<?>>) is not applicable
        (actual and formal argument lists differ in length)
  /home/aptd/DoggyTalentsNext/src/main/java/doggytalents/common/data/DTLootModifierProvider.java:93: error: no suitable method found for of(TagKey<EntityType<?>>)
                      EntityPredicate.Builder.entity().of(DoggyTags.DROP_SOY_WHEN_DOG_KILL)
                                                      ^
      method Builder.of(HolderGetter<EntityType<?>>,EntityType<?>) is not applicable
        (actual and formal argument lists differ in length)
      method Builder.of(HolderGetter<EntityType<?>>,TagKey<EntityType<?>>) is not applicable
        (actual and formal argument lists differ in length)
  /home/aptd/DoggyTalentsNext/src/main/java/doggytalents/common/entity/accessory/BunnyEars.java:50: error: no suitable method found for spawnAtLocation(ItemStack,float)
              dog.spawnAtLocation(new ItemStack(item), 0.0F);
                 ^
      method Entity.spawnAtLocation(ServerLevel,ItemLike) is not applicable
        (argument mismatch; ItemStack cannot be converted to ServerLevel)
      method Entity.spawnAtLocation(ServerLevel,ItemStack) is not applicable
        (argument mismatch; ItemStack cannot be converted to ServerLevel)
  /home/aptd/DoggyTalentsNext/src/main/java/doggytalents/common/entity/ai/DogLowHealthGoal.java:97: error: no suitable method found for spawnAtLocation(ItemStack,float)
                      this.dog.spawnAtLocation(fetchItem, 0.0F);
                              ^
      method Entity.spawnAtLocation(ServerLevel,ItemLike) is not applicable
        (argument mismatch; ItemStack cannot be converted to ServerLevel)
      method Entity.spawnAtLocation(ServerLevel,ItemStack) is not applicable
        (argument mismatch; ItemStack cannot be converted to ServerLevel)
  /home/aptd/DoggyTalentsNext/src/main/java/doggytalents/common/entity/ai/DogHungryGoal.java:93: error: no suitable method found for spawnAtLocation(ItemStack,float)
                  this.dog.spawnAtLocation(fetchItem, 0.0F);
                          ^
      method Entity.spawnAtLocation(ServerLevel,ItemLike) is not applicable
        (argument mismatch; ItemStack cannot be converted to ServerLevel)
      method Entity.spawnAtLocation(ServerLevel,ItemStack) is not applicable
        (argument mismatch; ItemStack cannot be converted to ServerLevel)
  /home/aptd/DoggyTalentsNext/src/main/java/doggytalents/common/entity/ai/BerserkerModeGoal.java:22: error: no suitable constructor found for NearestAttackableTargetGoal(Dog,Class<Mob>,boolean,(e)->{ if [...]ue; })
          super(dog, Mob.class, false , (e) -> {
          ^
      constructor NearestAttackableTargetGoal.NearestAttackableTargetGoal(Mob,Class<Mob>,boolean,Selector) is not applicable
        (argument mismatch; incompatible parameter types in lambda expression)
      constructor NearestAttackableTargetGoal.NearestAttackableTargetGoal(Mob,Class<Mob>,boolean,boolean) is not applicable
        (argument mismatch; boolean is not a functional interface)
  /home/aptd/DoggyTalentsNext/src/main/java/doggytalents/common/entity/ai/DogNearestToOwnerAttackableTargetGoal.java:38: error: no suitable method found for getNearestPlayer(TargetingConditions,Dog,double,double,double)
             this.target = owner.level().getNearestPlayer(this.targetConditions, this.dog, owner.getX(), owner.getEyeY(), owner.getZ());
                                        ^
      method EntityGetter.getNearestPlayer(double,double,double,double,@org.jspecify.annotations.Nullable Predicate<Entity>) is not applicable
        (argument mismatch; TargetingConditions cannot be converted to double)
      method EntityGetter.getNearestPlayer(double,double,double,double,boolean) is not applicable
        (argument mismatch; TargetingConditions cannot be converted to double)
  /home/aptd/DoggyTalentsNext/src/main/java/doggytalents/common/entity/ai/triggerable/DogFetchAction.java:148: error: no suitable method found for spawnAtLocation(ItemStack,float)
              this.dog.spawnAtLocation(fetchItem, 0.0F);
                      ^
      method Entity.spawnAtLocation(ServerLevel,ItemLike) is not applicable
        (argument mismatch; ItemStack cannot be converted to ServerLevel)
      method Entity.spawnAtLocation(ServerLevel,ItemStack) is not applicable
        (argument mismatch; ItemStack cannot be converted to ServerLevel)
  /home/aptd/DoggyTalentsNext/src/main/java/doggytalents/common/entity/ai/PatrolAssistTargetGoal.java:15: error: no suitable constructor found for NearestAttackableTargetGoal(Dog,Class<Mob>,boolean,(e)->{ if [...])); })
          super(dog, Mob.class, false , (e) -> {
          ^
      constructor NearestAttackableTargetGoal.NearestAttackableTargetGoal(Mob,Class<Mob>,boolean,Selector) is not applicable
        (argument mismatch; incompatible parameter types in lambda expression)
      constructor NearestAttackableTargetGoal.NearestAttackableTargetGoal(Mob,Class<Mob>,boolean,boolean) is not applicable
        (argument mismatch; boolean is not a functional interface)
  /home/aptd/DoggyTalentsNext/src/main/java/doggytalents/common/item/DogEddibleItem.java:116: error: no suitable method found for spawnAtLocation(ItemStack)
                  dog.spawnAtLocation(returnStack);
                     ^
      method Entity.spawnAtLocation(ServerLevel,ItemLike) is not applicable
        (actual and formal argument lists differ in length)
      method Entity.spawnAtLocation(ServerLevel,ItemStack) is not applicable
        (actual and formal argument lists differ in length)
      method Entity.spawnAtLocation(ServerLevel,ItemStack,Vec3) is not applicable
        (actual and formal argument lists differ in length)
      method Entity.spawnAtLocation(ServerLevel,ItemStack,float) is not applicable
        (actual and formal argument lists differ in length)
  /home/aptd/DoggyTalentsNext/src/main/java/doggytalents/common/item/DogEddibleBowlFoodItem.java:74: error: no suitable method found for spawnAtLocation(ItemStack)
              player.spawnAtLocation(bonusReturnStack);
                    ^
      method Entity.spawnAtLocation(ServerLevel,ItemLike) is not applicable
        (actual and formal argument lists differ in length)
      method Entity.spawnAtLocation(ServerLevel,ItemStack) is not applicable
        (actual and formal argument lists differ in length)
      method Entity.spawnAtLocation(ServerLevel,ItemStack,Vec3) is not applicable
        (actual and formal argument lists differ in length)
      method Entity.spawnAtLocation(ServerLevel,ItemStack,float) is not applicable
        (actual and formal argument lists differ in length)
  /home/aptd/DoggyTalentsNext/src/main/java/doggytalents/common/item/SoyPodsItem.java:47: error: no suitable method found for spawnAtLocation(ItemStack)
              player.spawnAtLocation(retStack);
                    ^
      method Entity.spawnAtLocation(ServerLevel,ItemLike) is not applicable
        (actual and formal argument lists differ in length)
      method Entity.spawnAtLocation(ServerLevel,ItemStack) is not applicable
        (actual and formal argument lists differ in length)
      method Entity.spawnAtLocation(ServerLevel,ItemStack,Vec3) is not applicable
        (actual and formal argument lists differ in length)
      method Entity.spawnAtLocation(ServerLevel,ItemStack,float) is not applicable
        (actual and formal argument lists differ in length)
  /home/aptd/DoggyTalentsNext/src/main/java/doggytalents/common/item/DoggyCharmItem.java:89: error: no suitable method found for addCooldown(DoggyCharmItem,int)
                     sP.getCooldowns().addCooldown(this, 30);
                                      ^
      method ItemCooldowns.addCooldown(ItemStack,int) is not applicable
        (argument mismatch; DoggyCharmItem cannot be converted to ItemStack)
      method ItemCooldowns.addCooldown(Identifier,int) is not applicable
        (argument mismatch; DoggyCharmItem cannot be converted to Identifier)
  /home/aptd/DoggyTalentsNext/src/main/java/doggytalents/common/item/DoggyCharmItem.java:133: error: no suitable method found for addCooldown(DoggyCharmItem,int)
                          playerIn.getCooldowns().addCooldown(this, 30);
                                                 ^
      method ItemCooldowns.addCooldown(ItemStack,int) is not applicable
        (argument mismatch; DoggyCharmItem cannot be converted to ItemStack)
      method ItemCooldowns.addCooldown(Identifier,int) is not applicable
        (argument mismatch; DoggyCharmItem cannot be converted to Identifier)
  /home/aptd/DoggyTalentsNext/src/main/java/doggytalents/common/item/SoyPodsDriedItem.java:46: error: no suitable method found for spawnAtLocation(ItemStack)
              player.spawnAtLocation(retStack);
                    ^
      method Entity.spawnAtLocation(ServerLevel,ItemLike) is not applicable
        (actual and formal argument lists differ in length)
      method Entity.spawnAtLocation(ServerLevel,ItemStack) is not applicable
        (actual and formal argument lists differ in length)
      method Entity.spawnAtLocation(ServerLevel,ItemStack,Vec3) is not applicable
        (actual and formal argument lists differ in length)
      method Entity.spawnAtLocation(ServerLevel,ItemStack,float) is not applicable
        (actual and formal argument lists differ in length)
  /home/aptd/DoggyTalentsNext/src/main/java/doggytalents/common/item/GenderBoneItem.java:44: error: no suitable method found for addCooldown(Item,int)
          playerIn.getCooldowns().addCooldown(DoggyItems.GENDER_BONE.get(), 40);
                                 ^
      method ItemCooldowns.addCooldown(ItemStack,int) is not applicable
        (argument mismatch; Item cannot be converted to ItemStack)
      method ItemCooldowns.addCooldown(Identifier,int) is not applicable
        (argument mismatch; Item cannot be converted to Identifier)
  /home/aptd/DoggyTalentsNext/src/main/java/doggytalents/common/item/GenderBoneItem.java:50: error: no suitable constructor found for ItemParticleOption(ParticleType<ItemParticleOption>,ItemStack)
                  new ItemParticleOption(ParticleTypes.ITEM, new ItemStack(item)), 
                  ^
      constructor ItemParticleOption.ItemParticleOption(ParticleType<ItemParticleOption>,Item) is not applicable
        (argument mismatch; ItemStack cannot be converted to Item)
      constructor ItemParticleOption.ItemParticleOption(ParticleType<ItemParticleOption>,ItemStackTemplate) is not applicable
        (argument mismatch; ItemStack cannot be converted to ItemStackTemplate)
  /home/aptd/DoggyTalentsNext/src/main/java/doggytalents/common/item/TreatItem.java:60: error: no suitable method found for addCooldown(TreatItem,int)
              playerIn.getCooldowns().addCooldown(this, 40);
                                     ^
      method ItemCooldowns.addCooldown(ItemStack,int) is not applicable
        (argument mismatch; TreatItem cannot be converted to ItemStack)
      method ItemCooldowns.addCooldown(Identifier,int) is not applicable
        (argument mismatch; TreatItem cannot be converted to Identifier)
  /home/aptd/DoggyTalentsNext/src/main/java/doggytalents/common/item/TreatBagItem.java:97: error: no suitable method found for addCooldown(TreatBagItem,int)
          player.getCooldowns().addCooldown(this, 20);
                               ^
      method ItemCooldowns.addCooldown(ItemStack,int) is not applicable
        (argument mismatch; TreatBagItem cannot be converted to ItemStack)
      method ItemCooldowns.addCooldown(Identifier,int) is not applicable
        (argument mismatch; TreatBagItem cannot be converted to Identifier)
  /home/aptd/DoggyTalentsNext/src/main/java/doggytalents/common/item/EdamameItem.java:47: error: no suitable method found for spawnAtLocation(ItemStack)
              player.spawnAtLocation(retStack);
                    ^
      method Entity.spawnAtLocation(ServerLevel,ItemLike) is not applicable
        (actual and formal argument lists differ in length)
      method Entity.spawnAtLocation(ServerLevel,ItemStack) is not applicable
        (actual and formal argument lists differ in length)
      method Entity.spawnAtLocation(ServerLevel,ItemStack,Vec3) is not applicable
        (actual and formal argument lists differ in length)
      method Entity.spawnAtLocation(ServerLevel,ItemStack,float) is not applicable
        (actual and formal argument lists differ in length)
  /home/aptd/DoggyTalentsNext/src/main/java/doggytalents/common/item/SakeItem.java:57: error: no suitable method found for addCooldown(SakeItem,int)
              player.getCooldowns().addCooldown(this, 40);
                                   ^
      method ItemCooldowns.addCooldown(ItemStack,int) is not applicable
        (argument mismatch; SakeItem cannot be converted to ItemStack)
      method ItemCooldowns.addCooldown(Identifier,int) is not applicable
        (argument mismatch; SakeItem cannot be converted to Identifier)
  /home/aptd/DoggyTalentsNext/src/main/java/doggytalents/common/item/SakeItem.java:70: error: no suitable method found for addCooldown(SakeItem,int)
              player.getCooldowns().addCooldown(this, 40);
                                   ^
      method ItemCooldowns.addCooldown(ItemStack,int) is not applicable
        (argument mismatch; SakeItem cannot be converted to ItemStack)
      method ItemCooldowns.addCooldown(Identifier,int) is not applicable
        (argument mismatch; SakeItem cannot be converted to Identifier)
  /home/aptd/DoggyTalentsNext/src/main/java/doggytalents/common/item/SakeItem.java:85: error: no suitable method found for spawnAtLocation(ItemStack)
              player.spawnAtLocation(bonusReturnStack);
                    ^
      method Entity.spawnAtLocation(ServerLevel,ItemLike) is not applicable
        (actual and formal argument lists differ in length)
      method Entity.spawnAtLocation(ServerLevel,ItemStack) is not applicable
        (actual and formal argument lists differ in length)
      method Entity.spawnAtLocation(ServerLevel,ItemStack,Vec3) is not applicable
        (actual and formal argument lists differ in length)
      method Entity.spawnAtLocation(ServerLevel,ItemStack,float) is not applicable
        (actual and formal argument lists differ in length)
  /home/aptd/DoggyTalentsNext/src/main/java/doggytalents/common/network/packet/DogUntamePacket.java:51: error: no suitable method found for addCooldown(Item,int)
          sender.getCooldowns().addCooldown(DoggyItems.AMNESIA_BONE.get(), 60);
                               ^
      method ItemCooldowns.addCooldown(ItemStack,int) is not applicable
        (argument mismatch; Item cannot be converted to ItemStack)
      method ItemCooldowns.addCooldown(Identifier,int) is not applicable
        (argument mismatch; Item cannot be converted to Identifier)
  /home/aptd/DoggyTalentsNext/src/main/java/doggytalents/common/network/packet/ForceClearKillStatsPacket.java:43: error: no suitable method found for addCooldown(Item,int)
          sender.getCooldowns().addCooldown(DoggyItems.AMNESIA_BONE.get(), 20);
                               ^
      method ItemCooldowns.addCooldown(ItemStack,int) is not applicable
        (argument mismatch; Item cannot be converted to ItemStack)
      method ItemCooldowns.addCooldown(Identifier,int) is not applicable
        (argument mismatch; Item cannot be converted to Identifier)
  /home/aptd/DoggyTalentsNext/src/main/java/doggytalents/common/network/packet/CarryMePacket.java:45: error: no suitable method found for addCooldown(WhistleItem,int)
          owner.getCooldowns().addCooldown(DoggyItems.WHISTLE.get(), 20);
                              ^
      method ItemCooldowns.addCooldown(ItemStack,int) is not applicable
        (argument mismatch; WhistleItem cannot be converted to ItemStack)
      method ItemCooldowns.addCooldown(Identifier,int) is not applicable
        (argument mismatch; WhistleItem cannot be converted to Identifier)
  /home/aptd/DoggyTalentsNext/src/main/java/doggytalents/common/network/packet/AllStandSwitchModePacket.java:72: error: no suitable method found for addCooldown(WhistleItem,int)
              sender.getCooldowns().addCooldown(DoggyItems.WHISTLE.get(), 40);    
                                   ^
      method ItemCooldowns.addCooldown(ItemStack,int) is not applicable
        (argument mismatch; WhistleItem cannot be converted to ItemStack)
      method ItemCooldowns.addCooldown(Identifier,int) is not applicable
        (argument mismatch; WhistleItem cannot be converted to Identifier)
  /home/aptd/DoggyTalentsNext/src/main/java/doggytalents/common/network/packet/DogDeTrainPacket.java:56: error: no suitable method found for addCooldown(Item,int)
          sender.getCooldowns().addCooldown(DoggyItems.AMNESIA_BONE.get(), 20);
                               ^
      method ItemCooldowns.addCooldown(ItemStack,int) is not applicable
        (argument mismatch; Item cannot be converted to ItemStack)
      method ItemCooldowns.addCooldown(Identifier,int) is not applicable
        (argument mismatch; Item cannot be converted to Identifier)
  /home/aptd/DoggyTalentsNext/src/main/java/doggytalents/common/network/packet/DogMigrateOwnerPacket.java:94: error: no suitable method found for addCooldown(Item,int)
          sender.getCooldowns().addCooldown(DoggyItems.AMNESIA_BONE.get(), 60);
                               ^
      method ItemCooldowns.addCooldown(ItemStack,int) is not applicable
        (argument mismatch; Item cannot be converted to ItemStack)
      method ItemCooldowns.addCooldown(Identifier,int) is not applicable
        (argument mismatch; Item cannot be converted to Identifier)
  /home/aptd/DoggyTalentsNext/src/main/java/doggytalents/common/network/packet/ForceChangeOwnerPacket.java:52: error: no suitable method found for addCooldown(Item,int)
          sender.getCooldowns().addCooldown(DoggyItems.AMNESIA_BONE.get(), 40);
                               ^
      method ItemCooldowns.addCooldown(ItemStack,int) is not applicable
        (argument mismatch; Item cannot be converted to ItemStack)
      method ItemCooldowns.addCooldown(Identifier,int) is not applicable
        (argument mismatch; Item cannot be converted to Identifier)
  /home/aptd/DoggyTalentsNext/src/main/java/doggytalents/common/network/packet/ConductingBonePackets.java:181: error: no suitable method found for addCooldown(Item,int)
                      sender.getCooldowns().addCooldown(DoggyItems.CONDUCTING_BONE.get(), 20);
                                           ^
      method ItemCooldowns.addCooldown(ItemStack,int) is not applicable
        (argument mismatch; Item cannot be converted to ItemStack)
      method ItemCooldowns.addCooldown(Identifier,int) is not applicable
        (argument mismatch; Item cannot be converted to Identifier)
  /home/aptd/DoggyTalentsNext/src/main/java/doggytalents/common/network/packet/HeelByNamePacket.java:66: error: no suitable method found for addCooldown(WhistleItem,int)
          owner.getCooldowns().addCooldown(DoggyItems.WHISTLE.get(), 20);
                              ^
      method ItemCooldowns.addCooldown(ItemStack,int) is not applicable
        (argument mismatch; WhistleItem cannot be converted to ItemStack)
      method ItemCooldowns.addCooldown(Identifier,int) is not applicable
        (argument mismatch; WhistleItem cannot be converted to Identifier)
  /home/aptd/DoggyTalentsNext/src/main/java/doggytalents/common/network/packet/HeelByGroupPackets.java:188: error: no suitable method found for addCooldown(WhistleItem,int)
                  sender.getCooldowns().addCooldown(DoggyItems.WHISTLE.get(), 40);    
                                       ^
      method ItemCooldowns.addCooldown(ItemStack,int) is not applicable
        (argument mismatch; WhistleItem cannot be converted to ItemStack)
      method ItemCooldowns.addCooldown(Identifier,int) is not applicable
        (argument mismatch; WhistleItem cannot be converted to Identifier)
  /home/aptd/DoggyTalentsNext/src/main/java/doggytalents/common/event/EventHandler.java:229: error: no suitable method found for create(Level)
          Dog dog = DoggyEntityTypes.DOG.get().create(level);
                                              ^
      method EntityType.create(ServerLevel,@org.jspecify.annotations.Nullable Consumer<Dog>,BlockPos,EntitySpawnReason,boolean,boolean) is not applicable
        (actual and formal argument lists differ in length)
      method EntityType.create(Level,EntitySpawnReason) is not applicable
        (actual and formal argument lists differ in length)
      method EntityType.create(ValueInput,Level,EntitySpawnReason) is not applicable
        (actual and formal argument lists differ in length)
      method EntityType.create(EntityType<?>,ValueInput,Level,EntitySpawnReason) is not applicable
        (actual and formal argument lists differ in length)
  /home/aptd/DoggyTalentsNext/src/main/java/doggytalents/client/screen/FoodBowlScreen.java:18: error: cannot assign a value to final variable imageHeight
          this.imageHeight = 127;
              ^
  Note: Recompile with -Xlint:deprecation for details.
  /home/aptd/DoggyTalentsNext/src/main/java/doggytalents/client/screen/DogNewInfoScreen/element/MainButtonToolboxRowElement.java:58: error: invalid method reference
                  RenderSystem.setShader(GameRenderer::getPositionTexShader);
                                         ^
    cannot find symbol
      symbol:   method getPositionTexShader()
      location: class GameRenderer
  /home/aptd/DoggyTalentsNext/src/main/java/doggytalents/client/screen/DogNewInfoScreen/element/view/MainInfoView/GroupsListElement.java:176: error: invalid method reference
              RenderSystem.setShader(GameRenderer::getPositionTexShader);
                                     ^
    cannot find symbol
      symbol:   method getPositionTexShader()
      location: class GameRenderer
  /home/aptd/DoggyTalentsNext/src/main/java/doggytalents/client/screen/DogNewInfoScreen/element/view/MainInfoView/view/ArtifactsView/widget/ArtifactShowBox.java:70: error: invalid method reference
          RenderSystem.setShader(GameRenderer::getPositionTexShader);
                                 ^
    cannot find symbol
      symbol:   method getPositionTexShader()
      location: class GameRenderer
  /home/aptd/DoggyTalentsNext/src/main/java/doggytalents/client/screen/DogNewInfoScreen/element/view/MainInfoView/view/ArtifactsView/widget/ArtifactHolder.java:50: error: invalid method reference
          RenderSystem.setShader(GameRenderer::getPositionTexShader);
                                 ^
    cannot find symbol
      symbol:   method getPositionTexShader()
      location: class GameRenderer
  /home/aptd/DoggyTalentsNext/src/main/java/doggytalents/client/screen/DogNewInfoScreen/element/view/StyleView/widget/AccessoryHolder.java:57: error: invalid method reference
          RenderSystem.setShader(GameRenderer::getPositionTexShader);
                                 ^
    cannot find symbol
      symbol:   method getPositionTexShader()
      location: class GameRenderer
  /home/aptd/DoggyTalentsNext/src/main/java/doggytalents/client/screen/FoodBowlScreen.java:36: error: invalid method reference
          RenderSystem.setShader(GameRenderer::getPositionTexShader);
                                 ^
    cannot find symbol
      symbol:   method getPositionTexShader()
      location: class GameRenderer
  /home/aptd/DoggyTalentsNext/src/main/java/doggytalents/client/entity/model/animation/DTNAnimationCodec.java:218: error: invalid method reference
                      .forGetter(Keyframe::target),
                                 ^
    cannot find symbol
      symbol:   method target()
      location: class Keyframe
  /home/aptd/DoggyTalentsNext/src/main/java/doggytalents/client/debug/DebugGraph.java:89: error: invalid method reference
          RenderSystem.setShader(GameRenderer::getPositionColorShader);
                                 ^
    cannot find symbol
      symbol:   method getPositionColorShader()
      location: class GameRenderer
  /home/aptd/DoggyTalentsNext/src/main/java/doggytalents/client/screen/DogNewInfoScreen/widget/AccessoryStatusHover.java:50: error: cannot find symbol
          RenderSystem.blendFunc(GlStateManager.SourceFactor.SRC_ALPHA, GlStateManager.DestFactor.ONE_MINUS_SRC_ALPHA);
                                               ^
    symbol:   variable SourceFactor
    location: class GlStateManager
  /home/aptd/DoggyTalentsNext/src/main/java/doggytalents/client/screen/DogNewInfoScreen/widget/AccessoryStatusHover.java:50: error: cannot find symbol
          RenderSystem.blendFunc(GlStateManager.SourceFactor.SRC_ALPHA, GlStateManager.DestFactor.ONE_MINUS_SRC_ALPHA);
                                                                                      ^
    symbol:   variable DestFactor
    location: class GlStateManager
  /home/aptd/DoggyTalentsNext/src/main/java/doggytalents/client/screen/DogNewInfoScreen/element/MainButtonToolboxRowElement.java:62: error: cannot find symbol
                  RenderSystem.blendFunc(GlStateManager.SourceFactor.SRC_ALPHA, GlStateManager.DestFactor.ONE_MINUS_SRC_ALPHA);
                                                       ^
    symbol:   variable SourceFactor
    location: class GlStateManager
  /home/aptd/DoggyTalentsNext/src/main/java/doggytalents/client/screen/DogNewInfoScreen/element/MainButtonToolboxRowElement.java:62: error: cannot find symbol
                  RenderSystem.blendFunc(GlStateManager.SourceFactor.SRC_ALPHA, GlStateManager.DestFactor.ONE_MINUS_SRC_ALPHA);
                                                                                              ^
    symbol:   variable DestFactor
    location: class GlStateManager
  /home/aptd/DoggyTalentsNext/src/main/java/doggytalents/client/screen/DogNewInfoScreen/element/view/TalentView/TalentInfoViewElement.java:619: error: cannot find symbol
          RenderSystem.blendFunc(GlStateManager.SourceFactor.SRC_ALPHA, GlStateManager.DestFactor.ONE_MINUS_SRC_ALPHA);
                                               ^
    symbol:   variable SourceFactor
    location: class GlStateManager
  /home/aptd/DoggyTalentsNext/src/main/java/doggytalents/client/screen/DogNewInfoScreen/element/view/TalentView/TalentInfoViewElement.java:619: error: cannot find symbol
          RenderSystem.blendFunc(GlStateManager.SourceFactor.SRC_ALPHA, GlStateManager.DestFactor.ONE_MINUS_SRC_ALPHA);
                                                                                      ^
    symbol:   variable DestFactor
    location: class GlStateManager
  /home/aptd/DoggyTalentsNext/src/main/java/doggytalents/client/screen/DogNewInfoScreen/element/view/MainInfoView/DogStatusViewBoxElement.java:92: error: cannot find symbol
          RenderSystem.blendFunc(GlStateManager.SourceFactor.SRC_ALPHA, GlStateManager.DestFactor.ONE_MINUS_SRC_ALPHA);
                                               ^
    symbol:   variable SourceFactor
    location: class GlStateManager
  /home/aptd/DoggyTalentsNext/src/main/java/doggytalents/client/screen/DogNewInfoScreen/element/view/MainInfoView/DogStatusViewBoxElement.java:92: error: cannot find symbol
          RenderSystem.blendFunc(GlStateManager.SourceFactor.SRC_ALPHA, GlStateManager.DestFactor.ONE_MINUS_SRC_ALPHA);
                                                                                      ^
    symbol:   variable DestFactor
    location: class GlStateManager
  /home/aptd/DoggyTalentsNext/src/main/java/doggytalents/client/screen/DogNewInfoScreen/element/view/MainInfoView/DogStatusViewBoxElement.java:278: error: cannot find symbol
          RenderSystem.blendFunc(GlStateManager.SourceFactor.SRC_ALPHA, GlStateManager.DestFactor.ONE_MINUS_SRC_ALPHA);
                                               ^
    symbol:   variable SourceFactor
    location: class GlStateManager
  /home/aptd/DoggyTalentsNext/src/main/java/doggytalents/client/screen/DogNewInfoScreen/element/view/MainInfoView/DogStatusViewBoxElement.java:278: error: cannot find symbol
          RenderSystem.blendFunc(GlStateManager.SourceFactor.SRC_ALPHA, GlStateManager.DestFactor.ONE_MINUS_SRC_ALPHA);
                                                                                      ^
    symbol:   variable DestFactor
    location: class GlStateManager
  /home/aptd/DoggyTalentsNext/src/main/java/doggytalents/client/screen/DogNewInfoScreen/element/view/MainInfoView/GroupsListElement.java:180: error: cannot find symbol
              RenderSystem.blendFunc(GlStateManager.SourceFactor.SRC_ALPHA, GlStateManager.DestFactor.ONE_MINUS_SRC_ALPHA);
                                                   ^
    symbol:   variable SourceFactor
    location: class GlStateManager
  /home/aptd/DoggyTalentsNext/src/main/java/doggytalents/client/screen/DogNewInfoScreen/element/view/MainInfoView/GroupsListElement.java:180: error: cannot find symbol
              RenderSystem.blendFunc(GlStateManager.SourceFactor.SRC_ALPHA, GlStateManager.DestFactor.ONE_MINUS_SRC_ALPHA);
                                                                                          ^
    symbol:   variable DestFactor
    location: class GlStateManager
  /home/aptd/DoggyTalentsNext/src/main/java/doggytalents/client/screen/DogNewInfoScreen/element/view/StyleView/view/SkinView/DogSkinElement.java:336: error: cannot find symbol
          RenderSystem.blendFunc(GlStateManager.SourceFactor.SRC_ALPHA, GlStateManager.DestFactor.ONE_MINUS_SRC_ALPHA);
                                               ^
    symbol:   variable SourceFactor
    location: class GlStateManager
  /home/aptd/DoggyTalentsNext/src/main/java/doggytalents/client/screen/DogNewInfoScreen/element/view/StyleView/view/SkinView/DogSkinElement.java:336: error: cannot find symbol
          RenderSystem.blendFunc(GlStateManager.SourceFactor.SRC_ALPHA, GlStateManager.DestFactor.ONE_MINUS_SRC_ALPHA);
                                                                                      ^
    symbol:   variable DestFactor
    location: class GlStateManager
  /home/aptd/DoggyTalentsNext/src/main/java/doggytalents/client/entity/render/DoggyBeamRenderer.java:60: error: cannot find symbol
          return InventoryMenu.BLOCK_ATLAS;
                              ^
    symbol:   variable BLOCK_ATLAS
    location: class InventoryMenu
  /home/aptd/DoggyTalentsNext/src/main/java/doggytalents/client/entity/model/SyncedRenderFunctionWithHeadModel.java:77: error: cannot find symbol
          return new DogModel.DogModelRenderContext(this.root, this.pivot, SyncedAccessoryModel.getDogModelBabyHead(head, young), Optional.empty(), Optional.of(additional_head_renderer));
                                                                                                                          ^
    symbol:   variable young
    location: class SyncedRenderFunctionWithHeadModel
  /home/aptd/DoggyTalentsNext/src/main/java/doggytalents/client/entity/render/DogGunpowderProjectileRenderer.java:49: error: cannot find symbol
          return InventoryMenu.BLOCK_ATLAS;
                              ^
    symbol:   variable BLOCK_ATLAS
    location: class InventoryMenu
  /home/aptd/DoggyTalentsNext/src/main/java/doggytalents/client/entity/render/DogFoodProjectileRenderer.java:53: error: cannot find symbol
          return InventoryMenu.BLOCK_ATLAS;
                              ^
    symbol:   variable BLOCK_ATLAS
    location: class InventoryMenu
  /home/aptd/DoggyTalentsNext/src/main/java/doggytalents/client/DTNClientPettingManager.java:273: error: cannot find symbol
          model.leftArmPose = PettingArmPose.VALUE;
               ^
    symbol:   variable leftArmPose
    location: variable model of type EntityModel
  /home/aptd/DoggyTalentsNext/src/main/java/doggytalents/client/DTNClientPettingManager.java:274: error: cannot find symbol
          model.rightArmPose = PettingArmPose.VALUE;
               ^
    symbol:   variable rightArmPose
    location: variable model of type EntityModel
  /home/aptd/DoggyTalentsNext/src/main/java/doggytalents/client/DTNClientPettingManager.java:379: error: cannot find symbol
          input.forwardImpulse = 0;
               ^
    symbol:   variable forwardImpulse
    location: variable input of type ClientInput
  /home/aptd/DoggyTalentsNext/src/main/java/doggytalents/client/DTNClientPettingManager.java:380: error: cannot find symbol
          input.leftImpulse = 0;
               ^
    symbol:   variable leftImpulse
    location: variable input of type ClientInput
  /home/aptd/DoggyTalentsNext/src/main/java/doggytalents/client/DTNClientPettingManager.java:381: error: cannot find symbol
          input.up = false;
               ^
    symbol:   variable up
    location: variable input of type ClientInput
  /home/aptd/DoggyTalentsNext/src/main/java/doggytalents/client/DTNClientPettingManager.java:382: error: cannot find symbol
          input.down = false;
               ^
    symbol:   variable down
    location: variable input of type ClientInput
  /home/aptd/DoggyTalentsNext/src/main/java/doggytalents/client/DTNClientPettingManager.java:383: error: cannot find symbol
          input.left = false;
               ^
    symbol:   variable left
    location: variable input of type ClientInput
  /home/aptd/DoggyTalentsNext/src/main/java/doggytalents/client/DTNClientPettingManager.java:384: error: cannot find symbol
          input.right = false;
               ^
    symbol:   variable right
    location: variable input of type ClientInput
  /home/aptd/DoggyTalentsNext/src/main/java/doggytalents/client/event/ClientEventHandler.java:138: error: cannot find symbol
          if (!event.getInput().jumping)
                               ^
    symbol:   variable jumping
    location: class ClientInput
  /home/aptd/DoggyTalentsNext/src/main/java/doggytalents/client/event/ClientEventHandler.java:195: error: cannot find symbol
          if (hotkeyarr.length != 4) return;
                       ^
    symbol:   variable length
    location: variable hotkeyarr of type Optional<int[]>
  /home/aptd/DoggyTalentsNext/src/main/java/doggytalents/common/talent/PackPuppyTalent.java:227: error: cannot find symbol
          if (dogIn.level().getGameRules().getBoolean(GameRules.RULE_KEEPINVENTORY))
                                                               ^
    symbol:   variable RULE_KEEPINVENTORY
    location: class GameRules
  /home/aptd/DoggyTalentsNext/src/main/java/doggytalents/common/talent/ShepherdDogTalent.java:242: error: cannot find symbol
                  this.dog.playSound(SoundEvents.WOLF_AMBIENT, this.dog.getSoundVolume() + 1.0F, (this.dog.getRandom().nextFloat() - this.dog.getRandom().nextFloat()) * 0.1F + 0.9F);
                                                ^
    symbol:   variable WOLF_AMBIENT
    location: class SoundEvents
  /home/aptd/DoggyTalentsNext/src/main/java/doggytalents/common/talent/OokamiKazeTalent.java:201: error: cannot find symbol
                  dog.dogSoundManager.playInterruptible(SoundEvents.WOLF_HOWL, 1, dog.getVoicePitch());
                                                                   ^
    symbol:   variable WOLF_HOWL
    location: class SoundEvents
  /home/aptd/DoggyTalentsNext/src/main/java/doggytalents/common/talent/OokamiKazeTalent.java:203: error: cannot find symbol
                  this.dog.playSound(SoundEvents.WOLF_GROWL, 0.3F, dog.getVoicePitch());
                                                ^
    symbol:   variable WOLF_GROWL
    location: class SoundEvents
  /home/aptd/DoggyTalentsNext/src/main/java/doggytalents/common/talent/RoaringGaleTalent.java:106: error: cannot find symbol
                  dog.playSound(SoundEvents.WOLF_GROWL, 0.7F, 1.0F);
                                           ^
    symbol:   variable WOLF_GROWL
    location: class SoundEvents
  /home/aptd/DoggyTalentsNext/src/main/java/doggytalents/common/talent/RoaringGaleTalent.java:110: error: cannot find symbol
                  dog.playSound(SoundEvents.WOLF_AMBIENT, 1F, 1.2F);
                                           ^
    symbol:   variable WOLF_AMBIENT
    location: class SoundEvents
  /home/aptd/DoggyTalentsNext/src/main/java/doggytalents/common/storage/DogRespawnData.java:135: error: cannot find symbol
              target.putString(STORAGE_NAME_TAG, Component.Serializer.toJson(custom_name, dog.registryAccess()));
                                                          ^
    symbol:   variable Serializer
    location: interface Component
  /home/aptd/DoggyTalentsNext/src/main/java/doggytalents/common/storage/DogRespawnData.java:180: error: cannot find symbol
                  dog.setDogCustomName(Component.Serializer.fromJson(name_c1_str, dog.registryAccess()));
                                                ^
    symbol:   variable Serializer
    location: interface Component
  /home/aptd/DoggyTalentsNext/src/main/java/doggytalents/common/data/DTNPackMetadataProvider.java:20: error: cannot find symbol
              .add(PackMetadataSection.TYPE, new PackMetadataSection(
                                      ^
    symbol:   variable TYPE
    location: class PackMetadataSection
  /home/aptd/DoggyTalentsNext/src/main/java/doggytalents/common/data/DTItemTagsProvider.java:39: error: cannot find symbol
          tag(ItemTags.DYEABLE).add(
                      ^
    symbol:   variable DYEABLE
    location: class ItemTags
  /home/aptd/DoggyTalentsNext/src/main/java/doggytalents/common/data/DTLootTableProvider.java:87: error: cannot find symbol
                                           CopyCustomDataFunction.copyData(ContextNbtProvider.BLOCK_ENTITY)
                                                                                             ^
    symbol:   variable BLOCK_ENTITY
    location: class ContextNbtProvider
  /home/aptd/DoggyTalentsNext/src/main/java/doggytalents/common/entity/ai/DogWantsAttentionGoal.java:113: error: cannot find symbol
                  this.dog.playSound(SoundEvents.WOLF_WHINE, this.dog.getSoundVolume(), this.dog.getVoicePitch());
                                                ^
    symbol:   variable WOLF_WHINE
    location: class SoundEvents
  /home/aptd/DoggyTalentsNext/src/main/java/doggytalents/common/entity/ai/nav/DogNodeEvaluator.java:60: error: cannot find symbol
          if (retType == PathType.DANGER_FIRE && !dog.isInLava()) {
                                 ^
    symbol:   variable DANGER_FIRE
    location: class PathType
  /home/aptd/DoggyTalentsNext/src/main/java/doggytalents/common/entity/ai/nav/DogNodeEvaluator.java:64: error: cannot find symbol
                  retType = PathType.DAMAGE_FIRE;
                                    ^
    symbol:   variable DAMAGE_FIRE
    location: class PathType
  /home/aptd/DoggyTalentsNext/src/main/java/doggytalents/common/entity/ai/triggerable/DogHowlAction.java:36: error: cannot find symbol
              dog.dogSoundManager.playInterruptible(SoundEvents.WOLF_HOWL, 1, dog.getVoicePitch());
                                                               ^
    symbol:   variable WOLF_HOWL
    location: class SoundEvents
  /home/aptd/DoggyTalentsNext/src/main/java/doggytalents/common/entity/ai/triggerable/DogHowlAction.java:38: error: cannot find symbol
              this.dog.playSound(SoundEvents.WOLF_GROWL, 0.3F, dog.getVoicePitch());
                                            ^
    symbol:   variable WOLF_GROWL
    location: class SoundEvents
  /home/aptd/DoggyTalentsNext/src/main/java/doggytalents/common/entity/ai/triggerable/DogPlayTagAction.java:99: error: cannot find symbol
              this.dog.playSound(SoundEvents.WOLF_AMBIENT, 1, 1);
                                            ^
    symbol:   variable WOLF_AMBIENT
    location: class SoundEvents
  /home/aptd/DoggyTalentsNext/src/main/java/doggytalents/common/entity/ai/DogRandomSniffGoal.java:147: error: cannot find symbol
                  this.dog.playSound(SoundEvents.WOLF_HURT, 0.6f, this.dog.getVoicePitch());
                                                ^
    symbol:   variable WOLF_HURT
    location: class SoundEvents
  /home/aptd/DoggyTalentsNext/src/main/java/doggytalents/common/entity/ai/DogRandomSniffGoal.java:168: error: cannot find symbol
                  this.dog.playSound(SoundEvents.WOLF_HURT, 0.6f, this.dog.getVoicePitch());
                                                ^
    symbol:   variable WOLF_HURT
    location: class SoundEvents
  /home/aptd/DoggyTalentsNext/src/main/java/doggytalents/common/entity/ai/DogFeelingNakeyGoal.java:70: error: cannot find symbol
              this.dog.playSound(SoundEvents.WOLF_WHINE, this.dog.getSoundVolume(), this.dog.getVoicePitch());
                                            ^
    symbol:   variable WOLF_WHINE
    location: class SoundEvents
  /home/aptd/DoggyTalentsNext/src/main/java/doggytalents/common/item/DoggyCharmItem.java:75: error: cannot find symbol
              Entity entity = DoggyEntityTypes.DOG.get().spawn((ServerLevel) world, itemstack, context.getPlayer(), blockpos1, EntitySpawnReason.SPAWN_EGG, !Objects.equals(blockpos, blockpos1) && enumfacing == Direction.UP, false);
                                                                                                                                                ^
    symbol:   variable SPAWN_EGG
    location: class EntitySpawnReason
  /home/aptd/DoggyTalentsNext/src/main/java/doggytalents/common/item/DoggyCharmItem.java:118: error: cannot find symbol
                      Entity entity = DoggyEntityTypes.DOG.get().spawn((ServerLevel) worldIn, itemstack, playerIn, blockpos, EntitySpawnReason.SPAWN_EGG, false, false);
                                                                                                                                              ^
    symbol:   variable SPAWN_EGG
    location: class EntitySpawnReason
  /home/aptd/DoggyTalentsNext/src/main/java/doggytalents/common/network/packet/WhistleEditHotKeyPacket.java:44: error: cannot find symbol
              if (keyarr.length != 4) {
                        ^
    symbol:   variable length
    location: variable keyarr of type Optional<int[]>
  /home/aptd/DoggyTalentsNext/src/main/java/doggytalents/common/network/packet/WhistleEditHotKeyPacket.java:49: error: cannot find symbol
              if (data.hotkey_id >= keyarr.length) return;
                                          ^
    symbol:   variable length
    location: variable keyarr of type Optional<int[]>
  /home/aptd/DoggyTalentsNext/src/main/java/doggytalents/common/util/ItemUtil.java:119: error: cannot find symbol
          return stack.has(DataComponents.FIRE_RESISTANT);
                                         ^
    symbol:   variable FIRE_RESISTANT
    location: class DataComponents
  /home/aptd/DoggyTalentsNext/src/main/java/doggytalents/common/util/DogUtil.java:744: error: cannot find symbol
          case DANGER_POWDER_SNOW:
               ^
    symbol:   variable DANGER_POWDER_SNOW
    location: class DogUtil
  /home/aptd/DoggyTalentsNext/src/main/java/doggytalents/common/util/DogUtil.java:746: error: cannot find symbol
          case DANGER_FIRE:
               ^
    symbol:   variable DANGER_FIRE
    location: class DogUtil
  /home/aptd/DoggyTalentsNext/src/main/java/doggytalents/common/util/DogUtil.java:747: error: cannot find symbol
          case DAMAGE_FIRE:
               ^
    symbol:   variable DAMAGE_FIRE
    location: class DogUtil
  /home/aptd/DoggyTalentsNext/src/main/java/doggytalents/common/util/DogUtil.java:748: error: cannot find symbol
          case DANGER_OTHER:
               ^
    symbol:   variable DANGER_OTHER
    location: class DogUtil
  /home/aptd/DoggyTalentsNext/src/main/java/doggytalents/common/util/DogUtil.java:749: error: cannot find symbol
          case DAMAGE_OTHER:
               ^
    symbol:   variable DAMAGE_OTHER
    location: class DogUtil
  /home/aptd/DoggyTalentsNext/src/main/java/doggytalents/common/util/DogUtil.java:751: error: cannot find symbol
          case DANGER_TRAPDOOR:
               ^
    symbol:   variable DANGER_TRAPDOOR
    location: class DogUtil
  /home/aptd/DoggyTalentsNext/src/main/java/doggytalents/common/util/DogUtil.java:760: error: cannot find symbol
          return ArmorMaterials.ARMADILLO.value().repairIngredient()
                               ^
    symbol:   variable ARMADILLO
    location: interface ArmorMaterials
  /home/aptd/DoggyTalentsNext/src/main/java/doggytalents/common/event/EventHandler.java:340: error: cannot find symbol
          if (FMLEnvironment.dist == Dist.CLIENT) {
                            ^
    symbol:   variable dist
    location: class FMLEnvironment
  /home/aptd/DoggyTalentsNext/src/main/java/doggytalents/client/screen/DogNewInfoScreen/element/view/MainInfoView/view/ArtifactsView/ArtifactEditElement.java:95: error: items has private access in Inventory
          var items = this.inventory.items;
                                    ^
  /home/aptd/DoggyTalentsNext/src/main/java/doggytalents/client/screen/DogNewInfoScreen/element/view/StyleView/view/AccessoryView/AccessoryEditElement.java:96: error: items has private access in Inventory
          var items = this.inventory.items;
                                    ^
  /home/aptd/DoggyTalentsNext/src/main/java/doggytalents/common/talent/OokamiKazeTalent.java:419: error: random has protected access in Level
                  (1.0F + (level.random.nextFloat() - level.random.nextFloat()) * 0.2F) * 0.7F, false);
                                ^
  /home/aptd/DoggyTalentsNext/src/main/java/doggytalents/common/talent/OokamiKazeTalent.java:419: error: random has protected access in Level
                  (1.0F + (level.random.nextFloat() - level.random.nextFloat()) * 0.2F) * 0.7F, false);
                                                           ^
  /home/aptd/DoggyTalentsNext/src/main/java/doggytalents/common/item/StarterBundleItem.java:43: error: items has private access in Inventory
          var items = inv.items;
                         ^
  /home/aptd/DoggyTalentsNext/src/main/java/doggytalents/common/item/TreatItem.java:75: error: random has protected access in Level
              (1.0F + (level.random.nextFloat() - level.random.nextFloat()) * 0.2F) * 0.7F, false);
                            ^
  /home/aptd/DoggyTalentsNext/src/main/java/doggytalents/common/item/TreatItem.java:75: error: random has protected access in Level
              (1.0F + (level.random.nextFloat() - level.random.nextFloat()) * 0.2F) * 0.7F, false);
                                                       ^
  /home/aptd/DoggyTalentsNext/src/main/java/doggytalents/common/item/TreatBagItem.java:72: error: selected has private access in Inventory
                  Screens.openTreatBagScreen(serverPlayer, stack, playerIn.getInventory().selected);
                                                                                         ^
  /home/aptd/DoggyTalentsNext/src/main/java/doggytalents/common/item/ThrowableItem.java:68: error: random has protected access in Level
          worldIn.playSound((Player)null, playerIn.getX(), playerIn.getY(), playerIn.getZ(), SoundEvents.ARROW_SHOOT, SoundSource.NEUTRAL, 0.5F, 0.4F / (worldIn.random.nextFloat() * 0.4F + 0.8F));
                                                                                                                                                                ^
  /home/aptd/DoggyTalentsNext/src/main/java/doggytalents/common/item/ThrowableItem.java:106: error: random has protected access in Level
          Vec3 vec3d = (new Vec3(x, y, z)).normalize().add(entityItem.level().random.nextGaussian() * 0.0075F * inaccuracy, entityItem.level().random.nextGaussian() * 0.0075F * inaccuracy, entityItem.level().random.nextGaussian() * 0.0075F * inaccuracy).scale(velocity);
                                                                             ^
  /home/aptd/DoggyTalentsNext/src/main/java/doggytalents/common/item/ThrowableItem.java:106: error: random has protected access in Level
          Vec3 vec3d = (new Vec3(x, y, z)).normalize().add(entityItem.level().random.nextGaussian() * 0.0075F * inaccuracy, entityItem.level().random.nextGaussian() * 0.0075F * inaccuracy, entityItem.level().random.nextGaussian() * 0.0075F * inaccuracy).scale(velocity);
                                                                                                                                              ^
  /home/aptd/DoggyTalentsNext/src/main/java/doggytalents/common/item/ThrowableItem.java:106: error: random has protected access in Level
          Vec3 vec3d = (new Vec3(x, y, z)).normalize().add(entityItem.level().random.nextGaussian() * 0.0075F * inaccuracy, entityItem.level().random.nextGaussian() * 0.0075F * inaccuracy, entityItem.level().random.nextGaussian() * 0.0075F * inaccuracy).scale(velocity);
                                                                                                                                                                                                               ^
  /home/aptd/DoggyTalentsNext/src/main/java/doggytalents/common/network/packet/ChangeAccessoryPacket.java:41: error: items has private access in Inventory
              var items = inventory.items;
                                   ^
  /home/aptd/DoggyTalentsNext/src/main/java/doggytalents/common/network/packet/ChangeArtifactPacket.java:36: error: items has private access in Inventory
              var items = inventory.items;
                                   ^
  /home/aptd/DoggyTalentsNext/src/main/java/doggytalents/common/network/packet/CarryMePacket.java:43: error: random has protected access in Level
              owner.level().playSound(null, owner.blockPosition(), DoggySounds.WHISTLE_LONG.get(), SoundSource.PLAYERS, 0.6F + owner.level().random.nextFloat() * 0.1F, 0.4F + owner.level().random.nextFloat() * 0.2F);
                                                                                                                                            ^
  /home/aptd/DoggyTalentsNext/src/main/java/doggytalents/common/network/packet/CarryMePacket.java:43: error: random has protected access in Level
              owner.level().playSound(null, owner.blockPosition(), DoggySounds.WHISTLE_LONG.get(), SoundSource.PLAYERS, 0.6F + owner.level().random.nextFloat() * 0.1F, 0.4F + owner.level().random.nextFloat() * 0.2F);
                                                                                                                                                                                            ^
  /home/aptd/DoggyTalentsNext/src/main/java/doggytalents/common/network/packet/AllStandSwitchModePacket.java:64: error: random has protected access in Level
              sender.level().playSound(null, sender.blockPosition(), DoggySounds.WHISTLE_LONG.get(), SoundSource.PLAYERS, 0.6F + sender.level().random.nextFloat() * 0.1F, 0.4F + sender.level().random.nextFloat() * 0.2F);
                                                                                                                                               ^
  /home/aptd/DoggyTalentsNext/src/main/java/doggytalents/common/network/packet/AllStandSwitchModePacket.java:64: error: random has protected access in Level
              sender.level().playSound(null, sender.blockPosition(), DoggySounds.WHISTLE_LONG.get(), SoundSource.PLAYERS, 0.6F + sender.level().random.nextFloat() * 0.1F, 0.4F + sender.level().random.nextFloat() * 0.2F);
                                                                                                                                                                                                ^
  /home/aptd/DoggyTalentsNext/src/main/java/doggytalents/common/network/packet/HeelByNamePacket.java:64: error: random has protected access in Level
          owner.level().playSound(null, owner.blockPosition(), DoggySounds.WHISTLE_LONG.get(), SoundSource.PLAYERS, 0.6F + owner.level().random.nextFloat() * 0.1F, 0.4F + owner.level().random.nextFloat() * 0.2F);
                                                                                                                                        ^
  /home/aptd/DoggyTalentsNext/src/main/java/doggytalents/common/network/packet/HeelByNamePacket.java:64: error: random has protected access in Level
          owner.level().playSound(null, owner.blockPosition(), DoggySounds.WHISTLE_LONG.get(), SoundSource.PLAYERS, 0.6F + owner.level().random.nextFloat() * 0.1F, 0.4F + owner.level().random.nextFloat() * 0.2F);
                                                                                                                                                                                        ^
  /home/aptd/DoggyTalentsNext/src/main/java/doggytalents/common/network/packet/HeelByGroupPackets.java:179: error: random has protected access in Level
                  sender.level().playSound(null, sender.blockPosition(), DoggySounds.WHISTLE_LONG.get(), SoundSource.PLAYERS, 0.6F + sender.level().random.nextFloat() * 0.1F, 0.4F + sender.level().random.nextFloat() * 0.2F);
                                                                                                                                                   ^
  /home/aptd/DoggyTalentsNext/src/main/java/doggytalents/common/network/packet/HeelByGroupPackets.java:179: error: random has protected access in Level
                  sender.level().playSound(null, sender.blockPosition(), DoggySounds.WHISTLE_LONG.get(), SoundSource.PLAYERS, 0.6F + sender.level().random.nextFloat() * 0.1F, 0.4F + sender.level().random.nextFloat() * 0.2F);
                                                                                                                                                                                                    ^
  /home/aptd/DoggyTalentsNext/src/main/java/doggytalents/common/util/dogpromise/promise/DogDistantTeleportToOwnerCrossDimensionPromise.java:156: error: x has private access in ChunkPos
          if (this.dogLevel.hasChunk(chunkpos.x, chunkpos.z)) {
                                             ^
  /home/aptd/DoggyTalentsNext/src/main/java/doggytalents/common/util/dogpromise/promise/DogDistantTeleportToOwnerCrossDimensionPromise.java:156: error: z has private access in ChunkPos
          if (this.dogLevel.hasChunk(chunkpos.x, chunkpos.z)) {
                                                         ^
  /home/aptd/DoggyTalentsNext/src/main/java/doggytalents/common/util/dogpromise/promise/DogDistantTeleportToOwnerPromise.java:152: error: x has private access in ChunkPos
          if (this.level.hasChunk(chunkpos.x, chunkpos.z)) {
                                          ^
  /home/aptd/DoggyTalentsNext/src/main/java/doggytalents/common/util/dogpromise/promise/DogDistantTeleportToOwnerPromise.java:152: error: z has private access in ChunkPos
          if (this.level.hasChunk(chunkpos.x, chunkpos.z)) {
                                                      ^
  /home/aptd/DoggyTalentsNext/src/main/java/doggytalents/common/event/EventHandler.java:276: error: getVariant() has private access in Wolf
          var dog_variant = DogVariantUtil.fromVanila(wolf.getVariant().unwrapKey().orElse(WolfVariants.PALE));
                                                          ^
  /home/aptd/DoggyTalentsNext/src/main/java/doggytalents/common/event/EventHandler.java:424: error: random has protected access in Level
              level.random.nextFloat() * 0.2F);
                   ^
  Note: Recompile with -Xlint:unchecked for details.
  Note: Some input files use or override a deprecated API.
  /home/aptd/DoggyTalentsNext/src/main/java/doggytalents/client/screen/DogNewInfoScreen/widget/NavBarButton.java:30: error: method does not override or implement a method from a supertype
      @Override
      ^
  /home/aptd/DoggyTalentsNext/src/main/java/doggytalents/client/screen/DogNewInfoScreen/widget/TalentListEntryButton.java:51: error: method does not override or implement a method from a supertype
      @Override
      ^
  /home/aptd/DoggyTalentsNext/src/main/java/doggytalents/client/screen/DogNewInfoScreen/widget/TalentListEntryButton.java:58: error: method does not override or implement a method from a supertype
      @Override
      ^
  /home/aptd/DoggyTalentsNext/src/main/java/doggytalents/client/screen/DogNewInfoScreen/widget/CombatReturnSwitch.java:52: error: method does not override or implement a method from a supertype
      @Override
      ^
  /home/aptd/DoggyTalentsNext/src/main/java/doggytalents/client/screen/DogNewInfoScreen/widget/CombatReturnSwitch.java:69: error: method does not override or implement a method from a supertype
      @Override
      ^
  /home/aptd/DoggyTalentsNext/src/main/java/doggytalents/client/screen/DogNewInfoScreen/widget/AccessoryStatusHover.java:38: error: method does not override or implement a method from a supertype
      @Override
      ^
  /home/aptd/DoggyTalentsNext/src/main/java/doggytalents/client/screen/DogNewInfoScreen/element/MainButtonToolboxRowElement.java:51: error: method does not override or implement a method from a supertype
              @Override
              ^
  /home/aptd/DoggyTalentsNext/src/main/java/doggytalents/client/screen/DogNewInfoScreen/element/view/TalentView/TalentInfoViewElement.java:477: error: method does not override or implement a method from a supertype
              @Override
              ^
  /home/aptd/DoggyTalentsNext/src/main/java/doggytalents/client/screen/DogNewInfoScreen/element/view/MainInfoView/DogStatusViewBoxElement.java:51: error: method does not override or implement a method from a supertype
              @Override
              ^
  /home/aptd/DoggyTalentsNext/src/main/java/doggytalents/client/screen/DogNewInfoScreen/element/view/MainInfoView/GroupsListElement.java:75: error: method does not override or implement a method from a supertype
              @Override
              ^
  /home/aptd/DoggyTalentsNext/src/main/java/doggytalents/client/screen/DogNewInfoScreen/element/view/MainInfoView/GroupsListElement.java:144: error: method does not override or implement a method from a supertype
          @Override
          ^
  /home/aptd/DoggyTalentsNext/src/main/java/doggytalents/client/screen/DogNewInfoScreen/element/view/MainInfoView/GroupsListElement.java:164: error: method does not override or implement a method from a supertype
          @Override
          ^
  /home/aptd/DoggyTalentsNext/src/main/java/doggytalents/client/screen/DogNewInfoScreen/element/view/MainInfoView/view/ArtifactsView/widget/ArtifactShowBox.java:48: error: method does not override or implement a method from a supertype
      @Override
      ^
  /home/aptd/DoggyTalentsNext/src/main/java/doggytalents/client/screen/DogNewInfoScreen/element/view/MainInfoView/view/ArtifactsView/widget/ArtifactShowBox.java:79: error: method does not override or implement a method from a supertype
      @Override
      ^
  /home/aptd/DoggyTalentsNext/src/main/java/doggytalents/client/screen/DogNewInfoScreen/element/view/MainInfoView/view/ArtifactsView/widget/ArtifactHolder.java:39: error: method does not override or implement a method from a supertype
      @Override
      ^
  /home/aptd/DoggyTalentsNext/src/main/java/doggytalents/client/screen/DogNewInfoScreen/element/view/MainInfoView/view/ArtifactsView/widget/ArtifactHolder.java:59: error: method does not override or implement a method from a supertype
      @Override
      ^
  /home/aptd/DoggyTalentsNext/src/main/java/doggytalents/client/screen/DogNewInfoScreen/element/view/MainInfoView/view/EditInfoView.java:113: error: method does not override or implement a method from a supertype
                      @Override
                      ^
  /home/aptd/DoggyTalentsNext/src/main/java/doggytalents/client/screen/DogNewInfoScreen/element/view/MainInfoView/view/EditInfoView.java:135: error: method does not override or implement a method from a supertype
                      @Override
                      ^
  /home/aptd/DoggyTalentsNext/src/main/java/doggytalents/client/screen/DogNewInfoScreen/element/view/MainInfoView/view/EditInfoView.java:157: error: method does not override or implement a method from a supertype
                      @Override
                      ^
  /home/aptd/DoggyTalentsNext/src/main/java/doggytalents/client/screen/DogNewInfoScreen/element/view/MainInfoView/view/EditInfoView.java:179: error: method does not override or implement a method from a supertype
                      @Override
                      ^
  /home/aptd/DoggyTalentsNext/src/main/java/doggytalents/client/screen/DogNewInfoScreen/element/view/MainInfoView/view/EditInfoView.java:229: error: method does not override or implement a method from a supertype
                      @Override
                      ^
  /home/aptd/DoggyTalentsNext/src/main/java/doggytalents/client/screen/DogNewInfoScreen/element/view/MainInfoView/view/EditInfoView.java:383: error: method does not override or implement a method from a supertype
                  @Override
                  ^
  /home/aptd/DoggyTalentsNext/src/main/java/doggytalents/client/screen/DogNewInfoScreen/element/view/MainInfoView/dropdown/AddGroupMenu/ColorSelectElement.java:89: error: method does not override or implement a method from a supertype
          @Override
          ^
  /home/aptd/DoggyTalentsNext/src/main/java/doggytalents/client/screen/DogNewInfoScreen/element/view/MainInfoView/dropdown/AddGroupMenu/ColorSelectElement.java:94: error: method does not override or implement a method from a supertype
          @Override
          ^
  /home/aptd/DoggyTalentsNext/src/main/java/doggytalents/client/screen/DogNewInfoScreen/element/view/StyleView/widget/AccessoryHolder.java:46: error: method does not override or implement a method from a supertype
      @Override
      ^
  /home/aptd/DoggyTalentsNext/src/main/java/doggytalents/client/screen/DogNewInfoScreen/element/view/StyleView/widget/AccessoryHolder.java:67: error: method does not override or implement a method from a supertype
      @Override
      ^
  /home/aptd/DoggyTalentsNext/src/main/java/doggytalents/client/screen/FoodBowlScreen.java:34: error: method does not override or implement a method from a supertype
      @Override
      ^
  /home/aptd/DoggyTalentsNext/src/main/java/doggytalents/client/entity/render/misc/SamoyedPlushieRenderer.java:45: error: method does not override or implement a method from a supertype
      @Override
      ^
  /home/aptd/DoggyTalentsNext/src/main/java/doggytalents/client/entity/model/misc/SamoyedPlushieModel.java:156: error: method does not override or implement a method from a supertype
      @Override
      ^
  /home/aptd/DoggyTalentsNext/src/main/java/doggytalents/client/entity/render/misc/DogPlushieRenderer.java:52: error: method does not override or implement a method from a supertype
      @Override
      ^
  /home/aptd/DoggyTalentsNext/src/main/java/doggytalents/client/entity/model/misc/DogPlushieModel.java:75: error: method does not override or implement a method from a supertype
      @Override
      ^
  /home/aptd/DoggyTalentsNext/src/main/java/doggytalents/client/entity/render/misc/DogThrownTridentRenderer.java:46: error: method does not override or implement a method from a supertype
      @Override
      ^
  /home/aptd/DoggyTalentsNext/src/main/java/doggytalents/client/entity/render/misc/PianoRenderer.java:74: error: method does not override or implement a method from a supertype
      @Override
      ^
  /home/aptd/DoggyTalentsNext/src/main/java/doggytalents/client/entity/model/misc/GrandPianoModel.java:219: error: method does not override or implement a method from a supertype
  	@Override
  	^
  /home/aptd/DoggyTalentsNext/src/main/java/doggytalents/client/entity/model/misc/UprightPianoModel.java:170: error: method does not override or implement a method from a supertype
  	@Override
  	^
  /home/aptd/DoggyTalentsNext/src/main/java/doggytalents/client/entity/render/DoggyBeamRenderer.java:58: error: method does not override or implement a method from a supertype
      @Override
      ^
  /home/aptd/DoggyTalentsNext/src/main/java/doggytalents/client/entity/render/layer/accessory/AccessoryModelRenderer.java:27: error: method does not override or implement a method from a supertype
      @Override
      ^
  /home/aptd/DoggyTalentsNext/src/main/java/doggytalents/client/entity/render/layer/accessory/DefaultAccessoryRenderer.java:41: error: method does not override or implement a method from a supertype
      @Override
      ^
  /home/aptd/DoggyTalentsNext/src/main/java/doggytalents/client/entity/render/layer/accessory/modelrenderentry/KitsuneMaskRenderEntry.java:48: error: method does not override or implement a method from a supertype
      @Override
      ^
  /home/aptd/DoggyTalentsNext/src/main/java/doggytalents/client/entity/render/layer/accessory/modelrenderentry/TenguMaskRenderEmtry.java:48: error: method does not override or implement a method from a supertype
      @Override
      ^
  /home/aptd/DoggyTalentsNext/src/main/java/doggytalents/client/entity/render/layer/accessory/modelrenderentry/DoubleDyableRenderEntry.java:19: error: method does not override or implement a method from a supertype
      @Override
      ^
  /home/aptd/DoggyTalentsNext/src/main/java/doggytalents/client/entity/render/layer/accessory/modelrenderentry/CeremonialGarbRenderEntry.java:53: error: method does not override or implement a method from a supertype
      @Override
      ^
  /home/aptd/DoggyTalentsNext/src/main/java/doggytalents/client/entity/render/layer/accessory/modelrenderentry/MidiKeyboardRenderEntry.java:54: error: method does not override or implement a method from a supertype
      @Override
      ^
  /home/aptd/DoggyTalentsNext/src/main/java/doggytalents/client/entity/render/layer/accessory/DoggyArmorRenderer.java:52: error: method does not override or implement a method from a supertype
      @Override
      ^
  /home/aptd/DoggyTalentsNext/src/main/java/doggytalents/client/entity/render/layer/accessory/IncapacitatedRenderer.java:41: error: method does not override or implement a method from a supertype
      @Override
      ^
  /home/aptd/DoggyTalentsNext/src/main/java/doggytalents/client/entity/render/layer/TorchDogRenderer.java:27: error: method does not override or implement a method from a supertype
      @Override
      ^
  /home/aptd/DoggyTalentsNext/src/main/java/doggytalents/client/entity/render/layer/DogCustomGlowingOverlayRenderer.java:22: error: method does not override or implement a method from a supertype
      @Override
      ^
  /home/aptd/DoggyTalentsNext/src/main/java/doggytalents/client/entity/render/layer/RescueDogRenderer.java:30: error: method does not override or implement a method from a supertype
      @Override
      ^
  /home/aptd/DoggyTalentsNext/src/main/java/doggytalents/client/entity/render/layer/DogVariantRenderer.java:22: error: method does not override or implement a method from a supertype
      @Override
      ^
  /home/aptd/DoggyTalentsNext/src/main/java/doggytalents/client/entity/render/layer/FisherDogRenderer.java:31: error: method does not override or implement a method from a supertype
      @Override
      ^
  /home/aptd/DoggyTalentsNext/src/main/java/doggytalents/client/entity/render/layer/PackPuppyRenderer.java:29: error: method does not override or implement a method from a supertype
      @Override
      ^
  /home/aptd/DoggyTalentsNext/src/main/java/doggytalents/client/entity/render/DogGunpowderProjectileRenderer.java:47: error: method does not override or implement a method from a supertype
      @Override
      ^
  /home/aptd/DoggyTalentsNext/src/main/java/doggytalents/client/entity/render/DogFoodProjectileRenderer.java:51: error: method does not override or implement a method from a supertype
      @Override
      ^
  /home/aptd/DoggyTalentsNext/src/main/java/doggytalents/client/entity/model/animation/DTNModelLoader.java:39: error: method does not override or implement a method from a supertype
      @Override
      ^
  /home/aptd/DoggyTalentsNext/src/main/java/doggytalents/client/debug/SODTunningScreen.java:211: error: method does not override or implement a method from a supertype
      @Override
      ^
  /home/aptd/DoggyTalentsNext/src/main/java/doggytalents/client/debug/SODTunningScreen.java:220: error: method does not override or implement a method from a supertype
      @Override
      ^
  /home/aptd/DoggyTalentsNext/src/main/java/doggytalents/common/inventory/PackPuppyItemHandler.java:20: error: method does not override or implement a method from a supertype
      @Override
      ^
  /home/aptd/DoggyTalentsNext/src/main/java/doggytalents/common/inventory/PackPuppyItemHandler.java:39: error: method does not override or implement a method from a supertype
      @Override
      ^
  /home/aptd/DoggyTalentsNext/src/main/java/doggytalents/common/data/DTNDatapackProvider.java:66: error: method does not override or implement a method from a supertype
          @Override
          ^
  /home/aptd/DoggyTalentsNext/src/main/java/doggytalents/common/data/DTLootTableProvider.java:69: error: method does not override or implement a method from a supertype
      @Override
      ^
  /home/aptd/DoggyTalentsNext/src/main/java/doggytalents/common/data/neoforge_data/DTNNeoForgeComposterProvider.java:19: error: method does not override or implement a method from a supertype
      @Override
      ^
  /home/aptd/DoggyTalentsNext/src/main/java/doggytalents/common/entity/accessory/Propellar.java:45: error: method does not override or implement a method from a supertype
          @Override
          ^
  /home/aptd/DoggyTalentsNext/src/main/java/doggytalents/common/entity/accessory/YetiGoose.java:44: error: method does not override or implement a method from a supertype
          @Override
          ^
  /home/aptd/DoggyTalentsNext/src/main/java/doggytalents/common/entity/texture/DogAllowedSkinManager.java:63: error: method does not override or implement a method from a supertype
      @Override
      ^
  /home/aptd/DoggyTalentsNext/src/main/java/doggytalents/common/item/OyakodonItem.java:31: error: method does not override or implement a method from a supertype
      @Override
      ^
  /home/aptd/DoggyTalentsNext/src/main/java/doggytalents/common/item/SoyPodsItem.java:24: error: method does not override or implement a method from a supertype
      @Override
      ^
  /home/aptd/DoggyTalentsNext/src/main/java/doggytalents/common/item/StarterBundleItem.java:71: error: method does not override or implement a method from a supertype
      @Override
      ^
  /home/aptd/DoggyTalentsNext/src/main/java/doggytalents/common/item/NattoItem.java:23: error: method does not override or implement a method from a supertype
      @Override
      ^
  /home/aptd/DoggyTalentsNext/src/main/java/doggytalents/common/item/FrisbeeDroolItem.java:21: error: method does not override or implement a method from a supertype
      @Override
      ^
  /home/aptd/DoggyTalentsNext/src/main/java/doggytalents/common/item/TofuItem.java:28: error: method does not override or implement a method from a supertype
      @Override
      ^
  /home/aptd/DoggyTalentsNext/src/main/java/doggytalents/common/item/PlagueDoctorMaskItem.java:21: error: method does not override or implement a method from a supertype
      @Override
      ^
  /home/aptd/DoggyTalentsNext/src/main/java/doggytalents/common/item/RiceBowlItem.java:33: error: method does not override or implement a method from a supertype
      @Override
      ^
  /home/aptd/DoggyTalentsNext/src/main/java/doggytalents/common/item/GyudonItem.java:32: error: method does not override or implement a method from a supertype
      @Override
      ^
  /home/aptd/DoggyTalentsNext/src/main/java/doggytalents/common/item/DoggyCharmItem.java:187: error: method does not override or implement a method from a supertype
      @Override
      ^
  /home/aptd/DoggyTalentsNext/src/main/java/doggytalents/common/item/HeadBandItem.java:23: error: method does not override or implement a method from a supertype
      @Override
      ^
  /home/aptd/DoggyTalentsNext/src/main/java/doggytalents/common/item/MisoSoupItem.java:32: error: method does not override or implement a method from a supertype
      @Override
      ^
  /home/aptd/DoggyTalentsNext/src/main/java/doggytalents/common/item/SoyPodsDriedItem.java:23: error: method does not override or implement a method from a supertype
      @Override
      ^
  /home/aptd/DoggyTalentsNext/src/main/java/doggytalents/common/item/BandaidItem.java:19: error: method does not override or implement a method from a supertype
      @Override
      ^
  /home/aptd/DoggyTalentsNext/src/main/java/doggytalents/common/item/DualDyableAccessoryItem.java:33: error: method does not override or implement a method from a supertype
      @Override
      ^
  /home/aptd/DoggyTalentsNext/src/main/java/doggytalents/common/item/DemonHornsItem.java:21: error: method does not override or implement a method from a supertype
      @Override
      ^
  /home/aptd/DoggyTalentsNext/src/main/java/doggytalents/common/item/HotDogAccessoryItem.java:34: error: method does not override or implement a method from a supertype
      @Override
      ^
  /home/aptd/DoggyTalentsNext/src/main/java/doggytalents/common/item/ChristmasHatItem.java:18: error: method does not override or implement a method from a supertype
      @Override
      ^
  /home/aptd/DoggyTalentsNext/src/main/java/doggytalents/common/item/TreatBagItem.java:131: error: method does not override or implement a method from a supertype
      @Override
      ^
  /home/aptd/DoggyTalentsNext/src/main/java/doggytalents/common/item/FrisbeeItem.java:21: error: method does not override or implement a method from a supertype
      @Override
      ^
  /home/aptd/DoggyTalentsNext/src/main/java/doggytalents/common/item/BirthdayHatItem.java:21: error: method does not override or implement a method from a supertype
      @Override
      ^
  /home/aptd/DoggyTalentsNext/src/main/java/doggytalents/common/item/UncookedRiceBowlItem.java:19: error: method does not override or implement a method from a supertype
      @Override
      ^
  /home/aptd/DoggyTalentsNext/src/main/java/doggytalents/common/item/DyableBirthdayHatItem.java:30: error: method does not override or implement a method from a supertype
      @Override
      ^
  /home/aptd/DoggyTalentsNext/src/main/java/doggytalents/common/item/DualAccessoryItem.java:32: error: method does not override or implement a method from a supertype
      @Override
      ^
  /home/aptd/DoggyTalentsNext/src/main/java/doggytalents/common/item/SussySickleItem.java:30: error: method does not override or implement a method from a supertype
      @Override
      ^
  /home/aptd/DoggyTalentsNext/src/main/java/doggytalents/common/item/BunnyEarsItem.java:17: error: method does not override or implement a method from a supertype
      @Override
      ^
  /home/aptd/DoggyTalentsNext/src/main/java/doggytalents/common/item/DoggyContactsItem.java:22: error: method does not override or implement a method from a supertype
      @Override
      ^
  /home/aptd/DoggyTalentsNext/src/main/java/doggytalents/common/item/OnsenTamagoItem.java:23: error: method does not override or implement a method from a supertype
      @Override
      ^
  /home/aptd/DoggyTalentsNext/src/main/java/doggytalents/common/item/AmnesiaBoneItem.java:96: error: method does not override or implement a method from a supertype
      @Override
      ^
  /home/aptd/DoggyTalentsNext/src/main/java/doggytalents/common/item/MisoPasteItem.java:19: error: method does not override or implement a method from a supertype
      @Override
      ^
  /home/aptd/DoggyTalentsNext/src/main/java/doggytalents/common/item/SnorkelAccessoryItem.java:21: error: method does not override or implement a method from a supertype
      @Override
      ^
  /home/aptd/DoggyTalentsNext/src/main/java/doggytalents/common/item/NattoRiceItem.java:22: error: method does not override or implement a method from a supertype
      @Override
      ^
  /home/aptd/DoggyTalentsNext/src/main/java/doggytalents/common/item/ScentTreatItem.java:82: error: method does not override or implement a method from a supertype
      @Override
      ^
  /home/aptd/DoggyTalentsNext/src/main/java/doggytalents/common/item/RiceGrainsItem.java:69: error: method does not override or implement a method from a supertype
      @Override
      ^
  /home/aptd/DoggyTalentsNext/src/main/java/doggytalents/common/item/CrowWingsItem.java:21: error: method does not override or implement a method from a supertype
      @Override
      ^
  /home/aptd/DoggyTalentsNext/src/main/java/doggytalents/common/item/WitchHatItem.java:21: error: method does not override or implement a method from a supertype
      @Override
      ^
  /home/aptd/DoggyTalentsNext/src/main/java/doggytalents/common/item/EdamameItem.java:23: error: method does not override or implement a method from a supertype
      @Override
      ^
  /home/aptd/DoggyTalentsNext/src/main/java/doggytalents/common/item/GiantStickAccessoryItem.java:25: error: method does not override or implement a method from a supertype
      @Override
      ^
  /home/aptd/DoggyTalentsNext/src/main/java/doggytalents/common/item/FieryReflectorItem.java:23: error: method does not override or implement a method from a supertype
      @Override
      ^
  /home/aptd/DoggyTalentsNext/src/main/java/doggytalents/common/item/DogPresentCostumeItem.java:19: error: method does not override or implement a method from a supertype
      @Override
      ^
  /home/aptd/DoggyTalentsNext/src/main/java/doggytalents/common/item/SakeItem.java:94: error: method does not override or implement a method from a supertype
      @Override
      ^
  /home/aptd/DoggyTalentsNext/src/main/java/doggytalents/common/item/SakeItem.java:155: error: method does not override or implement a method from a supertype
      @Override
      ^
  /home/aptd/DoggyTalentsNext/src/main/java/doggytalents/common/item/LocatorOrbItem.java:26: error: method does not override or implement a method from a supertype
      @Override
      ^
  /home/aptd/DoggyTalentsNext/src/main/java/doggytalents/common/item/DeerAntlersItem.java:18: error: method does not override or implement a method from a supertype
      @Override
      ^
  /home/aptd/DoggyTalentsNext/src/main/java/doggytalents/common/item/OnigiriItem.java:25: error: method does not override or implement a method from a supertype
      @Override
      ^
  /home/aptd/DoggyTalentsNext/src/main/java/doggytalents/common/item/AburaageItem.java:25: error: method does not override or implement a method from a supertype
      @Override
      ^
  /home/aptd/DoggyTalentsNext/src/main/java/doggytalents/common/item/GoldenAFiveWagyuItem.java:31: error: method does not override or implement a method from a supertype
      @Override
      ^
  /home/aptd/DoggyTalentsNext/src/main/java/doggytalents/common/item/EggSandwichItem.java:23: error: method does not override or implement a method from a supertype
      @Override
      ^
  /home/aptd/DoggyTalentsNext/src/main/java/doggytalents/common/item/EdamameUnpoddedItem.java:25: error: method does not override or implement a method from a supertype
      @Override
      ^
  /home/aptd/DoggyTalentsNext/src/main/java/doggytalents/common/inventory/container/FoodBowlContainer.java:36: warning: [removal] SlotItemHandler in net.neoforged.neoforge.items has been deprecated and marked for removal
                  this.addSlot(new SlotItemHandler(inventory, l + i * 9, 44 + l * 18, 22 + i * 18));
                                   ^
  /home/aptd/DoggyTalentsNext/src/main/java/doggytalents/common/inventory/container/PackPuppyContainer.java:22: warning: [removal] ItemStackHandler in net.neoforged.neoforge.items has been deprecated and marked for removal
      private ItemStackHandler packInventory;
              ^
  /home/aptd/DoggyTalentsNext/src/main/java/doggytalents/common/inventory/container/PackPuppyContainer.java:35: warning: [removal] SlotItemHandler in net.neoforged.neoforge.items has been deprecated and marked for removal
                  this.addSlot(new SlotItemHandler(this.packInventory, i1 * 3 + j, 79 + 18 * i1, 1 + 18 * j + 24));
                                   ^
  /home/aptd/DoggyTalentsNext/src/main/java/doggytalents/common/inventory/container/TreatBagContainer.java:18: warning: [removal] IItemHandler in net.neoforged.neoforge.items has been deprecated and marked for removal
      public IItemHandler bagInventory;
             ^
  /home/aptd/DoggyTalentsNext/src/main/java/doggytalents/common/inventory/container/TreatBagContainer.java:29: warning: [removal] SlotItemHandler in net.neoforged.neoforge.items has been deprecated and marked for removal
              this.addSlot(new SlotItemHandler(this.bagInventory, l, 44 + l * 18, 22));
                               ^
  /home/aptd/DoggyTalentsNext/src/main/java/doggytalents/common/inventory/container/DogArmorContainer.java:60: warning: [removal] SlotItemHandler in net.neoforged.neoforge.items has been deprecated and marked for removal
              this.addSlot(new SlotItemHandler(dogArmors, dogSlot.slotId, 17, 27 + i * 18) {
                               ^
  /home/aptd/DoggyTalentsNext/src/main/java/doggytalents/common/inventory/container/DogArmorContainer.java:60: warning: [removal] IItemHandler in net.neoforged.neoforge.items has been deprecated and marked for removal
              this.addSlot(new SlotItemHandler(dogArmors, dogSlot.slotId, 17, 27 + i * 18) {
                                                                                           ^
  /home/aptd/DoggyTalentsNext/src/main/java/doggytalents/common/inventory/container/DogArmorContainer.java:84: warning: [removal] SlotItemHandler in net.neoforged.neoforge.items has been deprecated and marked for removal
              this.addSlot(new SlotItemHandler(dogArmors, dogSlot.slotId, 138, 27 + (i-2) * 18) {
                               ^
  /home/aptd/DoggyTalentsNext/src/main/java/doggytalents/common/inventory/container/DogArmorContainer.java:84: warning: [removal] IItemHandler in net.neoforged.neoforge.items has been deprecated and marked for removal
              this.addSlot(new SlotItemHandler(dogArmors, dogSlot.slotId, 138, 27 + (i-2) * 18) {
                                                                                                ^
  /home/aptd/DoggyTalentsNext/src/main/java/doggytalents/common/inventory/container/DoggyToolsMenu.java:57: warning: [removal] SlotItemHandler in net.neoforged.neoforge.items has been deprecated and marked for removal
              this.addSlot(new SlotItemHandler(this.tools, i, pX, aY));
                               ^
  /home/aptd/DoggyTalentsNext/src/main/java/doggytalents/common/block/tileentity/RiceMillBlockEntity.java:60: warning: [removal] InvWrapper in net.neoforged.neoforge.items.wrapper has been deprecated and marked for removal
      private InvWrapper containerWrapper = new InvWrapper(container);
              ^
  /home/aptd/DoggyTalentsNext/src/main/java/doggytalents/common/block/tileentity/RiceMillBlockEntity.java:60: warning: [removal] InvWrapper in net.neoforged.neoforge.items.wrapper has been deprecated and marked for removal
      private InvWrapper containerWrapper = new InvWrapper(container);
                                                ^
  /home/aptd/DoggyTalentsNext/src/main/java/doggytalents/common/inventory/DoggyToolsItemHandler.java:11: warning: [removal] ItemStackHandler in net.neoforged.neoforge.items has been deprecated and marked for removal
  public class DoggyToolsItemHandler extends ItemStackHandler {
                                             ^
  /home/aptd/DoggyTalentsNext/src/main/java/doggytalents/common/inventory/container/slot/DogInventorySlot.java:10: warning: [removal] SlotItemHandler in net.neoforged.neoforge.items has been deprecated and marked for removal
  public class DogInventorySlot extends SlotItemHandler {
                                        ^
  /home/aptd/DoggyTalentsNext/src/main/java/doggytalents/common/inventory/container/slot/DogInventorySlot.java:17: warning: [removal] IItemHandler in net.neoforged.neoforge.items has been deprecated and marked for removal
      public DogInventorySlot(Dog dogIn, Player playerIn, IItemHandler itemHandler, int absolute_col, int relative_row, int relative_col, int index, int xPosition, int yPosition) {
                                                          ^
  /home/aptd/DoggyTalentsNext/src/main/java/doggytalents/common/block/tileentity/FoodBowlTileEntity.java:38: warning: [removal] ItemStackHandler in net.neoforged.neoforge.items has been deprecated and marked for removal
      private final ItemStackHandler inventory = new ItemStackHandler(5) {
                    ^
  /home/aptd/DoggyTalentsNext/src/main/java/doggytalents/common/block/tileentity/FoodBowlTileEntity.java:38: warning: [removal] ItemStackHandler in net.neoforged.neoforge.items has been deprecated and marked for removal
      private final ItemStackHandler inventory = new ItemStackHandler(5) {
                                                     ^
  /home/aptd/DoggyTalentsNext/src/main/java/doggytalents/common/block/tileentity/FoodBowlTileEntity.java:120: warning: [removal] ItemStackHandler in net.neoforged.neoforge.items has been deprecated and marked for removal
      public ItemStackHandler getInventory() {
             ^
  /home/aptd/DoggyTalentsNext/src/main/java/doggytalents/common/inventory/PackPuppyItemHandler.java:11: warning: [removal] ItemStackHandler in net.neoforged.neoforge.items has been deprecated and marked for removal
  public class PackPuppyItemHandler extends ItemStackHandler {
                                            ^
  /home/aptd/DoggyTalentsNext/src/main/java/doggytalents/common/talent/doggy_tools/ShootHandler.java:117: warning: [removal] ItemStackHandler in net.neoforged.neoforge.items has been deprecated and marked for removal
              ItemStackHandler inv = null;
              ^
  /home/aptd/DoggyTalentsNext/src/main/java/doggytalents/common/talent/doggy_tools/ShootHandler.java:297: warning: [removal] ItemStackHandler in net.neoforged.neoforge.items has been deprecated and marked for removal
              ItemStack crossbow_stack, Pair<ItemStackHandler, Integer> arrow_getter, UsingWeaponContext ctx) {
                                             ^
  /home/aptd/DoggyTalentsNext/src/main/java/doggytalents/common/talent/doggy_tools/ShootHandler.java:321: warning: [removal] ItemStackHandler in net.neoforged.neoforge.items has been deprecated and marked for removal
          private void chargeCrossbowAndConsumeArrow(AbstractDog dog, ItemStack crossbow_stack, Pair<ItemStackHandler, Integer> arrow_getter) {
                                                                                                     ^
  /home/aptd/DoggyTalentsNext/src/main/java/doggytalents/common/talent/doggy_tools/ShootHandler.java:322: warning: [removal] ItemStackHandler in net.neoforged.neoforge.items has been deprecated and marked for removal
              ItemStackHandler inv = null;
              ^
  /home/aptd/DoggyTalentsNext/src/main/java/doggytalents/common/talent/doggy_tools/DoggyToolsRangedAttack.java:133: warning: [removal] ItemStackHandler in net.neoforged.neoforge.items has been deprecated and marked for removal
      public static Optional<Pair<ItemStackHandler, Integer>> findArrowsInInventory(AbstractDog dog) {
                                  ^
  /home/aptd/DoggyTalentsNext/src/main/java/doggytalents/common/talent/doggy_tools/DoggyToolsRangedAttack.java:140: warning: [removal] ItemStackHandler in net.neoforged.neoforge.items has been deprecated and marked for removal
          ItemStackHandler inv = tools.getTools();
          ^
  /home/aptd/DoggyTalentsNext/src/main/java/doggytalents/common/talent/doggy_tools/DoggyToolsRangedAttack.java:158: warning: [removal] ItemStackHandler in net.neoforged.neoforge.items has been deprecated and marked for removal
      private static int findArrowStackInInventory(ItemStackHandler inv) {
                                                   ^
  /home/aptd/DoggyTalentsNext/src/main/java/doggytalents/common/inventory/TreatBagItemHandler.java:16: warning: [removal] ItemStackHandler in net.neoforged.neoforge.items has been deprecated and marked for removal
  public class TreatBagItemHandler extends ItemStackHandler {
                                           ^
  /home/aptd/DoggyTalentsNext/src/main/java/doggytalents/common/item/TreatBagItem.java:117: warning: [removal] IItemHandler in net.neoforged.neoforge.items has been deprecated and marked for removal
      private int findThrowableInItemHandler(IItemHandler itemHandler) {
                                             ^
  /home/aptd/DoggyTalentsNext/src/main/java/doggytalents/common/item/TreatBagItem.java:118: warning: [removal] getSlots() in IItemHandler has been deprecated and marked for removal
          for (int i = 0; i < itemHandler.getSlots(); ++i) {
                                         ^
  /home/aptd/DoggyTalentsNext/src/main/java/doggytalents/common/item/TreatBagItem.java:119: warning: [removal] getStackInSlot(int) in IItemHandler has been deprecated and marked for removal
              var stack = itemHandler.getStackInSlot(i);
                                     ^
  /home/aptd/DoggyTalentsNext/src/main/java/doggytalents/common/item/TreatBagItem.java:208: warning: [removal] IItemHandlerModifiable in net.neoforged.neoforge.items has been deprecated and marked for removal
          IItemHandlerModifiable treatBag = new TreatBagItemHandler(stackIn);
          ^
  /home/aptd/DoggyTalentsNext/src/main/java/doggytalents/common/util/ItemUtil.java:34: warning: [removal] IItemHandler in net.neoforged.neoforge.items has been deprecated and marked for removal
      public static ContentOverview getContentOverview(IItemHandler inventory) {
                                                       ^
  /home/aptd/DoggyTalentsNext/src/main/java/doggytalents/common/util/ItemUtil.java:37: warning: [removal] getSlots() in IItemHandler has been deprecated and marked for removal
          for (int i = 0; i < inventory.getSlots(); ++i) {
                                       ^
  /home/aptd/DoggyTalentsNext/src/main/java/doggytalents/common/util/ItemUtil.java:38: warning: [removal] getStackInSlot(int) in IItemHandler has been deprecated and marked for removal
              var stack = inventory.getStackInSlot(i);
                                   ^
  /home/aptd/DoggyTalentsNext/src/main/java/doggytalents/common/util/InventoryUtil.java:26: warning: [removal] IItemHandler in net.neoforged.neoforge.items has been deprecated and marked for removal
      public static Pair<ItemStack, Integer> findStack(IItemHandler source, Predicate<ItemStack> searchCriteria) {
                                                       ^
  /home/aptd/DoggyTalentsNext/src/main/java/doggytalents/common/util/InventoryUtil.java:27: warning: [removal] getSlots() in IItemHandler has been deprecated and marked for removal
          for (int i = 0; i < source.getSlots(); i++) {
                                    ^
  /home/aptd/DoggyTalentsNext/src/main/java/doggytalents/common/util/InventoryUtil.java:29: warning: [removal] getStackInSlot(int) in IItemHandler has been deprecated and marked for removal
              ItemStack stack = source.getStackInSlot(i);
                                      ^
  /home/aptd/DoggyTalentsNext/src/main/java/doggytalents/common/util/InventoryUtil.java:38: warning: [removal] IItemHandlerModifiable in net.neoforged.neoforge.items has been deprecated and marked for removal
      public static void transferStacks(IItemHandlerModifiable source, IItemHandler target) {
                                        ^
  /home/aptd/DoggyTalentsNext/src/main/java/doggytalents/common/util/InventoryUtil.java:38: warning: [removal] IItemHandler in net.neoforged.neoforge.items has been deprecated and marked for removal
      public static void transferStacks(IItemHandlerModifiable source, IItemHandler target) {
                                                                       ^
  /home/aptd/DoggyTalentsNext/src/main/java/doggytalents/common/util/InventoryUtil.java:39: warning: [removal] getSlots() in IItemHandler has been deprecated and marked for removal
          for (int i = 0; i < source.getSlots(); i++) {
                                    ^
  /home/aptd/DoggyTalentsNext/src/main/java/doggytalents/common/util/InventoryUtil.java:40: warning: [removal] getStackInSlot(int) in IItemHandler has been deprecated and marked for removal
              ItemStack stack = source.getStackInSlot(i);
                                      ^
  /home/aptd/DoggyTalentsNext/src/main/java/doggytalents/common/util/InventoryUtil.java:45: warning: [removal] IItemHandler in net.neoforged.neoforge.items has been deprecated and marked for removal
      public static ItemStack addItem(IItemHandler target, ItemStack remaining) {
                                      ^
  /home/aptd/DoggyTalentsNext/src/main/java/doggytalents/common/util/InventoryUtil.java:50: warning: [removal] getSlots() in IItemHandler has been deprecated and marked for removal
          for (int i = 0; i < target.getSlots(); i++) {
                                    ^
  /home/aptd/DoggyTalentsNext/src/main/java/doggytalents/common/util/InventoryUtil.java:51: warning: [removal] getStackInSlot(int) in IItemHandler has been deprecated and marked for removal
              var stack = target.getStackInSlot(i);
                                ^
  /home/aptd/DoggyTalentsNext/src/main/java/doggytalents/common/util/InventoryUtil.java:54: warning: [removal] isItemValid(int,ItemStack) in IItemHandler has been deprecated and marked for removal
              if (target.isItemValid(i, remaining)) {
                        ^
  /home/aptd/DoggyTalentsNext/src/main/java/doggytalents/common/util/InventoryUtil.java:55: warning: [removal] insertItem(int,ItemStack,boolean) in IItemHandler has been deprecated and marked for removal
                  remaining = target.insertItem(i, remaining, false);
                                    ^
  /home/aptd/DoggyTalentsNext/src/main/java/doggytalents/common/util/InventoryUtil.java:68: warning: [removal] getSlots() in IItemHandler has been deprecated and marked for removal
          for (int i = 0; i < target.getSlots(); i++) {
                                    ^
  /home/aptd/DoggyTalentsNext/src/main/java/doggytalents/common/util/InventoryUtil.java:69: warning: [removal] isItemValid(int,ItemStack) in IItemHandler has been deprecated and marked for removal
              if (target.isItemValid(i, remaining)) {
                        ^
  /home/aptd/DoggyTalentsNext/src/main/java/doggytalents/common/util/InventoryUtil.java:70: warning: [removal] insertItem(int,ItemStack,boolean) in IItemHandler has been deprecated and marked for removal
                  remaining = target.insertItem(i, remaining, false);
                                    ^
  /home/aptd/DoggyTalentsNext/src/main/java/doggytalents/common/util/InventoryUtil.java:81: warning: [removal] IItemHandler in net.neoforged.neoforge.items has been deprecated and marked for removal
      public static int calcRedstoneFromInventory(@Nullable IItemHandler inv) {
                                                            ^
  /home/aptd/DoggyTalentsNext/src/main/java/doggytalents/common/util/InventoryUtil.java:88: warning: [removal] getSlots() in IItemHandler has been deprecated and marked for removal
             for (int j = 0; j < inv.getSlots(); ++j) {
                                    ^
  /home/aptd/DoggyTalentsNext/src/main/java/doggytalents/common/util/InventoryUtil.java:89: warning: [removal] getStackInSlot(int) in IItemHandler has been deprecated and marked for removal
                ItemStack itemstack = inv.getStackInSlot(j);
                                         ^
  /home/aptd/DoggyTalentsNext/src/main/java/doggytalents/common/util/InventoryUtil.java:91: warning: [removal] getSlotLimit(int) in IItemHandler has been deprecated and marked for removal
                   f += itemstack.getCount() / (float)Math.min(inv.getSlotLimit(j), itemstack.getMaxStackSize());
                                                                  ^
  /home/aptd/DoggyTalentsNext/src/main/java/doggytalents/common/util/InventoryUtil.java:96: warning: [removal] getSlots() in IItemHandler has been deprecated and marked for removal
             f = f / inv.getSlots();
                        ^
  /home/aptd/DoggyTalentsNext/src/main/java/doggytalents/common/util/InventoryUtil.java:119: warning: [removal] ItemStackHandler in net.neoforged.neoforge.items has been deprecated and marked for removal
      public static int maxStackSizeWithContainer(ItemStackHandler container, int slot, ItemStack stack) {
                                                  ^
  /home/aptd/DoggyTalentsNext/src/main/java/doggytalents/common/util/DogFoodUtil.java:39: warning: [removal] ItemStackHandler in net.neoforged.neoforge.items has been deprecated and marked for removal
      public static int dogFindFoodInInv(Dog dog, boolean findHealingFood, ItemStackHandler inv) {
                                                                           ^
  /home/aptd/DoggyTalentsNext/src/main/java/doggytalents/common/util/DogFoodUtil.java:44: warning: [removal] ItemStackHandler in net.neoforged.neoforge.items has been deprecated and marked for removal
          Dog target, boolean findHealingFood, ItemStackHandler inv) {
                                               ^
  /home/aptd/DoggyTalentsNext/src/main/java/doggytalents/common/util/DogFoodUtil.java:55: warning: [removal] ItemStackHandler in net.neoforged.neoforge.items has been deprecated and marked for removal
      public static int dogFindBestDogEddibleFood(Dog finder, Dog target, boolean findHealingFood, ItemStackHandler inv) {
                                                                                                   ^
  /home/aptd/DoggyTalentsNext/src/main/java/doggytalents/common/util/DogFoodUtil.java:97: warning: [removal] ItemStackHandler in net.neoforged.neoforge.items has been deprecated and marked for removal
      public static int dogFindMeatFood(Dog finder, Dog target, ItemStackHandler inv) {
                                                                ^
  /home/aptd/DoggyTalentsNext/src/main/java/doggytalents/common/util/DogFoodUtil.java:121: warning: [removal] ItemStackHandler in net.neoforged.neoforge.items has been deprecated and marked for removal
          ItemStackHandler inv) {
          ^
  /home/aptd/DoggyTalentsNext/src/main/java/doggytalents/common/util/DogFoodUtil.java:126: warning: [removal] ItemStackHandler in net.neoforged.neoforge.items has been deprecated and marked for removal
          boolean findHealingFood, ItemStackHandler inv) {
                                   ^
  /home/aptd/DoggyTalentsNext/src/main/java/doggytalents/common/util/DogFoodUtil.java:144: warning: [removal] IItemHandlerModifiable in net.neoforged.neoforge.items has been deprecated and marked for removal
          AbstractDog dog, @Nullable Entity feeder, IItemHandlerModifiable inv) {
                                                    ^
  /home/aptd/DoggyTalentsNext/src/main/java/doggytalents/common/util/DogFoodUtil.java:149: warning: [removal] getSlots() in IItemHandler has been deprecated and marked for removal
          for (int i = 0; i < inv.getSlots(); ++i) {
                                 ^
  /home/aptd/DoggyTalentsNext/src/main/java/doggytalents/common/util/DogFoodUtil.java:150: warning: [removal] getStackInSlot(int) in IItemHandler has been deprecated and marked for removal
              var stack = inv.getStackInSlot(i);
                             ^
  /home/aptd/DoggyTalentsNext/src/main/java/doggytalents/common/util/DogFoodUtil.java:162: warning: [removal] getStackInSlot(int) in IItemHandler has been deprecated and marked for removal
          var feed_stack = inv.getStackInSlot(found_food_id).copy();
                              ^
  /home/aptd/DoggyTalentsNext/src/main/java/doggytalents/client/entity/model/misc/SamoyedPlushieModel.java:17: error: type argument SamoyedPlushie is not within bounds of type-variable T
  public class SamoyedPlushieModel extends EntityModel<SamoyedPlushie>{
                                                       ^
    where T is a type-variable:
      T extends EntityRenderState declared in class EntityModel
  /home/aptd/DoggyTalentsNext/src/main/java/doggytalents/client/entity/model/misc/DogPlushieModel.java:16: error: type argument DogPlushie is not within bounds of type-variable T
  public class DogPlushieModel extends EntityModel<DogPlushie> {
                                                   ^
    where T is a type-variable:
      T extends EntityRenderState declared in class EntityModel
  /home/aptd/DoggyTalentsNext/src/main/java/doggytalents/client/entity/model/misc/GrandPianoModel.java:16: error: type argument Piano is not within bounds of type-variable T
  public class GrandPianoModel extends EntityModel<Piano> {
                                                   ^
    where T is a type-variable:
      T extends EntityRenderState declared in class EntityModel
  /home/aptd/DoggyTalentsNext/src/main/java/doggytalents/client/entity/model/misc/UprightPianoModel.java:16: error: type argument Piano is not within bounds of type-variable T
  public class UprightPianoModel extends EntityModel<Piano> {
                                                     ^
    where T is a type-variable:
      T extends EntityRenderState declared in class EntityModel
  /home/aptd/DoggyTalentsNext/src/main/java/doggytalents/client/entity/render/layer/accessory/AccessoryModelRenderer.java:20: error: type argument Dog is not within bounds of type-variable S
  public class AccessoryModelRenderer extends RenderLayer<Dog, DogModel>  {
                                                          ^
    where S is a type-variable:
      S extends EntityRenderState declared in class RenderLayer
  /home/aptd/DoggyTalentsNext/src/main/java/doggytalents/client/entity/render/layer/accessory/DefaultAccessoryRenderer.java:29: error: type argument Dog is not within bounds of type-variable S
  public class DefaultAccessoryRenderer extends RenderLayer<Dog, DogModel> {
                                                            ^
    where S is a type-variable:
      S extends EntityRenderState declared in class RenderLayer
  /home/aptd/DoggyTalentsNext/src/main/java/doggytalents/client/entity/render/layer/accessory/modelrenderentry/KitsuneMaskRenderEntry.java:49: error: type argument Dog is not within bounds of type-variable S
      public void renderAccessory(RenderLayer<Dog, DogModel> layer, PoseStack poseStack, MultiBufferSource buffer,
                                              ^
    where S is a type-variable:
      S extends EntityRenderState declared in class RenderLayer
  /home/aptd/DoggyTalentsNext/src/main/java/doggytalents/client/entity/render/layer/accessory/modelrenderentry/TenguMaskRenderEmtry.java:49: error: type argument Dog is not within bounds of type-variable S
      public void renderAccessory(RenderLayer<Dog, DogModel> layer, PoseStack poseStack, MultiBufferSource buffer,
                                              ^
    where S is a type-variable:
      S extends EntityRenderState declared in class RenderLayer
  /home/aptd/DoggyTalentsNext/src/main/java/doggytalents/client/entity/render/layer/accessory/modelrenderentry/DoubleDyableRenderEntry.java:20: error: type argument Dog is not within bounds of type-variable S
      public void renderAccessory(RenderLayer<Dog, DogModel> layer, 
                                              ^
    where S is a type-variable:
      S extends EntityRenderState declared in class RenderLayer
  /home/aptd/DoggyTalentsNext/src/main/java/doggytalents/client/entity/render/layer/accessory/modelrenderentry/CeremonialGarbRenderEntry.java:54: error: type argument Dog is not within bounds of type-variable S
      public void renderAccessory(RenderLayer<Dog, DogModel> layer, PoseStack poseStack, MultiBufferSource buffer,
                                              ^
    where S is a type-variable:
      S extends EntityRenderState declared in class RenderLayer
  /home/aptd/DoggyTalentsNext/src/main/java/doggytalents/client/entity/render/layer/accessory/modelrenderentry/MidiKeyboardRenderEntry.java:55: error: type argument Dog is not within bounds of type-variable S
      public void renderAccessory(RenderLayer<Dog, DogModel> layer, PoseStack poseStack, MultiBufferSource buffer,
                                              ^
    where S is a type-variable:
      S extends EntityRenderState declared in class RenderLayer
  /home/aptd/DoggyTalentsNext/src/main/java/doggytalents/client/entity/render/layer/accessory/DoggyArmorRenderer.java:31: error: type argument Dog is not within bounds of type-variable S
  public class DoggyArmorRenderer extends RenderLayer<Dog, DogModel> {
                                                      ^
    where S is a type-variable:
      S extends EntityRenderState declared in class RenderLayer
  /home/aptd/DoggyTalentsNext/src/main/java/doggytalents/client/entity/render/layer/accessory/IncapacitatedRenderer.java:32: error: type argument Dog is not within bounds of type-variable S
  public class IncapacitatedRenderer extends RenderLayer<Dog, DogModel> {
                                                         ^
    where S is a type-variable:
      S extends EntityRenderState declared in class RenderLayer
  /home/aptd/DoggyTalentsNext/src/main/java/doggytalents/client/entity/render/layer/accessory/IncapacitatedRenderer.java:140: error: type argument T#1 is not within bounds of type-variable T#2
      public static <T extends LivingEntity> void renderTranslucentModel(EntityModel<T> p_117377_, Identifier p_117378_, PoseStack p_117379_, MultiBufferSource p_117380_, int p_117381_, T p_117382_, float p_117383_, float p_117384_, float p_117385_, float opascity) {
                                                                                     ^
    where T#1,T#2 are type-variables:
      T#1 extends LivingEntity declared in method <T#1>renderTranslucentModel(EntityModel<T#1>,Identifier,PoseStack,MultiBufferSource,int,T#1,float,float,float,float)
      T#2 extends EntityRenderState declared in class EntityModel
  /home/aptd/DoggyTalentsNext/src/main/java/doggytalents/client/entity/render/layer/TorchDogRenderer.java:18: error: type argument Dog is not within bounds of type-variable S
  public class TorchDogRenderer extends RenderLayer<Dog, DogModel>  {
                                                    ^
    where S is a type-variable:
      S extends EntityRenderState declared in class RenderLayer
  /home/aptd/DoggyTalentsNext/src/main/java/doggytalents/client/entity/render/layer/DogCustomGlowingOverlayRenderer.java:16: error: type argument Dog is not within bounds of type-variable S
  public class DogCustomGlowingOverlayRenderer extends RenderLayer<Dog, DogModel> {
                                                                   ^
    where S is a type-variable:
      S extends EntityRenderState declared in class RenderLayer
  /home/aptd/DoggyTalentsNext/src/main/java/doggytalents/client/entity/render/layer/RescueDogRenderer.java:21: error: type argument Dog is not within bounds of type-variable S
  public class RescueDogRenderer extends RenderLayer<Dog, DogModel> {
                                                     ^
    where S is a type-variable:
      S extends EntityRenderState declared in class RenderLayer
  /home/aptd/DoggyTalentsNext/src/main/java/doggytalents/client/entity/render/layer/DogVariantRenderer.java:16: error: type argument Dog is not within bounds of type-variable S
  public class DogVariantRenderer extends RenderLayer<Dog, DogModel> {
                                                      ^
    where S is a type-variable:
      S extends EntityRenderState declared in class RenderLayer
  /home/aptd/DoggyTalentsNext/src/main/java/doggytalents/client/entity/render/layer/FisherDogRenderer.java:22: error: type argument Dog is not within bounds of type-variable S
  public class FisherDogRenderer extends RenderLayer<Dog, DogModel> {
                                                     ^
    where S is a type-variable:
      S extends EntityRenderState declared in class RenderLayer
  /home/aptd/DoggyTalentsNext/src/main/java/doggytalents/client/entity/render/layer/PackPuppyRenderer.java:20: error: type argument Dog is not within bounds of type-variable S
  public class PackPuppyRenderer extends RenderLayer<Dog, DogModel> {
                                                     ^
    where S is a type-variable:
      S extends EntityRenderState declared in class RenderLayer
  Note: Some input files use unchecked or unsafe operations.
  /home/aptd/DoggyTalentsNext/src/main/java/doggytalents/client/screen/DogNewInfoScreen/screen/DogCannotInteractWithScreen.java:184: error: cannot find symbol
          RenderSystem.enableBlend();
                      ^
    symbol:   method enableBlend()
    location: class RenderSystem
  /home/aptd/DoggyTalentsNext/src/main/java/doggytalents/client/screen/DogNewInfoScreen/screen/DogCannotInteractWithScreen.java:185: error: cannot find symbol
          RenderSystem.blendFunc(SourceFactor.SRC_ALPHA, DestFactor.ONE_MINUS_SRC_ALPHA);
                      ^
    symbol:   method blendFunc(SourceFactor,DestFactor)
    location: class RenderSystem
  /home/aptd/DoggyTalentsNext/src/main/java/doggytalents/client/screen/DogNewInfoScreen/screen/DogCannotInteractWithScreen.java:187: error: cannot find symbol
          RenderSystem.disableBlend();
                      ^
    symbol:   method disableBlend()
    location: class RenderSystem
  /home/aptd/DoggyTalentsNext/src/main/java/doggytalents/client/screen/DogNewInfoScreen/widget/AccessoryStatusHover.java:46: error: cannot find symbol
          graphics.renderItem(render_icon, this.getX()+1, this.getY()+1);
                  ^
    symbol:   method renderItem(ItemStack,int,int)
    location: variable graphics of type GuiGraphicsExtractor
  /home/aptd/DoggyTalentsNext/src/main/java/doggytalents/client/screen/DogNewInfoScreen/widget/AccessoryStatusHover.java:48: error: cannot find symbol
          RenderSystem.enableBlend();
                      ^
    symbol:   method enableBlend()
    location: class RenderSystem
  /home/aptd/DoggyTalentsNext/src/main/java/doggytalents/client/screen/DogNewInfoScreen/widget/AccessoryStatusHover.java:49: error: cannot find symbol
          RenderSystem.defaultBlendFunc();
                      ^
    symbol:   method defaultBlendFunc()
    location: class RenderSystem
  /home/aptd/DoggyTalentsNext/src/main/java/doggytalents/client/screen/DogNewInfoScreen/element/MainButtonToolboxRowElement.java:59: error: cannot find symbol
                  RenderSystem.setShaderColor(1.0F, 1.0F, 1.0F, this.alpha);
                              ^
    symbol:   method setShaderColor(float,float,float,float)
    location: class RenderSystem
  /home/aptd/DoggyTalentsNext/src/main/java/doggytalents/client/screen/DogNewInfoScreen/element/MainButtonToolboxRowElement.java:60: error: cannot find symbol
                  RenderSystem.enableBlend();
                              ^
    symbol:   method enableBlend()
    location: class RenderSystem
  /home/aptd/DoggyTalentsNext/src/main/java/doggytalents/client/screen/DogNewInfoScreen/element/MainButtonToolboxRowElement.java:61: error: cannot find symbol
                  RenderSystem.defaultBlendFunc();
                              ^
    symbol:   method defaultBlendFunc()
    location: class RenderSystem
  /home/aptd/DoggyTalentsNext/src/main/java/doggytalents/client/screen/DogNewInfoScreen/element/view/TalentView/TalentInfoViewElement.java:616: error: cannot find symbol
          RenderSystem.setShaderColor(1.0F, 1.0F, 1.0F, 1.0F);
                      ^
    symbol:   method setShaderColor(float,float,float,float)
    location: class RenderSystem
  /home/aptd/DoggyTalentsNext/src/main/java/doggytalents/client/screen/DogNewInfoScreen/element/view/TalentView/TalentInfoViewElement.java:618: error: cannot find symbol
          RenderSystem.enableBlend();
                      ^
    symbol:   method enableBlend()
    location: class RenderSystem
  /home/aptd/DoggyTalentsNext/src/main/java/doggytalents/client/screen/DogNewInfoScreen/element/view/TalentView/TalentInfoViewElement.java:623: error: cannot find symbol
          RenderSystem.disableBlend();
                      ^
    symbol:   method disableBlend()
    location: class RenderSystem
  /home/aptd/DoggyTalentsNext/src/main/java/doggytalents/client/screen/DogNewInfoScreen/element/view/MainInfoView/DogStatusViewBoxElement.java:89: error: cannot find symbol
          RenderSystem.setShaderColor(1.0F, 1.0F, 1.0F, 1.0F);
                      ^
    symbol:   method setShaderColor(float,float,float,float)
    location: class RenderSystem
  /home/aptd/DoggyTalentsNext/src/main/java/doggytalents/client/screen/DogNewInfoScreen/element/view/MainInfoView/DogStatusViewBoxElement.java:91: error: cannot find symbol
          RenderSystem.enableBlend();
                      ^
    symbol:   method enableBlend()
    location: class RenderSystem
  /home/aptd/DoggyTalentsNext/src/main/java/doggytalents/client/screen/DogNewInfoScreen/element/view/MainInfoView/DogStatusViewBoxElement.java:96: error: cannot find symbol
          RenderSystem.disableBlend();
                      ^
    symbol:   method disableBlend()
    location: class RenderSystem
  /home/aptd/DoggyTalentsNext/src/main/java/doggytalents/client/screen/DogNewInfoScreen/element/view/MainInfoView/DogStatusViewBoxElement.java:276: error: cannot find symbol
          RenderSystem.setShaderColor(1.0F, 1.0F, 1.0F, 1.0F);
                      ^
    symbol:   method setShaderColor(float,float,float,float)
    location: class RenderSystem
  /home/aptd/DoggyTalentsNext/src/main/java/doggytalents/client/screen/DogNewInfoScreen/element/view/MainInfoView/DogStatusViewBoxElement.java:277: error: cannot find symbol
          RenderSystem.enableBlend();
                      ^
    symbol:   method enableBlend()
    location: class RenderSystem
  /home/aptd/DoggyTalentsNext/src/main/java/doggytalents/client/screen/DogNewInfoScreen/element/view/MainInfoView/DogStatusViewBoxElement.java:281: error: cannot find symbol
          RenderSystem.disableBlend();
                      ^
    symbol:   method disableBlend()
    location: class RenderSystem
  /home/aptd/DoggyTalentsNext/src/main/java/doggytalents/client/screen/DogNewInfoScreen/element/view/MainInfoView/GroupsListElement.java:177: error: cannot find symbol
              RenderSystem.setShaderColor(1.0F, 1.0F, 1.0F, 1.0F);
                          ^
    symbol:   method setShaderColor(float,float,float,float)
    location: class RenderSystem
  /home/aptd/DoggyTalentsNext/src/main/java/doggytalents/client/screen/DogNewInfoScreen/element/view/MainInfoView/GroupsListElement.java:178: error: cannot find symbol
              RenderSystem.enableBlend();
                          ^
    symbol:   method enableBlend()
    location: class RenderSystem
  /home/aptd/DoggyTalentsNext/src/main/java/doggytalents/client/screen/DogNewInfoScreen/element/view/MainInfoView/GroupsListElement.java:179: error: cannot find symbol
              RenderSystem.defaultBlendFunc();
                          ^
    symbol:   method defaultBlendFunc()
    location: class RenderSystem
  /home/aptd/DoggyTalentsNext/src/main/java/doggytalents/client/screen/DogNewInfoScreen/element/view/MainInfoView/view/ArtifactsView/widget/ArtifactShowBox.java:68: error: cannot find symbol
          graphics.renderItem(itemStack, Mth.floor((this.getX() + this.width/2 - 8)), Mth.floor((this.getY() + this.height/2 - 8)));
                  ^
    symbol:   method renderItem(ItemStack,int,int)
    location: variable graphics of type GuiGraphicsExtractor
  /home/aptd/DoggyTalentsNext/src/main/java/doggytalents/client/screen/DogNewInfoScreen/element/view/MainInfoView/view/ArtifactsView/widget/ArtifactShowBox.java:71: error: cannot find symbol
          RenderSystem.setShaderColor(1.0F, 1.0F, 1.0F, 1.0F);
                      ^
    symbol:   method setShaderColor(float,float,float,float)
    location: class RenderSystem
  /home/aptd/DoggyTalentsNext/src/main/java/doggytalents/client/screen/DogNewInfoScreen/element/view/MainInfoView/view/ArtifactsView/widget/ArtifactShowBox.java:72: error: cannot find symbol
          RenderSystem.enableBlend();
                      ^
    symbol:   method enableBlend()
    location: class RenderSystem
  /home/aptd/DoggyTalentsNext/src/main/java/doggytalents/client/screen/DogNewInfoScreen/element/view/MainInfoView/view/ArtifactsView/widget/ArtifactShowBox.java:73: error: cannot find symbol
          RenderSystem.defaultBlendFunc();
                      ^
    symbol:   method defaultBlendFunc()
    location: class RenderSystem
  /home/aptd/DoggyTalentsNext/src/main/java/doggytalents/client/screen/DogNewInfoScreen/element/view/MainInfoView/view/ArtifactsView/widget/ArtifactShowBox.java:74: error: cannot find symbol
          RenderSystem.blendFunc(SourceFactor.SRC_ALPHA, DestFactor.ONE_MINUS_SRC_ALPHA);
                      ^
    symbol:   method blendFunc(SourceFactor,DestFactor)
    location: class RenderSystem
  /home/aptd/DoggyTalentsNext/src/main/java/doggytalents/client/screen/DogNewInfoScreen/element/view/MainInfoView/view/ArtifactsView/widget/ArtifactHolder.java:49: error: cannot find symbol
          graphics.renderItem(itemStack, this.getX()+1, this.getY()+1);
                  ^
    symbol:   method renderItem(ItemStack,int,int)
    location: variable graphics of type GuiGraphicsExtractor
  /home/aptd/DoggyTalentsNext/src/main/java/doggytalents/client/screen/DogNewInfoScreen/element/view/MainInfoView/view/ArtifactsView/widget/ArtifactHolder.java:51: error: cannot find symbol
          RenderSystem.setShaderColor(1.0F, 1.0F, 1.0F, 1.0F);
                      ^
    symbol:   method setShaderColor(float,float,float,float)
    location: class RenderSystem
  /home/aptd/DoggyTalentsNext/src/main/java/doggytalents/client/screen/DogNewInfoScreen/element/view/MainInfoView/view/ArtifactsView/widget/ArtifactHolder.java:52: error: cannot find symbol
          RenderSystem.enableBlend();
                      ^
    symbol:   method enableBlend()
    location: class RenderSystem
  /home/aptd/DoggyTalentsNext/src/main/java/doggytalents/client/screen/DogNewInfoScreen/element/view/MainInfoView/view/ArtifactsView/widget/ArtifactHolder.java:53: error: cannot find symbol
          RenderSystem.defaultBlendFunc();
                      ^
    symbol:   method defaultBlendFunc()
    location: class RenderSystem
  /home/aptd/DoggyTalentsNext/src/main/java/doggytalents/client/screen/DogNewInfoScreen/element/view/MainInfoView/view/ArtifactsView/widget/ArtifactHolder.java:54: error: cannot find symbol
          RenderSystem.blendFunc(SourceFactor.SRC_ALPHA, DestFactor.ONE_MINUS_SRC_ALPHA);
                      ^
    symbol:   method blendFunc(SourceFactor,DestFactor)
    location: class RenderSystem
  /home/aptd/DoggyTalentsNext/src/main/java/doggytalents/client/screen/DogNewInfoScreen/element/view/StyleView/widget/AccessoryHolder.java:56: error: cannot find symbol
          graphics.renderItem(itemStack, this.getX()+1, this.getY()+1);
                  ^
    symbol:   method renderItem(ItemStack,int,int)
    location: variable graphics of type GuiGraphicsExtractor
  /home/aptd/DoggyTalentsNext/src/main/java/doggytalents/client/screen/DogNewInfoScreen/element/view/StyleView/widget/AccessoryHolder.java:58: error: cannot find symbol
          RenderSystem.setShaderColor(1.0F, 1.0F, 1.0F, 1.0F);
                      ^
    symbol:   method setShaderColor(float,float,float,float)
    location: class RenderSystem
  /home/aptd/DoggyTalentsNext/src/main/java/doggytalents/client/screen/DogNewInfoScreen/element/view/StyleView/widget/AccessoryHolder.java:59: error: cannot find symbol
          RenderSystem.enableBlend();
                      ^
    symbol:   method enableBlend()
    location: class RenderSystem
  /home/aptd/DoggyTalentsNext/src/main/java/doggytalents/client/screen/DogNewInfoScreen/element/view/StyleView/widget/AccessoryHolder.java:60: error: cannot find symbol
          RenderSystem.defaultBlendFunc();
                      ^
    symbol:   method defaultBlendFunc()
    location: class RenderSystem
  /home/aptd/DoggyTalentsNext/src/main/java/doggytalents/client/screen/DogNewInfoScreen/element/view/StyleView/widget/AccessoryHolder.java:61: error: cannot find symbol
          RenderSystem.blendFunc(SourceFactor.SRC_ALPHA, DestFactor.ONE_MINUS_SRC_ALPHA);
                      ^
    symbol:   method blendFunc(SourceFactor,DestFactor)
    location: class RenderSystem
  /home/aptd/DoggyTalentsNext/src/main/java/doggytalents/client/screen/DogNewInfoScreen/element/view/StyleView/view/SkinView/DogSkinElement.java:333: error: cannot find symbol
          RenderSystem.setShaderColor(1.0F, 1.0F, 1.0F, 1.0F);
                      ^
    symbol:   method setShaderColor(float,float,float,float)
    location: class RenderSystem
  /home/aptd/DoggyTalentsNext/src/main/java/doggytalents/client/screen/DogNewInfoScreen/element/view/StyleView/view/SkinView/DogSkinElement.java:335: error: cannot find symbol
          RenderSystem.enableBlend();
                      ^
    symbol:   method enableBlend()
    location: class RenderSystem
  /home/aptd/DoggyTalentsNext/src/main/java/doggytalents/client/screen/DogNewInfoScreen/element/view/StyleView/view/SkinView/DogSkinElement.java:341: error: cannot find symbol
          stack.pushPose();
               ^
    symbol:   method pushPose()
    location: variable stack of type Matrix3x2fStack
  /home/aptd/DoggyTalentsNext/src/main/java/doggytalents/client/screen/DogNewInfoScreen/element/view/StyleView/view/SkinView/DogSkinElement.java:345: error: cannot find symbol
          stack.popPose();
               ^
    symbol:   method popPose()
    location: variable stack of type Matrix3x2fStack
  /home/aptd/DoggyTalentsNext/src/main/java/doggytalents/client/screen/DogNewInfoScreen/element/view/StyleView/view/SkinView/DogSkinElement.java:346: error: cannot find symbol
          RenderSystem.disableBlend();
                      ^
    symbol:   method disableBlend()
    location: class RenderSystem
  /home/aptd/DoggyTalentsNext/src/main/java/doggytalents/client/screen/FoodBowlScreen.java:37: error: cannot find symbol
          RenderSystem.setShaderColor(1.0F, 1.0F, 1.0F, 1.0F);
                      ^
    symbol:   method setShaderColor(float,float,float,float)
    location: class RenderSystem
  /home/aptd/DoggyTalentsNext/src/main/java/doggytalents/client/entity/render/DogRenderer.java:136: error: cannot find symbol
          return DogTextureManager.INSTANCE.getDefaultTexture();
                                           ^
    symbol:   method getDefaultTexture()
    location: variable INSTANCE of type DogTextureManager
  /home/aptd/DoggyTalentsNext/src/main/java/doggytalents/client/entity/render/DogRenderer.java:244: error: cannot find symbol
                  this.entityRenderDispatcher.camera.getEntity().isShiftKeyDown()
                                                    ^
    symbol:   method getEntity()
    location: variable camera of type Camera
  /home/aptd/DoggyTalentsNext/src/main/java/doggytalents/client/entity/render/RenderUtil.java:34: error: cannot find symbol
          stack.mulPose(entityRenderDispatcher.cameraOrientation());
                                              ^
    symbol:   method cameraOrientation()
    location: variable entityRenderDispatcher of type EntityRenderDispatcher
  /home/aptd/DoggyTalentsNext/src/main/java/doggytalents/client/entity/render/DoggyBeamRenderer.java:67: error: cannot find symbol
          stack.mulPose(this.entityRenderDispatcher.cameraOrientation());
                                                   ^
    symbol:   method cameraOrientation()
    location: variable entityRenderDispatcher of type EntityRenderDispatcher
  /home/aptd/DoggyTalentsNext/src/main/java/doggytalents/client/entity/render/world/CanineTrackerLocateRenderer.java:68: error: cannot find symbol
          var camera_pos = camera.getPosition().add(0, -0.2, 0);
                                 ^
    symbol:   method getPosition()
    location: variable camera of type Camera
  /home/aptd/DoggyTalentsNext/src/main/java/doggytalents/client/entity/render/world/CanineTrackerLocateRenderer.java:122: error: cannot find symbol
          bufferSource.getBuffer(RenderType.text(Resources.SMALL_WIDGETS));
                                           ^
    symbol:   method text(Identifier)
    location: class RenderType
  /home/aptd/DoggyTalentsNext/src/main/java/doggytalents/client/entity/render/world/CanineTrackerLocateRenderer.java:164: error: cannot find symbol
              if (!tag.getUUID("uuid").equals(locatingUUID)) {
                      ^
    symbol:   method getUUID(String)
    location: variable tag of type CompoundTag
  /home/aptd/DoggyTalentsNext/src/main/java/doggytalents/client/entity/render/world/CanineTrackerLocateRenderer.java:206: error: cannot find symbol
          if (tag == null || !tag.hasUUID("uuid")) return Optional.empty();
                                 ^
    symbol:   method hasUUID(String)
    location: variable tag of type CompoundTag
  /home/aptd/DoggyTalentsNext/src/main/java/doggytalents/client/entity/render/world/CanineTrackerLocateRenderer.java:228: error: cannot find symbol
          var uuid = tag.getUUID("uuid");
                        ^
    symbol:   method getUUID(String)
    location: variable tag of type CompoundTag
  /home/aptd/DoggyTalentsNext/src/main/java/doggytalents/client/entity/render/layer/accessory/DoggyArmorRenderer.java:166: error: cannot find symbol
          VertexConsumer ivertexbuilder = buffer.getBuffer(RenderType.armorCutoutNoCull(texLoc));
                                                                     ^
    symbol:   method armorCutoutNoCull(Identifier)
    location: class RenderType
  /home/aptd/DoggyTalentsNext/src/main/java/doggytalents/client/entity/render/layer/accessory/DoggyArmorRenderer.java:171: error: cannot find symbol
          VertexConsumer ivertexbuilder = bufferIn.getBuffer(RenderType.armorCutoutNoCull(textureLocationIn));
                                                                       ^
    symbol:   method armorCutoutNoCull(Identifier)
    location: class RenderType
  /home/aptd/DoggyTalentsNext/src/main/java/doggytalents/client/entity/render/layer/accessory/DoggyArmorRenderer.java:176: error: cannot find symbol
          model.renderToBuffer(stack, buffer.getBuffer(RenderType.armorEntityGlint()), light, OverlayTexture.NO_OVERLAY, 0xffffffff);
                                                                 ^
    symbol:   method armorEntityGlint()
    location: class RenderType
  /home/aptd/DoggyTalentsNext/src/main/java/doggytalents/client/entity/model/SyncedRenderFunctionWithHeadModel.java:32: error: cannot find symbol
          root.copyFrom(dogModel.root);
              ^
    symbol:   method copyFrom(ModelPart)
    location: variable root of type ModelPart
  /home/aptd/DoggyTalentsNext/src/main/java/doggytalents/client/entity/model/SyncedRenderFunctionWithHeadModel.java:44: error: cannot find symbol
          part.ifPresent(p -> p.copyFrom(dogPart));
                               ^
    symbol:   method copyFrom(ModelPart)
    location: variable p of type ModelPart
  /home/aptd/DoggyTalentsNext/src/main/java/doggytalents/client/entity/render/layer/DogMouthItemRenderer.java:36: error: cannot find symbol
          this.itemInHandRenderer = ctx.getItemInHandRenderer();
                                       ^
    symbol:   method getItemInHandRenderer()
    location: variable ctx of type Context
  /home/aptd/DoggyTalentsNext/src/main/java/doggytalents/client/entity/render/DogGunpowderProjectileRenderer.java:55: error: cannot find symbol
          stack.mulPose(this.entityRenderDispatcher.cameraOrientation());
                                                   ^
    symbol:   method cameraOrientation()
    location: variable entityRenderDispatcher of type EntityRenderDispatcher
  /home/aptd/DoggyTalentsNext/src/main/java/doggytalents/client/entity/render/DogFoodProjectileRenderer.java:59: error: cannot find symbol
          stack.mulPose(this.entityRenderDispatcher.cameraOrientation());
                                                   ^
    symbol:   method cameraOrientation()
    location: variable entityRenderDispatcher of type EntityRenderDispatcher
  /home/aptd/DoggyTalentsNext/src/main/java/doggytalents/client/entity/model/animation/DTNAnimationCodec.java:142: error: cannot find symbol
              var value = raw_keyframe.target();
                                      ^
    symbol:   method target()
    location: variable raw_keyframe of type Keyframe
  /home/aptd/DoggyTalentsNext/src/main/java/doggytalents/client/entity/model/animation/DTNAnimationCodec.java:164: error: cannot find symbol
              var value = keyframe.target();
                                  ^
    symbol:   method target()
    location: variable keyframe of type Keyframe
  /home/aptd/DoggyTalentsNext/src/main/java/doggytalents/client/entity/model/dog/CustomDogModel.java:92: error: cannot find symbol
              this.glowingEyes.copyFrom(this.head);
                              ^
    symbol:   method copyFrom(ModelPart)
    location: variable glowingEyes of type ModelPart
  /home/aptd/DoggyTalentsNext/src/main/java/doggytalents/client/entity/model/dog/CustomDogModel.java:93: error: cannot find symbol
              this.realGlowingEyes.copyFrom(this.realHead);
                                  ^
    symbol:   method copyFrom(ModelPart)
    location: variable realGlowingEyes of type ModelPart
  /home/aptd/DoggyTalentsNext/src/main/java/doggytalents/client/entity/model/dog/GlowingEyeDogModel.java:39: error: cannot find symbol
          this.glowingEyes.copyFrom(this.head);
                          ^
    symbol:   method copyFrom(ModelPart)
    location: variable glowingEyes of type ModelPart
  /home/aptd/DoggyTalentsNext/src/main/java/doggytalents/client/entity/model/dog/GlowingEyeDogModel.java:40: error: cannot find symbol
          this.realGlowingEyes.copyFrom(this.realHead);
                              ^
    symbol:   method copyFrom(ModelPart)
    location: variable realGlowingEyes of type ModelPart
  /home/aptd/DoggyTalentsNext/src/main/java/doggytalents/client/entity/model/dog/VariantDogModel.java:146: error: cannot find symbol
          this.realTail2.copyFrom(this.realTail);
                        ^
    symbol:   method copyFrom(ModelPart)
    location: variable realTail2 of type ModelPart
  /home/aptd/DoggyTalentsNext/src/main/java/doggytalents/client/entity/model/dog/VariantDogModel.java:147: error: cannot find symbol
          this.realTail3.copyFrom(this.realTail);
                        ^
    symbol:   method copyFrom(ModelPart)
    location: variable realTail3 of type ModelPart
  /home/aptd/DoggyTalentsNext/src/main/java/doggytalents/client/entity/versionfix/FixClientTeleportDesync_1_21.java:20: error: cannot find symbol
              .map(x -> x.getName())
                         ^
    symbol:   method getName()
    location: variable x of type WorldVersion
  /home/aptd/DoggyTalentsNext/src/main/java/doggytalents/client/debug/SODTunningScreen.java:208: error: cannot find symbol
          this.sampleGraph.render(graphics, pticks);
                          ^
    symbol:   method render(GuiGraphicsExtractor,float)
    location: variable sampleGraph of type DebugGraph
  /home/aptd/DoggyTalentsNext/src/main/java/doggytalents/client/DTNClientPettingManager.java:147: error: cannot find symbol
          var pTicks = mc.getTimer().getGameTimeDeltaPartialTick(true);
                         ^
    symbol:   method getTimer()
    location: variable mc of type Minecraft
  /home/aptd/DoggyTalentsNext/src/main/java/doggytalents/client/DTNClientPettingManager.java:267: error: cannot find symbol
          if (!isPettingPlayer(event.getEntity()))
                                    ^
    symbol:   method getEntity()
    location: variable event of type Pre
  /home/aptd/DoggyTalentsNext/src/main/java/doggytalents/client/DTNClientPettingManager.java:286: error: cannot find symbol
          var pTicks = mc.getTimer().getGameTimeDeltaPartialTick(true);
                         ^
    symbol:   method getTimer()
    location: variable mc of type Minecraft
  /home/aptd/DoggyTalentsNext/src/main/java/doggytalents/common/talent/FisherDogTalent.java:114: error: cannot find symbol
          var recipeMan = dog.level().getRecipeManager();
                                     ^
    symbol:   method getRecipeManager()
    location: class Level
  /home/aptd/DoggyTalentsNext/src/main/java/doggytalents/common/talent/MobRetrieverTalent.java:99: error: cannot find symbol
          if (target.getType().is(DoggyTags.MOB_RETRIEVER_MUST_IGNORE))
                              ^
    symbol:   method is(TagKey<EntityType<?>>)
    location: class EntityType<CAP#1>
    where CAP#1 is a fresh type-variable:
      CAP#1 extends Entity from capture of ?
  /home/aptd/DoggyTalentsNext/src/main/java/doggytalents/common/talent/MobRetrieverTalent.java:102: error: cannot find symbol
              && otherDog.getOwnerUUID() != null
                         ^
    symbol:   method getOwnerUUID()
    location: variable otherDog of type TamableAnimal
  /home/aptd/DoggyTalentsNext/src/main/java/doggytalents/common/talent/MobRetrieverTalent.java:103: error: cannot find symbol
              && ObjectUtils.notEqual(otherDog.getOwnerUUID(), dog.getOwnerUUID()))
                                              ^
    symbol:   method getOwnerUUID()
    location: variable otherDog of type TamableAnimal
  /home/aptd/DoggyTalentsNext/src/main/java/doggytalents/common/talent/MobRetrieverTalent.java:130: error: cannot find symbol
          if (target.getType().is(DoggyTags.MOB_RETRIEVER_MUST_IGNORE))
                              ^
    symbol:   method is(TagKey<EntityType<?>>)
    location: class EntityType<CAP#1>
    where CAP#1 is a fresh type-variable:
      CAP#1 extends Entity from capture of ?
  /home/aptd/DoggyTalentsNext/src/main/java/doggytalents/common/talent/MobRetrieverTalent.java:134: error: cannot find symbol
              && ObjectUtils.notEqual(otherDog.getOwnerUUID(), dog.getOwnerUUID()))
                                              ^
    symbol:   method getOwnerUUID()
    location: variable otherDog of type TamableAnimal
  /home/aptd/DoggyTalentsNext/src/main/java/doggytalents/common/talent/PackPuppyTalent.java:227: error: cannot find symbol
          if (dogIn.level().getGameRules().getBoolean(GameRules.RULE_KEEPINVENTORY))
                           ^
    symbol:   method getGameRules()
    location: class Level
  /home/aptd/DoggyTalentsNext/src/main/java/doggytalents/common/inventory/PackPuppyItemHandler.java:29: error: cannot find symbol
                itemsList.add(stack.save(prov, itemTag));
                                   ^
    symbol:   method save(Provider,CompoundTag)
    location: variable stack of type ItemStack
  /home/aptd/DoggyTalentsNext/src/main/java/doggytalents/common/inventory/PackPuppyItemHandler.java:49: error: cannot find symbol
                          ItemStack.parse(prov, itemTag).ifPresent(stack -> stacks.set(slot, stack));
                                   ^
    symbol:   method parse(Provider,CompoundTag)
    location: class ItemStack
  /home/aptd/DoggyTalentsNext/src/main/java/doggytalents/common/inventory/PackPuppyItemHandler.java:63: error: cannot find symbol
                      ItemStack.parse(prov, itemTag).ifPresent(stack -> stacks.set(slot, stack));
                               ^
    symbol:   method parse(Provider,CompoundTag)
    location: class ItemStack
  /home/aptd/DoggyTalentsNext/src/main/java/doggytalents/common/talent/SnifferDogTalent.java:408: error: cannot find symbol
              owner.sendSystemMessage(c1);
                   ^
    symbol:   method sendSystemMessage(MutableComponent)
    location: variable owner of type LivingEntity
  /home/aptd/DoggyTalentsNext/src/main/java/doggytalents/common/talent/WolfMountTalent.java:97: error: cannot find symbol
                  control.sendSystemMessage(Component.translatable("talent.doggytalents.wolf_mount.exhausted", dog.getName()));
                         ^
    symbol:   method sendSystemMessage(MutableComponent)
    location: variable control of type LivingEntity
  /home/aptd/DoggyTalentsNext/src/main/java/doggytalents/common/talent/OokamiKazeTalent.java:348: error: cannot find symbol
              var seen_percent = Explosion.getSeenPercent(dog_pos, e);
                                          ^
    symbol:   method getSeenPercent(Vec3,Entity)
    location: interface Explosion
  /home/aptd/DoggyTalentsNext/src/main/java/doggytalents/common/talent/doggy_tools/DogBridging.java:114: error: cannot find symbol
          var storage = DogLocationStorage.get(player.getServer());
                                                     ^
    symbol:   method getServer()
    location: variable player of type Player
  /home/aptd/DoggyTalentsNext/src/main/java/doggytalents/common/talent/doggy_tools/DogBridging.java:120: error: cannot find symbol
          var storage = DogLocationStorage.get(player.getServer());
                                                     ^
    symbol:   method getServer()
    location: variable player of type LivingEntity
  /home/aptd/DoggyTalentsNext/src/main/java/doggytalents/common/talent/doggy_tools/DogBridging.java:130: error: cannot find symbol
          var storage = DogLocationStorage.get(player.getServer());
                                                     ^
    symbol:   method getServer()
    location: variable player of type LivingEntity
  /home/aptd/DoggyTalentsNext/src/main/java/doggytalents/common/talent/DoggyArmorTalent.java:66: error: cannot find symbol
          compound.merge(dogIn.dogArmors().serializeNBT(dogIn.registryAccess()));
                                          ^
    symbol:   method serializeNBT(RegistryAccess)
    location: class DogArmorItemHandler
  /home/aptd/DoggyTalentsNext/src/main/java/doggytalents/common/talent/DoggyArmorTalent.java:75: error: cannot find symbol
              dogIn.dogArmors().deserializeNBT(dogIn.registryAccess(), compound);
                               ^
    symbol:   method deserializeNBT(RegistryAccess,CompoundTag)
    location: class DogArmorItemHandler
  /home/aptd/DoggyTalentsNext/src/main/java/doggytalents/common/talent/DoggyArmorTalent.java:94: error: cannot find symbol
                  dogIn.dogArmors().deserializeNBT(dogIn.registryAccess(), compound);
                                   ^
    symbol:   method deserializeNBT(RegistryAccess,CompoundTag)
    location: class DogArmorItemHandler
  /home/aptd/DoggyTalentsNext/src/main/java/doggytalents/common/talent/ChemiCanineTalent.java:88: error: cannot find symbol
                  var effectInst = MobEffectInstance.load(effectTag);
                                                    ^
    symbol:   method load(CompoundTag)
    location: class MobEffectInstance
  /home/aptd/DoggyTalentsNext/src/main/java/doggytalents/common/talent/ChemiCanineTalent.java:104: error: cannot find symbol
              effectTags.add(effect.save());
                                   ^
    symbol:   method save()
    location: variable effect of type MobEffectInstance
  /home/aptd/DoggyTalentsNext/src/main/java/doggytalents/common/storage/DogRespawnData.java:131: error: cannot find symbol
              target.putUUID(STORAGE_OWNER_TAG, owner_uuid);
                    ^
    symbol:   method putUUID(String,UUID)
    location: variable target of type CompoundTag
  /home/aptd/DoggyTalentsNext/src/main/java/doggytalents/common/storage/DogRespawnData.java:166: error: cannot find symbol
          if (tag.hasUUID(STORAGE_OWNER_TAG)) {
                 ^
    symbol:   method hasUUID(String)
    location: variable tag of type CompoundTag
  /home/aptd/DoggyTalentsNext/src/main/java/doggytalents/common/storage/DogRespawnData.java:169: error: cannot find symbol
                  correct_owner_uuid = tag.getUUID(STORAGE_OWNER_TAG);
                                          ^
    symbol:   method getUUID(String)
    location: variable tag of type CompoundTag
  /home/aptd/DoggyTalentsNext/src/main/java/doggytalents/common/storage/DogRespawnData.java:198: error: cannot find symbol
          dog.moveTo(Vec3.atBottomCenterOf(pos));
             ^
    symbol:   method moveTo(Vec3)
    location: variable dog of type Dog
  /home/aptd/DoggyTalentsNext/src/main/java/doggytalents/common/storage/DogRespawnData.java:244: error: cannot find symbol
          if (compound.hasUUID("owner_uuid")) {
                      ^
    symbol:   method hasUUID(String)
    location: variable compound of type CompoundTag
  /home/aptd/DoggyTalentsNext/src/main/java/doggytalents/common/storage/DogRespawnData.java:245: error: cannot find symbol
              this.ownerUUID = compound.getUUID("owner_uuid");
                                       ^
    symbol:   method getUUID(String)
    location: variable compound of type CompoundTag
  /home/aptd/DoggyTalentsNext/src/main/java/doggytalents/common/storage/DogRespawnData.java:256: error: cannot find symbol
              compound.putUUID("owner_uuid", this.ownerUUID);
                      ^
    symbol:   method putUUID(String,UUID)
    location: variable compound of type CompoundTag
  /home/aptd/DoggyTalentsNext/src/main/java/doggytalents/common/data/DTNDatapackProvider.java:29: error: cannot find symbol
          var pack_gen = gen.getBuiltinDatapack(event.includeServer(), 
                                                     ^
    symbol:   method includeServer()
    location: variable event of type GatherDataEvent
  /home/aptd/DoggyTalentsNext/src/main/java/doggytalents/common/data/DTNPackMetadataProvider.java:22: error: cannot find symbol
                      DetectedVersion.BUILT_IN.getPackVersion(PackType.SERVER_DATA),
                                              ^
    symbol:   method getPackVersion(PackType)
    location: variable BUILT_IN of type WorldVersion
  /home/aptd/DoggyTalentsNext/src/main/java/doggytalents/common/data/DTLootModifierProvider.java:63: error: cannot find symbol
              LootTableIdCondition.builder(Blocks.SHORT_GRASS.getLootTable().location())
                                                                            ^
    symbol:   method location()
    location: class Optional<ResourceKey<LootTable>>
  /home/aptd/DoggyTalentsNext/src/main/java/doggytalents/common/data/neoforge_data/DTNNeoForgeDataEntry.java:11: error: cannot find symbol
          if (event.includeServer()) {
                   ^
    symbol:   method includeServer()
    location: variable event of type GatherDataEvent
  /home/aptd/DoggyTalentsNext/src/main/java/doggytalents/common/entity/accessory/FieryReflector.java:188: error: cannot find symbol
                  this.cooking.put(e, recipe.getCookingTime());
                                            ^
    symbol:   method getCookingTime()
    location: variable recipe of type SmeltingRecipe
  /home/aptd/DoggyTalentsNext/src/main/java/doggytalents/common/entity/accessory/FieryReflector.java:270: error: cannot find symbol
                  .getResultItem(dog.level().registryAccess()).copy();
                  ^
    symbol:   method getResultItem(RegistryAccess)
    location: variable recipe of type SmeltingRecipe
  /home/aptd/DoggyTalentsNext/src/main/java/doggytalents/common/entity/accessory/FieryReflector.java:296: error: cannot find symbol
                  dog.level().getRecipeManager().getRecipeFor(RecipeType.SMELTING, 
                             ^
    symbol:   method getRecipeManager()
    location: class Level
  /home/aptd/DoggyTalentsNext/src/main/java/doggytalents/common/entity/BoostingFoodHandler.java:34: error: cannot find symbol
              var props = stack.getFoodProperties(dog);
                               ^
    symbol:   method getFoodProperties(AbstractDog)
    location: variable stack of type ItemStack
  /home/aptd/DoggyTalentsNext/src/main/java/doggytalents/common/entity/DogAllyCheck.java:54: error: cannot find symbol
          if (entity instanceof TamableAnimal other_dog && other_dog.getOwnerUUID() != null) {
                                                                    ^
    symbol:   method getOwnerUUID()
    location: variable other_dog of type TamableAnimal
  /home/aptd/DoggyTalentsNext/src/main/java/doggytalents/common/entity/DogAllyCheck.java:72: error: cannot find symbol
          if (entity instanceof TamableAnimal other_dog && other_dog.getOwnerUUID() != null) {
                                                                    ^
    symbol:   method getOwnerUUID()
    location: variable other_dog of type TamableAnimal
  /home/aptd/DoggyTalentsNext/src/main/java/doggytalents/common/entity/DogAllyCheck.java:97: error: cannot find symbol
          var uuid = other_dog.getOwnerUUID();
                              ^
    symbol:   method getOwnerUUID()
    location: variable other_dog of type TamableAnimal
  /home/aptd/DoggyTalentsNext/src/main/java/doggytalents/common/entity/DogAllyCheck.java:126: error: cannot find symbol
          var other_owner_uuid = entity.getOwnerUUID();
                                       ^
    symbol:   method getOwnerUUID()
    location: variable entity of type TamableAnimal
  /home/aptd/DoggyTalentsNext/src/main/java/doggytalents/common/entity/DogAllyCheck.java:139: error: cannot find symbol
              return other_dog.getOwnerUUID() != null;
                              ^
    symbol:   method getOwnerUUID()
    location: variable other_dog of type TamableAnimal
  /home/aptd/DoggyTalentsNext/src/main/java/doggytalents/common/entity/ai/DogLowHealthGoal.java:133: error: cannot find symbol
                      this.owner.sendSystemMessage(Component.translatable("dog.msg.low_health." + this.dog.getRandom().nextInt(4), this.dog.getName()));
                                ^
    symbol:   method sendSystemMessage(MutableComponent)
    location: variable owner of type LivingEntity
  /home/aptd/DoggyTalentsNext/src/main/java/doggytalents/common/entity/ai/DogLowHealthGoal.java:193: error: cannot find symbol
                  if (!this.dog.hasRestriction() || this.dog.getRestrictCenter() == null)
                               ^
    symbol:   method hasRestriction()
    location: variable dog of type Dog
  /home/aptd/DoggyTalentsNext/src/main/java/doggytalents/common/entity/ai/DogLowHealthGoal.java:193: error: cannot find symbol
                  if (!this.dog.hasRestriction() || this.dog.getRestrictCenter() == null)
                                                            ^
    symbol:   method getRestrictCenter()
    location: variable dog of type Dog
  /home/aptd/DoggyTalentsNext/src/main/java/doggytalents/common/entity/ai/DogLowHealthGoal.java:195: error: cannot find symbol
                  this.restrictPos = this.dog.getRestrictCenter();
                                             ^
    symbol:   method getRestrictCenter()
    location: variable dog of type Dog
  /home/aptd/DoggyTalentsNext/src/main/java/doggytalents/common/entity/ai/DogLowHealthGoal.java:224: error: cannot find symbol
                  if (!this.dog.hasRestriction() || this.dog.getRestrictCenter() == null)
                               ^
    symbol:   method hasRestriction()
    location: variable dog of type Dog
  /home/aptd/DoggyTalentsNext/src/main/java/doggytalents/common/entity/ai/DogLowHealthGoal.java:224: error: cannot find symbol
                  if (!this.dog.hasRestriction() || this.dog.getRestrictCenter() == null)
                                                            ^
    symbol:   method getRestrictCenter()
    location: variable dog of type Dog
  /home/aptd/DoggyTalentsNext/src/main/java/doggytalents/common/entity/ai/DogLowHealthGoal.java:226: error: cannot find symbol
                  if (!this.restrictPos.equals(dog.getRestrictCenter()))
                                                  ^
    symbol:   method getRestrictCenter()
    location: variable dog of type Dog
  /home/aptd/DoggyTalentsNext/src/main/java/doggytalents/common/entity/ai/DogRandomStrollGoal.java:70: error: cannot find symbol
          boolean underwater_random = this.dog.isInWaterOrBubble()
                                              ^
    symbol:   method isInWaterOrBubble()
    location: variable dog of type Dog
  /home/aptd/DoggyTalentsNext/src/main/java/doggytalents/common/entity/ai/DogRandomStrollGoal.java:80: error: cannot find symbol
          if (this.dog.isInWaterOrBubble()) {
                      ^
    symbol:   method isInWaterOrBubble()
    location: variable dog of type Dog
  /home/aptd/DoggyTalentsNext/src/main/java/doggytalents/common/entity/ai/DogHungryGoal.java:123: error: cannot find symbol
                  this.owner.sendSystemMessage(Component.translatable("dog.msg.low_hunger." + this.dog.getRandom().nextInt(5), this.dog.getName()));
                            ^
    symbol:   method sendSystemMessage(MutableComponent)
    location: variable owner of type LivingEntity
  /home/aptd/DoggyTalentsNext/src/main/java/doggytalents/common/entity/ai/DogNearestToOwnerAttackableTargetGoal.java:34: error: cannot find symbol
             this.target = owner.level().getNearestEntity(this.mob.level().getEntitiesOfClass(this.targetType, this.getTargetSearchArea(this.getFollowDistance()), (p_148152_) -> {
                                        ^
    symbol:   method getNearestEntity(List<T>,TargetingConditions,Dog,double,double,double)
    location: class Level
    where T is a type-variable:
      T extends LivingEntity declared in class DogNearestToOwnerAttackableTargetGoal
  /home/aptd/DoggyTalentsNext/src/main/java/doggytalents/common/entity/ai/DogMoveBackToRestrictGoal.java:48: error: cannot find symbol
          if (!dog.hasRestriction())
                  ^
    symbol:   method hasRestriction()
    location: variable dog of type Dog
  /home/aptd/DoggyTalentsNext/src/main/java/doggytalents/common/entity/ai/DogMoveBackToRestrictGoal.java:50: error: cannot find symbol
          var center = dog.getRestrictCenter();
                          ^
    symbol:   method getRestrictCenter()
    location: variable dog of type Dog
  /home/aptd/DoggyTalentsNext/src/main/java/doggytalents/common/entity/ai/DogMoveBackToRestrictGoal.java:60: error: cannot find symbol
          return DogUtil.guessAndTryToTeleportToBlockPos(dog, center, Mth.floor(dog.getRestrictRadius()));
                                                                                   ^
    symbol:   method getRestrictRadius()
    location: variable dog of type Dog
  /home/aptd/DoggyTalentsNext/src/main/java/doggytalents/common/entity/ai/DogRangedAttackGoal.java:72: error: cannot find symbol
          } else if (target.getY() >= dog.level().getMaxBuildHeight()) {
                                                 ^
    symbol:   method getMaxBuildHeight()
    location: class Level
  /home/aptd/DoggyTalentsNext/src/main/java/doggytalents/common/entity/ai/DogRangedAttackGoal.java:115: error: cannot find symbol
          } else if (livingentity.getY() >= dog.level().getMaxBuildHeight()) {
                                                       ^
    symbol:   method getMaxBuildHeight()
    location: class Level
  /home/aptd/DoggyTalentsNext/src/main/java/doggytalents/common/entity/ai/DogRangedAttackGoal.java:128: error: cannot find symbol
          var restrict_pos = dog.getRestrictCenter();
                                ^
    symbol:   method getRestrictCenter()
    location: variable dog of type Dog
  /home/aptd/DoggyTalentsNext/src/main/java/doggytalents/common/entity/ai/DogRangedAttackGoal.java:131: error: cannot find symbol
          var restrict_r = dog.getRestrictRadius();
                              ^
    symbol:   method getRestrictRadius()
    location: variable dog of type Dog
  /home/aptd/DoggyTalentsNext/src/main/java/doggytalents/common/entity/ai/GuardModeGoal.java:60: error: cannot find symbol
         this.target = this.dog.level().getNearestEntity(this.targetType, this.targetConditions, this.dog, this.owner.getX(), this.owner.getEyeY(), this.owner.getZ(), this.getTargetSearchArea(GUARD_DISTANCE));
                                       ^
    symbol:   method getNearestEntity(Class<Mob>,TargetingConditions,Dog,double,double,double,AABB)
    location: class Level
  /home/aptd/DoggyTalentsNext/src/main/java/doggytalents/common/entity/ai/triggerable/DogWantAttentionAction.java:99: error: cannot find symbol
                  owner.sendSystemMessage(Component.translatable(
                       ^
    symbol:   method sendSystemMessage(MutableComponent)
    location: variable owner of type LivingEntity
  /home/aptd/DoggyTalentsNext/src/main/java/doggytalents/common/entity/ai/triggerable/DogGreetOwnerAction.java:112: error: cannot find symbol
          this.owner.sendSystemMessage(Component.translatable("dog.msg.greet_owner." + msg_id, this.dog.getName().getString()));
                    ^
    symbol:   method sendSystemMessage(MutableComponent)
    location: variable owner of type LivingEntity
  /home/aptd/DoggyTalentsNext/src/main/java/doggytalents/common/entity/ai/triggerable/DogPlayTagAction.java:54: error: cannot find symbol
                  owner.sendSystemMessage(Component.translatable("dog.msg.play_tag.dog_win", dog.getName().getString()));
                       ^
    symbol:   method sendSystemMessage(MutableComponent)
    location: variable owner of type LivingEntity
  /home/aptd/DoggyTalentsNext/src/main/java/doggytalents/common/entity/ai/triggerable/DogPlayTagAction.java:57: error: cannot find symbol
                  owner.sendSystemMessage(Component.translatable("dog.msg.play_tag.you_win", dog.getName().getString()));
                       ^
    symbol:   method sendSystemMessage(MutableComponent)
    location: variable owner of type LivingEntity
  /home/aptd/DoggyTalentsNext/src/main/java/doggytalents/common/entity/ai/triggerable/DogPlayTagAction.java:98: error: cannot find symbol
              owner.sendSystemMessage(Component.translatable("dog.msg.play_tag.gotcha", dog.getName().getString() ));
                   ^
    symbol:   method sendSystemMessage(MutableComponent)
    location: variable owner of type LivingEntity
  /home/aptd/DoggyTalentsNext/src/main/java/doggytalents/common/entity/ai/PatrolAssistTargetGoal.java:30: error: cannot find symbol
              return dog.isWithinRestriction(targetDog.blockPosition());
                        ^
    symbol:   method isWithinRestriction(BlockPos)
    location: variable dog of type Dog
  /home/aptd/DoggyTalentsNext/src/main/java/doggytalents/common/entity/ai/DogRandomSniffGoal.java:270: error: cannot find symbol
          if (!this.dog.hasRestriction())
                       ^
    symbol:   method hasRestriction()
    location: variable dog of type Dog
  /home/aptd/DoggyTalentsNext/src/main/java/doggytalents/common/entity/ai/DogRandomSniffGoal.java:272: error: cannot find symbol
          var restrict_b0 = this.dog.getRestrictCenter();
                                    ^
    symbol:   method getRestrictCenter()
    location: variable dog of type Dog
  /home/aptd/DoggyTalentsNext/src/main/java/doggytalents/common/entity/ai/DogRandomSniffGoal.java:275: error: cannot find symbol
          var restrict_r = this.dog.getRestrictRadius();
                                   ^
    symbol:   method getRestrictRadius()
    location: variable dog of type Dog
  /home/aptd/DoggyTalentsNext/src/main/java/doggytalents/common/entity/ai/DogRandomSniffGoal.java:291: error: cannot find symbol
          if (dog.hasRestriction() && dog.getRestrictCenter() != null) {
                 ^
    symbol:   method hasRestriction()
    location: variable dog of type Dog
  /home/aptd/DoggyTalentsNext/src/main/java/doggytalents/common/entity/ai/DogRandomSniffGoal.java:291: error: cannot find symbol
          if (dog.hasRestriction() && dog.getRestrictCenter() != null) {
                                         ^
    symbol:   method getRestrictCenter()
    location: variable dog of type Dog
  /home/aptd/DoggyTalentsNext/src/main/java/doggytalents/common/entity/ai/DogRandomSniffGoal.java:292: error: cannot find symbol
              var restrict_b0 = dog.getRestrictCenter();
                                   ^
    symbol:   method getRestrictCenter()
    location: variable dog of type Dog
  /home/aptd/DoggyTalentsNext/src/main/java/doggytalents/common/entity/ai/DogRandomSniffGoal.java:293: error: cannot find symbol
              var restrict_r = dog.getRestrictRadius();
                                  ^
    symbol:   method getRestrictRadius()
    location: variable dog of type Dog
  /home/aptd/DoggyTalentsNext/src/main/java/doggytalents/common/entity/ai/DogMeleeAttackGoal.java:93: error: cannot find symbol
        } else if (target.getY() >= dog.level().getMaxBuildHeight()) {
                                               ^
    symbol:   method getMaxBuildHeight()
    location: class Level
  /home/aptd/DoggyTalentsNext/src/main/java/doggytalents/common/entity/ai/DogMeleeAttackGoal.java:97: error: cannot find symbol
        } else if (restriction && !this.dog.isWithinRestriction(target.blockPosition())) {
                                           ^
    symbol:   method isWithinRestriction(BlockPos)
    location: variable dog of type Dog
  /home/aptd/DoggyTalentsNext/src/main/java/doggytalents/common/entity/ai/DogMeleeAttackGoal.java:169: error: cannot find symbol
        } else if (livingentity.getY() >= dog.level().getMaxBuildHeight()) {
                                                     ^
    symbol:   method getMaxBuildHeight()
    location: class Level
  /home/aptd/DoggyTalentsNext/src/main/java/doggytalents/common/entity/ai/DogMeleeAttackGoal.java:171: error: cannot find symbol
        } else if (restriction && !this.dog.isWithinRestriction(livingentity.blockPosition())) {
                                           ^
    symbol:   method isWithinRestriction(BlockPos)
    location: variable dog of type Dog
  /home/aptd/DoggyTalentsNext/src/main/java/doggytalents/common/entity/serializers/Dim2BlockPosSerializer.java:16: error: cannot find symbol
              buf.writeResourceLocation(entry.getKey().location());
                                                      ^
    symbol:   method location()
    location: class ResourceKey<Level>
  /home/aptd/DoggyTalentsNext/src/main/java/doggytalents/common/entity/serializers/Dim2BlockPosSerializer.java:26: error: cannot find symbol
              var loc = buf.readResourceLocation();
                           ^
    symbol:   method readResourceLocation()
    location: variable buf of type FriendlyByteBuf
  /home/aptd/DoggyTalentsNext/src/main/java/doggytalents/common/entity/WhitelistFoodHandler.java:21: error: cannot find symbol
          if (stackIn.getFoodProperties(null) == null)
                     ^
    symbol:   method getFoodProperties(<null>)
    location: variable stackIn of type ItemStack
  /home/aptd/DoggyTalentsNext/src/main/java/doggytalents/common/entity/WhitelistFoodHandler.java:40: error: cannot find symbol
                  var props = stack.getFoodProperties(dog);
                                   ^
    symbol:   method getFoodProperties(AbstractDog)
    location: variable stack of type ItemStack
  /home/aptd/DoggyTalentsNext/src/main/java/doggytalents/common/entity/MeatFoodHandler.java:44: error: cannot find symbol
                  var props = stack.getFoodProperties(dog);
                                   ^
    symbol:   method getFoodProperties(AbstractDog)
    location: variable stack of type ItemStack
  /home/aptd/DoggyTalentsNext/src/main/java/doggytalents/common/item/GenderBoneItem.java:58: error: cannot find symbol
          stack.hurtAndBreak(1, playerIn, LivingEntity.getSlotForHand(handIn));
                                                      ^
    symbol:   method getSlotForHand(InteractionHand)
    location: class LivingEntity
  /home/aptd/DoggyTalentsNext/src/main/java/doggytalents/common/item/TreatBagItem.java:156: error: cannot find symbol
                  entry.getValue(), entry.getKey().getDescription()).withStyle(
                                                  ^
    symbol:   method getDescription()
    location: class Item
  /home/aptd/DoggyTalentsNext/src/main/java/doggytalents/common/item/TreatBagItem.java:177: error: cannot find symbol
          return itemList.stream().collect(Collectors.toList());
                         ^
    symbol:   method stream()
    location: variable itemList of type ItemContainerContents
  /home/aptd/DoggyTalentsNext/src/main/java/doggytalents/common/item/AmnesiaBoneItem.java:64: error: cannot find symbol
              player.hasPermissions(Constants.OPERATOR_PERMISSION)
                    ^
    symbol:   method hasPermissions(int)
    location: variable player of type Player
  /home/aptd/DoggyTalentsNext/src/main/java/doggytalents/common/item/AmnesiaBoneItem.java:88: error: cannot find symbol
          if (tag.hasUUID("request_uuid")
                 ^
    symbol:   method hasUUID(String)
    location: variable tag of type CompoundTag
  /home/aptd/DoggyTalentsNext/src/main/java/doggytalents/common/item/AmnesiaBoneItem.java:89: error: cannot find symbol
              && tag.getUUID("request_uuid").equals(playerUUID)) 
                    ^
    symbol:   method getUUID(String)
    location: variable tag of type CompoundTag
  /home/aptd/DoggyTalentsNext/src/main/java/doggytalents/common/item/AmnesiaBoneItem.java:91: error: cannot find symbol
          tag.putUUID("request_uuid", player.getUUID());
             ^
    symbol:   method putUUID(String,UUID)
    location: variable tag of type CompoundTag
  /home/aptd/DoggyTalentsNext/src/main/java/doggytalents/common/network/packet/CanineTrackerPackets.java:170: error: cannot find symbol
                  tag.putUUID("uuid", data.uuid);
                     ^
    symbol:   method putUUID(String,UUID)
    location: variable tag of type CompoundTag
  /home/aptd/DoggyTalentsNext/src/main/java/doggytalents/common/network/packet/ForceClearKillStatsPacket.java:30: error: cannot find symbol
          if (!sender.hasPermissions(Constants.OPERATOR_PERMISSION))
                     ^
    symbol:   method hasPermissions(int)
    location: variable sender of type ServerPlayer
  /home/aptd/DoggyTalentsNext/src/main/java/doggytalents/common/network/packet/DogDeTrainPacket.java:48: error: cannot find symbol
              sender.hasPermissions(Constants.OPERATOR_PERMISSION)
                    ^
    symbol:   method hasPermissions(int)
    location: variable sender of type ServerPlayer
  /home/aptd/DoggyTalentsNext/src/main/java/doggytalents/common/network/packet/DogMigrateOwnerPacket.java:51: error: cannot find symbol
          if (!tag.hasUUID("request_uuid")) {
                  ^
    symbol:   method hasUUID(String)
    location: variable tag of type CompoundTag
  /home/aptd/DoggyTalentsNext/src/main/java/doggytalents/common/network/packet/DogMigrateOwnerPacket.java:56: error: cannot find symbol
          var uuid = tag.getUUID("request_uuid");
                        ^
    symbol:   method getUUID(String)
    location: variable tag of type CompoundTag
  /home/aptd/DoggyTalentsNext/src/main/java/doggytalents/common/network/packet/ForceChangeOwnerPacket.java:32: error: cannot find symbol
          if (!sender.hasPermissions(Constants.OPERATOR_PERMISSION))
                     ^
    symbol:   method hasPermissions(int)
    location: variable sender of type ServerPlayer
  /home/aptd/DoggyTalentsNext/src/main/java/doggytalents/common/command/DoggyCommands.java:70: error: cannot find symbol
                      .requires(s -> s.hasPermission(Constants.OPERATOR_PERMISSION))
                                      ^
    symbol:   method hasPermission(int)
    location: variable s of type CommandSourceStack
  /home/aptd/DoggyTalentsNext/src/main/java/doggytalents/common/command/DoggyCommands.java:405: error: cannot find symbol
          var dim_loc = dim == null ? null : dim.location(); 
                                                ^
    symbol:   method location()
    location: variable dim of type ResourceKey<Level>
  /home/aptd/DoggyTalentsNext/src/main/java/doggytalents/common/util/TagUtil.java:15: error: cannot find symbol
          var tag = reg.getTag(key).orElse(null);
                       ^
    symbol:   method getTag(TagKey<T>)
    location: variable reg of type Registry<T>
    where T is a type-variable:
      T extends Object declared in method <T>queryAllValuesForTag(Registry<T>,TagKey<T>)
  /home/aptd/DoggyTalentsNext/src/main/java/doggytalents/common/util/DogLocationStorageMigration.java:16: error: cannot find symbol
              newStorage = savedData.get(DogLocationStorage.storageFactory(), Constants.STORAGE_DOG_LOCATION);
                                                           ^
    symbol:   method storageFactory()
    location: class DogLocationStorage
  /home/aptd/DoggyTalentsNext/src/main/java/doggytalents/common/util/DogLocationStorageMigration.java:23: error: cannot find symbol
              oldStorage = savedData.get(DogLocationStorage.storageFactory(), Constants.STORAGE_DOG_LOCATION_OLD);
                                                           ^
    symbol:   method storageFactory()
    location: class DogLocationStorage
  /home/aptd/DoggyTalentsNext/src/main/java/doggytalents/common/util/NBTUtil.java:226: error: cannot find symbol
              compound.put(key, stackIn.save(prov, new CompoundTag()));
                                       ^
    symbol:   method save(Provider,CompoundTag)
    location: variable stackIn of type ItemStack
  /home/aptd/DoggyTalentsNext/src/main/java/doggytalents/common/util/NBTUtil.java:233: error: cannot find symbol
              return ItemStack.parse(prov, compound.getCompound(key)).orElse(ItemStack.EMPTY);
                              ^
    symbol:   method parse(Provider,Optional<CompoundTag>)
    location: class ItemStack
  /home/aptd/DoggyTalentsNext/src/main/java/doggytalents/common/util/ItemUtil.java:163: error: cannot find symbol
          return stack.getFoodProperties(null);
                      ^
    symbol:   method getFoodProperties(<null>)
    location: variable stack of type ItemStack
  /home/aptd/DoggyTalentsNext/src/main/java/doggytalents/common/util/ItemUtil.java:172: error: cannot find symbol
          var reg = prov.registryOrThrow(Registries.ENCHANTMENT);
                        ^
    symbol:   method registryOrThrow(ResourceKey<Registry<Enchantment>>)
    location: variable prov of type RegistryAccess
  /home/aptd/DoggyTalentsNext/src/main/java/doggytalents/common/util/dogpromise/chunk/DTNForcedChunkManager.java:22: error: cannot find symbol
          var tickets = accquiredChunkMap.computeIfAbsent(pos.toLong(), k -> new HashSet<>());
                                                             ^
    symbol:   method toLong()
    location: variable pos of type ChunkPos
  /home/aptd/DoggyTalentsNext/src/main/java/doggytalents/common/util/dogpromise/chunk/DTNForcedChunkManager.java:29: error: cannot find symbol
          var tickets = accquiredChunkMap.get(pos.toLong());
                                                 ^
    symbol:   method toLong()
    location: variable pos of type ChunkPos
  /home/aptd/DoggyTalentsNext/src/main/java/doggytalents/common/util/dogpromise/promise/AbstractPromise.java:75: error: cannot find symbol
          boolean added = accquireds.add(pos.toLong());
                                            ^
    symbol:   method toLong()
    location: variable pos of type ChunkPos
  /home/aptd/DoggyTalentsNext/src/main/java/doggytalents/common/util/dogpromise/promise/DogDistantTeleportToOwnerCrossDimensionPromise.java:90: error: cannot find symbol
          var dogafterTp = dog.changeDimension(getDogTransition(ownerLevel, dog, safePos));
                              ^
    symbol:   method changeDimension(TeleportTransition)
    location: variable dog of type Dog
  /home/aptd/DoggyTalentsNext/src/main/java/doggytalents/common/util/dogpromise/promise/DogDistantTeleportToOwnerCrossDimensionPromise.java:104: error: cannot find symbol
              this.owner.sendSystemMessage(
                        ^
    symbol:   method sendSystemMessage(MutableComponent)
    location: variable owner of type LivingEntity
  /home/aptd/DoggyTalentsNext/src/main/java/doggytalents/common/util/dogpromise/promise/DogDistantTeleportToOwnerCrossDimensionPromise.java:123: error: cannot find symbol
              this.owner.sendSystemMessage(
                        ^
    symbol:   method sendSystemMessage(MutableComponent)
    location: variable owner of type LivingEntity
  /home/aptd/DoggyTalentsNext/src/main/java/doggytalents/common/util/dogpromise/promise/DogBatchTeleportToDimensionPromise.java:115: error: cannot find symbol
          dog0.changeDimension(getDogTransition(targetLevel, dog0, pos));
              ^
    symbol:   method changeDimension(TeleportTransition)
    location: variable dog0 of type Dog
  /home/aptd/DoggyTalentsNext/src/main/java/doggytalents/common/util/dogpromise/promise/DogDistantTeleportToBedPromise.java:93: error: cannot find symbol
          dog.moveTo(b1.getX() + 0.5F, b1.getY(), b1.getZ() + 0.5F, dog.getYRot(), dog.getXRot());
             ^
    symbol:   method moveTo(float,int,float,float,float)
    location: variable dog of type Dog
  /home/aptd/DoggyTalentsNext/src/main/java/doggytalents/common/util/dogpromise/promise/DogDistantTeleportToBedPromise.java:104: error: cannot find symbol
              owner.sendSystemMessage(
                   ^
    symbol:   method sendSystemMessage(MutableComponent)
    location: variable owner of type LivingEntity
  /home/aptd/DoggyTalentsNext/src/main/java/doggytalents/common/util/dogpromise/promise/DogDistantTeleportToBedPromise.java:117: error: cannot find symbol
              owner.sendSystemMessage(
                   ^
    symbol:   method sendSystemMessage(MutableComponent)
    location: variable owner of type LivingEntity
  /home/aptd/DoggyTalentsNext/src/main/java/doggytalents/common/util/dogpromise/promise/DogDistantTeleportToOwnerPromise.java:89: error: cannot find symbol
              this.owner.sendSystemMessage(
                        ^
    symbol:   method sendSystemMessage(MutableComponent)
    location: variable owner of type LivingEntity
  /home/aptd/DoggyTalentsNext/src/main/java/doggytalents/common/util/dogpromise/promise/DogDistantTeleportToOwnerPromise.java:108: error: cannot find symbol
              this.owner.sendSystemMessage(
                        ^
    symbol:   method sendSystemMessage(MutableComponent)
    location: variable owner of type LivingEntity
  /home/aptd/DoggyTalentsNext/src/main/java/doggytalents/common/util/NetworkUtil.java:84: error: cannot find symbol
          var reg = regBuf.registryAccess().registryOrThrow(regKey);
                                           ^
    symbol:   method registryOrThrow(ResourceKey<Registry<T>>)
    location: interface RegistryAccess
    where T is a type-variable:
      T extends Object declared in method <T>writeRegistryId(FriendlyByteBuf,ResourceKey<Registry<T>>,T)
  /home/aptd/DoggyTalentsNext/src/main/java/doggytalents/common/util/NetworkUtil.java:91: error: cannot find symbol
          var reg = regBuf.registryAccess().registryOrThrow(regKey);
                                           ^
    symbol:   method registryOrThrow(ResourceKey<Registry<T>>)
    location: interface RegistryAccess
    where T is a type-variable:
      T extends Object declared in method <T>readRegistryId(FriendlyByteBuf,ResourceKey<Registry<T>>)
  /home/aptd/DoggyTalentsNext/src/main/java/doggytalents/common/util/DogFoodUtil.java:31: error: cannot find symbol
              && stack.getFoodProperties(null) != null
                      ^
    symbol:   method getFoodProperties(<null>)
    location: variable stack of type ItemStack
  /home/aptd/DoggyTalentsNext/src/main/java/doggytalents/common/util/EntityUtil.java:57: error: cannot find symbol
              entityIn.moveTo(x + 0.5F, y, z + 0.5F, entityIn.getYRot(), entityIn.getXRot());
                      ^
    symbol:   method moveTo(float,int,float,float,float)
    location: variable entityIn of type Mob
  /home/aptd/DoggyTalentsNext/src/main/java/doggytalents/common/util/EntityUtil.java:95: error: cannot find symbol
          Iterator<ItemStack> heldItems = entity.getHandSlots().iterator();
                                                ^
    symbol:   method getHandSlots()
    location: variable entity of type LivingEntity
  /home/aptd/DoggyTalentsNext/src/main/java/doggytalents/common/util/DogUtil.java:580: error: cannot find symbol
                  var server = owner.getServer();
                                    ^
    symbol:   method getServer()
    location: variable owner of type ServerPlayer
  /home/aptd/DoggyTalentsNext/src/main/java/doggytalents/common/util/DogUtil.java:642: error: cannot find symbol
          dog.moveTo(target.getX() + 0.5F, target.getY(), target.getZ() + 0.5F, dog.getYRot(), dog.getXRot());
             ^
    symbol:   method moveTo(float,int,float,float,float)
    location: variable dog of type Dog
  /home/aptd/DoggyTalentsNext/src/main/java/doggytalents/common/util/DogUtil.java:656: error: cannot find symbol
          if (player != null && player.hasPermissions(Constants.OPERATOR_PERMISSION))
                                      ^
    symbol:   method hasPermissions(int)
    location: variable player of type Player
  /home/aptd/DoggyTalentsNext/src/main/java/doggytalents/common/event/PackHandler.java:63: error: cannot find symbol
              .findResource(mod_path);
              ^
    symbol:   method findResource(String)
    location: interface IModFile
  /home/aptd/DoggyTalentsNext/src/main/java/doggytalents/common/event/PackHandler.java:73: error: cannot find symbol
              BuiltInPackSource.fromName(
                               ^
    symbol:   method fromName((pack_info[...]path))
    location: class BuiltInPackSource
  /home/aptd/DoggyTalentsNext/src/main/java/doggytalents/common/event/EventHandler.java:238: error: cannot find symbol
          dog.moveTo(wolf.getX(), wolf.getY(), wolf.getZ(), wolf.getYRot(), wolf.getXRot());
             ^
    symbol:   method moveTo(double,double,double,float,float)
    location: variable dog of type Dog
  /home/aptd/DoggyTalentsNext/src/main/java/doggytalents/common/event/EventHandler.java:292: error: cannot find symbol
          if (!wolf.hasArmor())
                   ^
    symbol:   method hasArmor()
    location: variable wolf of type Wolf
  /home/aptd/DoggyTalentsNext/src/main/java/doggytalents/client/event/ClientEventHandler.java:197: error: array required, but Optional<int[]> found
          int mode_id = hotkeyarr[hotkey_use];
                                 ^
  /home/aptd/DoggyTalentsNext/src/main/java/doggytalents/common/network/packet/WhistleEditHotKeyPacket.java:57: error: array required, but Optional<int[]> found
              keyarr[data.hotkey_id] = data.new_mode_id;
                    ^
  /home/aptd/DoggyTalentsNext/src/main/java/doggytalents/client/entity/render/layer/accessory/modelrenderentry/KitsuneMaskRenderEntry.java:49: error: name clash: renderAccessory(RenderLayer<Dog,DogModel>,PoseStack,MultiBufferSource,int,Dog,float,float,float,float,float,float,AccessoryInstance) in KitsuneMaskRenderEntry and renderAccessory(RenderLayer<DogRenderState,DogModel>,PoseStack,MultiBufferSource,int,Dog,float,float,float,float,float,float,AccessoryInstance) in Entry have the same erasure, yet neither overrides the other
      public void renderAccessory(RenderLayer<Dog, DogModel> layer, PoseStack poseStack, MultiBufferSource buffer,
                  ^
  /home/aptd/DoggyTalentsNext/src/main/java/doggytalents/client/entity/render/layer/accessory/modelrenderentry/TenguMaskRenderEmtry.java:49: error: name clash: renderAccessory(RenderLayer<Dog,DogModel>,PoseStack,MultiBufferSource,int,Dog,float,float,float,float,float,float,AccessoryInstance) in TenguMaskRenderEmtry and renderAccessory(RenderLayer<DogRenderState,DogModel>,PoseStack,MultiBufferSource,int,Dog,float,float,float,float,float,float,AccessoryInstance) in Entry have the same erasure, yet neither overrides the other
      public void renderAccessory(RenderLayer<Dog, DogModel> layer, PoseStack poseStack, MultiBufferSource buffer,
                  ^
  /home/aptd/DoggyTalentsNext/src/main/java/doggytalents/client/entity/render/layer/accessory/modelrenderentry/DoubleDyableRenderEntry.java:20: error: name clash: renderAccessory(RenderLayer<Dog,DogModel>,PoseStack,MultiBufferSource,int,Dog,float,float,float,float,float,float,AccessoryInstance) in DoubleDyableRenderEntry and renderAccessory(RenderLayer<DogRenderState,DogModel>,PoseStack,MultiBufferSource,int,Dog,float,float,float,float,float,float,AccessoryInstance) in Entry have the same erasure, yet neither overrides the other
      public void renderAccessory(RenderLayer<Dog, DogModel> layer, 
                  ^
  /home/aptd/DoggyTalentsNext/src/main/java/doggytalents/client/entity/render/layer/accessory/modelrenderentry/CeremonialGarbRenderEntry.java:54: error: name clash: renderAccessory(RenderLayer<Dog,DogModel>,PoseStack,MultiBufferSource,int,Dog,float,float,float,float,float,float,AccessoryInstance) in CeremonialGarbRenderEntry and renderAccessory(RenderLayer<DogRenderState,DogModel>,PoseStack,MultiBufferSource,int,Dog,float,float,float,float,float,float,AccessoryInstance) in Entry have the same erasure, yet neither overrides the other
      public void renderAccessory(RenderLayer<Dog, DogModel> layer, PoseStack poseStack, MultiBufferSource buffer,
                  ^
  /home/aptd/DoggyTalentsNext/src/main/java/doggytalents/client/entity/render/layer/accessory/modelrenderentry/MidiKeyboardRenderEntry.java:55: error: name clash: renderAccessory(RenderLayer<Dog,DogModel>,PoseStack,MultiBufferSource,int,Dog,float,float,float,float,float,float,AccessoryInstance) in MidiKeyboardRenderEntry and renderAccessory(RenderLayer<DogRenderState,DogModel>,PoseStack,MultiBufferSource,int,Dog,float,float,float,float,float,float,AccessoryInstance) in Entry have the same erasure, yet neither overrides the other
      public void renderAccessory(RenderLayer<Dog, DogModel> layer, PoseStack poseStack, MultiBufferSource buffer,
                  ^
  /home/aptd/DoggyTalentsNext/src/main/java/doggytalents/client/entity/model/misc/SamoyedPlushieModel.java:163: error: renderToBuffer(PoseStack,VertexConsumer,int,int,int) in SamoyedPlushieModel cannot override renderToBuffer(PoseStack,VertexConsumer,int,int,int) in Model
  	public void renderToBuffer(PoseStack poseStack, VertexConsumer vertexConsumer, int packedLight, int packedOverlay, int color_overlay) {
  	            ^
    overridden method is final
  /home/aptd/DoggyTalentsNext/src/main/java/doggytalents/client/entity/model/misc/DogPlushieModel.java:82: error: renderToBuffer(PoseStack,VertexConsumer,int,int,int) in DogPlushieModel cannot override renderToBuffer(PoseStack,VertexConsumer,int,int,int) in Model
  	public void renderToBuffer(PoseStack poseStack, VertexConsumer vertexConsumer, int packedLight, int packedOverlay, int color_overlay) {
  	            ^
    overridden method is final
  /home/aptd/DoggyTalentsNext/src/main/java/doggytalents/client/entity/model/misc/GrandPianoModel.java:225: error: renderToBuffer(PoseStack,VertexConsumer,int,int,int) in GrandPianoModel cannot override renderToBuffer(PoseStack,VertexConsumer,int,int,int) in Model
  	public void renderToBuffer(PoseStack poseStack, VertexConsumer vertexConsumer, int packedLight, int packedOverlay, int color_overlay) {
  	            ^
    overridden method is final
  /home/aptd/DoggyTalentsNext/src/main/java/doggytalents/client/entity/model/misc/UprightPianoModel.java:176: error: renderToBuffer(PoseStack,VertexConsumer,int,int,int) in UprightPianoModel cannot override renderToBuffer(PoseStack,VertexConsumer,int,int,int) in Model
  	public void renderToBuffer(PoseStack poseStack, VertexConsumer vertexConsumer, int packedLight, int packedOverlay, int color_overlay) {
  	            ^
    overridden method is final
  /home/aptd/DoggyTalentsNext/src/main/java/doggytalents/client/entity/model/accessories/FieryReflectorModel.java:81: error: renderToBuffer(PoseStack,VertexConsumer,int,int,int) in FieryReflectorModel cannot override renderToBuffer(PoseStack,VertexConsumer,int,int,int) in Model
      public void renderToBuffer(PoseStack stack, VertexConsumer p_103014_, int p_103015_, int p_103016_, int color_overlay) {
                  ^
    overridden method is final
  /home/aptd/DoggyTalentsNext/src/main/java/doggytalents/client/entity/model/accessories/AngelHaloModel.java:98: error: renderToBuffer(PoseStack,VertexConsumer,int,int,int) in AngelHaloModel cannot override renderToBuffer(PoseStack,VertexConsumer,int,int,int) in Model
      public void renderToBuffer(PoseStack stack, VertexConsumer p_103014_, int p_103015_, int p_103016_, int color_overlay) {
                  ^
    overridden method is final
  /home/aptd/DoggyTalentsNext/src/main/java/doggytalents/client/entity/model/SyncedRenderFunctionWithHeadModel.java:65: error: renderToBuffer(PoseStack,VertexConsumer,int,int,int) in SyncedRenderFunctionWithHeadModel cannot override renderToBuffer(PoseStack,VertexConsumer,int,int,int) in Model
      public void renderToBuffer(PoseStack stack, VertexConsumer p_103014_, int p_103015_, int p_103016_, int unused) {
                  ^
    overridden method is final
  /home/aptd/DoggyTalentsNext/src/main/java/doggytalents/client/entity/model/TorchDogModel.java:75: error: renderToBuffer(PoseStack,VertexConsumer,int,int,int) in TorchDogModel cannot override renderToBuffer(PoseStack,VertexConsumer,int,int,int) in Model
      public void renderToBuffer(PoseStack p_102034_, VertexConsumer p_102035_, int p_102036_, int p_102037_, int color_overlay) {
                  ^
    overridden method is final
  /home/aptd/DoggyTalentsNext/src/main/java/doggytalents/client/entity/model/dog/CustomDogModel.java:109: error: renderToBuffer(PoseStack,VertexConsumer,int,int,int) in CustomDogModel cannot override renderToBuffer(PoseStack,VertexConsumer,int,int,int) in Model
      public void renderToBuffer(PoseStack stack, VertexConsumer vertex_consumer, int light, int overlay, int color_overlay) {    
                  ^
    overridden method is final
  /home/aptd/DoggyTalentsNext/src/main/java/doggytalents/client/entity/model/dog/GlowingEyeDogModel.java:44: error: renderToBuffer(PoseStack,VertexConsumer,int,int,int) in GlowingEyeDogModel cannot override renderToBuffer(PoseStack,VertexConsumer,int,int,int) in Model
      public void renderToBuffer(PoseStack stack, VertexConsumer vertex_consumer, int light, int overlay,
                  ^
    overridden method is final
  /home/aptd/DoggyTalentsNext/src/main/java/doggytalents/client/screen/DogNewInfoScreen/element/MainButtonToolboxRowElement.java:53: error: cannot find symbol
                  super.renderWidget(graphics, mouseX, mouseY, pTicks);
                       ^
    symbol: method renderWidget(GuiGraphicsExtractor,int,int,float)
  /home/aptd/DoggyTalentsNext/src/main/java/doggytalents/client/screen/DogNewInfoScreen/element/view/TalentView/TalentInfoViewElement.java:479: error: cannot find symbol
                  super.renderWidget(graphics, mouseX, mouseY, dogLevel);
                       ^
    symbol: method renderWidget(GuiGraphicsExtractor,int,int,int)
  /home/aptd/DoggyTalentsNext/src/main/java/doggytalents/client/screen/DogNewInfoScreen/element/view/MainInfoView/view/EditInfoView.java:115: error: cannot find symbol
                          super.renderWidget(graphics, mouseX, mouseY, pTicks);
                               ^
    symbol: method renderWidget(GuiGraphicsExtractor,int,int,float)
  /home/aptd/DoggyTalentsNext/src/main/java/doggytalents/client/screen/DogNewInfoScreen/element/view/MainInfoView/view/EditInfoView.java:137: error: cannot find symbol
                          super.renderWidget(graphics, mouseX, mouseY, pTicks);
                               ^
    symbol: method renderWidget(GuiGraphicsExtractor,int,int,float)
  /home/aptd/DoggyTalentsNext/src/main/java/doggytalents/client/screen/DogNewInfoScreen/element/view/MainInfoView/view/EditInfoView.java:159: error: cannot find symbol
                          super.renderWidget(graphics, mouseX, mouseY, pTicks);
                               ^
    symbol: method renderWidget(GuiGraphicsExtractor,int,int,float)
  /home/aptd/DoggyTalentsNext/src/main/java/doggytalents/client/screen/DogNewInfoScreen/element/view/MainInfoView/view/EditInfoView.java:181: error: cannot find symbol
                          super.renderWidget(graphics, mouseX, mouseY, pTicks);
                               ^
    symbol: method renderWidget(GuiGraphicsExtractor,int,int,float)
  /home/aptd/DoggyTalentsNext/src/main/java/doggytalents/client/screen/DogNewInfoScreen/element/view/MainInfoView/view/EditInfoView.java:231: error: cannot find symbol
                          super.renderWidget(graphics, mouseX, mouseY, pTicks);
                               ^
    symbol: method renderWidget(GuiGraphicsExtractor,int,int,float)
  /home/aptd/DoggyTalentsNext/src/main/java/doggytalents/client/screen/FoodBowlScreen.java:25: error: cannot find symbol
          this.renderTooltip(graphics, mouseX, mouseY);
              ^
    symbol: method renderTooltip(GuiGraphicsExtractor,int,int)
  /home/aptd/DoggyTalentsNext/src/main/java/doggytalents/common/variant/util/DogVariantUtil.java:46: error: incomparable types: Optional<Reference<DogVariant>> and DogVariant
              variant == getMissing() && !id.equals(getMissing().id());
                      ^
  /home/aptd/DoggyTalentsNext/src/main/java/doggytalents/common/variant/util/DogVariantUtil.java:52: error: incomparable types: Optional<Reference<DogVariant>> and DogVariant
          if (variant == getMissing())
                      ^
  /home/aptd/DoggyTalentsNext/src/main/java/doggytalents/client/screen/DogNewInfoScreen/widget/CombatReturnSwitch.java:123: error: incompatible types: Matrix3x2fStack cannot be converted to PoseStack
              this.setOverlayToolTip(graphics.pose(), mouseX, mouseY);
                                                  ^
  /home/aptd/DoggyTalentsNext/src/main/java/doggytalents/client/screen/DogNewInfoScreen/element/view/StyleView/view/SkinView/DogSkinElement.java:342: error: incompatible types: int cannot be converted to Matrix3x2f
          stack.translate(0, 0, 400);
                                ^
  /home/aptd/DoggyTalentsNext/src/main/java/doggytalents/client/entity/render/layer/accessory/AccessoryModelRenderer.java:46: error: incompatible types: AccessoryModelRenderer cannot be converted to RenderLayer<DogRenderState,DogModel>
                  this, poseStack, buffer, packedLight, dog, limbSwing, 
                  ^
  /home/aptd/DoggyTalentsNext/src/main/java/doggytalents/client/entity/render/layer/accessory/DefaultAccessoryRenderer.java:88: error: incompatible types: DogModel cannot be converted to SyncedAccessoryModel
                  renderTranslucentModel(dogModel, texture_rl, poseStack, buffer, packedLight, dog, color[0], color[1], color[2], 1);
                                         ^
  /home/aptd/DoggyTalentsNext/src/main/java/doggytalents/client/entity/render/layer/accessory/DefaultAccessoryRenderer.java:90: error: incompatible types: cannot infer type-variable(s) S
                  RenderLayer.renderColoredCutoutModel(dogModel, texture_rl, poseStack, buffer, packedLight, dog, ARGB.colorFromFloat(1, color[0], color[1], color[2]));
                                                      ^
      (argument mismatch; MultiBufferSource cannot be converted to SubmitNodeCollector)
    where S is a type-variable:
      S extends LivingEntityRenderState declared in method <S>renderColoredCutoutModel(Model<? super S>,Identifier,PoseStack,SubmitNodeCollector,int,S,int,int)
  /home/aptd/DoggyTalentsNext/src/main/java/doggytalents/client/entity/render/layer/accessory/DefaultAccessoryRenderer.java:93: error: incompatible types: DogModel cannot be converted to SyncedAccessoryModel
                  renderTranslucentModel(dogModel, texture_rl, poseStack, buffer, packedLight, dog, 1.0F, 1.0F, 1.0F, 1);
                                         ^
  /home/aptd/DoggyTalentsNext/src/main/java/doggytalents/client/entity/render/layer/accessory/DefaultAccessoryRenderer.java:128: error: incompatible types: DogModel cannot be converted to SyncedAccessoryModel
                  renderTranslucentModel(dogModel, texture_rl, poseStack, buffer, packedLight, dog, color[0], color[1], color[2], 1);
                                         ^
  /home/aptd/DoggyTalentsNext/src/main/java/doggytalents/client/entity/render/layer/accessory/DefaultAccessoryRenderer.java:130: error: incompatible types: cannot infer type-variable(s) S
                  RenderLayer.renderColoredCutoutModel(dogModel, texture_rl, poseStack, buffer, packedLight, dog, ARGB.colorFromFloat(1, color[0], color[1], color[2]));
                                                      ^
      (argument mismatch; MultiBufferSource cannot be converted to SubmitNodeCollector)
    where S is a type-variable:
      S extends LivingEntityRenderState declared in method <S>renderColoredCutoutModel(Model<? super S>,Identifier,PoseStack,SubmitNodeCollector,int,S,int,int)
  /home/aptd/DoggyTalentsNext/src/main/java/doggytalents/client/entity/render/layer/accessory/DefaultAccessoryRenderer.java:133: error: incompatible types: DogModel cannot be converted to SyncedAccessoryModel
                  renderTranslucentModel(dogModel, texture_rl, poseStack, buffer, packedLight, dog, 1.0F, 1.0F, 1.0F, 1);
                                         ^
  /home/aptd/DoggyTalentsNext/src/main/java/doggytalents/client/entity/render/layer/accessory/DefaultAccessoryRenderer.java:149: error: incompatible types: cannot infer type-variable(s) S
                  RenderLayer.renderColoredCutoutModel(hindLegDiffTextModel, texture_rl, poseStack, buffer, packedLight, dog, ARGB.colorFromFloat(1, color[0], color[1], color[2]));
                                                      ^
      (argument mismatch; MultiBufferSource cannot be converted to SubmitNodeCollector)
    where S is a type-variable:
      S extends LivingEntityRenderState declared in method <S>renderColoredCutoutModel(Model<? super S>,Identifier,PoseStack,SubmitNodeCollector,int,S,int,int)
  /home/aptd/DoggyTalentsNext/src/main/java/doggytalents/client/entity/render/layer/accessory/modelrenderentry/KitsuneMaskRenderEntry.java:56: error: incompatible types: RenderLayer<Dog,DogModel> cannot be converted to RenderLayer<DogRenderState,DogModel>
          super.renderAccessory(layer, poseStack, buffer, packedLight, dog, limbSwing, limbSwingAmount, partialTicks, ageInTicks,
                                ^
  /home/aptd/DoggyTalentsNext/src/main/java/doggytalents/client/entity/render/layer/accessory/modelrenderentry/TenguMaskRenderEmtry.java:56: error: incompatible types: RenderLayer<Dog,DogModel> cannot be converted to RenderLayer<DogRenderState,DogModel>
          super.renderAccessory(layer, poseStack, buffer, packedLight, dog, limbSwing, limbSwingAmount, partialTicks, ageInTicks,
                                ^
  /home/aptd/DoggyTalentsNext/src/main/java/doggytalents/client/entity/render/layer/accessory/IncapacitatedRenderer.java:142: error: incompatible types: T cannot be converted to LivingEntityRenderState
          p_117377_.renderToBuffer(p_117379_, vertexconsumer, p_117381_, LivingEntityRenderer.getOverlayCoords(p_117382_, 0.0F), ARGB.colorFromFloat(opascity, p_117383_, p_117384_, p_117385_));
                                                                                                               ^
    where T is a type-variable:
      T extends LivingEntity declared in method <T>renderTranslucentModel(EntityModel<T>,Identifier,PoseStack,MultiBufferSource,int,T,float,float,float,float)
  /home/aptd/DoggyTalentsNext/src/main/java/doggytalents/client/entity/model/animation/DTNModelLoader.java:31: error: incompatible types: Gson cannot be converted to Codec
          super(new Gson(), createRegistryPath());
                ^
  /home/aptd/DoggyTalentsNext/src/main/java/doggytalents/client/DoggyKeybinds.java:22: error: incompatible types: String cannot be converted to Category
              InputConstants.KEY_1, CATEGORIES_DT
                                    ^
  /home/aptd/DoggyTalentsNext/src/main/java/doggytalents/client/DoggyKeybinds.java:30: error: incompatible types: String cannot be converted to Category
              InputConstants.KEY_2, CATEGORIES_DT
                                    ^
  /home/aptd/DoggyTalentsNext/src/main/java/doggytalents/client/DoggyKeybinds.java:38: error: incompatible types: String cannot be converted to Category
              InputConstants.KEY_3, CATEGORIES_DT
                                    ^
  /home/aptd/DoggyTalentsNext/src/main/java/doggytalents/client/DoggyKeybinds.java:46: error: incompatible types: String cannot be converted to Category
              InputConstants.KEY_4, CATEGORIES_DT
                                    ^
  /home/aptd/DoggyTalentsNext/src/main/java/doggytalents/client/DTNClientPettingManager.java:176: error: incompatible types: int cannot be converted to MouseButtonEvent
          if (!mc.options.keyUse.matchesMouse(button))
                                              ^
  /home/aptd/DoggyTalentsNext/src/main/java/doggytalents/client/ClientSetup.java:179: error: incompatible types: bad return type in method reference
          CollarRenderManager.registerLayer(DogVariantRenderer::new);
                                            ^
      DogVariantRenderer cannot be converted to RenderLayer<DogRenderState,DogModel>
  /home/aptd/DoggyTalentsNext/src/main/java/doggytalents/client/ClientSetup.java:180: error: incompatible types: bad return type in method reference
          CollarRenderManager.registerLayer(DogCustomGlowingOverlayRenderer::new);
                                            ^
      DogCustomGlowingOverlayRenderer cannot be converted to RenderLayer<DogRenderState,DogModel>
  /home/aptd/DoggyTalentsNext/src/main/java/doggytalents/client/ClientSetup.java:181: error: incompatible types: bad return type in method reference
          CollarRenderManager.registerLayer(DefaultAccessoryRenderer::new);
                                            ^
      DefaultAccessoryRenderer cannot be converted to RenderLayer<DogRenderState,DogModel>
  /home/aptd/DoggyTalentsNext/src/main/java/doggytalents/client/ClientSetup.java:183: error: incompatible types: bad return type in method reference
          CollarRenderManager.registerLayer(IncapacitatedRenderer::new);
                                            ^
      IncapacitatedRenderer cannot be converted to RenderLayer<DogRenderState,DogModel>
  /home/aptd/DoggyTalentsNext/src/main/java/doggytalents/client/ClientSetup.java:184: error: incompatible types: bad return type in method reference
          CollarRenderManager.registerLayer(DoggyArmorRenderer::new);
                                            ^
      DoggyArmorRenderer cannot be converted to RenderLayer<DogRenderState,DogModel>
  /home/aptd/DoggyTalentsNext/src/main/java/doggytalents/client/ClientSetup.java:185: error: incompatible types: bad return type in method reference
          CollarRenderManager.registerLayer(PackPuppyRenderer::new);
                                            ^
      PackPuppyRenderer cannot be converted to RenderLayer<DogRenderState,DogModel>
  /home/aptd/DoggyTalentsNext/src/main/java/doggytalents/client/ClientSetup.java:186: error: incompatible types: bad return type in method reference
          CollarRenderManager.registerLayer(RescueDogRenderer::new);
                                            ^
      RescueDogRenderer cannot be converted to RenderLayer<DogRenderState,DogModel>
  /home/aptd/DoggyTalentsNext/src/main/java/doggytalents/client/ClientSetup.java:187: error: incompatible types: bad return type in method reference
          CollarRenderManager.registerLayer(AccessoryModelRenderer::new);
                                            ^
      AccessoryModelRenderer cannot be converted to RenderLayer<DogRenderState,DogModel>
  /home/aptd/DoggyTalentsNext/src/main/java/doggytalents/client/ClientSetup.java:189: error: incompatible types: bad return type in method reference
          CollarRenderManager.registerLayer(TorchDogRenderer::new);
                                            ^
      TorchDogRenderer cannot be converted to RenderLayer<DogRenderState,DogModel>
  /home/aptd/DoggyTalentsNext/src/main/java/doggytalents/client/ClientSetup.java:190: error: incompatible types: bad return type in method reference
          CollarRenderManager.registerLayer(FisherDogRenderer::new);
                                            ^
      FisherDogRenderer cannot be converted to RenderLayer<DogRenderState,DogModel>
  /home/aptd/DoggyTalentsNext/src/main/java/doggytalents/client/PettingArmPoseParams.java:13: error: incompatible types: HumanoidRenderState cannot be converted to LivingEntity
                  PettingArmPose.applyTransform(x, y, z);
                                                   ^
  /home/aptd/DoggyTalentsNext/src/main/java/doggytalents/client/event/ClientEventHandler.java:189: error: incompatible types: WhistleItem cannot be converted to ItemStack
          if (player.getCooldowns().isOnCooldown(whistle)) return;
                                                 ^
  /home/aptd/DoggyTalentsNext/src/main/java/doggytalents/common/talent/GuardDogTalent.java:60: error: incompatible types: Reference<SoundEvent> cannot be converted to SoundEvent
                      dogIn.playSound(SoundEvents.ITEM_BREAK, dogIn.getSoundVolume() / 2, (dogIn.getRandom().nextFloat() - dogIn.getRandom().nextFloat()) * 0.2F + 1.0F);
                                                 ^
  /home/aptd/DoggyTalentsNext/src/main/java/doggytalents/common/talent/doggy_tools/ShootHandler.java:344: error: incompatible types: ArrayList<ItemStack> cannot be converted to ItemStackTemplate
              crossbow_stack.set(DataComponents.CHARGED_PROJECTILES, ChargedProjectiles.of(item_list));
                                                                                           ^
  /home/aptd/DoggyTalentsNext/src/main/java/doggytalents/common/storage/DogRespawnData.java:107: error: incompatible types: CompoundTag cannot be converted to ValueOutput
          dog.saveWithoutId(target);
                            ^
  /home/aptd/DoggyTalentsNext/src/main/java/doggytalents/common/storage/DogRespawnData.java:147: error: incompatible types: CompoundTag cannot be converted to ValueOutput
              dog.addNonDTNAdditionalData(nonDTNTags);
                                          ^
  /home/aptd/DoggyTalentsNext/src/main/java/doggytalents/common/storage/DogRespawnData.java:163: error: incompatible types: Optional<Integer> cannot be converted to int
              dog.setAge(tag.getInt(STORAGE_AGE_TAG));
                                   ^
  /home/aptd/DoggyTalentsNext/src/main/java/doggytalents/common/storage/DogRespawnData.java:200: error: incompatible types: CompoundTag cannot be converted to ValueOutput
          CompoundTag compoundnbt = dog.saveWithoutId(new CompoundTag());
                                                      ^
  /home/aptd/DoggyTalentsNext/src/main/java/doggytalents/common/storage/DogRespawnData.java:203: error: incompatible types: CompoundTag cannot be converted to ValueInput
          dog.load(compoundnbt);
                   ^
  /home/aptd/DoggyTalentsNext/src/main/java/doggytalents/common/data/DTNDatapackProvider.java:57: error: incompatible types: PackOutput cannot be converted to Provider
              super(output, prov);
                    ^
  /home/aptd/DoggyTalentsNext/src/main/java/doggytalents/common/data/DisplayInfoBuilder.java:100: error: incompatible types: ItemStack cannot be converted to ItemStackTemplate
          return new DisplayInfo(icon, title, description, Optional.ofNullable(background), frame, showToast, announceToChat, hidden);
                                 ^
  /home/aptd/DoggyTalentsNext/src/main/java/doggytalents/common/data/DTAdvancementProvider.java:58: error: incompatible types: Item cannot be converted to HolderGetter<Item>
                                      .of(DoggyItems.DOGGY_CHARM.get())
                                                                    ^
  /home/aptd/DoggyTalentsNext/src/main/java/doggytalents/common/data/DTAdvancementProvider.java:78: error: incompatible types: Item cannot be converted to HolderGetter<Item>
                                      .of(DoggyItems.TRAINING_TREAT.get()),
                                                                       ^
  /home/aptd/DoggyTalentsNext/src/main/java/doggytalents/common/data/DTLootModifierProvider.java:66: error: incompatible types: Item cannot be converted to HolderGetter<Item>
              MatchTool.toolMatches(ItemPredicate.Builder.item().of(Items.SHEARS))
                                                                         ^
  /home/aptd/DoggyTalentsNext/src/main/java/doggytalents/common/entity/BoostingFoodHandler.java:54: error: incompatible types: Reference<SoundEvent> cannot be converted to SoundEvent
                  SoundEvents.GENERIC_EAT, 
                             ^
  /home/aptd/DoggyTalentsNext/src/main/java/doggytalents/common/entity/ai/WolfBegAtTreatGoal.java:36: error: incompatible types: TargetingConditions cannot be converted to Entity
        this.player = this.level.getNearestPlayer(this.begTargeting, this.wolf);
                                                      ^
  /home/aptd/DoggyTalentsNext/src/main/java/doggytalents/common/entity/ai/GuardModeGoal.java:32: error: incompatible types: incompatible parameter types in lambda expression
          super(dog, Mob.class, 3, false, false, (e) -> {
                                                 ^
  /home/aptd/DoggyTalentsNext/src/main/java/doggytalents/common/entity/ai/GuardModeGoal.java:174: error: incompatible types: incompatible parameter types in lambda expression
                      TargetingConditions.forCombat().selector( target -> {
                                                                ^
  /home/aptd/DoggyTalentsNext/src/main/java/doggytalents/common/entity/texture/DogAllowedSkinManager.java:55: error: incompatible types: Gson cannot be converted to Codec
          super(GSON, createRegistryPath());
                ^
  /home/aptd/DoggyTalentsNext/src/main/java/doggytalents/common/entity/texture/DogAllowedSkinManager.java:127: error: incompatible types: DogAllowedSkinManager cannot be converted to Identifier
          event.addListener(getServer());
                                     ^
  /home/aptd/DoggyTalentsNext/src/main/java/doggytalents/common/entity/WhitelistFoodHandler.java:54: error: incompatible types: Reference<SoundEvent> cannot be converted to SoundEvent
                      SoundEvents.GENERIC_EAT, 
                                 ^
  /home/aptd/DoggyTalentsNext/src/main/java/doggytalents/common/entity/MeatFoodHandler.java:58: error: incompatible types: Reference<SoundEvent> cannot be converted to SoundEvent
                      SoundEvents.GENERIC_EAT, 
                                 ^
  /home/aptd/DoggyTalentsNext/src/main/java/doggytalents/common/entity/DogDrinkMilkHandler.java:38: error: incompatible types: Reference<SoundEvent> cannot be converted to SoundEvent
                  SoundEvents.GENERIC_DRINK, 
                             ^
  /home/aptd/DoggyTalentsNext/src/main/java/doggytalents/common/variant/util/DogVariantUtil.java:53: error: incompatible types: DogVariant cannot be converted to Optional<Reference<DogVariant>>
              variant = getDefault();
                                  ^
  /home/aptd/DoggyTalentsNext/src/main/java/doggytalents/common/variant/util/DogVariantUtil.java:54: error: incompatible types: Optional<Reference<DogVariant>> cannot be converted to DogVariant
          return variant;
                 ^
  /home/aptd/DoggyTalentsNext/src/main/java/doggytalents/common/item/IDogEddible.java:37: error: incompatible types: Reference<SoundEvent> cannot be converted to SoundEvent
          return SoundEvents.GENERIC_EAT;
                            ^
  /home/aptd/DoggyTalentsNext/src/main/java/doggytalents/common/item/MisoSoupItem.java:48: error: incompatible types: Reference<SoundEvent> cannot be converted to SoundEvent
          return SoundEvents.GENERIC_DRINK;
                            ^
  /home/aptd/DoggyTalentsNext/src/main/java/doggytalents/common/item/GenderBoneItem.java:35: error: incompatible types: Item cannot be converted to ItemStack
          if (playerIn.getCooldowns().isOnCooldown(DoggyItems.GENDER_BONE.get()))
                                                                             ^
  /home/aptd/DoggyTalentsNext/src/main/java/doggytalents/common/item/EnergizerStick.java:45: error: incompatible types: Reference<SoundEvent> cannot be converted to SoundEvent
                  SoundEvents.GENERIC_EAT, 
                             ^
  /home/aptd/DoggyTalentsNext/src/main/java/doggytalents/common/item/SakeItem.java:45: error: incompatible types: SakeItem cannot be converted to ItemStack
          if (player.getCooldowns().isOnCooldown(this))
                                                 ^
  /home/aptd/DoggyTalentsNext/src/main/java/doggytalents/common/item/SakeItem.java:102: error: incompatible types: Reference<SoundEvent> cannot be converted to SoundEvent
          return SoundEvents.GENERIC_DRINK;
                            ^
  /home/aptd/DoggyTalentsNext/src/main/java/doggytalents/common/item/SoyMilkItem.java:27: error: incompatible types: Reference<SoundEvent> cannot be converted to SoundEvent
          return SoundEvents.GENERIC_DRINK;
                            ^
  /home/aptd/DoggyTalentsNext/src/main/java/doggytalents/common/network/packet/DogUntamePacket.java:29: error: incompatible types: Item cannot be converted to ItemStack
          if (sender.getCooldowns().isOnCooldown(DoggyItems.AMNESIA_BONE.get())) return;
                                                                            ^
  /home/aptd/DoggyTalentsNext/src/main/java/doggytalents/common/network/packet/ForceClearKillStatsPacket.java:38: error: incompatible types: Item cannot be converted to ItemStack
          if (sender.getCooldowns().isOnCooldown(DoggyItems.AMNESIA_BONE.get()))
                                                                            ^
  /home/aptd/DoggyTalentsNext/src/main/java/doggytalents/common/network/packet/CarryMePacket.java:29: error: incompatible types: WhistleItem cannot be converted to ItemStack
          if (owner.getCooldowns().isOnCooldown(DoggyItems.WHISTLE.get()))
                                                                      ^
  /home/aptd/DoggyTalentsNext/src/main/java/doggytalents/common/network/packet/AllStandSwitchModePacket.java:41: error: incompatible types: WhistleItem cannot be converted to ItemStack
              if (sender.getCooldowns().isOnCooldown(DoggyItems.WHISTLE.get())) return;
                                                                           ^
  /home/aptd/DoggyTalentsNext/src/main/java/doggytalents/common/network/packet/DogDeTrainPacket.java:36: error: incompatible types: Item cannot be converted to ItemStack
          if (sender.getCooldowns().isOnCooldown(DoggyItems.AMNESIA_BONE.get())) return;
                                                                            ^
  /home/aptd/DoggyTalentsNext/src/main/java/doggytalents/common/network/packet/WhistleEditHotKeyPacket.java:58: error: incompatible types: Optional<int[]> cannot be converted to int[]
              tag.putIntArray("hotkey_modes", keyarr);
                                              ^
  /home/aptd/DoggyTalentsNext/src/main/java/doggytalents/common/network/packet/WhistleUsePacket.java:40: error: incompatible types: WhistleItem cannot be converted to ItemStack
              if (player.getCooldowns().isOnCooldown(whistle)) return;
                                                     ^
  /home/aptd/DoggyTalentsNext/src/main/java/doggytalents/common/network/packet/DogMigrateOwnerPacket.java:40: error: incompatible types: Item cannot be converted to ItemStack
          if (sender.getCooldowns().isOnCooldown(DoggyItems.AMNESIA_BONE.get())) return;
                                                                            ^
  /home/aptd/DoggyTalentsNext/src/main/java/doggytalents/common/network/packet/ForceChangeOwnerPacket.java:40: error: incompatible types: Item cannot be converted to ItemStack
          if (sender.getCooldowns().isOnCooldown(DoggyItems.AMNESIA_BONE.get()))
                                                                            ^
  /home/aptd/DoggyTalentsNext/src/main/java/doggytalents/common/network/packet/ConductingBonePackets.java:158: error: incompatible types: Item cannot be converted to ItemStack
                      if (sender.getCooldowns().isOnCooldown(DoggyItems.CONDUCTING_BONE.get())) return;
                                                                                           ^
  /home/aptd/DoggyTalentsNext/src/main/java/doggytalents/common/network/packet/HeelByNamePacket.java:45: error: incompatible types: WhistleItem cannot be converted to ItemStack
          if (owner.getCooldowns().isOnCooldown(DoggyItems.WHISTLE.get())) return;
                                                                      ^
  /home/aptd/DoggyTalentsNext/src/main/java/doggytalents/common/network/packet/HeelByGroupPackets.java:149: error: incompatible types: WhistleItem cannot be converted to ItemStack
                  if (sender.getCooldowns().isOnCooldown(DoggyItems.WHISTLE.get())) return;
                                                                               ^
  /home/aptd/DoggyTalentsNext/src/main/java/doggytalents/common/util/NBTUtil.java:59: error: incompatible types: Optional<Long> cannot be converted to long
          return new UUID(compound.getLong(key + "Most"), compound.getLong(key + "Least"));
                                          ^
  /home/aptd/DoggyTalentsNext/src/main/java/doggytalents/common/util/NBTUtil.java:80: error: incompatible types: Optional<String> cannot be converted to String
              return Identifier.tryParse(compound.getString(key));
                                                           ^
  /home/aptd/DoggyTalentsNext/src/main/java/doggytalents/common/util/NBTUtil.java:114: error: incompatible types: Optional<String> cannot be converted to String
              return parseComponentJsonStr(compound.getString(key));
                                                             ^
  /home/aptd/DoggyTalentsNext/src/main/java/doggytalents/common/util/NBTUtil.java:156: error: incompatible types: Optional<Reference<T>> cannot be converted to T
                  return registry.get(rl);
                                     ^
    where T is a type-variable:
      T extends Object declared in method <T>getRegistryValue(CompoundTag,String,Registry<T>)
  /home/aptd/DoggyTalentsNext/src/main/java/doggytalents/client/screen/DogNewInfoScreen/widget/TalentListEntryButton.java:23: error: TalentListEntryButton is not abstract and does not override abstract method extractContents(GuiGraphicsExtractor,int,int,float) in AbstractButton
  public class TalentListEntryButton extends AbstractButton {
         ^
  /home/aptd/DoggyTalentsNext/src/main/java/doggytalents/client/screen/DogNewInfoScreen/widget/CombatReturnSwitch.java:24: error: CombatReturnSwitch is not abstract and does not override abstract method extractWidgetRenderState(GuiGraphicsExtractor,int,int,float) in AbstractWidget
  public class CombatReturnSwitch extends AbstractWidget {
         ^
  /home/aptd/DoggyTalentsNext/src/main/java/doggytalents/client/screen/DogNewInfoScreen/widget/AccessoryStatusHover.java:18: error: AccessoryStatusHover is not abstract and does not override abstract method extractWidgetRenderState(GuiGraphicsExtractor,int,int,float) in AbstractWidget
  public class AccessoryStatusHover extends AbstractWidget {
         ^
  /home/aptd/DoggyTalentsNext/src/main/java/doggytalents/client/screen/DogNewInfoScreen/element/view/MainInfoView/view/ArtifactsView/widget/ArtifactShowBox.java:26: error: ArtifactShowBox is not abstract and does not override abstract method extractWidgetRenderState(GuiGraphicsExtractor,int,int,float) in AbstractWidget
  public class ArtifactShowBox extends AbstractWidget {
         ^
  /home/aptd/DoggyTalentsNext/src/main/java/doggytalents/client/screen/DogNewInfoScreen/element/view/MainInfoView/view/ArtifactsView/widget/ArtifactHolder.java:21: error: ArtifactHolder is not abstract and does not override abstract method extractWidgetRenderState(GuiGraphicsExtractor,int,int,float) in AbstractWidget
  public class ArtifactHolder extends AbstractWidget {
         ^
  /home/aptd/DoggyTalentsNext/src/main/java/doggytalents/client/screen/DogNewInfoScreen/element/view/StyleView/widget/AccessoryHolder.java:22: error: AccessoryHolder is not abstract and does not override abstract method extractWidgetRenderState(GuiGraphicsExtractor,int,int,float) in AbstractWidget
  public class AccessoryHolder extends AbstractWidget {
         ^
  /home/aptd/DoggyTalentsNext/src/main/java/doggytalents/client/entity/render/layer/accessory/AccessoryModelRenderer.java:20: error: AccessoryModelRenderer is not abstract and does not override abstract method submit(PoseStack,SubmitNodeCollector,int,Dog,float,float) in RenderLayer
  public class AccessoryModelRenderer extends RenderLayer<Dog, DogModel>  {
         ^
  /home/aptd/DoggyTalentsNext/src/main/java/doggytalents/client/entity/render/layer/accessory/DefaultAccessoryRenderer.java:29: error: DefaultAccessoryRenderer is not abstract and does not override abstract method submit(PoseStack,SubmitNodeCollector,int,Dog,float,float) in RenderLayer
  public class DefaultAccessoryRenderer extends RenderLayer<Dog, DogModel> {
         ^
  /home/aptd/DoggyTalentsNext/src/main/java/doggytalents/client/entity/render/layer/accessory/DoggyArmorRenderer.java:31: error: DoggyArmorRenderer is not abstract and does not override abstract method submit(PoseStack,SubmitNodeCollector,int,Dog,float,float) in RenderLayer
  public class DoggyArmorRenderer extends RenderLayer<Dog, DogModel> {
         ^
  /home/aptd/DoggyTalentsNext/src/main/java/doggytalents/client/entity/render/layer/accessory/IncapacitatedRenderer.java:32: error: IncapacitatedRenderer is not abstract and does not override abstract method submit(PoseStack,SubmitNodeCollector,int,Dog,float,float) in RenderLayer
  public class IncapacitatedRenderer extends RenderLayer<Dog, DogModel> {
         ^
  /home/aptd/DoggyTalentsNext/src/main/java/doggytalents/client/entity/render/layer/TorchDogRenderer.java:18: error: TorchDogRenderer is not abstract and does not override abstract method submit(PoseStack,SubmitNodeCollector,int,Dog,float,float) in RenderLayer
  public class TorchDogRenderer extends RenderLayer<Dog, DogModel>  {
         ^
  /home/aptd/DoggyTalentsNext/src/main/java/doggytalents/client/entity/render/layer/DogCustomGlowingOverlayRenderer.java:16: error: DogCustomGlowingOverlayRenderer is not abstract and does not override abstract method submit(PoseStack,SubmitNodeCollector,int,Dog,float,float) in RenderLayer
  public class DogCustomGlowingOverlayRenderer extends RenderLayer<Dog, DogModel> {
         ^
  /home/aptd/DoggyTalentsNext/src/main/java/doggytalents/client/entity/render/layer/RescueDogRenderer.java:21: error: RescueDogRenderer is not abstract and does not override abstract method submit(PoseStack,SubmitNodeCollector,int,Dog,float,float) in RenderLayer
  public class RescueDogRenderer extends RenderLayer<Dog, DogModel> {
         ^
  /home/aptd/DoggyTalentsNext/src/main/java/doggytalents/client/entity/render/layer/DogVariantRenderer.java:16: error: DogVariantRenderer is not abstract and does not override abstract method submit(PoseStack,SubmitNodeCollector,int,Dog,float,float) in RenderLayer
  public class DogVariantRenderer extends RenderLayer<Dog, DogModel> {
         ^
  /home/aptd/DoggyTalentsNext/src/main/java/doggytalents/client/entity/render/layer/FisherDogRenderer.java:22: error: FisherDogRenderer is not abstract and does not override abstract method submit(PoseStack,SubmitNodeCollector,int,Dog,float,float) in RenderLayer
  public class FisherDogRenderer extends RenderLayer<Dog, DogModel> {
         ^
  /home/aptd/DoggyTalentsNext/src/main/java/doggytalents/client/entity/render/layer/PackPuppyRenderer.java:20: error: PackPuppyRenderer is not abstract and does not override abstract method submit(PoseStack,SubmitNodeCollector,int,Dog,float,float) in RenderLayer
  public class PackPuppyRenderer extends RenderLayer<Dog, DogModel> {
         ^
  /home/aptd/DoggyTalentsNext/src/main/java/doggytalents/client/entity/model/animation/DTNModelLoader.java:23: error: DTNModelLoader is not abstract and does not override abstract method apply(Object,ResourceManager,ProfilerFiller) in SimplePreparableReloadListener
  public class DTNModelLoader extends SimpleJsonResourceReloadListener {
         ^
  /home/aptd/DoggyTalentsNext/src/main/java/doggytalents/common/data/DTNDatapackProvider.java:51: error: PackRecipeProvider is not abstract and does not override abstract method buildRecipes() in RecipeProvider
      public static class PackRecipeProvider extends RecipeProvider {
                    ^
  /home/aptd/DoggyTalentsNext/src/main/java/doggytalents/common/data/neoforge_data/DTNNeoForgeComposterProvider.java:13: error: DTNNeoForgeComposterProvider is not abstract and does not override abstract method gather(Provider) in DataMapProvider
  public class DTNNeoForgeComposterProvider extends DataMapProvider {
         ^
  /home/aptd/DoggyTalentsNext/src/main/java/doggytalents/common/entity/texture/DogAllowedSkinManager.java:41: error: DogAllowedSkinManager is not abstract and does not override abstract method apply(Object,ResourceManager,ProfilerFiller) in SimplePreparableReloadListener
  public class DogAllowedSkinManager extends SimpleJsonResourceReloadListener {
         ^
  Note: Some messages have been simplified; recompile with -Xdiags:verbose to get full output
  703 errors
  65 warnings

* Try:
> Check your code and dependencies to fix the compilation error(s)
> Run with --scan to generate a Build Scan (Powered by Develocity).

BUILD FAILED in 3s
3 actionable tasks: 1 executed, 2 up-to-date
